04:38:50 DEBUG : Logs will be stored at 'C:/Users/realk/Desktop/ece385/ECE385/lab7_1/reallab7_sdk/IDE.log'.
04:38:52 INFO  : Launching XSCT server: xsct.bat -n  -interactive C:\Users\realk\Desktop\ece385\ECE385\lab7_1\reallab7_sdk\temp_xsdb_launch_script.tcl
04:38:52 INFO  : Registering command handlers for Vitis TCF services
04:38:53 INFO  : Platform repository initialization has completed.
04:38:55 INFO  : XSCT server has started successfully.
04:38:55 INFO  : Successfully done setting XSCT server connection channel  
04:38:55 INFO  : plnx-install-location is set to ''
04:38:55 INFO  : Successfully done query RDI_DATADIR 
04:38:55 INFO  : Successfully done setting workspace for the tool. 
04:39:53 ERROR : (XSDB Server)ERROR: [Hsi 55-1562] Source directory C:/Users/realk/Desktop/ece385/ECE385/lab7_1/reallab7_sdk/mb_block_wrapper/hw/drivers\hdmi_text_controller_v1_0/src does not exist or is not a directory.

04:39:55 INFO  : Result from executing command 'getProjects': mb_block_wrapper
04:39:55 INFO  : Result from executing command 'getPlatforms': xilinx_vck190_base_202220_1|C:/Xilinx/Vitis/2022.2/base_platforms/xilinx_vck190_base_202220_1/xilinx_vck190_base_202220_1.xpfm;xilinx_vck190_base_dfx_202220_1|C:/Xilinx/Vitis/2022.2/base_platforms/xilinx_vck190_base_dfx_202220_1/xilinx_vck190_base_dfx_202220_1.xpfm;xilinx_vmk180_base_202220_1|C:/Xilinx/Vitis/2022.2/base_platforms/xilinx_vmk180_base_202220_1/xilinx_vmk180_base_202220_1.xpfm;xilinx_zcu102_base_202220_1|C:/Xilinx/Vitis/2022.2/base_platforms/xilinx_zcu102_base_202220_1/xilinx_zcu102_base_202220_1.xpfm;xilinx_zcu102_base_dfx_202220_1|C:/Xilinx/Vitis/2022.2/base_platforms/xilinx_zcu102_base_dfx_202220_1/xilinx_zcu102_base_dfx_202220_1.xpfm;xilinx_zcu104_base_202220_1|C:/Xilinx/Vitis/2022.2/base_platforms/xilinx_zcu104_base_202220_1/xilinx_zcu104_base_202220_1.xpfm
04:39:56 WARN  : An unexpected exception occurred in the module 'platform project logging'
04:39:58 INFO  : Platform 'mb_block_wrapper' is added to custom repositories.
04:40:02 INFO  : Platform 'mb_block_wrapper' is added to custom repositories.
04:41:42 INFO  : Result from executing command 'getProjects': mb_block_wrapper
04:41:42 INFO  : Result from executing command 'getPlatforms': mb_block_wrapper|C:/Users/realk/Desktop/ece385/ECE385/lab7_1/reallab7_sdk/mb_block_wrapper/export/mb_block_wrapper/mb_block_wrapper.xpfm;xilinx_vck190_base_202220_1|C:/Xilinx/Vitis/2022.2/base_platforms/xilinx_vck190_base_202220_1/xilinx_vck190_base_202220_1.xpfm;xilinx_vck190_base_dfx_202220_1|C:/Xilinx/Vitis/2022.2/base_platforms/xilinx_vck190_base_dfx_202220_1/xilinx_vck190_base_dfx_202220_1.xpfm;xilinx_vmk180_base_202220_1|C:/Xilinx/Vitis/2022.2/base_platforms/xilinx_vmk180_base_202220_1/xilinx_vmk180_base_202220_1.xpfm;xilinx_zcu102_base_202220_1|C:/Xilinx/Vitis/2022.2/base_platforms/xilinx_zcu102_base_202220_1/xilinx_zcu102_base_202220_1.xpfm;xilinx_zcu102_base_dfx_202220_1|C:/Xilinx/Vitis/2022.2/base_platforms/xilinx_zcu102_base_dfx_202220_1/xilinx_zcu102_base_dfx_202220_1.xpfm;xilinx_zcu104_base_202220_1|C:/Xilinx/Vitis/2022.2/base_platforms/xilinx_zcu104_base_202220_1/xilinx_zcu104_base_202220_1.xpfm
04:41:43 INFO  : Checking for BSP changes to sync application flags for project 'mb_graphics'...
04:42:16 INFO  : Connected to target on host '127.0.0.1' and port '3121'.
04:42:16 INFO  : Jtag cable 'RealDigital Boo 887100000006A' is selected.
04:42:16 INFO  : 'jtag frequency' command is executed.
04:42:17 INFO  : 'targets -set -filter {jtag_cable_name =~ "RealDigital Boo 887100000006A" && level==0 && jtag_device_ctx=="jsn1-0362f093-0"}' command is executed.
04:42:18 INFO  : Device configured successfully with "C:/Users/realk/Desktop/ece385/ECE385/lab7_1/reallab7_sdk/mb_graphics/_ide/bitstream/mb_block_wrapper.bit"
04:42:18 INFO  : Context for processor 'microblaze_0' is selected.
04:42:18 INFO  : Hardware design and registers information is loaded from 'C:/Users/realk/Desktop/ece385/ECE385/lab7_1/reallab7_sdk/mb_block_wrapper/export/mb_block_wrapper/hw/mb_block_wrapper.xsa'.
04:42:18 INFO  : 'configparams mdm-detect-bscan-mask 2' command is executed.
04:42:18 INFO  : Context for processor 'microblaze_0' is selected.
04:42:18 INFO  : System reset is completed.
04:42:21 INFO  : 'after 3000' command is executed.
04:42:21 INFO  : Context for processor 'microblaze_0' is selected.
04:42:21 INFO  : The application 'C:/Users/realk/Desktop/ece385/ECE385/lab7_1/reallab7_sdk/mb_graphics/Debug/mb_graphics.elf' is downloaded to processor 'microblaze_0'.
04:42:21 INFO  : ----------------XSDB Script----------------
connect -url tcp:127.0.0.1:3121
targets -set -filter {jtag_cable_name =~ "RealDigital Boo 887100000006A" && level==0 && jtag_device_ctx=="jsn1-0362f093-0"}
fpga -file C:/Users/realk/Desktop/ece385/ECE385/lab7_1/reallab7_sdk/mb_graphics/_ide/bitstream/mb_block_wrapper.bit
targets -set -nocase -filter {name =~ "*microblaze*#0" && bscan=="USER2" }
loadhw -hw C:/Users/realk/Desktop/ece385/ECE385/lab7_1/reallab7_sdk/mb_block_wrapper/export/mb_block_wrapper/hw/mb_block_wrapper.xsa -regs
configparams mdm-detect-bscan-mask 2
targets -set -nocase -filter {name =~ "*microblaze*#0" && bscan=="USER2" }
rst -system
after 3000
targets -set -nocase -filter {name =~ "*microblaze*#0" && bscan=="USER2" }
dow C:/Users/realk/Desktop/ece385/ECE385/lab7_1/reallab7_sdk/mb_graphics/Debug/mb_graphics.elf
----------------End of Script----------------

04:42:21 INFO  : Context for processor 'microblaze_0' is selected.
04:42:21 INFO  : 'con' command is executed.
04:42:21 INFO  : ----------------XSDB Script (After Launch)----------------
targets -set -nocase -filter {name =~ "*microblaze*#0" && bscan=="USER2" }
con
----------------End of Script----------------

04:42:21 INFO  : Disconnected from the channel tcfchan#2.
04:45:32 INFO  : Connected to target on host '127.0.0.1' and port '3121'.
04:45:33 INFO  : Jtag cable 'RealDigital Boo 887100000006A' is selected.
04:45:33 INFO  : 'jtag frequency' command is executed.
04:45:33 INFO  : 'targets -set -filter {jtag_cable_name =~ "RealDigital Boo 887100000006A" && level==0 && jtag_device_ctx=="jsn1-0362f093-0"}' command is executed.
04:45:34 INFO  : Device configured successfully with "C:/Users/realk/Desktop/ece385/ECE385/lab7_1/reallab7_sdk/mb_graphics/_ide/bitstream/mb_block_wrapper.bit"
04:45:34 INFO  : Context for processor 'microblaze_0' is selected.
04:45:34 INFO  : Hardware design and registers information is loaded from 'C:/Users/realk/Desktop/ece385/ECE385/lab7_1/reallab7_sdk/mb_block_wrapper/export/mb_block_wrapper/hw/mb_block_wrapper.xsa'.
04:45:34 INFO  : 'configparams mdm-detect-bscan-mask 2' command is executed.
04:45:34 INFO  : Context for processor 'microblaze_0' is selected.
04:45:34 INFO  : System reset is completed.
04:45:37 INFO  : 'after 3000' command is executed.
04:45:37 INFO  : Context for processor 'microblaze_0' is selected.
04:45:37 INFO  : The application 'C:/Users/realk/Desktop/ece385/ECE385/lab7_1/reallab7_sdk/mb_graphics/Debug/mb_graphics.elf' is downloaded to processor 'microblaze_0'.
04:45:37 INFO  : ----------------XSDB Script----------------
connect -url tcp:127.0.0.1:3121
targets -set -filter {jtag_cable_name =~ "RealDigital Boo 887100000006A" && level==0 && jtag_device_ctx=="jsn1-0362f093-0"}
fpga -file C:/Users/realk/Desktop/ece385/ECE385/lab7_1/reallab7_sdk/mb_graphics/_ide/bitstream/mb_block_wrapper.bit
targets -set -nocase -filter {name =~ "*microblaze*#0" && bscan=="USER2" }
loadhw -hw C:/Users/realk/Desktop/ece385/ECE385/lab7_1/reallab7_sdk/mb_block_wrapper/export/mb_block_wrapper/hw/mb_block_wrapper.xsa -regs
configparams mdm-detect-bscan-mask 2
targets -set -nocase -filter {name =~ "*microblaze*#0" && bscan=="USER2" }
rst -system
after 3000
targets -set -nocase -filter {name =~ "*microblaze*#0" && bscan=="USER2" }
dow C:/Users/realk/Desktop/ece385/ECE385/lab7_1/reallab7_sdk/mb_graphics/Debug/mb_graphics.elf
----------------End of Script----------------

04:45:37 INFO  : Context for processor 'microblaze_0' is selected.
04:45:37 INFO  : 'con' command is executed.
04:45:37 INFO  : ----------------XSDB Script (After Launch)----------------
targets -set -nocase -filter {name =~ "*microblaze*#0" && bscan=="USER2" }
con
----------------End of Script----------------

04:45:37 INFO  : Disconnected from the channel tcfchan#3.
04:46:21 INFO  : Checking for BSP changes to sync application flags for project 'mb_graphics'...
04:46:50 INFO  : Connected to target on host '127.0.0.1' and port '3121'.
04:46:50 INFO  : Jtag cable 'RealDigital Boo 887100000006A' is selected.
04:46:50 INFO  : 'jtag frequency' command is executed.
04:46:50 INFO  : 'targets -set -filter {jtag_cable_name =~ "RealDigital Boo 887100000006A" && level==0 && jtag_device_ctx=="jsn1-0362f093-0"}' command is executed.
04:46:52 INFO  : Device configured successfully with "C:/Users/realk/Desktop/ece385/ECE385/lab7_1/reallab7_sdk/mb_graphics/_ide/bitstream/mb_block_wrapper.bit"
04:46:52 INFO  : Context for processor 'microblaze_0' is selected.
04:46:52 INFO  : Hardware design and registers information is loaded from 'C:/Users/realk/Desktop/ece385/ECE385/lab7_1/reallab7_sdk/mb_block_wrapper/export/mb_block_wrapper/hw/mb_block_wrapper.xsa'.
04:46:52 INFO  : 'configparams mdm-detect-bscan-mask 2' command is executed.
04:46:52 INFO  : Context for processor 'microblaze_0' is selected.
04:46:52 INFO  : System reset is completed.
04:46:55 INFO  : 'after 3000' command is executed.
04:46:55 INFO  : Context for processor 'microblaze_0' is selected.
04:46:55 INFO  : The application 'C:/Users/realk/Desktop/ece385/ECE385/lab7_1/reallab7_sdk/mb_graphics/Debug/mb_graphics.elf' is downloaded to processor 'microblaze_0'.
04:46:55 INFO  : ----------------XSDB Script----------------
connect -url tcp:127.0.0.1:3121
targets -set -filter {jtag_cable_name =~ "RealDigital Boo 887100000006A" && level==0 && jtag_device_ctx=="jsn1-0362f093-0"}
fpga -file C:/Users/realk/Desktop/ece385/ECE385/lab7_1/reallab7_sdk/mb_graphics/_ide/bitstream/mb_block_wrapper.bit
targets -set -nocase -filter {name =~ "*microblaze*#0" && bscan=="USER2" }
loadhw -hw C:/Users/realk/Desktop/ece385/ECE385/lab7_1/reallab7_sdk/mb_block_wrapper/export/mb_block_wrapper/hw/mb_block_wrapper.xsa -regs
configparams mdm-detect-bscan-mask 2
targets -set -nocase -filter {name =~ "*microblaze*#0" && bscan=="USER2" }
rst -system
after 3000
targets -set -nocase -filter {name =~ "*microblaze*#0" && bscan=="USER2" }
dow C:/Users/realk/Desktop/ece385/ECE385/lab7_1/reallab7_sdk/mb_graphics/Debug/mb_graphics.elf
----------------End of Script----------------

04:46:55 INFO  : Context for processor 'microblaze_0' is selected.
04:46:55 INFO  : 'con' command is executed.
04:46:55 INFO  : ----------------XSDB Script (After Launch)----------------
targets -set -nocase -filter {name =~ "*microblaze*#0" && bscan=="USER2" }
con
----------------End of Script----------------

04:46:55 INFO  : Disconnected from the channel tcfchan#4.
04:47:39 INFO  : Connected to target on host '127.0.0.1' and port '3121'.
04:47:40 INFO  : Jtag cable 'RealDigital Boo 887100000006A' is selected.
04:47:40 INFO  : 'jtag frequency' command is executed.
04:47:40 INFO  : 'targets -set -filter {jtag_cable_name =~ "RealDigital Boo 887100000006A" && level==0 && jtag_device_ctx=="jsn1-0362f093-0"}' command is executed.
04:47:41 INFO  : Device configured successfully with "C:/Users/realk/Desktop/ece385/ECE385/lab7_1/reallab7_sdk/mb_graphics/_ide/bitstream/mb_block_wrapper.bit"
04:47:41 INFO  : Context for processor 'microblaze_0' is selected.
04:47:41 INFO  : Hardware design and registers information is loaded from 'C:/Users/realk/Desktop/ece385/ECE385/lab7_1/reallab7_sdk/mb_block_wrapper/export/mb_block_wrapper/hw/mb_block_wrapper.xsa'.
04:47:41 INFO  : 'configparams mdm-detect-bscan-mask 2' command is executed.
04:47:41 INFO  : Context for processor 'microblaze_0' is selected.
04:47:41 INFO  : System reset is completed.
04:47:44 INFO  : 'after 3000' command is executed.
04:47:44 INFO  : Context for processor 'microblaze_0' is selected.
04:47:44 INFO  : The application 'C:/Users/realk/Desktop/ece385/ECE385/lab7_1/reallab7_sdk/mb_graphics/Debug/mb_graphics.elf' is downloaded to processor 'microblaze_0'.
04:47:44 INFO  : ----------------XSDB Script----------------
connect -url tcp:127.0.0.1:3121
targets -set -filter {jtag_cable_name =~ "RealDigital Boo 887100000006A" && level==0 && jtag_device_ctx=="jsn1-0362f093-0"}
fpga -file C:/Users/realk/Desktop/ece385/ECE385/lab7_1/reallab7_sdk/mb_graphics/_ide/bitstream/mb_block_wrapper.bit
targets -set -nocase -filter {name =~ "*microblaze*#0" && bscan=="USER2" }
loadhw -hw C:/Users/realk/Desktop/ece385/ECE385/lab7_1/reallab7_sdk/mb_block_wrapper/export/mb_block_wrapper/hw/mb_block_wrapper.xsa -regs
configparams mdm-detect-bscan-mask 2
targets -set -nocase -filter {name =~ "*microblaze*#0" && bscan=="USER2" }
rst -system
after 3000
targets -set -nocase -filter {name =~ "*microblaze*#0" && bscan=="USER2" }
dow C:/Users/realk/Desktop/ece385/ECE385/lab7_1/reallab7_sdk/mb_graphics/Debug/mb_graphics.elf
----------------End of Script----------------

04:47:45 INFO  : Context for processor 'microblaze_0' is selected.
04:47:45 INFO  : 'con' command is executed.
04:47:45 INFO  : ----------------XSDB Script (After Launch)----------------
targets -set -nocase -filter {name =~ "*microblaze*#0" && bscan=="USER2" }
con
----------------End of Script----------------

04:47:45 INFO  : Disconnected from the channel tcfchan#5.
16:50:07 INFO  : Connected to target on host '127.0.0.1' and port '3121'.
16:50:07 INFO  : Jtag cable 'RealDigital Boo 887100000006A' is selected.
16:50:07 INFO  : 'jtag frequency' command is executed.
16:50:07 INFO  : 'targets -set -filter {jtag_cable_name =~ "RealDigital Boo 887100000006A" && level==0 && jtag_device_ctx=="jsn1-0362f093-0"}' command is executed.
16:50:09 INFO  : Device configured successfully with "C:/Users/realk/Desktop/ece385/ECE385/lab7_1/reallab7_sdk/mb_graphics/_ide/bitstream/mb_block_wrapper.bit"
16:50:09 INFO  : Context for processor 'microblaze_0' is selected.
16:50:09 INFO  : Hardware design and registers information is loaded from 'C:/Users/realk/Desktop/ece385/ECE385/lab7_1/reallab7_sdk/mb_block_wrapper/export/mb_block_wrapper/hw/mb_block_wrapper.xsa'.
16:50:09 INFO  : 'configparams mdm-detect-bscan-mask 2' command is executed.
16:50:09 INFO  : Context for processor 'microblaze_0' is selected.
16:50:09 INFO  : System reset is completed.
16:50:12 INFO  : 'after 3000' command is executed.
16:50:12 INFO  : Context for processor 'microblaze_0' is selected.
16:50:12 INFO  : The application 'C:/Users/realk/Desktop/ece385/ECE385/lab7_1/reallab7_sdk/mb_graphics/Debug/mb_graphics.elf' is downloaded to processor 'microblaze_0'.
16:50:12 INFO  : ----------------XSDB Script----------------
connect -url tcp:127.0.0.1:3121
targets -set -filter {jtag_cable_name =~ "RealDigital Boo 887100000006A" && level==0 && jtag_device_ctx=="jsn1-0362f093-0"}
fpga -file C:/Users/realk/Desktop/ece385/ECE385/lab7_1/reallab7_sdk/mb_graphics/_ide/bitstream/mb_block_wrapper.bit
targets -set -nocase -filter {name =~ "*microblaze*#0" && bscan=="USER2" }
loadhw -hw C:/Users/realk/Desktop/ece385/ECE385/lab7_1/reallab7_sdk/mb_block_wrapper/export/mb_block_wrapper/hw/mb_block_wrapper.xsa -regs
configparams mdm-detect-bscan-mask 2
targets -set -nocase -filter {name =~ "*microblaze*#0" && bscan=="USER2" }
rst -system
after 3000
targets -set -nocase -filter {name =~ "*microblaze*#0" && bscan=="USER2" }
dow C:/Users/realk/Desktop/ece385/ECE385/lab7_1/reallab7_sdk/mb_graphics/Debug/mb_graphics.elf
----------------End of Script----------------

16:50:13 INFO  : Context for processor 'microblaze_0' is selected.
16:50:13 INFO  : 'con' command is executed.
16:50:13 INFO  : ----------------XSDB Script (After Launch)----------------
targets -set -nocase -filter {name =~ "*microblaze*#0" && bscan=="USER2" }
con
----------------End of Script----------------

16:50:13 INFO  : Launch script is exported to file 'C:\Users\realk\Desktop\ece385\ECE385\lab7_1\reallab7_sdk\mb_graphics_system\_ide\scripts\systemdebugger_mb_graphics_system_standalone.tcl'
17:09:48 INFO  : Disconnected from the channel tcfchan#6.
