Vivado Simulator v2022.2
Copyright 1986-1999, 2001-2022 Xilinx, Inc. All Rights Reserved.
Running: C:/Xilinx/Vivado/2022.2/bin/unwrapped/win64.o/xelab.exe --incr --debug typical --relax --mt 2 -L xil_defaultlib -L uvm -L unisims_ver -L secureip --snapshot hdmi_text_controller_tb_func_synth xil_defaultlib.hdmi_text_controller_tb xil_defaultlib.glbl -log elaborate.log 
Using 2 slave threads.
Starting static elaboration
Pass Through NonSizing Optimizer
WARNING: [VRFC 10-3091] actual bit length 32 differs from formal bit length 12 for port 'axi_awaddr' [C:/Users/realk/Desktop/ece385/ECE385/ip_repo/hdmi_text_controller_1_0/src/hdmi_text_controller_v1_0_tb.sv:75]
WARNING: [VRFC 10-3091] actual bit length 32 differs from formal bit length 12 for port 'axi_araddr' [C:/Users/realk/Desktop/ece385/ECE385/ip_repo/hdmi_text_controller_1_0/src/hdmi_text_controller_v1_0_tb.sv:89]
Completed static elaboration
Starting simulation data flow analysis
WARNING: [XSIM 43-4100] "C:/Users/realk/Desktop/ece385/ECE385/ip_repo/edit_hdmi_text_controller_v1_0.sim/sim_1/synth/func/xsim/hdmi_text_controller_tb_func_synth.v" Line 4688. Module hdmi_text_controller_v1_0 has a timescale but at least one module in design doesn't have timescale.
WARNING: [XSIM 43-4100] "/wrk/ci/prod/2022.2/rdi_builds/continuous/2022_10_14_3671981/data/verilog/src/unisims/BUFG.v" Line 27. Module BUFG has a timescale but at least one module in design doesn't have timescale.
WARNING: [XSIM 43-4100] "/wrk/ci/prod/2022.2/rdi_builds/continuous/2022_10_14_3671981/data/verilog/src/unisims/IBUF.v" Line 29. Module IBUF has a timescale but at least one module in design doesn't have timescale.
WARNING: [XSIM 43-4100] "/wrk/ci/prod/2022.2/rdi_builds/continuous/2022_10_14_3671981/data/verilog/src/unisims/IBUF.v" Line 29. Module IBUF has a timescale but at least one module in design doesn't have timescale.
WARNING: [XSIM 43-4100] "/wrk/ci/prod/2022.2/rdi_builds/continuous/2022_10_14_3671981/data/verilog/src/unisims/IBUF.v" Line 29. Module IBUF has a timescale but at least one module in design doesn't have timescale.
WARNING: [XSIM 43-4100] "/wrk/ci/prod/2022.2/rdi_builds/continuous/2022_10_14_3671981/data/verilog/src/unisims/IBUF.v" Line 29. Module IBUF has a timescale but at least one module in design doesn't have timescale.
WARNING: [XSIM 43-4100] "/wrk/ci/prod/2022.2/rdi_builds/continuous/2022_10_14_3671981/data/verilog/src/unisims/IBUF.v" Line 29. Module IBUF has a timescale but at least one module in design doesn't have timescale.
WARNING: [XSIM 43-4100] "/wrk/ci/prod/2022.2/rdi_builds/continuous/2022_10_14_3671981/data/verilog/src/unisims/IBUF.v" Line 29. Module IBUF has a timescale but at least one module in design doesn't have timescale.
WARNING: [XSIM 43-4100] "/wrk/ci/prod/2022.2/rdi_builds/continuous/2022_10_14_3671981/data/verilog/src/unisims/IBUF.v" Line 29. Module IBUF has a timescale but at least one module in design doesn't have timescale.
WARNING: [XSIM 43-4100] "/wrk/ci/prod/2022.2/rdi_builds/continuous/2022_10_14_3671981/data/verilog/src/unisims/IBUF.v" Line 29. Module IBUF has a timescale but at least one module in design doesn't have timescale.
WARNING: [XSIM 43-4100] "/wrk/ci/prod/2022.2/rdi_builds/continuous/2022_10_14_3671981/data/verilog/src/unisims/IBUF.v" Line 29. Module IBUF has a timescale but at least one module in design doesn't have timescale.
WARNING: [XSIM 43-4100] "/wrk/ci/prod/2022.2/rdi_builds/continuous/2022_10_14_3671981/data/verilog/src/unisims/IBUF.v" Line 29. Module IBUF has a timescale but at least one module in design doesn't have timescale.
WARNING: [XSIM 43-4100] "/wrk/ci/prod/2022.2/rdi_builds/continuous/2022_10_14_3671981/data/verilog/src/unisims/IBUF.v" Line 29. Module IBUF has a timescale but at least one module in design doesn't have timescale.
WARNING: [XSIM 43-4100] "/wrk/ci/prod/2022.2/rdi_builds/continuous/2022_10_14_3671981/data/verilog/src/unisims/IBUF.v" Line 29. Module IBUF has a timescale but at least one module in design doesn't have timescale.
WARNING: [XSIM 43-4100] "/wrk/ci/prod/2022.2/rdi_builds/continuous/2022_10_14_3671981/data/verilog/src/unisims/OBUF.v" Line 25. Module OBUF has a timescale but at least one module in design doesn't have timescale.
WARNING: [XSIM 43-4100] "/wrk/ci/prod/2022.2/rdi_builds/continuous/2022_10_14_3671981/data/verilog/src/unisims/IBUF.v" Line 29. Module IBUF has a timescale but at least one module in design doesn't have timescale.
WARNING: [XSIM 43-4100] "/wrk/ci/prod/2022.2/rdi_builds/continuous/2022_10_14_3671981/data/verilog/src/unisims/IBUF.v" Line 29. Module IBUF has a timescale but at least one module in design doesn't have timescale.
WARNING: [XSIM 43-4100] "/wrk/ci/prod/2022.2/rdi_builds/continuous/2022_10_14_3671981/data/verilog/src/unisims/IBUF.v" Line 29. Module IBUF has a timescale but at least one module in design doesn't have timescale.
WARNING: [XSIM 43-4100] "/wrk/ci/prod/2022.2/rdi_builds/continuous/2022_10_14_3671981/data/verilog/src/unisims/IBUF.v" Line 29. Module IBUF has a timescale but at least one module in design doesn't have timescale.
WARNING: [XSIM 43-4100] "/wrk/ci/prod/2022.2/rdi_builds/continuous/2022_10_14_3671981/data/verilog/src/unisims/IBUF.v" Line 29. Module IBUF has a timescale but at least one module in design doesn't have timescale.
WARNING: [XSIM 43-4100] "/wrk/ci/prod/2022.2/rdi_builds/continuous/2022_10_14_3671981/data/verilog/src/unisims/IBUF.v" Line 29. Module IBUF has a timescale but at least one module in design doesn't have timescale.
WARNING: [XSIM 43-4100] "/wrk/ci/prod/2022.2/rdi_builds/continuous/2022_10_14_3671981/data/verilog/src/unisims/IBUF.v" Line 29. Module IBUF has a timescale but at least one module in design doesn't have timescale.
WARNING: [XSIM 43-4100] "/wrk/ci/prod/2022.2/rdi_builds/continuous/2022_10_14_3671981/data/verilog/src/unisims/IBUF.v" Line 29. Module IBUF has a timescale but at least one module in design doesn't have timescale.
WARNING: [XSIM 43-4100] "/wrk/ci/prod/2022.2/rdi_builds/continuous/2022_10_14_3671981/data/verilog/src/unisims/IBUF.v" Line 29. Module IBUF has a timescale but at least one module in design doesn't have timescale.
WARNING: [XSIM 43-4100] "/wrk/ci/prod/2022.2/rdi_builds/continuous/2022_10_14_3671981/data/verilog/src/unisims/IBUF.v" Line 29. Module IBUF has a timescale but at least one module in design doesn't have timescale.
WARNING: [XSIM 43-4100] "/wrk/ci/prod/2022.2/rdi_builds/continuous/2022_10_14_3671981/data/verilog/src/unisims/IBUF.v" Line 29. Module IBUF has a timescale but at least one module in design doesn't have timescale.
WARNING: [XSIM 43-4100] "/wrk/ci/prod/2022.2/rdi_builds/continuous/2022_10_14_3671981/data/verilog/src/unisims/OBUF.v" Line 25. Module OBUF has a timescale but at least one module in design doesn't have timescale.
WARNING: [XSIM 43-4100] "/wrk/ci/prod/2022.2/rdi_builds/continuous/2022_10_14_3671981/data/verilog/src/unisims/IBUF.v" Line 29. Module IBUF has a timescale but at least one module in design doesn't have timescale.
WARNING: [XSIM 43-4100] "/wrk/ci/prod/2022.2/rdi_builds/continuous/2022_10_14_3671981/data/verilog/src/unisims/IBUF.v" Line 29. Module IBUF has a timescale but at least one module in design doesn't have timescale.
WARNING: [XSIM 43-4100] "/wrk/ci/prod/2022.2/rdi_builds/continuous/2022_10_14_3671981/data/verilog/src/unisims/OBUF.v" Line 25. Module OBUF has a timescale but at least one module in design doesn't have timescale.
WARNING: [XSIM 43-4100] "/wrk/ci/prod/2022.2/rdi_builds/continuous/2022_10_14_3671981/data/verilog/src/unisims/OBUF.v" Line 25. Module OBUF has a timescale but at least one module in design doesn't have timescale.
WARNING: [XSIM 43-4100] "/wrk/ci/prod/2022.2/rdi_builds/continuous/2022_10_14_3671981/data/verilog/src/unisims/OBUF.v" Line 25. Module OBUF has a timescale but at least one module in design doesn't have timescale.
WARNING: [XSIM 43-4100] "/wrk/ci/prod/2022.2/rdi_builds/continuous/2022_10_14_3671981/data/verilog/src/unisims/OBUF.v" Line 25. Module OBUF has a timescale but at least one module in design doesn't have timescale.
WARNING: [XSIM 43-4100] "/wrk/ci/prod/2022.2/rdi_builds/continuous/2022_10_14_3671981/data/verilog/src/unisims/OBUF.v" Line 25. Module OBUF has a timescale but at least one module in design doesn't have timescale.
WARNING: [XSIM 43-4100] "/wrk/ci/prod/2022.2/rdi_builds/continuous/2022_10_14_3671981/data/verilog/src/unisims/OBUF.v" Line 25. Module OBUF has a timescale but at least one module in design doesn't have timescale.
WARNING: [XSIM 43-4100] "/wrk/ci/prod/2022.2/rdi_builds/continuous/2022_10_14_3671981/data/verilog/src/unisims/OBUF.v" Line 25. Module OBUF has a timescale but at least one module in design doesn't have timescale.
WARNING: [XSIM 43-4100] "/wrk/ci/prod/2022.2/rdi_builds/continuous/2022_10_14_3671981/data/verilog/src/unisims/OBUF.v" Line 25. Module OBUF has a timescale but at least one module in design doesn't have timescale.
WARNING: [XSIM 43-4100] "/wrk/ci/prod/2022.2/rdi_builds/continuous/2022_10_14_3671981/data/verilog/src/unisims/OBUF.v" Line 25. Module OBUF has a timescale but at least one module in design doesn't have timescale.
WARNING: [XSIM 43-4100] "/wrk/ci/prod/2022.2/rdi_builds/continuous/2022_10_14_3671981/data/verilog/src/unisims/OBUF.v" Line 25. Module OBUF has a timescale but at least one module in design doesn't have timescale.
WARNING: [XSIM 43-4100] "/wrk/ci/prod/2022.2/rdi_builds/continuous/2022_10_14_3671981/data/verilog/src/unisims/OBUF.v" Line 25. Module OBUF has a timescale but at least one module in design doesn't have timescale.
WARNING: [XSIM 43-4100] "/wrk/ci/prod/2022.2/rdi_builds/continuous/2022_10_14_3671981/data/verilog/src/unisims/OBUF.v" Line 25. Module OBUF has a timescale but at least one module in design doesn't have timescale.
WARNING: [XSIM 43-4100] "/wrk/ci/prod/2022.2/rdi_builds/continuous/2022_10_14_3671981/data/verilog/src/unisims/OBUF.v" Line 25. Module OBUF has a timescale but at least one module in design doesn't have timescale.
WARNING: [XSIM 43-4100] "/wrk/ci/prod/2022.2/rdi_builds/continuous/2022_10_14_3671981/data/verilog/src/unisims/OBUF.v" Line 25. Module OBUF has a timescale but at least one module in design doesn't have timescale.
WARNING: [XSIM 43-4100] "/wrk/ci/prod/2022.2/rdi_builds/continuous/2022_10_14_3671981/data/verilog/src/unisims/OBUF.v" Line 25. Module OBUF has a timescale but at least one module in design doesn't have timescale.
WARNING: [XSIM 43-4100] "/wrk/ci/prod/2022.2/rdi_builds/continuous/2022_10_14_3671981/data/verilog/src/unisims/OBUF.v" Line 25. Module OBUF has a timescale but at least one module in design doesn't have timescale.
WARNING: [XSIM 43-4100] "/wrk/ci/prod/2022.2/rdi_builds/continuous/2022_10_14_3671981/data/verilog/src/unisims/OBUF.v" Line 25. Module OBUF has a timescale but at least one module in design doesn't have timescale.
WARNING: [XSIM 43-4100] "/wrk/ci/prod/2022.2/rdi_builds/continuous/2022_10_14_3671981/data/verilog/src/unisims/OBUF.v" Line 25. Module OBUF has a timescale but at least one module in design doesn't have timescale.
WARNING: [XSIM 43-4100] "/wrk/ci/prod/2022.2/rdi_builds/continuous/2022_10_14_3671981/data/verilog/src/unisims/OBUF.v" Line 25. Module OBUF has a timescale but at least one module in design doesn't have timescale.
WARNING: [XSIM 43-4100] "/wrk/ci/prod/2022.2/rdi_builds/continuous/2022_10_14_3671981/data/verilog/src/unisims/OBUF.v" Line 25. Module OBUF has a timescale but at least one module in design doesn't have timescale.
WARNING: [XSIM 43-4100] "/wrk/ci/prod/2022.2/rdi_builds/continuous/2022_10_14_3671981/data/verilog/src/unisims/OBUF.v" Line 25. Module OBUF has a timescale but at least one module in design doesn't have timescale.
INFO: [Common 17-14] Message 'XSIM 43-4100' appears 50 times and further instances of the messages will be disabled. Use the Tcl command set_msg_config to change the current settings.
Completed simulation data flow analysis
Time Resolution for simulation is 1ps
Compiling module unisims_ver.BUFG
Compiling module unisims_ver.IBUF
Compiling module unisims_ver.OBUF
Compiling module unisims_ver.MMCME2_ADV(CLKFBOUT_MULT_F=10.0,...
Compiling module xil_defaultlib.clk_wiz_0_clk_wiz
Compiling module xil_defaultlib.clk_wiz_0
Compiling module unisims_ver.LUT6
Compiling module unisims_ver.FDSE_default
Compiling module unisims_ver.FDRE_default
Compiling module unisims_ver.x_lut2_mux4
Compiling module unisims_ver.LUT2
Compiling module unisims_ver.LUT4
Compiling module unisims_ver.LUT5
Compiling module unisims_ver.GND
Compiling module unisims_ver.RB36_INTERNAL_VLOG(READ_WIDTH_A=...
Compiling module unisims_ver.RAMB36E1(READ_WIDTH_A=18,READ_WI...
Compiling module xil_defaultlib.blk_mem_gen_0
Compiling module xil_defaultlib.hdmi_text_controller_v1_0_AXI
Compiling module unisims_ver.x_lut1_mux2
Compiling module unisims_ver.LUT1
Compiling module unisims_ver.x_lut3_mux8
Compiling module unisims_ver.LUT3
Compiling module unisims_ver.FDCE_default
Compiling module unisims_ver.CARRY4
Compiling module xil_defaultlib.vga_controller
Compiling module unisims_ver.OBUFDS
Compiling module xil_defaultlib.encode
Compiling module unisims_ver.SRL16E_default
Compiling module xil_defaultlib.encode__parameterized0
Compiling module xil_defaultlib.encode__parameterized1
Compiling module unisims_ver.OSERDESE2(DATA_RATE_TQ="SDR",DAT...
Compiling module unisims_ver.OSERDESE2(DATA_RATE_TQ="SDR",DAT...
Compiling module xil_defaultlib.serdes_10_to_1
Compiling module xil_defaultlib.serdes_10_to_1_0
Compiling module xil_defaultlib.serdes_10_to_1_1
Compiling module xil_defaultlib.serdes_10_to_1_2
Compiling module xil_defaultlib.srldelay
Compiling module xil_defaultlib.hdmi_tx_v1_0
Compiling module xil_defaultlib.hdmi_tx_0
Compiling module xil_defaultlib.hdmi_text_controller_v1_0
Compiling module xil_defaultlib.hdmi_text_controller_tb
Compiling module xil_defaultlib.glbl
Built simulation snapshot hdmi_text_controller_tb_func_synth
