Time resolution is 1 ps
Memory Collision Error on RAMB36E1 : hdmi_text_controller_tb.hdmi_text_controller_v1_0_inst.hdmi_text_controller_v1_0_AXI_inst.ram.U0.inst_blk_mem_gen.\gnbram.gnativebmg.native_blk_mem_gen .\valid.cstr .\ramloop[0].ram.r .\prim_noinit.ram .\DEVICE_7SERIES.NO_BMM_INFO.TRUE_DP.SIMPLE_PRIM36.ram .\gen_tdp.INT_RAMB_TDP .chk_for_col_msg at simulation time 280.000 ns.
A read was performed on address 800f (hex) of port B while a write was requested to the same address on port A.  The write will be successful however the read value on port B is unknown until the next CLKB cycle.
Memory Collision Error on RAMB36E1 : hdmi_text_controller_tb.hdmi_text_controller_v1_0_inst.hdmi_text_controller_v1_0_AXI_inst.ram.U0.inst_blk_mem_gen.\gnbram.gnativebmg.native_blk_mem_gen .\valid.cstr .\ramloop[1].ram.r .\prim_noinit.ram .\DEVICE_7SERIES.NO_BMM_INFO.TRUE_DP.SIMPLE_PRIM36.ram .\gen_tdp.INT_RAMB_TDP .chk_for_col_msg at simulation time 280.000 ns.
A read was performed on address 800f (hex) of port B while a write was requested to the same address on port A.  The write will be successful however the read value on port B is unknown until the next CLKB cycle.
Memory Collision Error on RAMB36E1 : hdmi_text_controller_tb.hdmi_text_controller_v1_0_inst.hdmi_text_controller_v1_0_AXI_inst.ram.U0.inst_blk_mem_gen.\gnbram.gnativebmg.native_blk_mem_gen .\valid.cstr .\ramloop[0].ram.r .\prim_noinit.ram .\DEVICE_7SERIES.NO_BMM_INFO.TRUE_DP.SIMPLE_PRIM36.ram .\gen_tdp.INT_RAMB_TDP .chk_for_col_msg at simulation time 320.000 ns.
A read was performed on address 800f (hex) of port B while a write was requested to the same address on port A.  The write will be successful however the read value on port B is unknown until the next CLKB cycle.
Memory Collision Error on RAMB36E1 : hdmi_text_controller_tb.hdmi_text_controller_v1_0_inst.hdmi_text_controller_v1_0_AXI_inst.ram.U0.inst_blk_mem_gen.\gnbram.gnativebmg.native_blk_mem_gen .\valid.cstr .\ramloop[1].ram.r .\prim_noinit.ram .\DEVICE_7SERIES.NO_BMM_INFO.TRUE_DP.SIMPLE_PRIM36.ram .\gen_tdp.INT_RAMB_TDP .chk_for_col_msg at simulation time 320.000 ns.
A read was performed on address 800f (hex) of port B while a write was requested to the same address on port A.  The write will be successful however the read value on port B is unknown until the next CLKB cycle.
Memory Collision Error on RAMB36E1 : hdmi_text_controller_tb.hdmi_text_controller_v1_0_inst.hdmi_text_controller_v1_0_AXI_inst.ram.U0.inst_blk_mem_gen.\gnbram.gnativebmg.native_blk_mem_gen .\valid.cstr .\ramloop[0].ram.r .\prim_noinit.ram .\DEVICE_7SERIES.NO_BMM_INFO.TRUE_DP.SIMPLE_PRIM36.ram .\gen_tdp.INT_RAMB_TDP .chk_for_col_msg at simulation time 360.000 ns.
A read was performed on address 800f (hex) of port B while a write was requested to the same address on port A.  The write will be successful however the read value on port B is unknown until the next CLKB cycle.
Memory Collision Error on RAMB36E1 : hdmi_text_controller_tb.hdmi_text_controller_v1_0_inst.hdmi_text_controller_v1_0_AXI_inst.ram.U0.inst_blk_mem_gen.\gnbram.gnativebmg.native_blk_mem_gen .\valid.cstr .\ramloop[1].ram.r .\prim_noinit.ram .\DEVICE_7SERIES.NO_BMM_INFO.TRUE_DP.SIMPLE_PRIM36.ram .\gen_tdp.INT_RAMB_TDP .chk_for_col_msg at simulation time 360.000 ns.
A read was performed on address 800f (hex) of port B while a write was requested to the same address on port A.  The write will be successful however the read value on port B is unknown until the next CLKB cycle.
Memory Collision Error on RAMB36E1 : hdmi_text_controller_tb.hdmi_text_controller_v1_0_inst.hdmi_text_controller_v1_0_AXI_inst.ram.U0.inst_blk_mem_gen.\gnbram.gnativebmg.native_blk_mem_gen .\valid.cstr .\ramloop[0].ram.r .\prim_noinit.ram .\DEVICE_7SERIES.NO_BMM_INFO.TRUE_DP.SIMPLE_PRIM36.ram .\gen_tdp.INT_RAMB_TDP .chk_for_col_msg at simulation time 400.000 ns.
A read was performed on address 800f (hex) of port B while a write was requested to the same address on port A.  The write will be successful however the read value on port B is unknown until the next CLKB cycle.
Memory Collision Error on RAMB36E1 : hdmi_text_controller_tb.hdmi_text_controller_v1_0_inst.hdmi_text_controller_v1_0_AXI_inst.ram.U0.inst_blk_mem_gen.\gnbram.gnativebmg.native_blk_mem_gen .\valid.cstr .\ramloop[1].ram.r .\prim_noinit.ram .\DEVICE_7SERIES.NO_BMM_INFO.TRUE_DP.SIMPLE_PRIM36.ram .\gen_tdp.INT_RAMB_TDP .chk_for_col_msg at simulation time 400.000 ns.
A read was performed on address 800f (hex) of port B while a write was requested to the same address on port A.  The write will be successful however the read value on port B is unknown until the next CLKB cycle.
Info: Read back of control register: 001f6000
Time: 192400 ns  Iteration: 0  Process: /hdmi_text_controller_tb/Initial256_2182  Scope: hdmi_text_controller_tb.TEST_VECTORS  File: C:/Users/realk/Desktop/ece385/ECE385/ip_repo/hdmi_text_controller_1_0/src/hdmi_text_controller_v1_0_tb.sv Line: 281
$finish called at time : 192400 ns : File "C:/Users/realk/Desktop/ece385/ECE385/ip_repo/hdmi_text_controller_1_0/src/hdmi_text_controller_v1_0_tb.sv" Line 291
