INFO: [VRFC 10-2263] Analyzing Verilog file "C:/Users/realk/Desktop/ece385/ECE385/lab4/project_1/project_1.sim/sim_1/synth/func/xsim/testbench8_func_synth.v" into library xil_defaultlib
INFO: [VRFC 10-311] analyzing module control
INFO: [VRFC 10-311] analyzing module flipflopX
INFO: [VRFC 10-311] analyzing module hex_driver
INFO: [VRFC 10-311] analyzing module negedge_detector
INFO: [VRFC 10-311] analyzing module reg_4
INFO: [VRFC 10-311] analyzing module reg_4_9
INFO: [VRFC 10-311] analyzing module sync_debounce
INFO: [VRFC 10-311] analyzing module sync_debounce_0
INFO: [VRFC 10-311] analyzing module sync_debounce_1
INFO: [VRFC 10-311] analyzing module sync_debounce_2
INFO: [VRFC 10-311] analyzing module sync_debounce_3
INFO: [VRFC 10-311] analyzing module sync_debounce_4
INFO: [VRFC 10-311] analyzing module sync_debounce_5
INFO: [VRFC 10-311] analyzing module sync_debounce_6
INFO: [VRFC 10-311] analyzing module sync_debounce_7
INFO: [VRFC 10-311] analyzing module sync_debounce_8
INFO: [VRFC 10-311] analyzing module toplevelmultiplier
INFO: [VRFC 10-311] analyzing module glbl
INFO: [VRFC 10-2263] Analyzing SystemVerilog file "C:/Users/realk/Desktop/ece385/ECE385/lab4/project_1/project_1.srcs/sim_1/new/testbench.sv" into library xil_defaultlib
INFO: [VRFC 10-311] analyzing module testbench8
