02:02:55 DEBUG : Logs will be stored at 'C:/Users/realk/Desktop/ece385/ECE385/lab7_2/try3_sdk/IDE.log'.
02:02:59 INFO  : Launching XSCT server: xsct.bat -n  -interactive C:\Users\realk\Desktop\ece385\ECE385\lab7_2\try3_sdk\temp_xsdb_launch_script.tcl
02:03:00 INFO  : Registering command handlers for Vitis TCF services
02:03:01 INFO  : Platform repository initialization has completed.
02:03:02 INFO  : XSCT server has started successfully.
02:03:10 INFO  : Successfully done setting XSCT server connection channel  
02:03:10 INFO  : plnx-install-location is set to ''
02:03:10 INFO  : Successfully done query RDI_DATADIR 
02:03:10 INFO  : Successfully done setting workspace for the tool. 
02:04:00 ERROR : (XSDB Server)ERROR: [Hsi 55-1562] Source directory C:/Users/realk/Desktop/ece385/ECE385/lab7_2/try3_sdk/mb_usb_hdmi_top/hw/drivers\hdmi_text_controller_v1_0/src does not exist or is not a directory.

02:04:01 INFO  : Result from executing command 'getProjects': mb_usb_hdmi_top
02:04:01 INFO  : Result from executing command 'getPlatforms': xilinx_vck190_base_202220_1|C:/Xilinx/Vitis/2022.2/base_platforms/xilinx_vck190_base_202220_1/xilinx_vck190_base_202220_1.xpfm;xilinx_vck190_base_dfx_202220_1|C:/Xilinx/Vitis/2022.2/base_platforms/xilinx_vck190_base_dfx_202220_1/xilinx_vck190_base_dfx_202220_1.xpfm;xilinx_vmk180_base_202220_1|C:/Xilinx/Vitis/2022.2/base_platforms/xilinx_vmk180_base_202220_1/xilinx_vmk180_base_202220_1.xpfm;xilinx_zcu102_base_202220_1|C:/Xilinx/Vitis/2022.2/base_platforms/xilinx_zcu102_base_202220_1/xilinx_zcu102_base_202220_1.xpfm;xilinx_zcu102_base_dfx_202220_1|C:/Xilinx/Vitis/2022.2/base_platforms/xilinx_zcu102_base_dfx_202220_1/xilinx_zcu102_base_dfx_202220_1.xpfm;xilinx_zcu104_base_202220_1|C:/Xilinx/Vitis/2022.2/base_platforms/xilinx_zcu104_base_202220_1/xilinx_zcu104_base_202220_1.xpfm
02:04:02 WARN  : An unexpected exception occurred in the module 'platform project logging'
02:04:03 INFO  : Platform 'mb_usb_hdmi_top' is added to custom repositories.
02:04:05 INFO  : Platform 'mb_usb_hdmi_top' is added to custom repositories.
02:07:22 INFO  : Result from executing command 'getProjects': mb_usb_hdmi_top
02:07:22 INFO  : Result from executing command 'getPlatforms': mb_usb_hdmi_top|C:/Users/realk/Desktop/ece385/ECE385/lab7_2/try3_sdk/mb_usb_hdmi_top/export/mb_usb_hdmi_top/mb_usb_hdmi_top.xpfm;xilinx_vck190_base_202220_1|C:/Xilinx/Vitis/2022.2/base_platforms/xilinx_vck190_base_202220_1/xilinx_vck190_base_202220_1.xpfm;xilinx_vck190_base_dfx_202220_1|C:/Xilinx/Vitis/2022.2/base_platforms/xilinx_vck190_base_dfx_202220_1/xilinx_vck190_base_dfx_202220_1.xpfm;xilinx_vmk180_base_202220_1|C:/Xilinx/Vitis/2022.2/base_platforms/xilinx_vmk180_base_202220_1/xilinx_vmk180_base_202220_1.xpfm;xilinx_zcu102_base_202220_1|C:/Xilinx/Vitis/2022.2/base_platforms/xilinx_zcu102_base_202220_1/xilinx_zcu102_base_202220_1.xpfm;xilinx_zcu102_base_dfx_202220_1|C:/Xilinx/Vitis/2022.2/base_platforms/xilinx_zcu102_base_dfx_202220_1/xilinx_zcu102_base_dfx_202220_1.xpfm;xilinx_zcu104_base_202220_1|C:/Xilinx/Vitis/2022.2/base_platforms/xilinx_zcu104_base_202220_1/xilinx_zcu104_base_202220_1.xpfm
02:07:23 INFO  : Checking for BSP changes to sync application flags for project 'sfsfssfs'...
02:07:50 INFO  : Connected to target on host '127.0.0.1' and port '3121'.
02:07:51 INFO  : Jtag cable 'RealDigital Boo 887100000006A' is selected.
02:07:51 INFO  : 'jtag frequency' command is executed.
02:07:51 INFO  : 'targets -set -filter {jtag_cable_name =~ "RealDigital Boo 887100000006A" && level==0 && jtag_device_ctx=="jsn1-0362f093-0"}' command is executed.
02:07:52 INFO  : Device configured successfully with "C:/Users/realk/Desktop/ece385/ECE385/lab7_2/try3_sdk/sfsfssfs/_ide/bitstream/mb_usb_hdmi_top.bit"
02:07:52 INFO  : Context for processor 'microblaze_0' is selected.
02:07:52 INFO  : Hardware design and registers information is loaded from 'C:/Users/realk/Desktop/ece385/ECE385/lab7_2/try3_sdk/mb_usb_hdmi_top/export/mb_usb_hdmi_top/hw/mb_usb_hdmi_top.xsa'.
02:07:52 INFO  : 'configparams mdm-detect-bscan-mask 2' command is executed.
02:07:52 INFO  : Context for processor 'microblaze_0' is selected.
02:07:52 INFO  : System reset is completed.
02:07:55 INFO  : 'after 3000' command is executed.
02:07:55 INFO  : Context for processor 'microblaze_0' is selected.
02:07:56 INFO  : The application 'C:/Users/realk/Desktop/ece385/ECE385/lab7_2/try3_sdk/sfsfssfs/Debug/sfsfssfs.elf' is downloaded to processor 'microblaze_0'.
02:07:56 INFO  : ----------------XSDB Script----------------
connect -url tcp:127.0.0.1:3121
targets -set -filter {jtag_cable_name =~ "RealDigital Boo 887100000006A" && level==0 && jtag_device_ctx=="jsn1-0362f093-0"}
fpga -file C:/Users/realk/Desktop/ece385/ECE385/lab7_2/try3_sdk/sfsfssfs/_ide/bitstream/mb_usb_hdmi_top.bit
targets -set -nocase -filter {name =~ "*microblaze*#0" && bscan=="USER2" }
loadhw -hw C:/Users/realk/Desktop/ece385/ECE385/lab7_2/try3_sdk/mb_usb_hdmi_top/export/mb_usb_hdmi_top/hw/mb_usb_hdmi_top.xsa -regs
configparams mdm-detect-bscan-mask 2
targets -set -nocase -filter {name =~ "*microblaze*#0" && bscan=="USER2" }
rst -system
after 3000
targets -set -nocase -filter {name =~ "*microblaze*#0" && bscan=="USER2" }
dow C:/Users/realk/Desktop/ece385/ECE385/lab7_2/try3_sdk/sfsfssfs/Debug/sfsfssfs.elf
----------------End of Script----------------

02:07:56 INFO  : Context for processor 'microblaze_0' is selected.
02:07:56 INFO  : 'con' command is executed.
02:07:56 INFO  : ----------------XSDB Script (After Launch)----------------
targets -set -nocase -filter {name =~ "*microblaze*#0" && bscan=="USER2" }
con
----------------End of Script----------------

02:07:56 INFO  : Disconnected from the channel tcfchan#2.
02:16:13 DEBUG : Logs will be stored at 'C:/Users/realk/Desktop/ece385/ECE385/lab7_2/try3_sdk/IDE.log'.
02:16:14 INFO  : Launching XSCT server: xsct.bat -n  -interactive C:\Users\realk\Desktop\ece385\ECE385\lab7_2\try3_sdk\temp_xsdb_launch_script.tcl
02:16:17 INFO  : XSCT server has started successfully.
02:16:17 INFO  : Registering command handlers for Vitis TCF services
02:16:18 INFO  : plnx-install-location is set to ''
02:16:18 INFO  : Successfully done setting XSCT server connection channel  
02:16:18 INFO  : Successfully done query RDI_DATADIR 
02:16:18 INFO  : Successfully done setting workspace for the tool. 
02:16:18 INFO  : Platform repository initialization has completed.
