17:29:04 DEBUG : Logs will be stored at 'C:/Users/realk/Desktop/ece385/ECE385/lab7_1/realrealrealreal_sdk/IDE.log'.
17:29:06 INFO  : Launching XSCT server: xsct.bat -n  -interactive C:\Users\realk\Desktop\ece385\ECE385\lab7_1\realrealrealreal_sdk\temp_xsdb_launch_script.tcl
17:29:06 INFO  : Registering command handlers for Vitis TCF services
17:29:07 INFO  : Platform repository initialization has completed.
17:29:08 INFO  : XSCT server has started successfully.
17:29:08 INFO  : plnx-install-location is set to ''
17:29:08 INFO  : Successfully done setting XSCT server connection channel  
17:29:08 INFO  : Successfully done query RDI_DATADIR 
17:29:08 INFO  : Successfully done setting workspace for the tool. 
17:29:47 ERROR : (XSDB Server)ERROR: [Hsi 55-1562] Source directory C:/Users/realk/Desktop/ece385/ECE385/lab7_1/realrealrealreal_sdk/mb_block_wrapper/hw/drivers\hdmi_text_controller_v1_0/src does not exist or is not a directory.

17:29:48 INFO  : Result from executing command 'getProjects': mb_block_wrapper
17:29:48 INFO  : Result from executing command 'getPlatforms': xilinx_vck190_base_202220_1|C:/Xilinx/Vitis/2022.2/base_platforms/xilinx_vck190_base_202220_1/xilinx_vck190_base_202220_1.xpfm;xilinx_vck190_base_dfx_202220_1|C:/Xilinx/Vitis/2022.2/base_platforms/xilinx_vck190_base_dfx_202220_1/xilinx_vck190_base_dfx_202220_1.xpfm;xilinx_vmk180_base_202220_1|C:/Xilinx/Vitis/2022.2/base_platforms/xilinx_vmk180_base_202220_1/xilinx_vmk180_base_202220_1.xpfm;xilinx_zcu102_base_202220_1|C:/Xilinx/Vitis/2022.2/base_platforms/xilinx_zcu102_base_202220_1/xilinx_zcu102_base_202220_1.xpfm;xilinx_zcu102_base_dfx_202220_1|C:/Xilinx/Vitis/2022.2/base_platforms/xilinx_zcu102_base_dfx_202220_1/xilinx_zcu102_base_dfx_202220_1.xpfm;xilinx_zcu104_base_202220_1|C:/Xilinx/Vitis/2022.2/base_platforms/xilinx_zcu104_base_202220_1/xilinx_zcu104_base_202220_1.xpfm
17:29:49 WARN  : An unexpected exception occurred in the module 'platform project logging'
17:29:49 INFO  : Platform 'mb_block_wrapper' is added to custom repositories.
17:29:52 INFO  : Platform 'mb_block_wrapper' is added to custom repositories.
17:30:49 INFO  : Result from executing command 'getProjects': mb_block_wrapper
17:30:49 INFO  : Result from executing command 'getPlatforms': mb_block_wrapper|C:/Users/realk/Desktop/ece385/ECE385/lab7_1/realrealrealreal_sdk/mb_block_wrapper/export/mb_block_wrapper/mb_block_wrapper.xpfm;xilinx_vck190_base_202220_1|C:/Xilinx/Vitis/2022.2/base_platforms/xilinx_vck190_base_202220_1/xilinx_vck190_base_202220_1.xpfm;xilinx_vck190_base_dfx_202220_1|C:/Xilinx/Vitis/2022.2/base_platforms/xilinx_vck190_base_dfx_202220_1/xilinx_vck190_base_dfx_202220_1.xpfm;xilinx_vmk180_base_202220_1|C:/Xilinx/Vitis/2022.2/base_platforms/xilinx_vmk180_base_202220_1/xilinx_vmk180_base_202220_1.xpfm;xilinx_zcu102_base_202220_1|C:/Xilinx/Vitis/2022.2/base_platforms/xilinx_zcu102_base_202220_1/xilinx_zcu102_base_202220_1.xpfm;xilinx_zcu102_base_dfx_202220_1|C:/Xilinx/Vitis/2022.2/base_platforms/xilinx_zcu102_base_dfx_202220_1/xilinx_zcu102_base_dfx_202220_1.xpfm;xilinx_zcu104_base_202220_1|C:/Xilinx/Vitis/2022.2/base_platforms/xilinx_zcu104_base_202220_1/xilinx_zcu104_base_202220_1.xpfm
17:30:50 INFO  : Checking for BSP changes to sync application flags for project 'mp_grahpics'...
17:31:01 INFO  : Checking for BSP changes to sync application flags for project 'mp_grahpics'...
17:31:19 INFO  : Connected to target on host '127.0.0.1' and port '3121'.
17:31:19 INFO  : Jtag cable 'RealDigital Boo 887100000006A' is selected.
17:31:19 INFO  : 'jtag frequency' command is executed.
17:31:19 INFO  : 'targets -set -filter {jtag_cable_name =~ "RealDigital Boo 887100000006A" && level==0 && jtag_device_ctx=="jsn1-0362f093-0"}' command is executed.
17:31:21 INFO  : Device configured successfully with "C:/Users/realk/Desktop/ece385/ECE385/lab7_1/realrealrealreal_sdk/mp_grahpics/_ide/bitstream/mb_block_wrapper.bit"
17:31:21 INFO  : Context for processor 'microblaze_0' is selected.
17:31:21 INFO  : Hardware design and registers information is loaded from 'C:/Users/realk/Desktop/ece385/ECE385/lab7_1/realrealrealreal_sdk/mb_block_wrapper/export/mb_block_wrapper/hw/mb_block_wrapper.xsa'.
17:31:21 INFO  : 'configparams mdm-detect-bscan-mask 2' command is executed.
17:31:21 INFO  : Context for processor 'microblaze_0' is selected.
17:31:21 INFO  : System reset is completed.
17:31:24 INFO  : 'after 3000' command is executed.
17:31:24 INFO  : Context for processor 'microblaze_0' is selected.
17:31:24 INFO  : The application 'C:/Users/realk/Desktop/ece385/ECE385/lab7_1/realrealrealreal_sdk/mp_grahpics/Debug/mp_grahpics.elf' is downloaded to processor 'microblaze_0'.
17:31:24 INFO  : ----------------XSDB Script----------------
connect -url tcp:127.0.0.1:3121
targets -set -filter {jtag_cable_name =~ "RealDigital Boo 887100000006A" && level==0 && jtag_device_ctx=="jsn1-0362f093-0"}
fpga -file C:/Users/realk/Desktop/ece385/ECE385/lab7_1/realrealrealreal_sdk/mp_grahpics/_ide/bitstream/mb_block_wrapper.bit
targets -set -nocase -filter {name =~ "*microblaze*#0" && bscan=="USER2" }
loadhw -hw C:/Users/realk/Desktop/ece385/ECE385/lab7_1/realrealrealreal_sdk/mb_block_wrapper/export/mb_block_wrapper/hw/mb_block_wrapper.xsa -regs
configparams mdm-detect-bscan-mask 2
targets -set -nocase -filter {name =~ "*microblaze*#0" && bscan=="USER2" }
rst -system
after 3000
targets -set -nocase -filter {name =~ "*microblaze*#0" && bscan=="USER2" }
dow C:/Users/realk/Desktop/ece385/ECE385/lab7_1/realrealrealreal_sdk/mp_grahpics/Debug/mp_grahpics.elf
----------------End of Script----------------

17:31:24 INFO  : Context for processor 'microblaze_0' is selected.
17:31:24 INFO  : 'con' command is executed.
17:31:24 INFO  : ----------------XSDB Script (After Launch)----------------
targets -set -nocase -filter {name =~ "*microblaze*#0" && bscan=="USER2" }
con
----------------End of Script----------------

17:31:24 INFO  : Disconnected from the channel tcfchan#2.
17:31:51 INFO  : Connected to target on host '127.0.0.1' and port '3121'.
17:31:51 INFO  : Jtag cable 'RealDigital Boo 887100000006A' is selected.
17:31:51 INFO  : 'jtag frequency' command is executed.
17:31:51 INFO  : 'targets -set -filter {jtag_cable_name =~ "RealDigital Boo 887100000006A" && level==0 && jtag_device_ctx=="jsn1-0362f093-0"}' command is executed.
17:31:52 INFO  : Device configured successfully with "C:/Users/realk/Desktop/ece385/ECE385/lab7_1/realrealrealreal_sdk/mp_grahpics/_ide/bitstream/mb_block_wrapper.bit"
17:31:52 INFO  : Context for processor 'microblaze_0' is selected.
17:31:52 INFO  : Hardware design and registers information is loaded from 'C:/Users/realk/Desktop/ece385/ECE385/lab7_1/realrealrealreal_sdk/mb_block_wrapper/export/mb_block_wrapper/hw/mb_block_wrapper.xsa'.
17:31:52 INFO  : 'configparams mdm-detect-bscan-mask 2' command is executed.
17:31:52 INFO  : Context for processor 'microblaze_0' is selected.
17:31:52 INFO  : System reset is completed.
17:31:56 INFO  : 'after 3000' command is executed.
17:31:56 INFO  : Context for processor 'microblaze_0' is selected.
17:31:56 INFO  : The application 'C:/Users/realk/Desktop/ece385/ECE385/lab7_1/realrealrealreal_sdk/mp_grahpics/Debug/mp_grahpics.elf' is downloaded to processor 'microblaze_0'.
17:31:56 INFO  : ----------------XSDB Script----------------
connect -url tcp:127.0.0.1:3121
targets -set -filter {jtag_cable_name =~ "RealDigital Boo 887100000006A" && level==0 && jtag_device_ctx=="jsn1-0362f093-0"}
fpga -file C:/Users/realk/Desktop/ece385/ECE385/lab7_1/realrealrealreal_sdk/mp_grahpics/_ide/bitstream/mb_block_wrapper.bit
targets -set -nocase -filter {name =~ "*microblaze*#0" && bscan=="USER2" }
loadhw -hw C:/Users/realk/Desktop/ece385/ECE385/lab7_1/realrealrealreal_sdk/mb_block_wrapper/export/mb_block_wrapper/hw/mb_block_wrapper.xsa -regs
configparams mdm-detect-bscan-mask 2
targets -set -nocase -filter {name =~ "*microblaze*#0" && bscan=="USER2" }
rst -system
after 3000
targets -set -nocase -filter {name =~ "*microblaze*#0" && bscan=="USER2" }
dow C:/Users/realk/Desktop/ece385/ECE385/lab7_1/realrealrealreal_sdk/mp_grahpics/Debug/mp_grahpics.elf
----------------End of Script----------------

17:31:56 INFO  : Context for processor 'microblaze_0' is selected.
17:31:56 INFO  : 'con' command is executed.
17:31:56 INFO  : ----------------XSDB Script (After Launch)----------------
targets -set -nocase -filter {name =~ "*microblaze*#0" && bscan=="USER2" }
con
----------------End of Script----------------

17:31:56 INFO  : Disconnected from the channel tcfchan#3.
20:45:19 DEBUG : Logs will be stored at 'C:/Users/realk/Desktop/ece385/ECE385/lab7_1/realrealrealreal_sdk/IDE.log'.
20:45:20 INFO  : Launching XSCT server: xsct.bat -n  -interactive C:\Users\realk\Desktop\ece385\ECE385\lab7_1\realrealrealreal_sdk\temp_xsdb_launch_script.tcl
20:45:24 INFO  : Registering command handlers for Vitis TCF services
20:45:25 INFO  : XSCT server has started successfully.
20:45:25 INFO  : plnx-install-location is set to ''
20:45:25 INFO  : Successfully done setting XSCT server connection channel  
20:45:26 INFO  : Platform repository initialization has completed.
20:45:30 INFO  : Successfully done setting workspace for the tool. 
20:45:30 INFO  : Successfully done query RDI_DATADIR 
20:50:52 INFO  : Bit file 'C:/Users/realk/Desktop/ece385/ECE385/lab7_1/realrealrealreal_sdk/mb_block_wrapper/export/mb_block_wrapper/hw/download.bit' is generated.
20:50:55 INFO  : Connected to target on host '127.0.0.1' and port '3121'.
21:07:36 INFO  : Hardware specification for platform project 'mb_block_wrapper' is updated.
21:08:35 INFO  : Result from executing command 'getProjects': mb_block_wrapper
21:08:35 INFO  : Result from executing command 'getPlatforms': mb_block_wrapper|C:/Users/realk/Desktop/ece385/ECE385/lab7_1/realrealrealreal_sdk/mb_block_wrapper/export/mb_block_wrapper/mb_block_wrapper.xpfm;xilinx_vck190_base_202220_1|C:/Xilinx/Vitis/2022.2/base_platforms/xilinx_vck190_base_202220_1/xilinx_vck190_base_202220_1.xpfm;xilinx_vck190_base_dfx_202220_1|C:/Xilinx/Vitis/2022.2/base_platforms/xilinx_vck190_base_dfx_202220_1/xilinx_vck190_base_dfx_202220_1.xpfm;xilinx_vmk180_base_202220_1|C:/Xilinx/Vitis/2022.2/base_platforms/xilinx_vmk180_base_202220_1/xilinx_vmk180_base_202220_1.xpfm;xilinx_zcu102_base_202220_1|C:/Xilinx/Vitis/2022.2/base_platforms/xilinx_zcu102_base_202220_1/xilinx_zcu102_base_202220_1.xpfm;xilinx_zcu102_base_dfx_202220_1|C:/Xilinx/Vitis/2022.2/base_platforms/xilinx_zcu102_base_dfx_202220_1/xilinx_zcu102_base_dfx_202220_1.xpfm;xilinx_zcu104_base_202220_1|C:/Xilinx/Vitis/2022.2/base_platforms/xilinx_zcu104_base_202220_1/xilinx_zcu104_base_202220_1.xpfm
21:08:36 INFO  : Checking for BSP changes to sync application flags for project 'mp_grahpics'...
21:08:38 INFO  : The hardware specification used by project 'mp_grahpics' is out of sync with the platform. Resource files extracted from the hardware specification will be updated.
21:08:38 INFO  : The file 'C:\Users\realk\Desktop\ece385\ECE385\lab7_1\realrealrealreal_sdk\mp_grahpics\_ide\bitstream\mb_block_wrapper.bit' stored in project is removed.
21:08:38 INFO  : The file 'C:\Users\realk\Desktop\ece385\ECE385\lab7_1\realrealrealreal_sdk\mp_grahpics\_ide\bitstream\mb_block_wrapper.mmi' stored in project is removed.
21:08:38 INFO  : The updated bitstream files are copied from platform to folder 'C:\Users\realk\Desktop\ece385\ECE385\lab7_1\realrealrealreal_sdk\mp_grahpics\_ide\bitstream' in project 'mp_grahpics'.
21:08:39 INFO  : Connected to target on host '127.0.0.1' and port '3121'.
21:08:39 INFO  : Jtag cable 'RealDigital Boo 887100000006A' is selected.
21:08:39 INFO  : 'jtag frequency' command is executed.
21:08:39 INFO  : 'targets -set -filter {jtag_cable_name =~ "RealDigital Boo 887100000006A" && level==0 && jtag_device_ctx=="jsn1-0362f093-0"}' command is executed.
21:08:41 INFO  : Device configured successfully with "C:/Users/realk/Desktop/ece385/ECE385/lab7_1/realrealrealreal_sdk/mp_grahpics/_ide/bitstream/mb_block_wrapper.bit"
21:08:41 INFO  : Context for processor 'microblaze_0' is selected.
21:08:41 INFO  : Hardware design and registers information is loaded from 'C:/Users/realk/Desktop/ece385/ECE385/lab7_1/realrealrealreal_sdk/mb_block_wrapper/export/mb_block_wrapper/hw/mb_block_wrapper.xsa'.
21:08:41 INFO  : 'configparams mdm-detect-bscan-mask 2' command is executed.
21:08:41 INFO  : Context for processor 'microblaze_0' is selected.
21:08:41 INFO  : System reset is completed.
21:08:44 INFO  : 'after 3000' command is executed.
21:08:44 INFO  : Context for processor 'microblaze_0' is selected.
21:08:44 ERROR : Cannot stop MicroBlaze. MicroBlaze is held in reset
21:08:44 INFO  : ----------------XSDB Script----------------
connect -url tcp:127.0.0.1:3121
targets -set -filter {jtag_cable_name =~ "RealDigital Boo 887100000006A" && level==0 && jtag_device_ctx=="jsn1-0362f093-0"}
fpga -file C:/Users/realk/Desktop/ece385/ECE385/lab7_1/realrealrealreal_sdk/mp_grahpics/_ide/bitstream/mb_block_wrapper.bit
targets -set -nocase -filter {name =~ "*microblaze*#0" && bscan=="USER2" }
loadhw -hw C:/Users/realk/Desktop/ece385/ECE385/lab7_1/realrealrealreal_sdk/mb_block_wrapper/export/mb_block_wrapper/hw/mb_block_wrapper.xsa -regs
configparams mdm-detect-bscan-mask 2
targets -set -nocase -filter {name =~ "*microblaze*#0" && bscan=="USER2" }
rst -system
after 3000
targets -set -nocase -filter {name =~ "*microblaze*#0" && bscan=="USER2" }
dow C:/Users/realk/Desktop/ece385/ECE385/lab7_1/realrealrealreal_sdk/mp_grahpics/Debug/mp_grahpics.elf
----------------End of Script----------------

21:08:44 ERROR : Cannot stop MicroBlaze. MicroBlaze is held in reset
21:08:58 INFO  : Connected to target on host '127.0.0.1' and port '3121'.
21:08:58 INFO  : Jtag cable 'RealDigital Boo 887100000006A' is selected.
21:08:58 INFO  : 'jtag frequency' command is executed.
21:08:58 INFO  : 'targets -set -filter {jtag_cable_name =~ "RealDigital Boo 887100000006A" && level==0 && jtag_device_ctx=="jsn1-0362f093-0"}' command is executed.
21:08:59 INFO  : Device configured successfully with "C:/Users/realk/Desktop/ece385/ECE385/lab7_1/realrealrealreal_sdk/mp_grahpics/_ide/bitstream/mb_block_wrapper.bit"
21:08:59 INFO  : Context for processor 'microblaze_0' is selected.
21:08:59 INFO  : Hardware design and registers information is loaded from 'C:/Users/realk/Desktop/ece385/ECE385/lab7_1/realrealrealreal_sdk/mb_block_wrapper/export/mb_block_wrapper/hw/mb_block_wrapper.xsa'.
21:08:59 INFO  : 'configparams mdm-detect-bscan-mask 2' command is executed.
21:08:59 INFO  : Context for processor 'microblaze_0' is selected.
21:08:59 INFO  : System reset is completed.
21:09:02 INFO  : 'after 3000' command is executed.
21:09:02 INFO  : Context for processor 'microblaze_0' is selected.
21:09:02 ERROR : Cannot stop MicroBlaze. MicroBlaze is held in reset
21:09:02 INFO  : ----------------XSDB Script----------------
connect -url tcp:127.0.0.1:3121
targets -set -filter {jtag_cable_name =~ "RealDigital Boo 887100000006A" && level==0 && jtag_device_ctx=="jsn1-0362f093-0"}
fpga -file C:/Users/realk/Desktop/ece385/ECE385/lab7_1/realrealrealreal_sdk/mp_grahpics/_ide/bitstream/mb_block_wrapper.bit
targets -set -nocase -filter {name =~ "*microblaze*#0" && bscan=="USER2" }
loadhw -hw C:/Users/realk/Desktop/ece385/ECE385/lab7_1/realrealrealreal_sdk/mb_block_wrapper/export/mb_block_wrapper/hw/mb_block_wrapper.xsa -regs
configparams mdm-detect-bscan-mask 2
targets -set -nocase -filter {name =~ "*microblaze*#0" && bscan=="USER2" }
rst -system
after 3000
targets -set -nocase -filter {name =~ "*microblaze*#0" && bscan=="USER2" }
dow C:/Users/realk/Desktop/ece385/ECE385/lab7_1/realrealrealreal_sdk/mp_grahpics/Debug/mp_grahpics.elf
----------------End of Script----------------

21:09:02 ERROR : Cannot stop MicroBlaze. MicroBlaze is held in reset
21:29:57 INFO  : Hardware specification for platform project 'mb_block_wrapper' is updated.
21:30:10 INFO  : Result from executing command 'getProjects': mb_block_wrapper
21:30:10 INFO  : Result from executing command 'getPlatforms': xilinx_vck190_base_202220_1|C:/Xilinx/Vitis/2022.2/base_platforms/xilinx_vck190_base_202220_1/xilinx_vck190_base_202220_1.xpfm;xilinx_vck190_base_dfx_202220_1|C:/Xilinx/Vitis/2022.2/base_platforms/xilinx_vck190_base_dfx_202220_1/xilinx_vck190_base_dfx_202220_1.xpfm;xilinx_vmk180_base_202220_1|C:/Xilinx/Vitis/2022.2/base_platforms/xilinx_vmk180_base_202220_1/xilinx_vmk180_base_202220_1.xpfm;xilinx_zcu102_base_202220_1|C:/Xilinx/Vitis/2022.2/base_platforms/xilinx_zcu102_base_202220_1/xilinx_zcu102_base_202220_1.xpfm;xilinx_zcu102_base_dfx_202220_1|C:/Xilinx/Vitis/2022.2/base_platforms/xilinx_zcu102_base_dfx_202220_1/xilinx_zcu102_base_dfx_202220_1.xpfm;xilinx_zcu104_base_202220_1|C:/Xilinx/Vitis/2022.2/base_platforms/xilinx_zcu104_base_202220_1/xilinx_zcu104_base_202220_1.xpfm
21:30:11 INFO  : Checking for BSP changes to sync application flags for project 'mp_grahpics'...
21:30:14 INFO  : The hardware specification used by project 'mp_grahpics' is out of sync with the platform. Resource files extracted from the hardware specification will be updated.
21:30:14 INFO  : The file 'C:\Users\realk\Desktop\ece385\ECE385\lab7_1\realrealrealreal_sdk\mp_grahpics\_ide\bitstream\mb_block_wrapper.bit' stored in project is removed.
21:30:14 INFO  : The file 'C:\Users\realk\Desktop\ece385\ECE385\lab7_1\realrealrealreal_sdk\mp_grahpics\_ide\bitstream\mb_block_wrapper.mmi' stored in project is removed.
21:30:14 INFO  : The updated bitstream files are copied from platform to folder 'C:\Users\realk\Desktop\ece385\ECE385\lab7_1\realrealrealreal_sdk\mp_grahpics\_ide\bitstream' in project 'mp_grahpics'.
21:31:02 INFO  : Checking for BSP changes to sync application flags for project 'mp_grahpics'...
21:31:10 INFO  : Connected to target on host '127.0.0.1' and port '3121'.
21:31:10 INFO  : Jtag cable 'RealDigital Boo 887100000006A' is selected.
21:31:10 INFO  : 'jtag frequency' command is executed.
21:31:10 INFO  : 'targets -set -filter {jtag_cable_name =~ "RealDigital Boo 887100000006A" && level==0 && jtag_device_ctx=="jsn1-0362f093-0"}' command is executed.
21:31:11 INFO  : Device configured successfully with "C:/Users/realk/Desktop/ece385/ECE385/lab7_1/realrealrealreal_sdk/mp_grahpics/_ide/bitstream/mb_block_wrapper.bit"
21:31:11 INFO  : Context for processor 'microblaze_0' is selected.
21:31:11 INFO  : Hardware design and registers information is loaded from 'C:/Users/realk/Desktop/ece385/ECE385/lab7_1/realrealrealreal_sdk/mb_block_wrapper/export/mb_block_wrapper/hw/mb_block_wrapper.xsa'.
21:31:11 INFO  : 'configparams mdm-detect-bscan-mask 2' command is executed.
21:31:11 INFO  : Context for processor 'microblaze_0' is selected.
21:31:11 INFO  : System reset is completed.
21:31:14 INFO  : 'after 3000' command is executed.
21:31:14 INFO  : Context for processor 'microblaze_0' is selected.
21:31:14 INFO  : The application 'C:/Users/realk/Desktop/ece385/ECE385/lab7_1/realrealrealreal_sdk/mp_grahpics/Debug/mp_grahpics.elf' is downloaded to processor 'microblaze_0'.
21:31:14 INFO  : ----------------XSDB Script----------------
connect -url tcp:127.0.0.1:3121
targets -set -filter {jtag_cable_name =~ "RealDigital Boo 887100000006A" && level==0 && jtag_device_ctx=="jsn1-0362f093-0"}
fpga -file C:/Users/realk/Desktop/ece385/ECE385/lab7_1/realrealrealreal_sdk/mp_grahpics/_ide/bitstream/mb_block_wrapper.bit
targets -set -nocase -filter {name =~ "*microblaze*#0" && bscan=="USER2" }
loadhw -hw C:/Users/realk/Desktop/ece385/ECE385/lab7_1/realrealrealreal_sdk/mb_block_wrapper/export/mb_block_wrapper/hw/mb_block_wrapper.xsa -regs
configparams mdm-detect-bscan-mask 2
targets -set -nocase -filter {name =~ "*microblaze*#0" && bscan=="USER2" }
rst -system
after 3000
targets -set -nocase -filter {name =~ "*microblaze*#0" && bscan=="USER2" }
dow C:/Users/realk/Desktop/ece385/ECE385/lab7_1/realrealrealreal_sdk/mp_grahpics/Debug/mp_grahpics.elf
----------------End of Script----------------

21:31:14 INFO  : Context for processor 'microblaze_0' is selected.
21:31:14 INFO  : 'con' command is executed.
21:31:14 INFO  : ----------------XSDB Script (After Launch)----------------
targets -set -nocase -filter {name =~ "*microblaze*#0" && bscan=="USER2" }
con
----------------End of Script----------------

21:31:14 INFO  : Disconnected from the channel tcfchan#1.
21:31:37 INFO  : Connected to target on host '127.0.0.1' and port '3121'.
21:31:38 INFO  : Jtag cable 'RealDigital Boo 887100000006A' is selected.
21:31:38 INFO  : 'jtag frequency' command is executed.
21:31:38 INFO  : 'targets -set -filter {jtag_cable_name =~ "RealDigital Boo 887100000006A" && level==0 && jtag_device_ctx=="jsn1-0362f093-0"}' command is executed.
21:31:39 INFO  : Device configured successfully with "C:/Users/realk/Desktop/ece385/ECE385/lab7_1/realrealrealreal_sdk/mp_grahpics/_ide/bitstream/mb_block_wrapper.bit"
21:31:39 INFO  : Context for processor 'microblaze_0' is selected.
21:31:39 INFO  : Hardware design and registers information is loaded from 'C:/Users/realk/Desktop/ece385/ECE385/lab7_1/realrealrealreal_sdk/mb_block_wrapper/export/mb_block_wrapper/hw/mb_block_wrapper.xsa'.
21:31:39 INFO  : 'configparams mdm-detect-bscan-mask 2' command is executed.
21:31:39 INFO  : Context for processor 'microblaze_0' is selected.
21:31:39 INFO  : System reset is completed.
21:31:42 INFO  : 'after 3000' command is executed.
21:31:42 INFO  : Context for processor 'microblaze_0' is selected.
21:31:42 INFO  : The application 'C:/Users/realk/Desktop/ece385/ECE385/lab7_1/realrealrealreal_sdk/mp_grahpics/Debug/mp_grahpics.elf' is downloaded to processor 'microblaze_0'.
21:31:42 INFO  : ----------------XSDB Script----------------
connect -url tcp:127.0.0.1:3121
targets -set -filter {jtag_cable_name =~ "RealDigital Boo 887100000006A" && level==0 && jtag_device_ctx=="jsn1-0362f093-0"}
fpga -file C:/Users/realk/Desktop/ece385/ECE385/lab7_1/realrealrealreal_sdk/mp_grahpics/_ide/bitstream/mb_block_wrapper.bit
targets -set -nocase -filter {name =~ "*microblaze*#0" && bscan=="USER2" }
loadhw -hw C:/Users/realk/Desktop/ece385/ECE385/lab7_1/realrealrealreal_sdk/mb_block_wrapper/export/mb_block_wrapper/hw/mb_block_wrapper.xsa -regs
configparams mdm-detect-bscan-mask 2
targets -set -nocase -filter {name =~ "*microblaze*#0" && bscan=="USER2" }
rst -system
after 3000
targets -set -nocase -filter {name =~ "*microblaze*#0" && bscan=="USER2" }
dow C:/Users/realk/Desktop/ece385/ECE385/lab7_1/realrealrealreal_sdk/mp_grahpics/Debug/mp_grahpics.elf
----------------End of Script----------------

21:31:42 INFO  : Context for processor 'microblaze_0' is selected.
21:31:42 INFO  : 'con' command is executed.
21:31:42 INFO  : ----------------XSDB Script (After Launch)----------------
targets -set -nocase -filter {name =~ "*microblaze*#0" && bscan=="USER2" }
con
----------------End of Script----------------

21:31:42 INFO  : Disconnected from the channel tcfchan#4.
21:32:21 INFO  : Connected to target on host '127.0.0.1' and port '3121'.
21:32:21 INFO  : Jtag cable 'RealDigital Boo 887100000006A' is selected.
21:32:21 INFO  : 'jtag frequency' command is executed.
21:32:21 INFO  : 'targets -set -filter {jtag_cable_name =~ "RealDigital Boo 887100000006A" && level==0 && jtag_device_ctx=="jsn1-0362f093-0"}' command is executed.
21:32:23 INFO  : Device configured successfully with "C:/Users/realk/Desktop/ece385/ECE385/lab7_1/realrealrealreal_sdk/mp_grahpics/_ide/bitstream/mb_block_wrapper.bit"
21:32:23 INFO  : Context for processor 'microblaze_0' is selected.
21:32:23 INFO  : Hardware design and registers information is loaded from 'C:/Users/realk/Desktop/ece385/ECE385/lab7_1/realrealrealreal_sdk/mb_block_wrapper/export/mb_block_wrapper/hw/mb_block_wrapper.xsa'.
21:32:23 INFO  : 'configparams mdm-detect-bscan-mask 2' command is executed.
21:32:23 INFO  : Context for processor 'microblaze_0' is selected.
21:32:23 INFO  : System reset is completed.
21:32:26 INFO  : 'after 3000' command is executed.
21:32:26 INFO  : Context for processor 'microblaze_0' is selected.
21:32:26 INFO  : The application 'C:/Users/realk/Desktop/ece385/ECE385/lab7_1/realrealrealreal_sdk/mp_grahpics/Debug/mp_grahpics.elf' is downloaded to processor 'microblaze_0'.
21:32:26 INFO  : ----------------XSDB Script----------------
connect -url tcp:127.0.0.1:3121
targets -set -filter {jtag_cable_name =~ "RealDigital Boo 887100000006A" && level==0 && jtag_device_ctx=="jsn1-0362f093-0"}
fpga -file C:/Users/realk/Desktop/ece385/ECE385/lab7_1/realrealrealreal_sdk/mp_grahpics/_ide/bitstream/mb_block_wrapper.bit
targets -set -nocase -filter {name =~ "*microblaze*#0" && bscan=="USER2" }
loadhw -hw C:/Users/realk/Desktop/ece385/ECE385/lab7_1/realrealrealreal_sdk/mb_block_wrapper/export/mb_block_wrapper/hw/mb_block_wrapper.xsa -regs
configparams mdm-detect-bscan-mask 2
targets -set -nocase -filter {name =~ "*microblaze*#0" && bscan=="USER2" }
rst -system
after 3000
targets -set -nocase -filter {name =~ "*microblaze*#0" && bscan=="USER2" }
dow C:/Users/realk/Desktop/ece385/ECE385/lab7_1/realrealrealreal_sdk/mp_grahpics/Debug/mp_grahpics.elf
----------------End of Script----------------

21:32:26 INFO  : Context for processor 'microblaze_0' is selected.
21:32:26 INFO  : 'con' command is executed.
21:32:26 INFO  : ----------------XSDB Script (After Launch)----------------
targets -set -nocase -filter {name =~ "*microblaze*#0" && bscan=="USER2" }
con
----------------End of Script----------------

21:32:26 INFO  : Disconnected from the channel tcfchan#5.
21:36:35 INFO  : Connected to target on host '127.0.0.1' and port '3121'.
21:36:35 INFO  : Jtag cable 'RealDigital Boo 887100000006A' is selected.
21:36:35 INFO  : 'jtag frequency' command is executed.
21:36:35 INFO  : 'targets -set -filter {jtag_cable_name =~ "RealDigital Boo 887100000006A" && level==0 && jtag_device_ctx=="jsn1-0362f093-0"}' command is executed.
21:36:37 INFO  : Device configured successfully with "C:/Users/realk/Desktop/ece385/ECE385/lab7_1/realrealrealreal_sdk/mp_grahpics/_ide/bitstream/mb_block_wrapper.bit"
21:36:37 INFO  : Context for processor 'microblaze_0' is selected.
21:36:37 INFO  : Hardware design and registers information is loaded from 'C:/Users/realk/Desktop/ece385/ECE385/lab7_1/realrealrealreal_sdk/mb_block_wrapper/export/mb_block_wrapper/hw/mb_block_wrapper.xsa'.
21:36:37 INFO  : 'configparams mdm-detect-bscan-mask 2' command is executed.
21:36:37 INFO  : Context for processor 'microblaze_0' is selected.
21:36:37 INFO  : System reset is completed.
21:36:40 INFO  : 'after 3000' command is executed.
21:36:40 INFO  : Context for processor 'microblaze_0' is selected.
21:36:40 INFO  : The application 'C:/Users/realk/Desktop/ece385/ECE385/lab7_1/realrealrealreal_sdk/mp_grahpics/Debug/mp_grahpics.elf' is downloaded to processor 'microblaze_0'.
21:36:40 INFO  : ----------------XSDB Script----------------
connect -url tcp:127.0.0.1:3121
targets -set -filter {jtag_cable_name =~ "RealDigital Boo 887100000006A" && level==0 && jtag_device_ctx=="jsn1-0362f093-0"}
fpga -file C:/Users/realk/Desktop/ece385/ECE385/lab7_1/realrealrealreal_sdk/mp_grahpics/_ide/bitstream/mb_block_wrapper.bit
targets -set -nocase -filter {name =~ "*microblaze*#0" && bscan=="USER2" }
loadhw -hw C:/Users/realk/Desktop/ece385/ECE385/lab7_1/realrealrealreal_sdk/mb_block_wrapper/export/mb_block_wrapper/hw/mb_block_wrapper.xsa -regs
configparams mdm-detect-bscan-mask 2
targets -set -nocase -filter {name =~ "*microblaze*#0" && bscan=="USER2" }
rst -system
after 3000
targets -set -nocase -filter {name =~ "*microblaze*#0" && bscan=="USER2" }
dow C:/Users/realk/Desktop/ece385/ECE385/lab7_1/realrealrealreal_sdk/mp_grahpics/Debug/mp_grahpics.elf
----------------End of Script----------------

21:36:40 INFO  : Context for processor 'microblaze_0' is selected.
21:36:40 INFO  : 'con' command is executed.
21:36:40 INFO  : ----------------XSDB Script (After Launch)----------------
targets -set -nocase -filter {name =~ "*microblaze*#0" && bscan=="USER2" }
con
----------------End of Script----------------

21:36:40 INFO  : Disconnected from the channel tcfchan#6.
21:37:58 INFO  : Connected to target on host '127.0.0.1' and port '3121'.
21:37:58 INFO  : Jtag cable 'RealDigital Boo 887100000006A' is selected.
21:37:58 INFO  : 'jtag frequency' command is executed.
21:37:58 INFO  : 'targets -set -filter {jtag_cable_name =~ "RealDigital Boo 887100000006A" && level==0 && jtag_device_ctx=="jsn1-0362f093-0"}' command is executed.
21:38:00 INFO  : Device configured successfully with "C:/Users/realk/Desktop/ece385/ECE385/lab7_1/realrealrealreal_sdk/mp_grahpics/_ide/bitstream/mb_block_wrapper.bit"
21:38:00 INFO  : Context for processor 'microblaze_0' is selected.
21:38:00 INFO  : Hardware design and registers information is loaded from 'C:/Users/realk/Desktop/ece385/ECE385/lab7_1/realrealrealreal_sdk/mb_block_wrapper/export/mb_block_wrapper/hw/mb_block_wrapper.xsa'.
21:38:00 INFO  : 'configparams mdm-detect-bscan-mask 2' command is executed.
21:38:00 INFO  : Context for processor 'microblaze_0' is selected.
21:38:00 INFO  : System reset is completed.
21:38:03 INFO  : 'after 3000' command is executed.
21:38:03 INFO  : Context for processor 'microblaze_0' is selected.
21:38:03 INFO  : The application 'C:/Users/realk/Desktop/ece385/ECE385/lab7_1/realrealrealreal_sdk/mp_grahpics/Debug/mp_grahpics.elf' is downloaded to processor 'microblaze_0'.
21:38:03 INFO  : ----------------XSDB Script----------------
connect -url tcp:127.0.0.1:3121
targets -set -filter {jtag_cable_name =~ "RealDigital Boo 887100000006A" && level==0 && jtag_device_ctx=="jsn1-0362f093-0"}
fpga -file C:/Users/realk/Desktop/ece385/ECE385/lab7_1/realrealrealreal_sdk/mp_grahpics/_ide/bitstream/mb_block_wrapper.bit
targets -set -nocase -filter {name =~ "*microblaze*#0" && bscan=="USER2" }
loadhw -hw C:/Users/realk/Desktop/ece385/ECE385/lab7_1/realrealrealreal_sdk/mb_block_wrapper/export/mb_block_wrapper/hw/mb_block_wrapper.xsa -regs
configparams mdm-detect-bscan-mask 2
targets -set -nocase -filter {name =~ "*microblaze*#0" && bscan=="USER2" }
rst -system
after 3000
targets -set -nocase -filter {name =~ "*microblaze*#0" && bscan=="USER2" }
dow C:/Users/realk/Desktop/ece385/ECE385/lab7_1/realrealrealreal_sdk/mp_grahpics/Debug/mp_grahpics.elf
----------------End of Script----------------

21:38:03 INFO  : Context for processor 'microblaze_0' is selected.
21:38:03 INFO  : 'con' command is executed.
21:38:03 INFO  : ----------------XSDB Script (After Launch)----------------
targets -set -nocase -filter {name =~ "*microblaze*#0" && bscan=="USER2" }
con
----------------End of Script----------------

21:38:03 INFO  : Disconnected from the channel tcfchan#7.
22:23:10 DEBUG : Logs will be stored at 'C:/Users/realk/Desktop/ece385/ECE385/lab7_1/realrealrealreal_sdk/IDE.log'.
22:23:11 INFO  : Launching XSCT server: xsct.bat -n  -interactive C:\Users\realk\Desktop\ece385\ECE385\lab7_1\realrealrealreal_sdk\temp_xsdb_launch_script.tcl
22:23:14 INFO  : XSCT server has started successfully.
22:23:14 INFO  : Successfully done setting XSCT server connection channel  
22:23:14 INFO  : plnx-install-location is set to ''
22:23:14 INFO  : Successfully done setting workspace for the tool. 
22:23:15 INFO  : Registering command handlers for Vitis TCF services
22:23:16 INFO  : Successfully done query RDI_DATADIR 
22:23:17 INFO  : Platform repository initialization has completed.
22:23:33 INFO  : Hardware specification for platform project 'mb_block_wrapper' is updated.
22:23:49 INFO  : Result from executing command 'getProjects': mb_block_wrapper
22:23:49 INFO  : Result from executing command 'getPlatforms': mb_block_wrapper|C:/Users/realk/Desktop/ece385/ECE385/lab7_1/realrealrealreal_sdk/mb_block_wrapper/export/mb_block_wrapper/mb_block_wrapper.xpfm;xilinx_vck190_base_202220_1|C:/Xilinx/Vitis/2022.2/base_platforms/xilinx_vck190_base_202220_1/xilinx_vck190_base_202220_1.xpfm;xilinx_vck190_base_dfx_202220_1|C:/Xilinx/Vitis/2022.2/base_platforms/xilinx_vck190_base_dfx_202220_1/xilinx_vck190_base_dfx_202220_1.xpfm;xilinx_vmk180_base_202220_1|C:/Xilinx/Vitis/2022.2/base_platforms/xilinx_vmk180_base_202220_1/xilinx_vmk180_base_202220_1.xpfm;xilinx_zcu102_base_202220_1|C:/Xilinx/Vitis/2022.2/base_platforms/xilinx_zcu102_base_202220_1/xilinx_zcu102_base_202220_1.xpfm;xilinx_zcu102_base_dfx_202220_1|C:/Xilinx/Vitis/2022.2/base_platforms/xilinx_zcu102_base_dfx_202220_1/xilinx_zcu102_base_dfx_202220_1.xpfm;xilinx_zcu104_base_202220_1|C:/Xilinx/Vitis/2022.2/base_platforms/xilinx_zcu104_base_202220_1/xilinx_zcu104_base_202220_1.xpfm
22:23:51 INFO  : Checking for BSP changes to sync application flags for project 'mp_grahpics'...
22:23:54 INFO  : The hardware specification used by project 'mp_grahpics' is out of sync with the platform. Resource files extracted from the hardware specification will be updated.
22:23:54 INFO  : The file 'C:\Users\realk\Desktop\ece385\ECE385\lab7_1\realrealrealreal_sdk\mp_grahpics\_ide\bitstream\mb_block_wrapper.bit' stored in project is removed.
22:23:54 INFO  : The file 'C:\Users\realk\Desktop\ece385\ECE385\lab7_1\realrealrealreal_sdk\mp_grahpics\_ide\bitstream\mb_block_wrapper.mmi' stored in project is removed.
22:23:54 INFO  : The updated bitstream files are copied from platform to folder 'C:\Users\realk\Desktop\ece385\ECE385\lab7_1\realrealrealreal_sdk\mp_grahpics\_ide\bitstream' in project 'mp_grahpics'.
22:24:07 INFO  : Connected to target on host '127.0.0.1' and port '3121'.
22:24:08 INFO  : Jtag cable 'RealDigital Boo 887100000006A' is selected.
22:24:08 INFO  : 'jtag frequency' command is executed.
22:24:08 INFO  : 'targets -set -filter {jtag_cable_name =~ "RealDigital Boo 887100000006A" && level==0 && jtag_device_ctx=="jsn1-0362f093-0"}' command is executed.
22:24:09 INFO  : Device configured successfully with "C:/Users/realk/Desktop/ece385/ECE385/lab7_1/realrealrealreal_sdk/mp_grahpics/_ide/bitstream/mb_block_wrapper.bit"
22:24:10 INFO  : Context for processor 'microblaze_0' is selected.
22:24:10 INFO  : Hardware design and registers information is loaded from 'C:/Users/realk/Desktop/ece385/ECE385/lab7_1/realrealrealreal_sdk/mb_block_wrapper/export/mb_block_wrapper/hw/mb_block_wrapper.xsa'.
22:24:10 INFO  : 'configparams mdm-detect-bscan-mask 2' command is executed.
22:24:10 INFO  : Context for processor 'microblaze_0' is selected.
22:24:10 INFO  : System reset is completed.
22:24:13 INFO  : 'after 3000' command is executed.
22:24:13 INFO  : Context for processor 'microblaze_0' is selected.
22:24:13 ERROR : Cannot stop MicroBlaze. MicroBlaze is held in reset
22:24:13 INFO  : ----------------XSDB Script----------------
connect -url tcp:127.0.0.1:3121
targets -set -filter {jtag_cable_name =~ "RealDigital Boo 887100000006A" && level==0 && jtag_device_ctx=="jsn1-0362f093-0"}
fpga -file C:/Users/realk/Desktop/ece385/ECE385/lab7_1/realrealrealreal_sdk/mp_grahpics/_ide/bitstream/mb_block_wrapper.bit
targets -set -nocase -filter {name =~ "*microblaze*#0" && bscan=="USER2" }
loadhw -hw C:/Users/realk/Desktop/ece385/ECE385/lab7_1/realrealrealreal_sdk/mb_block_wrapper/export/mb_block_wrapper/hw/mb_block_wrapper.xsa -regs
configparams mdm-detect-bscan-mask 2
targets -set -nocase -filter {name =~ "*microblaze*#0" && bscan=="USER2" }
rst -system
after 3000
targets -set -nocase -filter {name =~ "*microblaze*#0" && bscan=="USER2" }
dow C:/Users/realk/Desktop/ece385/ECE385/lab7_1/realrealrealreal_sdk/mp_grahpics/Debug/mp_grahpics.elf
----------------End of Script----------------

22:24:13 ERROR : Cannot stop MicroBlaze. MicroBlaze is held in reset
20:43:55 INFO  : Hardware specification for platform project 'mb_block_wrapper' is updated.
20:44:08 INFO  : Result from executing command 'getProjects': mb_block_wrapper
20:44:08 INFO  : Result from executing command 'getPlatforms': mb_block_wrapper|C:/Users/realk/Desktop/ece385/ECE385/lab7_1/realrealrealreal_sdk/mb_block_wrapper/export/mb_block_wrapper/mb_block_wrapper.xpfm;xilinx_vck190_base_202220_1|C:/Xilinx/Vitis/2022.2/base_platforms/xilinx_vck190_base_202220_1/xilinx_vck190_base_202220_1.xpfm;xilinx_vck190_base_dfx_202220_1|C:/Xilinx/Vitis/2022.2/base_platforms/xilinx_vck190_base_dfx_202220_1/xilinx_vck190_base_dfx_202220_1.xpfm;xilinx_vmk180_base_202220_1|C:/Xilinx/Vitis/2022.2/base_platforms/xilinx_vmk180_base_202220_1/xilinx_vmk180_base_202220_1.xpfm;xilinx_zcu102_base_202220_1|C:/Xilinx/Vitis/2022.2/base_platforms/xilinx_zcu102_base_202220_1/xilinx_zcu102_base_202220_1.xpfm;xilinx_zcu102_base_dfx_202220_1|C:/Xilinx/Vitis/2022.2/base_platforms/xilinx_zcu102_base_dfx_202220_1/xilinx_zcu102_base_dfx_202220_1.xpfm;xilinx_zcu104_base_202220_1|C:/Xilinx/Vitis/2022.2/base_platforms/xilinx_zcu104_base_202220_1/xilinx_zcu104_base_202220_1.xpfm
20:44:09 INFO  : Checking for BSP changes to sync application flags for project 'mp_grahpics'...
20:44:10 INFO  : The hardware specification used by project 'mp_grahpics' is out of sync with the platform. Resource files extracted from the hardware specification will be updated.
20:44:10 INFO  : The file 'C:\Users\realk\Desktop\ece385\ECE385\lab7_1\realrealrealreal_sdk\mp_grahpics\_ide\bitstream\mb_block_wrapper.bit' stored in project is removed.
20:44:10 INFO  : The file 'C:\Users\realk\Desktop\ece385\ECE385\lab7_1\realrealrealreal_sdk\mp_grahpics\_ide\bitstream\mb_block_wrapper.mmi' stored in project is removed.
20:44:10 INFO  : The updated bitstream files are copied from platform to folder 'C:\Users\realk\Desktop\ece385\ECE385\lab7_1\realrealrealreal_sdk\mp_grahpics\_ide\bitstream' in project 'mp_grahpics'.
20:46:42 INFO  : Connected to target on host '127.0.0.1' and port '3121'.
20:46:43 INFO  : Jtag cable 'RealDigital Boo 887100000006A' is selected.
20:46:43 INFO  : 'jtag frequency' command is executed.
20:46:43 INFO  : 'targets -set -filter {jtag_cable_name =~ "RealDigital Boo 887100000006A" && level==0 && jtag_device_ctx=="jsn1-0362f093-0"}' command is executed.
20:46:44 INFO  : Device configured successfully with "C:/Users/realk/Desktop/ece385/ECE385/lab7_1/realrealrealreal_sdk/mp_grahpics/_ide/bitstream/mb_block_wrapper.bit"
20:46:44 INFO  : Context for processor 'microblaze_0' is selected.
20:46:44 INFO  : Hardware design and registers information is loaded from 'C:/Users/realk/Desktop/ece385/ECE385/lab7_1/realrealrealreal_sdk/mb_block_wrapper/export/mb_block_wrapper/hw/mb_block_wrapper.xsa'.
20:46:44 INFO  : 'configparams mdm-detect-bscan-mask 2' command is executed.
20:46:44 INFO  : Context for processor 'microblaze_0' is selected.
20:46:44 INFO  : System reset is completed.
20:46:47 INFO  : 'after 3000' command is executed.
20:46:47 INFO  : Context for processor 'microblaze_0' is selected.
20:46:47 ERROR : Cannot stop MicroBlaze. MicroBlaze is held in reset
20:46:47 INFO  : ----------------XSDB Script----------------
connect -url tcp:127.0.0.1:3121
targets -set -filter {jtag_cable_name =~ "RealDigital Boo 887100000006A" && level==0 && jtag_device_ctx=="jsn1-0362f093-0"}
fpga -file C:/Users/realk/Desktop/ece385/ECE385/lab7_1/realrealrealreal_sdk/mp_grahpics/_ide/bitstream/mb_block_wrapper.bit
targets -set -nocase -filter {name =~ "*microblaze*#0" && bscan=="USER2" }
loadhw -hw C:/Users/realk/Desktop/ece385/ECE385/lab7_1/realrealrealreal_sdk/mb_block_wrapper/export/mb_block_wrapper/hw/mb_block_wrapper.xsa -regs
configparams mdm-detect-bscan-mask 2
targets -set -nocase -filter {name =~ "*microblaze*#0" && bscan=="USER2" }
rst -system
after 3000
targets -set -nocase -filter {name =~ "*microblaze*#0" && bscan=="USER2" }
dow C:/Users/realk/Desktop/ece385/ECE385/lab7_1/realrealrealreal_sdk/mp_grahpics/Debug/mp_grahpics.elf
----------------End of Script----------------

20:46:47 ERROR : Cannot stop MicroBlaze. MicroBlaze is held in reset
20:46:56 INFO  : Checking for BSP changes to sync application flags for project 'mp_grahpics'...
20:47:01 INFO  : Checking for BSP changes to sync application flags for project 'mp_grahpics'...
20:47:15 INFO  : Connected to target on host '127.0.0.1' and port '3121'.
20:47:15 INFO  : Jtag cable 'RealDigital Boo 887100000006A' is selected.
20:47:15 INFO  : 'jtag frequency' command is executed.
20:47:15 INFO  : 'targets -set -filter {jtag_cable_name =~ "RealDigital Boo 887100000006A" && level==0 && jtag_device_ctx=="jsn1-0362f093-0"}' command is executed.
20:47:16 INFO  : Device configured successfully with "C:/Users/realk/Desktop/ece385/ECE385/lab7_1/realrealrealreal_sdk/mp_grahpics/_ide/bitstream/mb_block_wrapper.bit"
20:47:16 INFO  : Context for processor 'microblaze_0' is selected.
20:47:16 INFO  : Hardware design and registers information is loaded from 'C:/Users/realk/Desktop/ece385/ECE385/lab7_1/realrealrealreal_sdk/mb_block_wrapper/export/mb_block_wrapper/hw/mb_block_wrapper.xsa'.
20:47:16 INFO  : 'configparams mdm-detect-bscan-mask 2' command is executed.
20:47:16 INFO  : Context for processor 'microblaze_0' is selected.
20:47:16 INFO  : System reset is completed.
20:47:19 INFO  : 'after 3000' command is executed.
20:47:19 INFO  : Context for processor 'microblaze_0' is selected.
20:47:19 ERROR : Cannot stop MicroBlaze. MicroBlaze is held in reset
20:47:19 INFO  : ----------------XSDB Script----------------
connect -url tcp:127.0.0.1:3121
targets -set -filter {jtag_cable_name =~ "RealDigital Boo 887100000006A" && level==0 && jtag_device_ctx=="jsn1-0362f093-0"}
fpga -file C:/Users/realk/Desktop/ece385/ECE385/lab7_1/realrealrealreal_sdk/mp_grahpics/_ide/bitstream/mb_block_wrapper.bit
targets -set -nocase -filter {name =~ "*microblaze*#0" && bscan=="USER2" }
loadhw -hw C:/Users/realk/Desktop/ece385/ECE385/lab7_1/realrealrealreal_sdk/mb_block_wrapper/export/mb_block_wrapper/hw/mb_block_wrapper.xsa -regs
configparams mdm-detect-bscan-mask 2
targets -set -nocase -filter {name =~ "*microblaze*#0" && bscan=="USER2" }
rst -system
after 3000
targets -set -nocase -filter {name =~ "*microblaze*#0" && bscan=="USER2" }
dow C:/Users/realk/Desktop/ece385/ECE385/lab7_1/realrealrealreal_sdk/mp_grahpics/Debug/mp_grahpics.elf
----------------End of Script----------------

20:47:19 ERROR : Cannot stop MicroBlaze. MicroBlaze is held in reset
23:57:48 INFO  : Hardware specification for platform project 'mb_block_wrapper' is updated.
00:01:03 INFO  : Result from executing command 'getProjects': mb_block_wrapper
00:01:03 INFO  : Result from executing command 'getPlatforms': mb_block_wrapper|C:/Users/realk/Desktop/ece385/ECE385/lab7_1/realrealrealreal_sdk/mb_block_wrapper/export/mb_block_wrapper/mb_block_wrapper.xpfm;xilinx_vck190_base_202220_1|C:/Xilinx/Vitis/2022.2/base_platforms/xilinx_vck190_base_202220_1/xilinx_vck190_base_202220_1.xpfm;xilinx_vck190_base_dfx_202220_1|C:/Xilinx/Vitis/2022.2/base_platforms/xilinx_vck190_base_dfx_202220_1/xilinx_vck190_base_dfx_202220_1.xpfm;xilinx_vmk180_base_202220_1|C:/Xilinx/Vitis/2022.2/base_platforms/xilinx_vmk180_base_202220_1/xilinx_vmk180_base_202220_1.xpfm;xilinx_zcu102_base_202220_1|C:/Xilinx/Vitis/2022.2/base_platforms/xilinx_zcu102_base_202220_1/xilinx_zcu102_base_202220_1.xpfm;xilinx_zcu102_base_dfx_202220_1|C:/Xilinx/Vitis/2022.2/base_platforms/xilinx_zcu102_base_dfx_202220_1/xilinx_zcu102_base_dfx_202220_1.xpfm;xilinx_zcu104_base_202220_1|C:/Xilinx/Vitis/2022.2/base_platforms/xilinx_zcu104_base_202220_1/xilinx_zcu104_base_202220_1.xpfm
00:01:06 INFO  : Checking for BSP changes to sync application flags for project 'mp_grahpics'...
00:01:09 INFO  : The hardware specification used by project 'mp_grahpics' is out of sync with the platform. Resource files extracted from the hardware specification will be updated.
00:01:09 INFO  : The file 'C:\Users\realk\Desktop\ece385\ECE385\lab7_1\realrealrealreal_sdk\mp_grahpics\_ide\bitstream\mb_block_wrapper.bit' stored in project is removed.
00:01:09 INFO  : The file 'C:\Users\realk\Desktop\ece385\ECE385\lab7_1\realrealrealreal_sdk\mp_grahpics\_ide\bitstream\mb_block_wrapper.mmi' stored in project is removed.
00:01:09 INFO  : The updated bitstream files are copied from platform to folder 'C:\Users\realk\Desktop\ece385\ECE385\lab7_1\realrealrealreal_sdk\mp_grahpics\_ide\bitstream' in project 'mp_grahpics'.
00:05:19 INFO  : Connected to target on host '127.0.0.1' and port '3121'.
00:05:19 INFO  : Jtag cable 'RealDigital Boo 887100000006A' is selected.
00:05:19 INFO  : 'jtag frequency' command is executed.
00:05:19 INFO  : 'targets -set -filter {jtag_cable_name =~ "RealDigital Boo 887100000006A" && level==0 && jtag_device_ctx=="jsn1-0362f093-0"}' command is executed.
00:05:20 INFO  : Device configured successfully with "C:/Users/realk/Desktop/ece385/ECE385/lab7_1/realrealrealreal_sdk/mp_grahpics/_ide/bitstream/mb_block_wrapper.bit"
00:05:20 INFO  : Context for processor 'microblaze_0' is selected.
00:05:20 INFO  : Hardware design and registers information is loaded from 'C:/Users/realk/Desktop/ece385/ECE385/lab7_1/realrealrealreal_sdk/mb_block_wrapper/export/mb_block_wrapper/hw/mb_block_wrapper.xsa'.
00:05:20 INFO  : 'configparams mdm-detect-bscan-mask 2' command is executed.
00:05:20 INFO  : Context for processor 'microblaze_0' is selected.
00:05:20 INFO  : System reset is completed.
00:05:24 INFO  : 'after 3000' command is executed.
00:05:24 INFO  : Context for processor 'microblaze_0' is selected.
00:05:24 ERROR : Cannot stop MicroBlaze. MicroBlaze is held in reset
00:05:24 INFO  : ----------------XSDB Script----------------
connect -url tcp:127.0.0.1:3121
targets -set -filter {jtag_cable_name =~ "RealDigital Boo 887100000006A" && level==0 && jtag_device_ctx=="jsn1-0362f093-0"}
fpga -file C:/Users/realk/Desktop/ece385/ECE385/lab7_1/realrealrealreal_sdk/mp_grahpics/_ide/bitstream/mb_block_wrapper.bit
targets -set -nocase -filter {name =~ "*microblaze*#0" && bscan=="USER2" }
loadhw -hw C:/Users/realk/Desktop/ece385/ECE385/lab7_1/realrealrealreal_sdk/mb_block_wrapper/export/mb_block_wrapper/hw/mb_block_wrapper.xsa -regs
configparams mdm-detect-bscan-mask 2
targets -set -nocase -filter {name =~ "*microblaze*#0" && bscan=="USER2" }
rst -system
after 3000
targets -set -nocase -filter {name =~ "*microblaze*#0" && bscan=="USER2" }
dow C:/Users/realk/Desktop/ece385/ECE385/lab7_1/realrealrealreal_sdk/mp_grahpics/Debug/mp_grahpics.elf
----------------End of Script----------------

00:05:24 ERROR : Cannot stop MicroBlaze. MicroBlaze is held in reset
00:16:36 INFO  : Hardware specification for platform project 'mb_block_wrapper' is updated.
00:16:50 INFO  : Result from executing command 'getProjects': mb_block_wrapper
00:16:50 INFO  : Result from executing command 'getPlatforms': mb_block_wrapper|C:/Users/realk/Desktop/ece385/ECE385/lab7_1/realrealrealreal_sdk/mb_block_wrapper/export/mb_block_wrapper/mb_block_wrapper.xpfm;xilinx_vck190_base_202220_1|C:/Xilinx/Vitis/2022.2/base_platforms/xilinx_vck190_base_202220_1/xilinx_vck190_base_202220_1.xpfm;xilinx_vck190_base_dfx_202220_1|C:/Xilinx/Vitis/2022.2/base_platforms/xilinx_vck190_base_dfx_202220_1/xilinx_vck190_base_dfx_202220_1.xpfm;xilinx_vmk180_base_202220_1|C:/Xilinx/Vitis/2022.2/base_platforms/xilinx_vmk180_base_202220_1/xilinx_vmk180_base_202220_1.xpfm;xilinx_zcu102_base_202220_1|C:/Xilinx/Vitis/2022.2/base_platforms/xilinx_zcu102_base_202220_1/xilinx_zcu102_base_202220_1.xpfm;xilinx_zcu102_base_dfx_202220_1|C:/Xilinx/Vitis/2022.2/base_platforms/xilinx_zcu102_base_dfx_202220_1/xilinx_zcu102_base_dfx_202220_1.xpfm;xilinx_zcu104_base_202220_1|C:/Xilinx/Vitis/2022.2/base_platforms/xilinx_zcu104_base_202220_1/xilinx_zcu104_base_202220_1.xpfm
00:16:51 INFO  : Checking for BSP changes to sync application flags for project 'mp_grahpics'...
00:16:54 INFO  : The hardware specification used by project 'mp_grahpics' is out of sync with the platform. Resource files extracted from the hardware specification will be updated.
00:16:54 INFO  : The file 'C:\Users\realk\Desktop\ece385\ECE385\lab7_1\realrealrealreal_sdk\mp_grahpics\_ide\bitstream\mb_block_wrapper.bit' stored in project is removed.
00:16:54 INFO  : The file 'C:\Users\realk\Desktop\ece385\ECE385\lab7_1\realrealrealreal_sdk\mp_grahpics\_ide\bitstream\mb_block_wrapper.mmi' stored in project is removed.
00:16:54 INFO  : The updated bitstream files are copied from platform to folder 'C:\Users\realk\Desktop\ece385\ECE385\lab7_1\realrealrealreal_sdk\mp_grahpics\_ide\bitstream' in project 'mp_grahpics'.
00:17:01 INFO  : Connected to target on host '127.0.0.1' and port '3121'.
00:17:01 INFO  : Jtag cable 'RealDigital Boo 887100000006A' is selected.
00:17:01 INFO  : 'jtag frequency' command is executed.
00:17:01 INFO  : 'targets -set -filter {jtag_cable_name =~ "RealDigital Boo 887100000006A" && level==0 && jtag_device_ctx=="jsn1-0362f093-0"}' command is executed.
00:17:03 INFO  : Device configured successfully with "C:/Users/realk/Desktop/ece385/ECE385/lab7_1/realrealrealreal_sdk/mp_grahpics/_ide/bitstream/mb_block_wrapper.bit"
00:17:03 INFO  : Context for processor 'microblaze_0' is selected.
00:17:03 INFO  : Hardware design and registers information is loaded from 'C:/Users/realk/Desktop/ece385/ECE385/lab7_1/realrealrealreal_sdk/mb_block_wrapper/export/mb_block_wrapper/hw/mb_block_wrapper.xsa'.
00:17:03 INFO  : 'configparams mdm-detect-bscan-mask 2' command is executed.
00:17:03 INFO  : Context for processor 'microblaze_0' is selected.
00:17:03 INFO  : System reset is completed.
00:17:06 INFO  : 'after 3000' command is executed.
00:17:06 INFO  : Context for processor 'microblaze_0' is selected.
00:17:06 ERROR : Cannot stop MicroBlaze. MicroBlaze is held in reset
00:17:06 INFO  : ----------------XSDB Script----------------
connect -url tcp:127.0.0.1:3121
targets -set -filter {jtag_cable_name =~ "RealDigital Boo 887100000006A" && level==0 && jtag_device_ctx=="jsn1-0362f093-0"}
fpga -file C:/Users/realk/Desktop/ece385/ECE385/lab7_1/realrealrealreal_sdk/mp_grahpics/_ide/bitstream/mb_block_wrapper.bit
targets -set -nocase -filter {name =~ "*microblaze*#0" && bscan=="USER2" }
loadhw -hw C:/Users/realk/Desktop/ece385/ECE385/lab7_1/realrealrealreal_sdk/mb_block_wrapper/export/mb_block_wrapper/hw/mb_block_wrapper.xsa -regs
configparams mdm-detect-bscan-mask 2
targets -set -nocase -filter {name =~ "*microblaze*#0" && bscan=="USER2" }
rst -system
after 3000
targets -set -nocase -filter {name =~ "*microblaze*#0" && bscan=="USER2" }
dow C:/Users/realk/Desktop/ece385/ECE385/lab7_1/realrealrealreal_sdk/mp_grahpics/Debug/mp_grahpics.elf
----------------End of Script----------------

00:17:06 ERROR : Cannot stop MicroBlaze. MicroBlaze is held in reset
01:15:49 INFO  : Hardware specification for platform project 'mb_block_wrapper' is updated.
01:16:05 INFO  : Result from executing command 'getProjects': mb_block_wrapper
01:16:05 INFO  : Result from executing command 'getPlatforms': mb_block_wrapper|C:/Users/realk/Desktop/ece385/ECE385/lab7_1/realrealrealreal_sdk/mb_block_wrapper/export/mb_block_wrapper/mb_block_wrapper.xpfm;xilinx_vck190_base_202220_1|C:/Xilinx/Vitis/2022.2/base_platforms/xilinx_vck190_base_202220_1/xilinx_vck190_base_202220_1.xpfm;xilinx_vck190_base_dfx_202220_1|C:/Xilinx/Vitis/2022.2/base_platforms/xilinx_vck190_base_dfx_202220_1/xilinx_vck190_base_dfx_202220_1.xpfm;xilinx_vmk180_base_202220_1|C:/Xilinx/Vitis/2022.2/base_platforms/xilinx_vmk180_base_202220_1/xilinx_vmk180_base_202220_1.xpfm;xilinx_zcu102_base_202220_1|C:/Xilinx/Vitis/2022.2/base_platforms/xilinx_zcu102_base_202220_1/xilinx_zcu102_base_202220_1.xpfm;xilinx_zcu102_base_dfx_202220_1|C:/Xilinx/Vitis/2022.2/base_platforms/xilinx_zcu102_base_dfx_202220_1/xilinx_zcu102_base_dfx_202220_1.xpfm;xilinx_zcu104_base_202220_1|C:/Xilinx/Vitis/2022.2/base_platforms/xilinx_zcu104_base_202220_1/xilinx_zcu104_base_202220_1.xpfm
01:16:07 INFO  : Checking for BSP changes to sync application flags for project 'mp_grahpics'...
01:16:10 INFO  : The hardware specification used by project 'mp_grahpics' is out of sync with the platform. Resource files extracted from the hardware specification will be updated.
01:16:10 INFO  : The file 'C:\Users\realk\Desktop\ece385\ECE385\lab7_1\realrealrealreal_sdk\mp_grahpics\_ide\bitstream\mb_block_wrapper.bit' stored in project is removed.
01:16:10 INFO  : The file 'C:\Users\realk\Desktop\ece385\ECE385\lab7_1\realrealrealreal_sdk\mp_grahpics\_ide\bitstream\mb_block_wrapper.mmi' stored in project is removed.
01:16:10 INFO  : The updated bitstream files are copied from platform to folder 'C:\Users\realk\Desktop\ece385\ECE385\lab7_1\realrealrealreal_sdk\mp_grahpics\_ide\bitstream' in project 'mp_grahpics'.
01:16:21 INFO  : Connected to target on host '127.0.0.1' and port '3121'.
01:16:21 INFO  : Jtag cable 'RealDigital Boo 887100000006A' is selected.
01:16:21 INFO  : 'jtag frequency' command is executed.
01:16:21 INFO  : 'targets -set -filter {jtag_cable_name =~ "RealDigital Boo 887100000006A" && level==0 && jtag_device_ctx=="jsn1-0362f093-0"}' command is executed.
01:16:23 INFO  : Device configured successfully with "C:/Users/realk/Desktop/ece385/ECE385/lab7_1/realrealrealreal_sdk/mp_grahpics/_ide/bitstream/mb_block_wrapper.bit"
01:16:23 INFO  : Context for processor 'microblaze_0' is selected.
01:16:23 INFO  : Hardware design and registers information is loaded from 'C:/Users/realk/Desktop/ece385/ECE385/lab7_1/realrealrealreal_sdk/mb_block_wrapper/export/mb_block_wrapper/hw/mb_block_wrapper.xsa'.
01:16:23 INFO  : 'configparams mdm-detect-bscan-mask 2' command is executed.
01:16:23 INFO  : Context for processor 'microblaze_0' is selected.
01:16:23 INFO  : System reset is completed.
01:16:26 INFO  : 'after 3000' command is executed.
01:16:26 INFO  : Context for processor 'microblaze_0' is selected.
01:16:26 ERROR : Cannot stop MicroBlaze. MicroBlaze is held in reset
01:16:26 INFO  : ----------------XSDB Script----------------
connect -url tcp:127.0.0.1:3121
targets -set -filter {jtag_cable_name =~ "RealDigital Boo 887100000006A" && level==0 && jtag_device_ctx=="jsn1-0362f093-0"}
fpga -file C:/Users/realk/Desktop/ece385/ECE385/lab7_1/realrealrealreal_sdk/mp_grahpics/_ide/bitstream/mb_block_wrapper.bit
targets -set -nocase -filter {name =~ "*microblaze*#0" && bscan=="USER2" }
loadhw -hw C:/Users/realk/Desktop/ece385/ECE385/lab7_1/realrealrealreal_sdk/mb_block_wrapper/export/mb_block_wrapper/hw/mb_block_wrapper.xsa -regs
configparams mdm-detect-bscan-mask 2
targets -set -nocase -filter {name =~ "*microblaze*#0" && bscan=="USER2" }
rst -system
after 3000
targets -set -nocase -filter {name =~ "*microblaze*#0" && bscan=="USER2" }
dow C:/Users/realk/Desktop/ece385/ECE385/lab7_1/realrealrealreal_sdk/mp_grahpics/Debug/mp_grahpics.elf
----------------End of Script----------------

01:16:26 ERROR : Cannot stop MicroBlaze. MicroBlaze is held in reset
02:58:46 INFO  : Hardware specification for platform project 'mb_block_wrapper' is updated.
02:59:00 INFO  : Result from executing command 'getProjects': mb_block_wrapper
02:59:00 INFO  : Result from executing command 'getPlatforms': mb_block_wrapper|C:/Users/realk/Desktop/ece385/ECE385/lab7_1/realrealrealreal_sdk/mb_block_wrapper/export/mb_block_wrapper/mb_block_wrapper.xpfm;xilinx_vck190_base_202220_1|C:/Xilinx/Vitis/2022.2/base_platforms/xilinx_vck190_base_202220_1/xilinx_vck190_base_202220_1.xpfm;xilinx_vck190_base_dfx_202220_1|C:/Xilinx/Vitis/2022.2/base_platforms/xilinx_vck190_base_dfx_202220_1/xilinx_vck190_base_dfx_202220_1.xpfm;xilinx_vmk180_base_202220_1|C:/Xilinx/Vitis/2022.2/base_platforms/xilinx_vmk180_base_202220_1/xilinx_vmk180_base_202220_1.xpfm;xilinx_zcu102_base_202220_1|C:/Xilinx/Vitis/2022.2/base_platforms/xilinx_zcu102_base_202220_1/xilinx_zcu102_base_202220_1.xpfm;xilinx_zcu102_base_dfx_202220_1|C:/Xilinx/Vitis/2022.2/base_platforms/xilinx_zcu102_base_dfx_202220_1/xilinx_zcu102_base_dfx_202220_1.xpfm;xilinx_zcu104_base_202220_1|C:/Xilinx/Vitis/2022.2/base_platforms/xilinx_zcu104_base_202220_1/xilinx_zcu104_base_202220_1.xpfm
02:59:01 INFO  : Checking for BSP changes to sync application flags for project 'mp_grahpics'...
02:59:03 INFO  : The hardware specification used by project 'mp_grahpics' is out of sync with the platform. Resource files extracted from the hardware specification will be updated.
02:59:03 INFO  : The file 'C:\Users\realk\Desktop\ece385\ECE385\lab7_1\realrealrealreal_sdk\mp_grahpics\_ide\bitstream\mb_block_wrapper.bit' stored in project is removed.
02:59:03 INFO  : The file 'C:\Users\realk\Desktop\ece385\ECE385\lab7_1\realrealrealreal_sdk\mp_grahpics\_ide\bitstream\mb_block_wrapper.mmi' stored in project is removed.
02:59:03 INFO  : The updated bitstream files are copied from platform to folder 'C:\Users\realk\Desktop\ece385\ECE385\lab7_1\realrealrealreal_sdk\mp_grahpics\_ide\bitstream' in project 'mp_grahpics'.
03:20:11 INFO  : Checking for BSP changes to sync application flags for project 'mp_grahpics'...
03:21:23 INFO  : Checking for BSP changes to sync application flags for project 'mp_grahpics'...
03:21:27 INFO  : Connected to target on host '127.0.0.1' and port '3121'.
03:21:33 INFO  : Jtag cable 'RealDigital Boo 887100000006A' is selected.
03:21:33 INFO  : 'jtag frequency' command is executed.
03:21:33 INFO  : 'targets -set -filter {jtag_cable_name =~ "RealDigital Boo 887100000006A" && level==0 && jtag_device_ctx=="jsn1-0362f093-0"}' command is executed.
03:21:33 ERROR : couldn't open "C:/Users/realk/Desktop/ece385/ECE385/lab7_1/realrealrealreal_sdk/mp_grahpics/_ide/bitstream/mb_block_wrapper.bit": no such file or directory
03:21:33 ERROR : Exception occured while running Program Device.
java.lang.RuntimeException: couldn't open "C:/Users/realk/Desktop/ece385/ECE385/lab7_1/realrealrealreal_sdk/mp_grahpics/_ide/bitstream/mb_block_wrapper.bit": no such file or directory
03:21:33 INFO  : ----------------XSDB Script----------------
connect -url tcp:127.0.0.1:3121
----------------End of Script----------------

03:21:33 ERROR : couldn't open "C:/Users/realk/Desktop/ece385/ECE385/lab7_1/realrealrealreal_sdk/mp_grahpics/_ide/bitstream/mb_block_wrapper.bit": no such file or directory
03:21:41 INFO  : Connected to target on host '127.0.0.1' and port '3121'.
03:21:41 INFO  : Jtag cable 'RealDigital Boo 887100000006A' is selected.
03:21:41 INFO  : 'jtag frequency' command is executed.
03:21:41 INFO  : 'targets -set -filter {jtag_cable_name =~ "RealDigital Boo 887100000006A" && level==0 && jtag_device_ctx=="jsn1-0362f093-0"}' command is executed.
03:21:41 ERROR : couldn't open "C:/Users/realk/Desktop/ece385/ECE385/lab7_1/realrealrealreal_sdk/mp_grahpics/_ide/bitstream/mb_block_wrapper.bit": no such file or directory
03:21:41 ERROR : Exception occured while running Program Device.
java.lang.RuntimeException: couldn't open "C:/Users/realk/Desktop/ece385/ECE385/lab7_1/realrealrealreal_sdk/mp_grahpics/_ide/bitstream/mb_block_wrapper.bit": no such file or directory
03:21:41 INFO  : ----------------XSDB Script----------------
connect -url tcp:127.0.0.1:3121
----------------End of Script----------------

03:21:41 ERROR : couldn't open "C:/Users/realk/Desktop/ece385/ECE385/lab7_1/realrealrealreal_sdk/mp_grahpics/_ide/bitstream/mb_block_wrapper.bit": no such file or directory
