#-----------------------------------------------------------
# Vivado v2022.2 (64-bit)
# SW Build 3671981 on Fri Oct 14 05:00:03 MDT 2022
# IP Build 3669848 on Fri Oct 14 08:30:02 MDT 2022
# Start of session at: Tue Nov 19 18:30:37 2024
# Process ID: 19848
# Current directory: C:/Users/realk/Desktop/ece385_final/ECE385/labb6
# Command line: vivado.exe -gui_launcher_event rodinguilauncherevent19356 C:\Users\realk\Desktop\ece385_final\ECE385\labb6\labb6.xpr
# Log file: C:/Users/realk/Desktop/ece385_final/ECE385/labb6/vivado.log
# Journal file: C:/Users/realk/Desktop/ece385_final/ECE385/labb6\vivado.jou
# Running On: MSI, OS: Windows, CPU Frequency: 2304 MHz, CPU Physical cores: 8, Host memory: 16866 MB
#-----------------------------------------------------------
start_gui
open_project C:/Users/realk/Desktop/ece385_final/ECE385/labb6/labb6.xpr
WARNING: [Board 49-26] cannot add Board Part xilinx.com:vek280_es:part0:1.0 available at C:/Xilinx/Vivado/2022.2/data/xhub/boards/XilinxBoardStore/boards/Xilinx/vek280/es/1.0/board.xml as part xcve2802-vsvh1760-2lp-e-s-es1 specified in board_part file is either invalid or not available
WARNING: [Board 49-26] cannot add Board Part xilinx.com:vhk158_es:part0:1.0 available at C:/Xilinx/Vivado/2022.2/data/xhub/boards/XilinxBoardStore/boards/Xilinx/vhk158/es/1.0/board.xml as part xcvh1582-vsva3697-2mp-e-s-es1 specified in board_part file is either invalid or not available
WARNING: [Board 49-26] cannot add Board Part xilinx.com:vpk120_es:part0:1.2 available at C:/Xilinx/Vivado/2022.2/data/xhub/boards/XilinxBoardStore/boards/Xilinx/vpk120/es/1.2/board.xml as part xcvp1202-vsva2785-2mp-e-s-es1 specified in board_part file is either invalid or not available
WARNING: [Board 49-26] cannot add Board Part xilinx.com:vpk120_es_revb:part0:1.0 available at C:/Xilinx/Vivado/2022.2/data/xhub/boards/XilinxBoardStore/boards/Xilinx/vpk120_revb/es/1.0/board.xml as part xcvp1202-vsva2785-2mp-e-s-es1 specified in board_part file is either invalid or not available
WARNING: [Board 49-26] cannot add Board Part xilinx.com:vpk180_es:part0:1.0 available at C:/Xilinx/Vivado/2022.2/data/xhub/boards/XilinxBoardStore/boards/Xilinx/vpk180/es/1.0/board.xml as part xcvp1802-lsvc4072-2mp-e-s-es1 specified in board_part file is either invalid or not available
WARNING: [Board 49-26] cannot add Board Part xilinx.com:zcu208ld:part0:2.0 available at C:/Xilinx/Vivado/2022.2/data/xhub/boards/XilinxBoardStore/boards/Xilinx/zcu208ld/production/2.0/board.xml as part xczu58dr-fsvg1517-2-i specified in board_part file is either invalid or not available
WARNING: [Board 49-26] cannot add Board Part xilinx.com:zcu216ld:part0:2.0 available at C:/Xilinx/Vivado/2022.2/data/xhub/boards/XilinxBoardStore/boards/Xilinx/zcu216ld/production/2.0/board.xml as part xczu59dr-ffvf1760-2-i specified in board_part file is either invalid or not available
WARNING: [Board 49-26] cannot add Board Part xilinx.com:zcu670:part0:2.0 available at C:/Xilinx/Vivado/2022.2/data/xhub/boards/XilinxBoardStore/boards/Xilinx/zcu670/2.0/board.xml as part xczu67dr-fsve1156-2-i specified in board_part file is either invalid or not available
WARNING: [Board 49-26] cannot add Board Part xilinx.com:zcu670ld:part0:1.0 available at C:/Xilinx/Vivado/2022.2/data/xhub/boards/XilinxBoardStore/boards/Xilinx/zcu670ld/1.0/board.xml as part xczu57dr-fsve1156-2-i specified in board_part file is either invalid or not available
INFO: [Project 1-313] Project file moved from 'C:/Users/kb40/Desktop/ECE385/labb6' since last save.
WARNING: [filemgmt 56-2] IP Repository Path: Could not find the directory 'C:/Users/realk/Desktop/ece385_final/Downloads/RD_hdmi_ip2020', nor could it be found using path 'C:/Users/kb40/Desktop/Downloads/RD_hdmi_ip2020'.
Scanning sources...
Finished scanning sources
INFO: [IP_Flow 19-234] Refreshing IP repositories
WARNING: [IP_Flow 19-2248] Failed to load user IP repository 'c:/Users/realk/Desktop/ece385_final/Downloads/RD_hdmi_ip2020'; Can't find the specified path.
If this directory should no longer be in your list of user repositories, go to the IP Settings dialog and remove it.
INFO: [IP_Flow 19-2313] Loaded Vivado IP repository 'C:/Xilinx/Vivado/2022.2/data/ip'.
WARNING: [IP_Flow 19-2162] IP 'hdmi_tx_0' is locked:
* IP definition 'hdmi_tx (1.0)' for IP 'hdmi_tx_0' (customized with software release 2022.2) was not found in the IP Catalog.
open_project: Time (s): cpu = 00:00:14 ; elapsed = 00:00:14 . Memory (MB): peak = 1836.703 ; gain = 244.488
update_compile_order -fileset sources_1
reset_run synth_1
INFO: [Project 1-1161] Replacing file C:/Users/realk/Desktop/ece385_final/ECE385/labb6/labb6.srcs/utils_1/imports/synth_1/mb_usb_hdmi_top.dcp with file C:/Users/realk/Desktop/ece385_final/ECE385/labb6/labb6.runs/synth_1/mb_usb_hdmi_top.dcp
launch_runs impl_1 -to_step write_bitstream -jobs 16
[Tue Nov 19 18:31:39 2024] Launched synth_1...
Run output will be captured here: C:/Users/realk/Desktop/ece385_final/ECE385/labb6/labb6.runs/synth_1/runme.log
[Tue Nov 19 18:31:40 2024] Launched impl_1...
Run output will be captured here: C:/Users/realk/Desktop/ece385_final/ECE385/labb6/labb6.runs/impl_1/runme.log
reset_run synth_1
launch_runs impl_1 -to_step write_bitstream -jobs 16
[Tue Nov 19 18:38:15 2024] Launched synth_1...
Run output will be captured here: C:/Users/realk/Desktop/ece385_final/ECE385/labb6/labb6.runs/synth_1/runme.log
[Tue Nov 19 18:38:15 2024] Launched impl_1...
Run output will be captured here: C:/Users/realk/Desktop/ece385_final/ECE385/labb6/labb6.runs/impl_1/runme.log
import_files -norecurse C:/Users/realk/Downloads/background_pallete.txt
reset_run synth_1
INFO: [Project 1-1161] Replacing file C:/Users/realk/Desktop/ece385_final/ECE385/labb6/labb6.srcs/utils_1/imports/synth_1/mb_usb_hdmi_top.dcp with file C:/Users/realk/Desktop/ece385_final/ECE385/labb6/labb6.runs/synth_1/mb_usb_hdmi_top.dcp
launch_runs impl_1 -to_step write_bitstream -jobs 16
[Tue Nov 19 19:10:37 2024] Launched synth_1...
Run output will be captured here: C:/Users/realk/Desktop/ece385_final/ECE385/labb6/labb6.runs/synth_1/runme.log
[Tue Nov 19 19:10:37 2024] Launched impl_1...
Run output will be captured here: C:/Users/realk/Desktop/ece385_final/ECE385/labb6/labb6.runs/impl_1/runme.log
INFO: [Vivado 12-8231] Launching Vitis
INFO: [Vivado 12-417] Running vitis
INFO: [Vivado 12-8232] Vitis launch initiated. Please check console for any further messages.
write_hw_platform -fixed -include_bit -force -file C:/Users/realk/Desktop/ece385_final/ECE385/labb6/final_top.xsa
INFO: [Project 1-1918] Creating Hardware Platform: C:/Users/realk/Desktop/ece385_final/ECE385/labb6/final_top.xsa ...
WARNING: [Vivado_Tcl 4-413] Exported hardware design may be stale because Block Design is locked for the following reasons 
* IP definition 'hdmi_tx (1.0)' for IP 'hdmi_tx_0' (customized with software release 2022.2) was not found in the IP Catalog.
INFO: [Project 1-1943] The Hardware Platform can be used for Hardware
INFO: [Project 1-1941] Successfully created Hardware Platform: C:/Users/realk/Desktop/ece385_final/ECE385/labb6/final_top.xsa
INFO: [Hsi 55-2053] elapsed time for repository (C:/Xilinx/Vivado/2022.2/data/embeddedsw) loading 0 seconds
import_files -norecurse C:/Users/realk/Downloads/mario.txt
reset_run synth_1
INFO: [Project 1-1161] Replacing file C:/Users/realk/Desktop/ece385_final/ECE385/labb6/labb6.srcs/utils_1/imports/synth_1/mb_usb_hdmi_top.dcp with file C:/Users/realk/Desktop/ece385_final/ECE385/labb6/labb6.runs/synth_1/mb_usb_hdmi_top.dcp
launch_runs impl_1 -to_step write_bitstream -jobs 16
[Tue Nov 19 21:00:31 2024] Launched synth_1...
Run output will be captured here: C:/Users/realk/Desktop/ece385_final/ECE385/labb6/labb6.runs/synth_1/runme.log
[Tue Nov 19 21:00:31 2024] Launched impl_1...
Run output will be captured here: C:/Users/realk/Desktop/ece385_final/ECE385/labb6/labb6.runs/impl_1/runme.log
reset_run synth_1
launch_runs impl_1 -to_step write_bitstream -jobs 16
[Tue Nov 19 21:01:56 2024] Launched synth_1...
Run output will be captured here: C:/Users/realk/Desktop/ece385_final/ECE385/labb6/labb6.runs/synth_1/runme.log
[Tue Nov 19 21:01:56 2024] Launched impl_1...
Run output will be captured here: C:/Users/realk/Desktop/ece385_final/ECE385/labb6/labb6.runs/impl_1/runme.log
write_hw_platform -fixed -include_bit -force -file C:/Users/realk/Desktop/ece385_final/ECE385/labb6/final_top.xsa
INFO: [Project 1-1918] Creating Hardware Platform: C:/Users/realk/Desktop/ece385_final/ECE385/labb6/final_top.xsa ...
WARNING: [Vivado_Tcl 4-413] Exported hardware design may be stale because Block Design is locked for the following reasons 
* IP definition 'hdmi_tx (1.0)' for IP 'hdmi_tx_0' (customized with software release 2022.2) was not found in the IP Catalog.
INFO: [Project 1-1943] The Hardware Platform can be used for Hardware
INFO: [Project 1-1941] Successfully created Hardware Platform: C:/Users/realk/Desktop/ece385_final/ECE385/labb6/final_top.xsa
reset_run synth_1
INFO: [Project 1-1161] Replacing file C:/Users/realk/Desktop/ece385_final/ECE385/labb6/labb6.srcs/utils_1/imports/synth_1/mb_usb_hdmi_top.dcp with file C:/Users/realk/Desktop/ece385_final/ECE385/labb6/labb6.runs/synth_1/mb_usb_hdmi_top.dcp
launch_runs impl_1 -to_step write_bitstream -jobs 16
[Tue Nov 19 21:10:38 2024] Launched synth_1...
Run output will be captured here: C:/Users/realk/Desktop/ece385_final/ECE385/labb6/labb6.runs/synth_1/runme.log
[Tue Nov 19 21:10:38 2024] Launched impl_1...
Run output will be captured here: C:/Users/realk/Desktop/ece385_final/ECE385/labb6/labb6.runs/impl_1/runme.log
write_hw_platform -fixed -include_bit -force -file C:/Users/realk/Desktop/ece385_final/ECE385/labb6/final_top.xsa
INFO: [Project 1-1918] Creating Hardware Platform: C:/Users/realk/Desktop/ece385_final/ECE385/labb6/final_top.xsa ...
WARNING: [Vivado_Tcl 4-413] Exported hardware design may be stale because Block Design is locked for the following reasons 
* IP definition 'hdmi_tx (1.0)' for IP 'hdmi_tx_0' (customized with software release 2022.2) was not found in the IP Catalog.
INFO: [Project 1-1943] The Hardware Platform can be used for Hardware
INFO: [Project 1-1941] Successfully created Hardware Platform: C:/Users/realk/Desktop/ece385_final/ECE385/labb6/final_top.xsa
open_bd_design {C:/Users/realk/Desktop/ece385_final/ECE385/labb6/labb6.srcs/sources_1/bd/mb_block_1/mb_block_1.bd}
Reading block design file <C:/Users/realk/Desktop/ece385_final/ECE385/labb6/labb6.srcs/sources_1/bd/mb_block_1/mb_block_1.bd>...
Adding component instance block -- xilinx.com:ip:axi_interconnect:2.1 - microblaze_0_axi_periph
Adding component instance block -- xilinx.com:ip:axi_crossbar:2.1 - xbar
Adding component instance block -- xilinx.com:ip:axi_intc:4.1 - microblaze_0_axi_intc
Adding component instance block -- xilinx.com:ip:mdm:3.2 - mdm_1
Adding component instance block -- xilinx.com:ip:proc_sys_reset:5.0 - rst_clk_wiz_1_100M
Adding component instance block -- xilinx.com:ip:axi_uartlite:2.0 - axi_uartlite_0
Adding component instance block -- xilinx.com:ip:axi_gpio:2.0 - gpio_usb_rst
Adding component instance block -- xilinx.com:ip:axi_gpio:2.0 - gpio_usb_int
Adding component instance block -- xilinx.com:ip:axi_gpio:2.0 - gpio_usb_keycode
Adding component instance block -- xilinx.com:ip:axi_timer:2.0 - timer_usb_axi
Adding component instance block -- xilinx.com:ip:axi_quad_spi:3.2 - spi_usb
Adding component instance block -- xilinx.com:ip:xlconcat:2.1 - microblaze_0_xlconcat
Adding component instance block -- xilinx.com:ip:microblaze:11.0 - microblaze_0
Adding component instance block -- xilinx.com:ip:lmb_v10:3.0 - dlmb_v10
Adding component instance block -- xilinx.com:ip:lmb_v10:3.0 - ilmb_v10
Adding component instance block -- xilinx.com:ip:lmb_bram_if_cntlr:4.0 - dlmb_bram_if_cntlr
Adding component instance block -- xilinx.com:ip:lmb_bram_if_cntlr:4.0 - ilmb_bram_if_cntlr
Adding component instance block -- xilinx.com:ip:blk_mem_gen:8.4 - lmb_bram
Adding component instance block -- xilinx.com:ip:clk_wiz:6.0 - clk_wiz_0
Successfully read diagram <mb_block_1> from block design file <C:/Users/realk/Desktop/ece385_final/ECE385/labb6/labb6.srcs/sources_1/bd/mb_block_1/mb_block_1.bd>
reset_run synth_1
INFO: [Project 1-1161] Replacing file C:/Users/realk/Desktop/ece385_final/ECE385/labb6/labb6.srcs/utils_1/imports/synth_1/mb_usb_hdmi_top.dcp with file C:/Users/realk/Desktop/ece385_final/ECE385/labb6/labb6.runs/synth_1/mb_usb_hdmi_top.dcp
launch_runs impl_1 -to_step write_bitstream -jobs 16
[Wed Nov 20 20:09:27 2024] Launched synth_1...
Run output will be captured here: C:/Users/realk/Desktop/ece385_final/ECE385/labb6/labb6.runs/synth_1/runme.log
[Wed Nov 20 20:09:27 2024] Launched impl_1...
Run output will be captured here: C:/Users/realk/Desktop/ece385_final/ECE385/labb6/labb6.runs/impl_1/runme.log
write_hw_platform -fixed -include_bit -force -file C:/Users/realk/Desktop/ece385_final/ECE385/labb6/final_top.xsa
INFO: [Project 1-1918] Creating Hardware Platform: C:/Users/realk/Desktop/ece385_final/ECE385/labb6/final_top.xsa ...
WARNING: [Vivado_Tcl 4-413] Exported hardware design may be stale because Block Design is locked for the following reasons 
* IP definition 'hdmi_tx (1.0)' for IP 'hdmi_tx_0' (customized with software release 2022.2) was not found in the IP Catalog.
INFO: [Project 1-1943] The Hardware Platform can be used for Hardware
INFO: [Project 1-1941] Successfully created Hardware Platform: C:/Users/realk/Desktop/ece385_final/ECE385/labb6/final_top.xsa
reset_run synth_1
INFO: [Project 1-1161] Replacing file C:/Users/realk/Desktop/ece385_final/ECE385/labb6/labb6.srcs/utils_1/imports/synth_1/mb_usb_hdmi_top.dcp with file C:/Users/realk/Desktop/ece385_final/ECE385/labb6/labb6.runs/synth_1/mb_usb_hdmi_top.dcp
launch_runs impl_1 -to_step write_bitstream -jobs 16
[Wed Nov 20 20:27:20 2024] Launched synth_1...
Run output will be captured here: C:/Users/realk/Desktop/ece385_final/ECE385/labb6/labb6.runs/synth_1/runme.log
[Wed Nov 20 20:27:20 2024] Launched impl_1...
Run output will be captured here: C:/Users/realk/Desktop/ece385_final/ECE385/labb6/labb6.runs/impl_1/runme.log
import_files -norecurse C:/Users/realk/Downloads/mario_run.txt
INFO: [Vivado 12-8217] Implementation run is out of date. Exported hardware information may be inconsistent with respect to the current state of the design. It is recommended that you re-run implementation and re-generate bitstream/PDI before doing hardware export.
write_hw_platform -fixed -include_bit -force -file C:/Users/realk/Desktop/ece385_final/ECE385/labb6/final_top.xsa
INFO: [Project 1-1918] Creating Hardware Platform: C:/Users/realk/Desktop/ece385_final/ECE385/labb6/final_top.xsa ...
WARNING: [Vivado_Tcl 4-413] Exported hardware design may be stale because Block Design is locked for the following reasons 
* IP definition 'hdmi_tx (1.0)' for IP 'hdmi_tx_0' (customized with software release 2022.2) was not found in the IP Catalog.
INFO: [Project 1-1943] The Hardware Platform can be used for Hardware
INFO: [Project 1-1941] Successfully created Hardware Platform: C:/Users/realk/Desktop/ece385_final/ECE385/labb6/final_top.xsa
INFO: [Vivado 12-8231] Launching Vitis
INFO: [Vivado 12-417] Running vitis
INFO: [Vivado 12-8232] Vitis launch initiated. Please check console for any further messages.
reset_run synth_1
INFO: [Project 1-1161] Replacing file C:/Users/realk/Desktop/ece385_final/ECE385/labb6/labb6.srcs/utils_1/imports/synth_1/mb_usb_hdmi_top.dcp with file C:/Users/realk/Desktop/ece385_final/ECE385/labb6/labb6.runs/synth_1/mb_usb_hdmi_top.dcp
launch_runs impl_1 -to_step write_bitstream -jobs 16
[Wed Nov 20 20:47:26 2024] Launched synth_1...
Run output will be captured here: C:/Users/realk/Desktop/ece385_final/ECE385/labb6/labb6.runs/synth_1/runme.log
[Wed Nov 20 20:47:26 2024] Launched impl_1...
Run output will be captured here: C:/Users/realk/Desktop/ece385_final/ECE385/labb6/labb6.runs/impl_1/runme.log
reset_run synth_1
WARNING: [Vivado 12-1017] Problems encountered:
1. Failed to delete one or more files in run directory C:/Users/realk/Desktop/ece385_final/ECE385/labb6/labb6.runs/synth_1

launch_runs impl_1 -to_step write_bitstream -jobs 16
[Wed Nov 20 20:49:31 2024] Launched synth_1...
Run output will be captured here: C:/Users/realk/Desktop/ece385_final/ECE385/labb6/labb6.runs/synth_1/runme.log
[Wed Nov 20 20:49:31 2024] Launched impl_1...
Run output will be captured here: C:/Users/realk/Desktop/ece385_final/ECE385/labb6/labb6.runs/impl_1/runme.log
INFO: [Vivado 12-8217] Implementation run is out of date. Exported hardware information may be inconsistent with respect to the current state of the design. It is recommended that you re-run implementation and re-generate bitstream/PDI before doing hardware export.
write_hw_platform -fixed -include_bit -force -file C:/Users/realk/Desktop/ece385_final/ECE385/labb6/final_top.xsa
INFO: [Project 1-1918] Creating Hardware Platform: C:/Users/realk/Desktop/ece385_final/ECE385/labb6/final_top.xsa ...
WARNING: [Vivado_Tcl 4-413] Exported hardware design may be stale because Block Design is locked for the following reasons 
* IP definition 'hdmi_tx (1.0)' for IP 'hdmi_tx_0' (customized with software release 2022.2) was not found in the IP Catalog.
INFO: [Project 1-1943] The Hardware Platform can be used for Hardware
INFO: [Project 1-1941] Successfully created Hardware Platform: C:/Users/realk/Desktop/ece385_final/ECE385/labb6/final_top.xsa
reset_run synth_1
INFO: [Project 1-1161] Replacing file C:/Users/realk/Desktop/ece385_final/ECE385/labb6/labb6.srcs/utils_1/imports/synth_1/mb_usb_hdmi_top.dcp with file C:/Users/realk/Desktop/ece385_final/ECE385/labb6/labb6.runs/synth_1/mb_usb_hdmi_top.dcp
launch_runs impl_1 -to_step write_bitstream -jobs 16
[Wed Nov 20 21:30:23 2024] Launched synth_1...
Run output will be captured here: C:/Users/realk/Desktop/ece385_final/ECE385/labb6/labb6.runs/synth_1/runme.log
[Wed Nov 20 21:30:23 2024] Launched impl_1...
Run output will be captured here: C:/Users/realk/Desktop/ece385_final/ECE385/labb6/labb6.runs/impl_1/runme.log
write_hw_platform -fixed -include_bit -force -file C:/Users/realk/Desktop/ece385_final/ECE385/labb6/final_top.xsa
INFO: [Project 1-1918] Creating Hardware Platform: C:/Users/realk/Desktop/ece385_final/ECE385/labb6/final_top.xsa ...
WARNING: [Vivado_Tcl 4-413] Exported hardware design may be stale because Block Design is locked for the following reasons 
* IP definition 'hdmi_tx (1.0)' for IP 'hdmi_tx_0' (customized with software release 2022.2) was not found in the IP Catalog.
INFO: [Project 1-1943] The Hardware Platform can be used for Hardware
INFO: [Project 1-1941] Successfully created Hardware Platform: C:/Users/realk/Desktop/ece385_final/ECE385/labb6/final_top.xsa
reset_run synth_1
INFO: [Project 1-1161] Replacing file C:/Users/realk/Desktop/ece385_final/ECE385/labb6/labb6.srcs/utils_1/imports/synth_1/mb_usb_hdmi_top.dcp with file C:/Users/realk/Desktop/ece385_final/ECE385/labb6/labb6.runs/synth_1/mb_usb_hdmi_top.dcp
launch_runs impl_1 -to_step write_bitstream -jobs 16
[Wed Nov 20 21:44:23 2024] Launched synth_1...
Run output will be captured here: C:/Users/realk/Desktop/ece385_final/ECE385/labb6/labb6.runs/synth_1/runme.log
[Wed Nov 20 21:44:23 2024] Launched impl_1...
Run output will be captured here: C:/Users/realk/Desktop/ece385_final/ECE385/labb6/labb6.runs/impl_1/runme.log
INFO: [Vivado 12-8217] Implementation run is out of date. Exported hardware information may be inconsistent with respect to the current state of the design. It is recommended that you re-run implementation and re-generate bitstream/PDI before doing hardware export.
write_hw_platform -fixed -include_bit -force -file C:/Users/realk/Desktop/ece385_final/ECE385/labb6/final_top.xsa
INFO: [Project 1-1918] Creating Hardware Platform: C:/Users/realk/Desktop/ece385_final/ECE385/labb6/final_top.xsa ...
WARNING: [Vivado_Tcl 4-413] Exported hardware design may be stale because Block Design is locked for the following reasons 
* IP definition 'hdmi_tx (1.0)' for IP 'hdmi_tx_0' (customized with software release 2022.2) was not found in the IP Catalog.
INFO: [Project 1-1943] The Hardware Platform can be used for Hardware
INFO: [Project 1-1941] Successfully created Hardware Platform: C:/Users/realk/Desktop/ece385_final/ECE385/labb6/final_top.xsa
reset_run synth_1
INFO: [Project 1-1161] Replacing file C:/Users/realk/Desktop/ece385_final/ECE385/labb6/labb6.srcs/utils_1/imports/synth_1/mb_usb_hdmi_top.dcp with file C:/Users/realk/Desktop/ece385_final/ECE385/labb6/labb6.runs/synth_1/mb_usb_hdmi_top.dcp
launch_runs impl_1 -to_step write_bitstream -jobs 16
[Wed Nov 20 22:00:39 2024] Launched synth_1...
Run output will be captured here: C:/Users/realk/Desktop/ece385_final/ECE385/labb6/labb6.runs/synth_1/runme.log
[Wed Nov 20 22:00:40 2024] Launched impl_1...
Run output will be captured here: C:/Users/realk/Desktop/ece385_final/ECE385/labb6/labb6.runs/impl_1/runme.log
launch_runs: Time (s): cpu = 00:00:01 ; elapsed = 00:00:06 . Memory (MB): peak = 2304.363 ; gain = 0.000
reset_run synth_1
WARNING: [Vivado 12-1017] Problems encountered:
1. Failed to delete one or more files in run directory C:/Users/realk/Desktop/ece385_final/ECE385/labb6/labb6.runs/synth_1

launch_runs impl_1 -to_step write_bitstream -jobs 16
[Wed Nov 20 22:05:20 2024] Launched synth_1...
Run output will be captured here: C:/Users/realk/Desktop/ece385_final/ECE385/labb6/labb6.runs/synth_1/runme.log
[Wed Nov 20 22:05:20 2024] Launched impl_1...
Run output will be captured here: C:/Users/realk/Desktop/ece385_final/ECE385/labb6/labb6.runs/impl_1/runme.log
open_run impl_1
INFO: [Device 21-403] Loading part xc7s50csga324-1
Netlist sorting complete. Time (s): cpu = 00:00:00 ; elapsed = 00:00:00.245 . Memory (MB): peak = 2479.008 ; gain = 0.000
INFO: [Netlist 29-17] Analyzing 470 Unisim elements for replacement
INFO: [Netlist 29-28] Unisim Transformation completed in 0 CPU seconds
INFO: [Project 1-479] Netlist was created with Vivado 2022.2
INFO: [Project 1-570] Preparing netlist for logic optimization
WARNING: [Constraints 18-550] Could not create 'IBUF_LOW_PWR' constraint because net 'clk_wiz/clk_in1' is not directly connected to top level port. Synthesis is ignored for IBUF_LOW_PWR but preserved for implementation.
WARNING: [Constraints 18-550] Could not create 'IBUF_LOW_PWR' constraint because net 'mb_block_i/mb_block_1_i/clk_wiz_0/clk_in1' is not directly connected to top level port. Synthesis is ignored for IBUF_LOW_PWR but preserved for implementation.
INFO: [Timing 38-478] Restoring timing data from binary archive.
INFO: [Timing 38-479] Binary timing data restore complete.
INFO: [Project 1-856] Restoring constraints from binary archive.
INFO: [Project 1-853] Binary constraint restore complete.
Reading XDEF placement.
Reading placer database...
Reading XDEF routing.
Read XDEF Files: Time (s): cpu = 00:00:01 ; elapsed = 00:00:00.975 . Memory (MB): peak = 3080.039 ; gain = 0.000
Restored from archive | CPU: 2.000000 secs | Memory: 0.000000 MB |
Finished XDEF File Restore: Time (s): cpu = 00:00:01 ; elapsed = 00:00:00.977 . Memory (MB): peak = 3080.039 ; gain = 0.000
Generating merged BMM file for the design top 'mb_usb_hdmi_top'...
INFO: [Memdata 28-144] Successfully populated the BRAM INIT strings from the following elf files: c:/Users/realk/Desktop/ece385_final/ECE385/labb6/labb6.gen/sources_1/bd/mb_block_1/ip/mb_block_1_microblaze_0_1/data/mb_bootloop_le.elf 
Netlist sorting complete. Time (s): cpu = 00:00:00 ; elapsed = 00:00:00.014 . Memory (MB): peak = 3080.039 ; gain = 0.000
INFO: [Project 1-111] Unisim Transformation Summary:
  A total of 246 instances were transformed.
  LUT6_2 => LUT6_2 (LUT5, LUT6): 143 instances
  RAM16X1D => RAM32X1D (RAMD32(x2)): 32 instances
  RAM32M => RAM32M (RAMD32(x6), RAMS32(x2)): 2 instances
  RAM32X1D => RAM32X1D (RAMD32(x2)): 68 instances
  SRLC16E => SRL16E: 1 instance 

open_run: Time (s): cpu = 00:00:24 ; elapsed = 00:00:22 . Memory (MB): peak = 3212.988 ; gain = 908.625
write_hw_platform -fixed -include_bit -force -file C:/Users/realk/Desktop/ece385_final/ECE385/labb6/final_top.xsa
INFO: [Project 1-1918] Creating Hardware Platform: C:/Users/realk/Desktop/ece385_final/ECE385/labb6/final_top.xsa ...
INFO: [Project 1-1943] The Hardware Platform can be used for Hardware
INFO: [Project 1-1941] Successfully created Hardware Platform: C:/Users/realk/Desktop/ece385_final/ECE385/labb6/final_top.xsa
reset_run synth_1
INFO: [Project 1-1161] Replacing file C:/Users/realk/Desktop/ece385_final/ECE385/labb6/labb6.srcs/utils_1/imports/synth_1/mb_usb_hdmi_top.dcp with file C:/Users/realk/Desktop/ece385_final/ECE385/labb6/labb6.runs/synth_1/mb_usb_hdmi_top.dcp
launch_runs impl_1 -to_step write_bitstream -jobs 16
[Wed Nov 20 22:19:17 2024] Launched synth_1...
Run output will be captured here: C:/Users/realk/Desktop/ece385_final/ECE385/labb6/labb6.runs/synth_1/runme.log
[Wed Nov 20 22:19:17 2024] Launched impl_1...
Run output will be captured here: C:/Users/realk/Desktop/ece385_final/ECE385/labb6/labb6.runs/impl_1/runme.log
reset_run synth_1
WARNING: [Vivado 12-1017] Problems encountered:
1. Failed to delete one or more files in run directory C:/Users/realk/Desktop/ece385_final/ECE385/labb6/labb6.runs/synth_1

launch_runs impl_1 -to_step write_bitstream -jobs 16
[Wed Nov 20 22:19:55 2024] Launched synth_1...
Run output will be captured here: C:/Users/realk/Desktop/ece385_final/ECE385/labb6/labb6.runs/synth_1/runme.log
[Wed Nov 20 22:19:55 2024] Launched impl_1...
Run output will be captured here: C:/Users/realk/Desktop/ece385_final/ECE385/labb6/labb6.runs/impl_1/runme.log
INFO: [Vivado 12-8217] Implementation run is out of date. Exported hardware information may be inconsistent with respect to the current state of the design. It is recommended that you re-run implementation and re-generate bitstream/PDI before doing hardware export.
write_hw_platform -fixed -include_bit -force -file C:/Users/realk/Desktop/ece385_final/ECE385/labb6/final_top.xsa
INFO: [Project 1-1918] Creating Hardware Platform: C:/Users/realk/Desktop/ece385_final/ECE385/labb6/final_top.xsa ...
INFO: [Project 1-1943] The Hardware Platform can be used for Hardware
INFO: [Project 1-1941] Successfully created Hardware Platform: C:/Users/realk/Desktop/ece385_final/ECE385/labb6/final_top.xsa
reset_run synth_1
INFO: [Project 1-1161] Replacing file C:/Users/realk/Desktop/ece385_final/ECE385/labb6/labb6.srcs/utils_1/imports/synth_1/mb_usb_hdmi_top.dcp with file C:/Users/realk/Desktop/ece385_final/ECE385/labb6/labb6.runs/synth_1/mb_usb_hdmi_top.dcp
launch_runs impl_1 -to_step write_bitstream -jobs 16
[Wed Nov 20 22:24:39 2024] Launched synth_1...
Run output will be captured here: C:/Users/realk/Desktop/ece385_final/ECE385/labb6/labb6.runs/synth_1/runme.log
[Wed Nov 20 22:24:39 2024] Launched impl_1...
Run output will be captured here: C:/Users/realk/Desktop/ece385_final/ECE385/labb6/labb6.runs/impl_1/runme.log
INFO: [Vivado 12-8217] Implementation run is out of date. Exported hardware information may be inconsistent with respect to the current state of the design. It is recommended that you re-run implementation and re-generate bitstream/PDI before doing hardware export.
write_hw_platform -fixed -include_bit -force -file C:/Users/realk/Desktop/ece385_final/ECE385/labb6/final_top.xsa
INFO: [Project 1-1918] Creating Hardware Platform: C:/Users/realk/Desktop/ece385_final/ECE385/labb6/final_top.xsa ...
INFO: [Project 1-1943] The Hardware Platform can be used for Hardware
INFO: [Project 1-1941] Successfully created Hardware Platform: C:/Users/realk/Desktop/ece385_final/ECE385/labb6/final_top.xsa
reset_run synth_1
INFO: [Project 1-1161] Replacing file C:/Users/realk/Desktop/ece385_final/ECE385/labb6/labb6.srcs/utils_1/imports/synth_1/mb_usb_hdmi_top.dcp with file C:/Users/realk/Desktop/ece385_final/ECE385/labb6/labb6.runs/synth_1/mb_usb_hdmi_top.dcp
launch_runs impl_1 -to_step write_bitstream -jobs 16
[Wed Nov 20 22:29:49 2024] Launched synth_1...
Run output will be captured here: C:/Users/realk/Desktop/ece385_final/ECE385/labb6/labb6.runs/synth_1/runme.log
[Wed Nov 20 22:29:49 2024] Launched impl_1...
Run output will be captured here: C:/Users/realk/Desktop/ece385_final/ECE385/labb6/labb6.runs/impl_1/runme.log
INFO: [Vivado 12-8217] Implementation run is out of date. Exported hardware information may be inconsistent with respect to the current state of the design. It is recommended that you re-run implementation and re-generate bitstream/PDI before doing hardware export.
write_hw_platform -fixed -include_bit -force -file C:/Users/realk/Desktop/ece385_final/ECE385/labb6/final_top.xsa
INFO: [Project 1-1918] Creating Hardware Platform: C:/Users/realk/Desktop/ece385_final/ECE385/labb6/final_top.xsa ...
INFO: [Project 1-1943] The Hardware Platform can be used for Hardware
INFO: [Project 1-1941] Successfully created Hardware Platform: C:/Users/realk/Desktop/ece385_final/ECE385/labb6/final_top.xsa
reset_run synth_1
INFO: [Project 1-1161] Replacing file C:/Users/realk/Desktop/ece385_final/ECE385/labb6/labb6.srcs/utils_1/imports/synth_1/mb_usb_hdmi_top.dcp with file C:/Users/realk/Desktop/ece385_final/ECE385/labb6/labb6.runs/synth_1/mb_usb_hdmi_top.dcp
launch_runs impl_1 -to_step write_bitstream -jobs 16
[Wed Nov 20 22:38:16 2024] Launched synth_1...
Run output will be captured here: C:/Users/realk/Desktop/ece385_final/ECE385/labb6/labb6.runs/synth_1/runme.log
[Wed Nov 20 22:38:16 2024] Launched impl_1...
Run output will be captured here: C:/Users/realk/Desktop/ece385_final/ECE385/labb6/labb6.runs/impl_1/runme.log
write_hw_platform -fixed -include_bit -force -file C:/Users/realk/Desktop/ece385_final/ECE385/labb6/final_top.xsa
INFO: [Project 1-1918] Creating Hardware Platform: C:/Users/realk/Desktop/ece385_final/ECE385/labb6/final_top.xsa ...
INFO: [Project 1-1943] The Hardware Platform can be used for Hardware
INFO: [Project 1-1941] Successfully created Hardware Platform: C:/Users/realk/Desktop/ece385_final/ECE385/labb6/final_top.xsa
reset_run synth_1
INFO: [Project 1-1161] Replacing file C:/Users/realk/Desktop/ece385_final/ECE385/labb6/labb6.srcs/utils_1/imports/synth_1/mb_usb_hdmi_top.dcp with file C:/Users/realk/Desktop/ece385_final/ECE385/labb6/labb6.runs/synth_1/mb_usb_hdmi_top.dcp
launch_runs impl_1 -to_step write_bitstream -jobs 16
[Wed Nov 20 22:46:40 2024] Launched synth_1...
Run output will be captured here: C:/Users/realk/Desktop/ece385_final/ECE385/labb6/labb6.runs/synth_1/runme.log
[Wed Nov 20 22:46:40 2024] Launched impl_1...
Run output will be captured here: C:/Users/realk/Desktop/ece385_final/ECE385/labb6/labb6.runs/impl_1/runme.log
write_hw_platform -fixed -include_bit -force -file C:/Users/realk/Desktop/ece385_final/ECE385/labb6/final_top.xsa
INFO: [Project 1-1918] Creating Hardware Platform: C:/Users/realk/Desktop/ece385_final/ECE385/labb6/final_top.xsa ...
INFO: [Project 1-1943] The Hardware Platform can be used for Hardware
INFO: [Project 1-1941] Successfully created Hardware Platform: C:/Users/realk/Desktop/ece385_final/ECE385/labb6/final_top.xsa
