TRACE::2024-11-01.04:39:52::SCWPlatform::Trying to open the hw design at C:/Users/realk/Desktop/ece385/ECE385/lab7_1/reallab7_sdk/mb_block_wrapper/hw/mb_block_wrapper.xsa
TRACE::2024-11-01.04:39:52::SCWPlatform::DSA given C:/Users/realk/Desktop/ece385/ECE385/lab7_1/reallab7_sdk/mb_block_wrapper/hw/mb_block_wrapper.xsa
TRACE::2024-11-01.04:39:52::SCWPlatform::DSA absoulate path C:/Users/realk/Desktop/ece385/ECE385/lab7_1/reallab7_sdk/mb_block_wrapper/hw/mb_block_wrapper.xsa
TRACE::2024-11-01.04:39:52::SCWPlatform::DSA directory C:/Users/realk/Desktop/ece385/ECE385/lab7_1/reallab7_sdk/mb_block_wrapper/hw
TRACE::2024-11-01.04:39:52::SCWPlatform:: Platform Path C:/Users/realk/Desktop/ece385/ECE385/lab7_1/reallab7_sdk/mb_block_wrapper/hw/mb_block_wrapper.xsa
TRACE::2024-11-01.04:39:52::SCWPlatform:: Unique name xilinx:::0.0
TRACE::2024-11-01.04:39:52::SCWPlatform::Do not have an existing db opened. 
TRACE::2024-11-01.04:39:52::SCWPlatform::Opened new HwDB with name mb_block_wrapper_0
TRACE::2024-11-01.04:39:52::SCWWriter::formatted JSON is {
	"platformName":	"mb_block_wrapper",
	"sprVersion":	"2.0",
	"mode":	"gui",
	"dsaType":	"Fixed",
	"platformDesc":	"mb_block_wrapper",
	"platHandOff":	"C:/Users/realk/Desktop/ece385/ECE385/lab7_1/mb_block_wrapper.xsa",
	"platIntHandOff":	"<platformDir>/hw/mb_block_wrapper.xsa",
	"deviceType":	"FPGA",
	"platIsPrebuiltAutogen":	"false",
	"platIsNoBootBsp":	"false",
	"hasFsblMakeHasChanges":	"false",
	"hasPmufwMakeHasChanges":	"false",
	"platPreBuiltFlag":	false,
	"platformSamplesDir":	""
}
TRACE::2024-11-01.04:39:52::SCWWriter::formatted JSON is {
	"platformName":	"mb_block_wrapper",
	"sprVersion":	"2.0",
	"mode":	"gui",
	"dsaType":	"Fixed",
	"platformDesc":	"mb_block_wrapper",
	"platHandOff":	"C:/Users/realk/Desktop/ece385/ECE385/lab7_1/mb_block_wrapper.xsa",
	"platIntHandOff":	"<platformDir>/hw/mb_block_wrapper.xsa",
	"deviceType":	"FPGA",
	"platIsPrebuiltAutogen":	"false",
	"platIsNoBootBsp":	"false",
	"hasFsblMakeHasChanges":	"false",
	"hasPmufwMakeHasChanges":	"false",
	"platPreBuiltFlag":	false,
	"platformSamplesDir":	"",
	"platActiveSys":	"mb_block_wrapper",
	"systems":	[{
			"systemName":	"mb_block_wrapper",
			"systemDesc":	"mb_block_wrapper",
			"sysIsBootAutoGen":	"true",
			"systemDispName":	"mb_block_wrapper"
		}]
}
TRACE::2024-11-01.04:39:52::SCWPlatform::Boot application domains not present, creating them
TRACE::2024-11-01.04:39:52::SCWPlatform::Pure FPGA device, no boot application will be created.
TRACE::2024-11-01.04:39:52::SCWWriter::formatted JSON is {
	"platformName":	"mb_block_wrapper",
	"sprVersion":	"2.0",
	"mode":	"gui",
	"dsaType":	"Fixed",
	"platformDesc":	"mb_block_wrapper",
	"platHandOff":	"C:/Users/realk/Desktop/ece385/ECE385/lab7_1/mb_block_wrapper.xsa",
	"platIntHandOff":	"<platformDir>/hw/mb_block_wrapper.xsa",
	"deviceType":	"FPGA",
	"platIsPrebuiltAutogen":	"false",
	"platIsNoBootBsp":	"false",
	"hasFsblMakeHasChanges":	"false",
	"hasPmufwMakeHasChanges":	"false",
	"platPreBuiltFlag":	false,
	"platformSamplesDir":	"",
	"platActiveSys":	"mb_block_wrapper",
	"systems":	[{
			"systemName":	"mb_block_wrapper",
			"systemDesc":	"mb_block_wrapper",
			"sysIsBootAutoGen":	"true",
			"systemDispName":	"mb_block_wrapper"
		}]
}
TRACE::2024-11-01.04:39:52::SCWWriter::formatted JSON is {
	"platformName":	"mb_block_wrapper",
	"sprVersion":	"2.0",
	"mode":	"gui",
	"dsaType":	"Fixed",
	"platformDesc":	"mb_block_wrapper",
	"platHandOff":	"C:/Users/realk/Desktop/ece385/ECE385/lab7_1/mb_block_wrapper.xsa",
	"platIntHandOff":	"<platformDir>/hw/mb_block_wrapper.xsa",
	"deviceType":	"FPGA",
	"platIsPrebuiltAutogen":	"false",
	"platIsNoBootBsp":	"false",
	"hasFsblMakeHasChanges":	"false",
	"hasPmufwMakeHasChanges":	"false",
	"platPreBuiltFlag":	false,
	"platformSamplesDir":	"",
	"platActiveSys":	"mb_block_wrapper",
	"systems":	[{
			"systemName":	"mb_block_wrapper",
			"systemDesc":	"mb_block_wrapper",
			"sysIsBootAutoGen":	"true",
			"systemDispName":	"mb_block_wrapper"
		}]
}
TRACE::2024-11-01.04:39:52::SCWPlatform::Trying to open the hw design at C:/Users/realk/Desktop/ece385/ECE385/lab7_1/reallab7_sdk/mb_block_wrapper/hw/mb_block_wrapper.xsa
TRACE::2024-11-01.04:39:52::SCWPlatform::DSA given C:/Users/realk/Desktop/ece385/ECE385/lab7_1/reallab7_sdk/mb_block_wrapper/hw/mb_block_wrapper.xsa
TRACE::2024-11-01.04:39:52::SCWPlatform::DSA absoulate path C:/Users/realk/Desktop/ece385/ECE385/lab7_1/reallab7_sdk/mb_block_wrapper/hw/mb_block_wrapper.xsa
TRACE::2024-11-01.04:39:52::SCWPlatform::DSA directory C:/Users/realk/Desktop/ece385/ECE385/lab7_1/reallab7_sdk/mb_block_wrapper/hw
TRACE::2024-11-01.04:39:52::SCWPlatform:: Platform Path C:/Users/realk/Desktop/ece385/ECE385/lab7_1/reallab7_sdk/mb_block_wrapper/hw/mb_block_wrapper.xsa
TRACE::2024-11-01.04:39:52::SCWPlatform:: Unique name xilinx:::0.0
TRACE::2024-11-01.04:39:52::SCWPlatform::Trying to set the existing hwdb with name mb_block_wrapper_0
TRACE::2024-11-01.04:39:52::SCWPlatform::Opened existing hwdb mb_block_wrapper_0
TRACE::2024-11-01.04:39:52::SCWPlatform::Found the Hw Db part of the input DSA
TRACE::2024-11-01.04:39:52::SCWPlatform::Trying to open the hw design at C:/Users/realk/Desktop/ece385/ECE385/lab7_1/reallab7_sdk/mb_block_wrapper/hw/mb_block_wrapper.xsa
TRACE::2024-11-01.04:39:52::SCWPlatform::DSA given C:/Users/realk/Desktop/ece385/ECE385/lab7_1/reallab7_sdk/mb_block_wrapper/hw/mb_block_wrapper.xsa
TRACE::2024-11-01.04:39:52::SCWPlatform::DSA absoulate path C:/Users/realk/Desktop/ece385/ECE385/lab7_1/reallab7_sdk/mb_block_wrapper/hw/mb_block_wrapper.xsa
TRACE::2024-11-01.04:39:52::SCWPlatform::DSA directory C:/Users/realk/Desktop/ece385/ECE385/lab7_1/reallab7_sdk/mb_block_wrapper/hw
TRACE::2024-11-01.04:39:52::SCWPlatform:: Platform Path C:/Users/realk/Desktop/ece385/ECE385/lab7_1/reallab7_sdk/mb_block_wrapper/hw/mb_block_wrapper.xsa
TRACE::2024-11-01.04:39:52::SCWPlatform:: Unique name xilinx:::0.0
TRACE::2024-11-01.04:39:52::SCWPlatform::Trying to set the existing hwdb with name mb_block_wrapper_0
TRACE::2024-11-01.04:39:52::SCWPlatform::Opened existing hwdb mb_block_wrapper_0
TRACE::2024-11-01.04:39:52::SCWPlatform::Found the Hw Db part of the input DSA
TRACE::2024-11-01.04:39:52::SCWDomain::checking for install qemu data   : 
TRACE::2024-11-01.04:39:52::SCWPlatform::Trying to open the hw design at C:/Users/realk/Desktop/ece385/ECE385/lab7_1/reallab7_sdk/mb_block_wrapper/hw/mb_block_wrapper.xsa
TRACE::2024-11-01.04:39:52::SCWPlatform::DSA given C:/Users/realk/Desktop/ece385/ECE385/lab7_1/reallab7_sdk/mb_block_wrapper/hw/mb_block_wrapper.xsa
TRACE::2024-11-01.04:39:52::SCWPlatform::DSA absoulate path C:/Users/realk/Desktop/ece385/ECE385/lab7_1/reallab7_sdk/mb_block_wrapper/hw/mb_block_wrapper.xsa
TRACE::2024-11-01.04:39:52::SCWPlatform::DSA directory C:/Users/realk/Desktop/ece385/ECE385/lab7_1/reallab7_sdk/mb_block_wrapper/hw
TRACE::2024-11-01.04:39:52::SCWPlatform:: Platform Path C:/Users/realk/Desktop/ece385/ECE385/lab7_1/reallab7_sdk/mb_block_wrapper/hw/mb_block_wrapper.xsa
TRACE::2024-11-01.04:39:52::SCWPlatform:: Unique name xilinx:::0.0
TRACE::2024-11-01.04:39:52::SCWPlatform::Trying to set the existing hwdb with name mb_block_wrapper_0
TRACE::2024-11-01.04:39:52::SCWPlatform::Opened existing hwdb mb_block_wrapper_0
TRACE::2024-11-01.04:39:52::SCWPlatform::Found the Hw Db part of the input DSA
TRACE::2024-11-01.04:39:52::SCWPlatform::Trying to open the hw design at C:/Users/realk/Desktop/ece385/ECE385/lab7_1/reallab7_sdk/mb_block_wrapper/hw/mb_block_wrapper.xsa
TRACE::2024-11-01.04:39:52::SCWPlatform::DSA given C:/Users/realk/Desktop/ece385/ECE385/lab7_1/reallab7_sdk/mb_block_wrapper/hw/mb_block_wrapper.xsa
TRACE::2024-11-01.04:39:52::SCWPlatform::DSA absoulate path C:/Users/realk/Desktop/ece385/ECE385/lab7_1/reallab7_sdk/mb_block_wrapper/hw/mb_block_wrapper.xsa
TRACE::2024-11-01.04:39:52::SCWPlatform::DSA directory C:/Users/realk/Desktop/ece385/ECE385/lab7_1/reallab7_sdk/mb_block_wrapper/hw
TRACE::2024-11-01.04:39:52::SCWPlatform:: Platform Path C:/Users/realk/Desktop/ece385/ECE385/lab7_1/reallab7_sdk/mb_block_wrapper/hw/mb_block_wrapper.xsa
TRACE::2024-11-01.04:39:52::SCWPlatform:: Unique name xilinx:::0.0
TRACE::2024-11-01.04:39:52::SCWPlatform::Trying to set the existing hwdb with name mb_block_wrapper_0
TRACE::2024-11-01.04:39:52::SCWPlatform::Opened existing hwdb mb_block_wrapper_0
TRACE::2024-11-01.04:39:52::SCWPlatform::Found the Hw Db part of the input DSA
TRACE::2024-11-01.04:39:52::SCWPlatform::Trying to open the hw design at C:/Users/realk/Desktop/ece385/ECE385/lab7_1/reallab7_sdk/mb_block_wrapper/hw/mb_block_wrapper.xsa
TRACE::2024-11-01.04:39:52::SCWPlatform::DSA given C:/Users/realk/Desktop/ece385/ECE385/lab7_1/reallab7_sdk/mb_block_wrapper/hw/mb_block_wrapper.xsa
TRACE::2024-11-01.04:39:52::SCWPlatform::DSA absoulate path C:/Users/realk/Desktop/ece385/ECE385/lab7_1/reallab7_sdk/mb_block_wrapper/hw/mb_block_wrapper.xsa
TRACE::2024-11-01.04:39:52::SCWPlatform::DSA directory C:/Users/realk/Desktop/ece385/ECE385/lab7_1/reallab7_sdk/mb_block_wrapper/hw
TRACE::2024-11-01.04:39:52::SCWPlatform:: Platform Path C:/Users/realk/Desktop/ece385/ECE385/lab7_1/reallab7_sdk/mb_block_wrapper/hw/mb_block_wrapper.xsa
TRACE::2024-11-01.04:39:52::SCWPlatform:: Unique name xilinx:::0.0
TRACE::2024-11-01.04:39:52::SCWPlatform::Trying to set the existing hwdb with name mb_block_wrapper_0
TRACE::2024-11-01.04:39:52::SCWPlatform::Opened existing hwdb mb_block_wrapper_0
TRACE::2024-11-01.04:39:52::SCWPlatform::Found the Hw Db part of the input DSA
TRACE::2024-11-01.04:39:52::SCWMssOS::Checking the sw design at  C:/Users/realk/Desktop/ece385/ECE385/lab7_1/reallab7_sdk/mb_block_wrapper/microblaze_0/standalone_microblaze_0/bsp/system.mss
TRACE::2024-11-01.04:39:52::SCWMssOS::DEBUG:  swdes dump  
TRACE::2024-11-01.04:39:52::SCWMssOS::No sw design opened at  C:/Users/realk/Desktop/ece385/ECE385/lab7_1/reallab7_sdk/mb_block_wrapper/microblaze_0/standalone_microblaze_0/bsp/system.mss
TRACE::2024-11-01.04:39:52::SCWMssOS::mss does not exists at C:/Users/realk/Desktop/ece385/ECE385/lab7_1/reallab7_sdk/mb_block_wrapper/microblaze_0/standalone_microblaze_0/bsp/system.mss
TRACE::2024-11-01.04:39:52::SCWMssOS::Creating sw design at  C:/Users/realk/Desktop/ece385/ECE385/lab7_1/reallab7_sdk/mb_block_wrapper/microblaze_0/standalone_microblaze_0/bsp/system.mss
TRACE::2024-11-01.04:39:52::SCWMssOS::Adding the swdes entry, created swdb C:/Users/realk/Desktop/ece385/ECE385/lab7_1/reallab7_sdk/mb_block_wrapper/microblaze_0/standalone_microblaze_0/bsp/system.mss with des name C:/Users/realk/Desktop/ece385/ECE385/lab7_1/reallab7_sdk/mb_block_wrapper/microblaze_0/standalone_microblaze_0/bsp/system.mss
TRACE::2024-11-01.04:39:52::SCWMssOS::updating the scw layer changes to swdes at   C:/Users/realk/Desktop/ece385/ECE385/lab7_1/reallab7_sdk/mb_block_wrapper/microblaze_0/standalone_microblaze_0/bsp/system.mss
TRACE::2024-11-01.04:39:52::SCWMssOS::Writing mss at C:/Users/realk/Desktop/ece385/ECE385/lab7_1/reallab7_sdk/mb_block_wrapper/microblaze_0/standalone_microblaze_0/bsp/system.mss
TRACE::2024-11-01.04:39:52::SCWMssOS::Completed writing the mss file at C:/Users/realk/Desktop/ece385/ECE385/lab7_1/reallab7_sdk/mb_block_wrapper/microblaze_0/standalone_microblaze_0/bsp
TRACE::2024-11-01.04:39:52::SCWMssOS::Picking up changes from newly written mss file into SCW Layer. 
TRACE::2024-11-01.04:39:52::SCWMssOS::Updated the changes from newly written mss file into SCW Layer. 
TRACE::2024-11-01.04:39:52::SCWMssOS::Completed writing the mss file at C:/Users/realk/Desktop/ece385/ECE385/lab7_1/reallab7_sdk/mb_block_wrapper/microblaze_0/standalone_microblaze_0/bsp
TRACE::2024-11-01.04:39:52::SCWMssOS::Forcing BSP Sources regeneration.
TRACE::2024-11-01.04:39:55::SCWMssOS::Saving the mss changes C:/Users/realk/Desktop/ece385/ECE385/lab7_1/reallab7_sdk/mb_block_wrapper/microblaze_0/standalone_microblaze_0/bsp/system.mss
TRACE::2024-11-01.04:39:55::SCWMssOS::Adding the swdes entry, mss present, able to open swdb C:/Users/realk/Desktop/ece385/ECE385/lab7_1/reallab7_sdk/mb_block_wrapper/microblaze_0/standalone_microblaze_0/bsp/system.mss with des name system
TRACE::2024-11-01.04:39:55::SCWMssOS::Writing the mss file completed C:/Users/realk/Desktop/ece385/ECE385/lab7_1/reallab7_sdk/mb_block_wrapper/microblaze_0/standalone_microblaze_0/bsp/system.mss
TRACE::2024-11-01.04:39:55::SCWMssOS::Commit changes completed.
TRACE::2024-11-01.04:39:55::SCWPlatform::Trying to open the hw design at C:/Users/realk/Desktop/ece385/ECE385/lab7_1/reallab7_sdk/mb_block_wrapper/hw/mb_block_wrapper.xsa
TRACE::2024-11-01.04:39:55::SCWPlatform::DSA given C:/Users/realk/Desktop/ece385/ECE385/lab7_1/reallab7_sdk/mb_block_wrapper/hw/mb_block_wrapper.xsa
TRACE::2024-11-01.04:39:55::SCWPlatform::DSA absoulate path C:/Users/realk/Desktop/ece385/ECE385/lab7_1/reallab7_sdk/mb_block_wrapper/hw/mb_block_wrapper.xsa
TRACE::2024-11-01.04:39:55::SCWPlatform::DSA directory C:/Users/realk/Desktop/ece385/ECE385/lab7_1/reallab7_sdk/mb_block_wrapper/hw
TRACE::2024-11-01.04:39:55::SCWPlatform:: Platform Path C:/Users/realk/Desktop/ece385/ECE385/lab7_1/reallab7_sdk/mb_block_wrapper/hw/mb_block_wrapper.xsa
TRACE::2024-11-01.04:39:55::SCWPlatform:: Unique name xilinx:::0.0
TRACE::2024-11-01.04:39:55::SCWPlatform::Trying to set the existing hwdb with name mb_block_wrapper_0
TRACE::2024-11-01.04:39:55::SCWPlatform::Opened existing hwdb mb_block_wrapper_0
TRACE::2024-11-01.04:39:55::SCWPlatform::Found the Hw Db part of the input DSA
TRACE::2024-11-01.04:39:55::SCWMssOS::Checking the sw design at  C:/Users/realk/Desktop/ece385/ECE385/lab7_1/reallab7_sdk/mb_block_wrapper/microblaze_0/standalone_microblaze_0/bsp/system.mss
TRACE::2024-11-01.04:39:55::SCWMssOS::DEBUG:  swdes dump  C:/Users/realk/Desktop/ece385/ECE385/lab7_1/reallab7_sdk/mb_block_wrapper/microblaze_0/standalone_microblaze_0/bsp/system.mss|system||

TRACE::2024-11-01.04:39:55::SCWMssOS::Sw design exists and opened at  C:/Users/realk/Desktop/ece385/ECE385/lab7_1/reallab7_sdk/mb_block_wrapper/microblaze_0/standalone_microblaze_0/bsp/system.mss
TRACE::2024-11-01.04:39:55::SCWPlatform::Trying to open the hw design at C:/Users/realk/Desktop/ece385/ECE385/lab7_1/reallab7_sdk/mb_block_wrapper/hw/mb_block_wrapper.xsa
TRACE::2024-11-01.04:39:55::SCWPlatform::DSA given C:/Users/realk/Desktop/ece385/ECE385/lab7_1/reallab7_sdk/mb_block_wrapper/hw/mb_block_wrapper.xsa
TRACE::2024-11-01.04:39:55::SCWPlatform::DSA absoulate path C:/Users/realk/Desktop/ece385/ECE385/lab7_1/reallab7_sdk/mb_block_wrapper/hw/mb_block_wrapper.xsa
TRACE::2024-11-01.04:39:55::SCWPlatform::DSA directory C:/Users/realk/Desktop/ece385/ECE385/lab7_1/reallab7_sdk/mb_block_wrapper/hw
TRACE::2024-11-01.04:39:55::SCWPlatform:: Platform Path C:/Users/realk/Desktop/ece385/ECE385/lab7_1/reallab7_sdk/mb_block_wrapper/hw/mb_block_wrapper.xsa
TRACE::2024-11-01.04:39:55::SCWPlatform:: Unique name xilinx:::0.0
TRACE::2024-11-01.04:39:55::SCWPlatform::Trying to set the existing hwdb with name mb_block_wrapper_0
TRACE::2024-11-01.04:39:55::SCWPlatform::Opened existing hwdb mb_block_wrapper_0
TRACE::2024-11-01.04:39:55::SCWPlatform::Found the Hw Db part of the input DSA
TRACE::2024-11-01.04:39:55::SCWMssOS::Checking the sw design at  C:/Users/realk/Desktop/ece385/ECE385/lab7_1/reallab7_sdk/mb_block_wrapper/microblaze_0/standalone_microblaze_0/bsp/system.mss
TRACE::2024-11-01.04:39:55::SCWMssOS::DEBUG:  swdes dump  C:/Users/realk/Desktop/ece385/ECE385/lab7_1/reallab7_sdk/mb_block_wrapper/microblaze_0/standalone_microblaze_0/bsp/system.mss|system||

TRACE::2024-11-01.04:39:55::SCWMssOS::Sw design exists and opened at  C:/Users/realk/Desktop/ece385/ECE385/lab7_1/reallab7_sdk/mb_block_wrapper/microblaze_0/standalone_microblaze_0/bsp/system.mss
TRACE::2024-11-01.04:39:55::SCWPlatform::Trying to open the hw design at C:/Users/realk/Desktop/ece385/ECE385/lab7_1/reallab7_sdk/mb_block_wrapper/hw/mb_block_wrapper.xsa
TRACE::2024-11-01.04:39:55::SCWPlatform::DSA given C:/Users/realk/Desktop/ece385/ECE385/lab7_1/reallab7_sdk/mb_block_wrapper/hw/mb_block_wrapper.xsa
TRACE::2024-11-01.04:39:55::SCWPlatform::DSA absoulate path C:/Users/realk/Desktop/ece385/ECE385/lab7_1/reallab7_sdk/mb_block_wrapper/hw/mb_block_wrapper.xsa
TRACE::2024-11-01.04:39:55::SCWPlatform::DSA directory C:/Users/realk/Desktop/ece385/ECE385/lab7_1/reallab7_sdk/mb_block_wrapper/hw
TRACE::2024-11-01.04:39:55::SCWPlatform:: Platform Path C:/Users/realk/Desktop/ece385/ECE385/lab7_1/reallab7_sdk/mb_block_wrapper/hw/mb_block_wrapper.xsa
TRACE::2024-11-01.04:39:55::SCWPlatform:: Unique name xilinx:::0.0
TRACE::2024-11-01.04:39:55::SCWPlatform::Trying to set the existing hwdb with name mb_block_wrapper_0
TRACE::2024-11-01.04:39:55::SCWPlatform::Opened existing hwdb mb_block_wrapper_0
TRACE::2024-11-01.04:39:55::SCWPlatform::Found the Hw Db part of the input DSA
TRACE::2024-11-01.04:39:55::SCWMssOS::Checking the sw design at  C:/Users/realk/Desktop/ece385/ECE385/lab7_1/reallab7_sdk/mb_block_wrapper/microblaze_0/standalone_microblaze_0/bsp/system.mss
TRACE::2024-11-01.04:39:55::SCWMssOS::DEBUG:  swdes dump  C:/Users/realk/Desktop/ece385/ECE385/lab7_1/reallab7_sdk/mb_block_wrapper/microblaze_0/standalone_microblaze_0/bsp/system.mss|system||

TRACE::2024-11-01.04:39:55::SCWMssOS::Sw design exists and opened at  C:/Users/realk/Desktop/ece385/ECE385/lab7_1/reallab7_sdk/mb_block_wrapper/microblaze_0/standalone_microblaze_0/bsp/system.mss
TRACE::2024-11-01.04:39:55::SCWWriter::formatted JSON is {
	"platformName":	"mb_block_wrapper",
	"sprVersion":	"2.0",
	"mode":	"gui",
	"dsaType":	"Fixed",
	"platformDesc":	"mb_block_wrapper",
	"platHandOff":	"C:/Users/realk/Desktop/ece385/ECE385/lab7_1/mb_block_wrapper.xsa",
	"platIntHandOff":	"<platformDir>/hw/mb_block_wrapper.xsa",
	"deviceType":	"FPGA",
	"platIsPrebuiltAutogen":	"false",
	"platIsNoBootBsp":	"false",
	"hasFsblMakeHasChanges":	"false",
	"hasPmufwMakeHasChanges":	"false",
	"platPreBuiltFlag":	false,
	"platformSamplesDir":	"",
	"platActiveSys":	"mb_block_wrapper",
	"systems":	[{
			"systemName":	"mb_block_wrapper",
			"systemDesc":	"mb_block_wrapper",
			"sysIsBootAutoGen":	"true",
			"systemDispName":	"mb_block_wrapper",
			"sysActiveDom":	"standalone_microblaze_0",
			"sysDefaultDom":	"standalone_microblaze_0",
			"domains":	[{
					"domainName":	"standalone_microblaze_0",
					"domainDispName":	"standalone_microblaze_0",
					"domainDesc":	"standalone_microblaze_0",
					"processors":	"microblaze_0",
					"os":	"standalone",
					"sdxOs":	"standalone",
					"debugEnable":	"False",
					"domRuntimes":	["cpp"],
					"swRepo":	"",
					"mssOsVer":	"8.0",
					"mssFile":	"",
					"md5Digest":	"5422c1e5be4ae93f4de8c50507402f2a",
					"compatibleApp":	"hello_world",
					"domType":	"mssDomain",
					"arch":	"32-bit",
					"appSettings":	{
						"appCompilerFlags":	"",
						"appLinkerFlags":	""
					},
					"addedLibs":	[],
					"libOptions":	{
						"libsContainingOptions":	[]
					},
					"prebuiltLibs":	{
						"prebuiltIncPath":	[],
						"prebuiltLibPath":	[]
					},
					"isolation":	{
					}
				}]
		}]
}
LOG::2024-11-01.04:39:55::SCWPlatform::Started generating the artifacts platform mb_block_wrapper
TRACE::2024-11-01.04:39:55::SCWPlatform::Sanity checking of platform is completed
LOG::2024-11-01.04:39:55::SCWPlatform::Started generating the artifacts for system configuration mb_block_wrapper
LOG::2024-11-01.04:39:55::SCWSystem::Checking the domain standalone_microblaze_0
LOG::2024-11-01.04:39:55::SCWSystem::Not a boot domain 
LOG::2024-11-01.04:39:55::SCWSystem::Started Processing the domain standalone_microblaze_0
TRACE::2024-11-01.04:39:55::SCWDomain::Generating domain artifcats
TRACE::2024-11-01.04:39:55::SCWMssOS::Generating standalone artifcats
TRACE::2024-11-01.04:39:55::SCWMssOS:: Copying the user libraries. 
TRACE::2024-11-01.04:39:55::SCWPlatform::Trying to open the hw design at C:/Users/realk/Desktop/ece385/ECE385/lab7_1/reallab7_sdk/mb_block_wrapper/hw/mb_block_wrapper.xsa
TRACE::2024-11-01.04:39:55::SCWPlatform::DSA given C:/Users/realk/Desktop/ece385/ECE385/lab7_1/reallab7_sdk/mb_block_wrapper/hw/mb_block_wrapper.xsa
TRACE::2024-11-01.04:39:55::SCWPlatform::DSA absoulate path C:/Users/realk/Desktop/ece385/ECE385/lab7_1/reallab7_sdk/mb_block_wrapper/hw/mb_block_wrapper.xsa
TRACE::2024-11-01.04:39:55::SCWPlatform::DSA directory C:/Users/realk/Desktop/ece385/ECE385/lab7_1/reallab7_sdk/mb_block_wrapper/hw
TRACE::2024-11-01.04:39:55::SCWPlatform:: Platform Path C:/Users/realk/Desktop/ece385/ECE385/lab7_1/reallab7_sdk/mb_block_wrapper/hw/mb_block_wrapper.xsa
TRACE::2024-11-01.04:39:55::SCWPlatform:: Unique name xilinx:::0.0
TRACE::2024-11-01.04:39:55::SCWPlatform::Trying to set the existing hwdb with name mb_block_wrapper_0
TRACE::2024-11-01.04:39:55::SCWPlatform::Opened existing hwdb mb_block_wrapper_0
TRACE::2024-11-01.04:39:55::SCWPlatform::Found the Hw Db part of the input DSA
TRACE::2024-11-01.04:39:55::SCWMssOS::Checking the sw design at  C:/Users/realk/Desktop/ece385/ECE385/lab7_1/reallab7_sdk/mb_block_wrapper/microblaze_0/standalone_microblaze_0/bsp/system.mss
TRACE::2024-11-01.04:39:55::SCWMssOS::DEBUG:  swdes dump  C:/Users/realk/Desktop/ece385/ECE385/lab7_1/reallab7_sdk/mb_block_wrapper/microblaze_0/standalone_microblaze_0/bsp/system.mss|system||

TRACE::2024-11-01.04:39:55::SCWMssOS::Sw design exists and opened at  C:/Users/realk/Desktop/ece385/ECE385/lab7_1/reallab7_sdk/mb_block_wrapper/microblaze_0/standalone_microblaze_0/bsp/system.mss
TRACE::2024-11-01.04:39:55::SCWMssOS::Completed writing the mss file at C:/Users/realk/Desktop/ece385/ECE385/lab7_1/reallab7_sdk/mb_block_wrapper/microblaze_0/standalone_microblaze_0/bsp
TRACE::2024-11-01.04:39:55::SCWMssOS::Mss edits present, copying mssfile into export location C:/Users/realk/Desktop/ece385/ECE385/lab7_1/reallab7_sdk/mb_block_wrapper/microblaze_0/standalone_microblaze_0/bsp/system.mss
TRACE::2024-11-01.04:39:55::SCWMssOS::bsp generated is upto date with the mss file. Skipping bsp generation.
TRACE::2024-11-01.04:39:55::SCWMssOS::BSP is already built. skipping the bsp build ... 
TRACE::2024-11-01.04:39:55::SCWDomain::Skipping the build for domain :  standalone_microblaze_0
TRACE::2024-11-01.04:39:55::SCWMssOS::skipping the bsp build ... 
TRACE::2024-11-01.04:39:55::SCWMssOS::Copying to export directory.
TRACE::2024-11-01.04:39:55::SCWMssOS:: Checking if to create the Supporting Applications
TRACE::2024-11-01.04:39:55::SCWMssOS:: No Linux domain exists, trying to generate FSBL 
LOG::2024-11-01.04:39:55::SCWSystem::Completed Processing the domain standalone_microblaze_0
LOG::2024-11-01.04:39:55::SCWSystem::Completed Processing the sysconfig mb_block_wrapper
LOG::2024-11-01.04:39:55::SCWPlatform::Completed generating the artifacts for system configuration mb_block_wrapper
TRACE::2024-11-01.04:39:55::SCWPlatform::Started preparing the platform 
TRACE::2024-11-01.04:39:55::SCWSystem::Writing the bif file for system config mb_block_wrapper
TRACE::2024-11-01.04:39:55::SCWSystem::dir created 
TRACE::2024-11-01.04:39:55::SCWSystem::Writing the bif 
TRACE::2024-11-01.04:39:55::SCWPlatform::Started writing the spfm file 
TRACE::2024-11-01.04:39:55::SCWPlatform::Started writing the xpfm file 
TRACE::2024-11-01.04:39:55::SCWPlatform::Completed generating the platform
TRACE::2024-11-01.04:39:55::SCWMssOS::Saving the mss changes C:/Users/realk/Desktop/ece385/ECE385/lab7_1/reallab7_sdk/mb_block_wrapper/microblaze_0/standalone_microblaze_0/bsp/system.mss
TRACE::2024-11-01.04:39:55::SCWMssOS::Found a swdesign opened with the mssfile.
TRACE::2024-11-01.04:39:55::SCWMssOS::Completed writemss as part of save.
TRACE::2024-11-01.04:39:55::SCWMssOS::Commit changes completed.
TRACE::2024-11-01.04:39:55::SCWPlatform::Trying to open the hw design at C:/Users/realk/Desktop/ece385/ECE385/lab7_1/reallab7_sdk/mb_block_wrapper/hw/mb_block_wrapper.xsa
TRACE::2024-11-01.04:39:55::SCWPlatform::DSA given C:/Users/realk/Desktop/ece385/ECE385/lab7_1/reallab7_sdk/mb_block_wrapper/hw/mb_block_wrapper.xsa
TRACE::2024-11-01.04:39:55::SCWPlatform::DSA absoulate path C:/Users/realk/Desktop/ece385/ECE385/lab7_1/reallab7_sdk/mb_block_wrapper/hw/mb_block_wrapper.xsa
TRACE::2024-11-01.04:39:55::SCWPlatform::DSA directory C:/Users/realk/Desktop/ece385/ECE385/lab7_1/reallab7_sdk/mb_block_wrapper/hw
TRACE::2024-11-01.04:39:55::SCWPlatform:: Platform Path C:/Users/realk/Desktop/ece385/ECE385/lab7_1/reallab7_sdk/mb_block_wrapper/hw/mb_block_wrapper.xsa
TRACE::2024-11-01.04:39:55::SCWPlatform:: Unique name xilinx:::0.0
TRACE::2024-11-01.04:39:55::SCWPlatform::Trying to set the existing hwdb with name mb_block_wrapper_0
TRACE::2024-11-01.04:39:55::SCWPlatform::Opened existing hwdb mb_block_wrapper_0
TRACE::2024-11-01.04:39:55::SCWPlatform::Found the Hw Db part of the input DSA
TRACE::2024-11-01.04:39:55::SCWMssOS::Checking the sw design at  C:/Users/realk/Desktop/ece385/ECE385/lab7_1/reallab7_sdk/mb_block_wrapper/microblaze_0/standalone_microblaze_0/bsp/system.mss
TRACE::2024-11-01.04:39:55::SCWMssOS::DEBUG:  swdes dump  C:/Users/realk/Desktop/ece385/ECE385/lab7_1/reallab7_sdk/mb_block_wrapper/microblaze_0/standalone_microblaze_0/bsp/system.mss|system||

TRACE::2024-11-01.04:39:55::SCWMssOS::Sw design exists and opened at  C:/Users/realk/Desktop/ece385/ECE385/lab7_1/reallab7_sdk/mb_block_wrapper/microblaze_0/standalone_microblaze_0/bsp/system.mss
TRACE::2024-11-01.04:39:55::SCWPlatform::Trying to open the hw design at C:/Users/realk/Desktop/ece385/ECE385/lab7_1/reallab7_sdk/mb_block_wrapper/hw/mb_block_wrapper.xsa
TRACE::2024-11-01.04:39:55::SCWPlatform::DSA given C:/Users/realk/Desktop/ece385/ECE385/lab7_1/reallab7_sdk/mb_block_wrapper/hw/mb_block_wrapper.xsa
TRACE::2024-11-01.04:39:55::SCWPlatform::DSA absoulate path C:/Users/realk/Desktop/ece385/ECE385/lab7_1/reallab7_sdk/mb_block_wrapper/hw/mb_block_wrapper.xsa
TRACE::2024-11-01.04:39:55::SCWPlatform::DSA directory C:/Users/realk/Desktop/ece385/ECE385/lab7_1/reallab7_sdk/mb_block_wrapper/hw
TRACE::2024-11-01.04:39:55::SCWPlatform:: Platform Path C:/Users/realk/Desktop/ece385/ECE385/lab7_1/reallab7_sdk/mb_block_wrapper/hw/mb_block_wrapper.xsa
TRACE::2024-11-01.04:39:55::SCWPlatform:: Unique name xilinx:::0.0
TRACE::2024-11-01.04:39:55::SCWPlatform::Trying to set the existing hwdb with name mb_block_wrapper_0
TRACE::2024-11-01.04:39:55::SCWPlatform::Opened existing hwdb mb_block_wrapper_0
TRACE::2024-11-01.04:39:55::SCWPlatform::Found the Hw Db part of the input DSA
TRACE::2024-11-01.04:39:55::SCWMssOS::Checking the sw design at  C:/Users/realk/Desktop/ece385/ECE385/lab7_1/reallab7_sdk/mb_block_wrapper/microblaze_0/standalone_microblaze_0/bsp/system.mss
TRACE::2024-11-01.04:39:55::SCWMssOS::DEBUG:  swdes dump  C:/Users/realk/Desktop/ece385/ECE385/lab7_1/reallab7_sdk/mb_block_wrapper/microblaze_0/standalone_microblaze_0/bsp/system.mss|system||

TRACE::2024-11-01.04:39:55::SCWMssOS::Sw design exists and opened at  C:/Users/realk/Desktop/ece385/ECE385/lab7_1/reallab7_sdk/mb_block_wrapper/microblaze_0/standalone_microblaze_0/bsp/system.mss
TRACE::2024-11-01.04:39:55::SCWPlatform::Trying to open the hw design at C:/Users/realk/Desktop/ece385/ECE385/lab7_1/reallab7_sdk/mb_block_wrapper/hw/mb_block_wrapper.xsa
TRACE::2024-11-01.04:39:55::SCWPlatform::DSA given C:/Users/realk/Desktop/ece385/ECE385/lab7_1/reallab7_sdk/mb_block_wrapper/hw/mb_block_wrapper.xsa
TRACE::2024-11-01.04:39:55::SCWPlatform::DSA absoulate path C:/Users/realk/Desktop/ece385/ECE385/lab7_1/reallab7_sdk/mb_block_wrapper/hw/mb_block_wrapper.xsa
TRACE::2024-11-01.04:39:55::SCWPlatform::DSA directory C:/Users/realk/Desktop/ece385/ECE385/lab7_1/reallab7_sdk/mb_block_wrapper/hw
TRACE::2024-11-01.04:39:55::SCWPlatform:: Platform Path C:/Users/realk/Desktop/ece385/ECE385/lab7_1/reallab7_sdk/mb_block_wrapper/hw/mb_block_wrapper.xsa
TRACE::2024-11-01.04:39:55::SCWPlatform:: Unique name xilinx:::0.0
TRACE::2024-11-01.04:39:55::SCWPlatform::Trying to set the existing hwdb with name mb_block_wrapper_0
TRACE::2024-11-01.04:39:55::SCWPlatform::Opened existing hwdb mb_block_wrapper_0
TRACE::2024-11-01.04:39:55::SCWPlatform::Found the Hw Db part of the input DSA
TRACE::2024-11-01.04:39:55::SCWMssOS::Checking the sw design at  C:/Users/realk/Desktop/ece385/ECE385/lab7_1/reallab7_sdk/mb_block_wrapper/microblaze_0/standalone_microblaze_0/bsp/system.mss
TRACE::2024-11-01.04:39:55::SCWMssOS::DEBUG:  swdes dump  C:/Users/realk/Desktop/ece385/ECE385/lab7_1/reallab7_sdk/mb_block_wrapper/microblaze_0/standalone_microblaze_0/bsp/system.mss|system||

TRACE::2024-11-01.04:39:55::SCWMssOS::Sw design exists and opened at  C:/Users/realk/Desktop/ece385/ECE385/lab7_1/reallab7_sdk/mb_block_wrapper/microblaze_0/standalone_microblaze_0/bsp/system.mss
TRACE::2024-11-01.04:39:55::SCWWriter::formatted JSON is {
	"platformName":	"mb_block_wrapper",
	"sprVersion":	"2.0",
	"mode":	"gui",
	"dsaType":	"Fixed",
	"platformDesc":	"mb_block_wrapper",
	"platHandOff":	"C:/Users/realk/Desktop/ece385/ECE385/lab7_1/mb_block_wrapper.xsa",
	"platIntHandOff":	"<platformDir>/hw/mb_block_wrapper.xsa",
	"deviceType":	"FPGA",
	"platIsPrebuiltAutogen":	"false",
	"platIsNoBootBsp":	"false",
	"hasFsblMakeHasChanges":	"false",
	"hasPmufwMakeHasChanges":	"false",
	"platPreBuiltFlag":	false,
	"platformSamplesDir":	"",
	"platActiveSys":	"mb_block_wrapper",
	"systems":	[{
			"systemName":	"mb_block_wrapper",
			"systemDesc":	"mb_block_wrapper",
			"sysIsBootAutoGen":	"true",
			"systemDispName":	"mb_block_wrapper",
			"sysActiveDom":	"standalone_microblaze_0",
			"sysDefaultDom":	"standalone_microblaze_0",
			"domains":	[{
					"domainName":	"standalone_microblaze_0",
					"domainDispName":	"standalone_microblaze_0",
					"domainDesc":	"standalone_microblaze_0",
					"processors":	"microblaze_0",
					"os":	"standalone",
					"sdxOs":	"standalone",
					"debugEnable":	"False",
					"domRuntimes":	["cpp"],
					"swRepo":	"",
					"mssOsVer":	"8.0",
					"mssFile":	"",
					"md5Digest":	"5422c1e5be4ae93f4de8c50507402f2a",
					"compatibleApp":	"hello_world",
					"domType":	"mssDomain",
					"arch":	"32-bit",
					"appSettings":	{
						"appCompilerFlags":	"",
						"appLinkerFlags":	""
					},
					"addedLibs":	[],
					"libOptions":	{
						"libsContainingOptions":	[]
					},
					"prebuiltLibs":	{
						"prebuiltIncPath":	[],
						"prebuiltLibPath":	[]
					},
					"isolation":	{
					}
				}]
		}]
}
KEYINFO::2024-11-01.04:39:55::SCWPlatform::updated the xpfm file.
TRACE::2024-11-01.04:39:56::SCWPlatform::Trying to open the hw design at C:/Users/realk/Desktop/ece385/ECE385/lab7_1/reallab7_sdk/mb_block_wrapper/hw/mb_block_wrapper.xsa
TRACE::2024-11-01.04:39:56::SCWPlatform::DSA given C:/Users/realk/Desktop/ece385/ECE385/lab7_1/reallab7_sdk/mb_block_wrapper/hw/mb_block_wrapper.xsa
TRACE::2024-11-01.04:39:56::SCWPlatform::DSA absoulate path C:/Users/realk/Desktop/ece385/ECE385/lab7_1/reallab7_sdk/mb_block_wrapper/hw/mb_block_wrapper.xsa
TRACE::2024-11-01.04:39:56::SCWPlatform::DSA directory C:/Users/realk/Desktop/ece385/ECE385/lab7_1/reallab7_sdk/mb_block_wrapper/hw
TRACE::2024-11-01.04:39:56::SCWPlatform:: Platform Path C:/Users/realk/Desktop/ece385/ECE385/lab7_1/reallab7_sdk/mb_block_wrapper/hw/mb_block_wrapper.xsa
TRACE::2024-11-01.04:39:56::SCWPlatform:: Unique name xilinx:::0.0
TRACE::2024-11-01.04:39:56::SCWPlatform::Trying to set the existing hwdb with name mb_block_wrapper_0
TRACE::2024-11-01.04:39:56::SCWPlatform::Opened existing hwdb mb_block_wrapper_0
TRACE::2024-11-01.04:39:56::SCWPlatform::Found the Hw Db part of the input DSA
TRACE::2024-11-01.04:39:56::SCWMssOS::Checking the sw design at  C:/Users/realk/Desktop/ece385/ECE385/lab7_1/reallab7_sdk/mb_block_wrapper/microblaze_0/standalone_microblaze_0/bsp/system.mss
TRACE::2024-11-01.04:39:56::SCWMssOS::DEBUG:  swdes dump  C:/Users/realk/Desktop/ece385/ECE385/lab7_1/reallab7_sdk/mb_block_wrapper/microblaze_0/standalone_microblaze_0/bsp/system.mss|system||

TRACE::2024-11-01.04:39:56::SCWMssOS::Sw design exists and opened at  C:/Users/realk/Desktop/ece385/ECE385/lab7_1/reallab7_sdk/mb_block_wrapper/microblaze_0/standalone_microblaze_0/bsp/system.mss
TRACE::2024-11-01.04:39:56::SCWMssOS::Saving the mss changes C:/Users/realk/Desktop/ece385/ECE385/lab7_1/reallab7_sdk/mb_block_wrapper/microblaze_0/standalone_microblaze_0/bsp/system.mss
TRACE::2024-11-01.04:39:56::SCWMssOS::Found a swdesign opened with the mssfile.
TRACE::2024-11-01.04:39:56::SCWMssOS::Completed writemss as part of save.
TRACE::2024-11-01.04:39:56::SCWMssOS::Commit changes completed.
TRACE::2024-11-01.04:39:56::SCWPlatform::Trying to open the hw design at C:/Users/realk/Desktop/ece385/ECE385/lab7_1/reallab7_sdk/mb_block_wrapper/hw/mb_block_wrapper.xsa
TRACE::2024-11-01.04:39:56::SCWPlatform::DSA given C:/Users/realk/Desktop/ece385/ECE385/lab7_1/reallab7_sdk/mb_block_wrapper/hw/mb_block_wrapper.xsa
TRACE::2024-11-01.04:39:56::SCWPlatform::DSA absoulate path C:/Users/realk/Desktop/ece385/ECE385/lab7_1/reallab7_sdk/mb_block_wrapper/hw/mb_block_wrapper.xsa
TRACE::2024-11-01.04:39:56::SCWPlatform::DSA directory C:/Users/realk/Desktop/ece385/ECE385/lab7_1/reallab7_sdk/mb_block_wrapper/hw
TRACE::2024-11-01.04:39:56::SCWPlatform:: Platform Path C:/Users/realk/Desktop/ece385/ECE385/lab7_1/reallab7_sdk/mb_block_wrapper/hw/mb_block_wrapper.xsa
TRACE::2024-11-01.04:39:56::SCWPlatform:: Unique name xilinx:::0.0
TRACE::2024-11-01.04:39:56::SCWPlatform::Trying to set the existing hwdb with name mb_block_wrapper_0
TRACE::2024-11-01.04:39:56::SCWPlatform::Opened existing hwdb mb_block_wrapper_0
TRACE::2024-11-01.04:39:56::SCWPlatform::Found the Hw Db part of the input DSA
TRACE::2024-11-01.04:39:56::SCWMssOS::Checking the sw design at  C:/Users/realk/Desktop/ece385/ECE385/lab7_1/reallab7_sdk/mb_block_wrapper/microblaze_0/standalone_microblaze_0/bsp/system.mss
TRACE::2024-11-01.04:39:56::SCWMssOS::DEBUG:  swdes dump  C:/Users/realk/Desktop/ece385/ECE385/lab7_1/reallab7_sdk/mb_block_wrapper/microblaze_0/standalone_microblaze_0/bsp/system.mss|system||

TRACE::2024-11-01.04:39:56::SCWMssOS::Sw design exists and opened at  C:/Users/realk/Desktop/ece385/ECE385/lab7_1/reallab7_sdk/mb_block_wrapper/microblaze_0/standalone_microblaze_0/bsp/system.mss
TRACE::2024-11-01.04:39:56::SCWPlatform::Trying to open the hw design at C:/Users/realk/Desktop/ece385/ECE385/lab7_1/reallab7_sdk/mb_block_wrapper/hw/mb_block_wrapper.xsa
TRACE::2024-11-01.04:39:56::SCWPlatform::DSA given C:/Users/realk/Desktop/ece385/ECE385/lab7_1/reallab7_sdk/mb_block_wrapper/hw/mb_block_wrapper.xsa
TRACE::2024-11-01.04:39:56::SCWPlatform::DSA absoulate path C:/Users/realk/Desktop/ece385/ECE385/lab7_1/reallab7_sdk/mb_block_wrapper/hw/mb_block_wrapper.xsa
TRACE::2024-11-01.04:39:56::SCWPlatform::DSA directory C:/Users/realk/Desktop/ece385/ECE385/lab7_1/reallab7_sdk/mb_block_wrapper/hw
TRACE::2024-11-01.04:39:56::SCWPlatform:: Platform Path C:/Users/realk/Desktop/ece385/ECE385/lab7_1/reallab7_sdk/mb_block_wrapper/hw/mb_block_wrapper.xsa
TRACE::2024-11-01.04:39:56::SCWPlatform:: Unique name xilinx:::0.0
TRACE::2024-11-01.04:39:56::SCWPlatform::Trying to set the existing hwdb with name mb_block_wrapper_0
TRACE::2024-11-01.04:39:56::SCWPlatform::Opened existing hwdb mb_block_wrapper_0
TRACE::2024-11-01.04:39:56::SCWPlatform::Found the Hw Db part of the input DSA
TRACE::2024-11-01.04:39:56::SCWMssOS::Checking the sw design at  C:/Users/realk/Desktop/ece385/ECE385/lab7_1/reallab7_sdk/mb_block_wrapper/microblaze_0/standalone_microblaze_0/bsp/system.mss
TRACE::2024-11-01.04:39:56::SCWMssOS::DEBUG:  swdes dump  C:/Users/realk/Desktop/ece385/ECE385/lab7_1/reallab7_sdk/mb_block_wrapper/microblaze_0/standalone_microblaze_0/bsp/system.mss|system||

TRACE::2024-11-01.04:39:56::SCWMssOS::Sw design exists and opened at  C:/Users/realk/Desktop/ece385/ECE385/lab7_1/reallab7_sdk/mb_block_wrapper/microblaze_0/standalone_microblaze_0/bsp/system.mss
TRACE::2024-11-01.04:39:56::SCWPlatform::Trying to open the hw design at C:/Users/realk/Desktop/ece385/ECE385/lab7_1/reallab7_sdk/mb_block_wrapper/hw/mb_block_wrapper.xsa
TRACE::2024-11-01.04:39:56::SCWPlatform::DSA given C:/Users/realk/Desktop/ece385/ECE385/lab7_1/reallab7_sdk/mb_block_wrapper/hw/mb_block_wrapper.xsa
TRACE::2024-11-01.04:39:56::SCWPlatform::DSA absoulate path C:/Users/realk/Desktop/ece385/ECE385/lab7_1/reallab7_sdk/mb_block_wrapper/hw/mb_block_wrapper.xsa
TRACE::2024-11-01.04:39:56::SCWPlatform::DSA directory C:/Users/realk/Desktop/ece385/ECE385/lab7_1/reallab7_sdk/mb_block_wrapper/hw
TRACE::2024-11-01.04:39:56::SCWPlatform:: Platform Path C:/Users/realk/Desktop/ece385/ECE385/lab7_1/reallab7_sdk/mb_block_wrapper/hw/mb_block_wrapper.xsa
TRACE::2024-11-01.04:39:56::SCWPlatform:: Unique name xilinx:::0.0
TRACE::2024-11-01.04:39:56::SCWPlatform::Trying to set the existing hwdb with name mb_block_wrapper_0
TRACE::2024-11-01.04:39:56::SCWPlatform::Opened existing hwdb mb_block_wrapper_0
TRACE::2024-11-01.04:39:56::SCWPlatform::Found the Hw Db part of the input DSA
TRACE::2024-11-01.04:39:56::SCWMssOS::Checking the sw design at  C:/Users/realk/Desktop/ece385/ECE385/lab7_1/reallab7_sdk/mb_block_wrapper/microblaze_0/standalone_microblaze_0/bsp/system.mss
TRACE::2024-11-01.04:39:56::SCWMssOS::DEBUG:  swdes dump  C:/Users/realk/Desktop/ece385/ECE385/lab7_1/reallab7_sdk/mb_block_wrapper/microblaze_0/standalone_microblaze_0/bsp/system.mss|system||

TRACE::2024-11-01.04:39:56::SCWMssOS::Sw design exists and opened at  C:/Users/realk/Desktop/ece385/ECE385/lab7_1/reallab7_sdk/mb_block_wrapper/microblaze_0/standalone_microblaze_0/bsp/system.mss
TRACE::2024-11-01.04:39:56::SCWWriter::formatted JSON is {
	"platformName":	"mb_block_wrapper",
	"sprVersion":	"2.0",
	"mode":	"gui",
	"dsaType":	"Fixed",
	"platformDesc":	"mb_block_wrapper",
	"platHandOff":	"C:/Users/realk/Desktop/ece385/ECE385/lab7_1/mb_block_wrapper.xsa",
	"platIntHandOff":	"<platformDir>/hw/mb_block_wrapper.xsa",
	"deviceType":	"FPGA",
	"platIsPrebuiltAutogen":	"false",
	"platIsNoBootBsp":	"false",
	"hasFsblMakeHasChanges":	"false",
	"hasPmufwMakeHasChanges":	"false",
	"platPreBuiltFlag":	false,
	"platformSamplesDir":	"",
	"platActiveSys":	"mb_block_wrapper",
	"systems":	[{
			"systemName":	"mb_block_wrapper",
			"systemDesc":	"mb_block_wrapper",
			"sysIsBootAutoGen":	"true",
			"systemDispName":	"mb_block_wrapper",
			"sysActiveDom":	"standalone_microblaze_0",
			"sysDefaultDom":	"standalone_microblaze_0",
			"domains":	[{
					"domainName":	"standalone_microblaze_0",
					"domainDispName":	"standalone_microblaze_0",
					"domainDesc":	"standalone_microblaze_0",
					"processors":	"microblaze_0",
					"os":	"standalone",
					"sdxOs":	"standalone",
					"debugEnable":	"False",
					"domRuntimes":	["cpp"],
					"swRepo":	"",
					"mssOsVer":	"8.0",
					"mssFile":	"",
					"md5Digest":	"5422c1e5be4ae93f4de8c50507402f2a",
					"compatibleApp":	"hello_world",
					"domType":	"mssDomain",
					"arch":	"32-bit",
					"appSettings":	{
						"appCompilerFlags":	"",
						"appLinkerFlags":	""
					},
					"addedLibs":	[],
					"libOptions":	{
						"libsContainingOptions":	[]
					},
					"prebuiltLibs":	{
						"prebuiltIncPath":	[],
						"prebuiltLibPath":	[]
					},
					"isolation":	{
					}
				}]
		}]
}
TRACE::2024-11-01.04:39:56::SCWPlatform::Trying to open the hw design at C:/Users/realk/Desktop/ece385/ECE385/lab7_1/reallab7_sdk/mb_block_wrapper/hw/mb_block_wrapper.xsa
TRACE::2024-11-01.04:39:56::SCWPlatform::DSA given C:/Users/realk/Desktop/ece385/ECE385/lab7_1/reallab7_sdk/mb_block_wrapper/hw/mb_block_wrapper.xsa
TRACE::2024-11-01.04:39:56::SCWPlatform::DSA absoulate path C:/Users/realk/Desktop/ece385/ECE385/lab7_1/reallab7_sdk/mb_block_wrapper/hw/mb_block_wrapper.xsa
TRACE::2024-11-01.04:39:56::SCWPlatform::DSA directory C:/Users/realk/Desktop/ece385/ECE385/lab7_1/reallab7_sdk/mb_block_wrapper/hw
TRACE::2024-11-01.04:39:56::SCWPlatform:: Platform Path C:/Users/realk/Desktop/ece385/ECE385/lab7_1/reallab7_sdk/mb_block_wrapper/hw/mb_block_wrapper.xsa
TRACE::2024-11-01.04:39:56::SCWPlatform:: Unique name xilinx:::0.0
TRACE::2024-11-01.04:39:56::SCWPlatform::Trying to set the existing hwdb with name mb_block_wrapper_0
TRACE::2024-11-01.04:39:56::SCWPlatform::Opened existing hwdb mb_block_wrapper_0
TRACE::2024-11-01.04:39:56::SCWPlatform::Found the Hw Db part of the input DSA
TRACE::2024-11-01.04:39:56::SCWMssOS::Checking the sw design at  C:/Users/realk/Desktop/ece385/ECE385/lab7_1/reallab7_sdk/mb_block_wrapper/microblaze_0/standalone_microblaze_0/bsp/system.mss
TRACE::2024-11-01.04:39:56::SCWMssOS::DEBUG:  swdes dump  C:/Users/realk/Desktop/ece385/ECE385/lab7_1/reallab7_sdk/mb_block_wrapper/microblaze_0/standalone_microblaze_0/bsp/system.mss|system||

TRACE::2024-11-01.04:39:56::SCWMssOS::Sw design exists and opened at  C:/Users/realk/Desktop/ece385/ECE385/lab7_1/reallab7_sdk/mb_block_wrapper/microblaze_0/standalone_microblaze_0/bsp/system.mss
TRACE::2024-11-01.04:39:56::SCWPlatform::Trying to open the hw design at C:/Users/realk/Desktop/ece385/ECE385/lab7_1/reallab7_sdk/mb_block_wrapper/hw/mb_block_wrapper.xsa
TRACE::2024-11-01.04:39:56::SCWPlatform::DSA given C:/Users/realk/Desktop/ece385/ECE385/lab7_1/reallab7_sdk/mb_block_wrapper/hw/mb_block_wrapper.xsa
TRACE::2024-11-01.04:39:56::SCWPlatform::DSA absoulate path C:/Users/realk/Desktop/ece385/ECE385/lab7_1/reallab7_sdk/mb_block_wrapper/hw/mb_block_wrapper.xsa
TRACE::2024-11-01.04:39:56::SCWPlatform::DSA directory C:/Users/realk/Desktop/ece385/ECE385/lab7_1/reallab7_sdk/mb_block_wrapper/hw
TRACE::2024-11-01.04:39:56::SCWPlatform:: Platform Path C:/Users/realk/Desktop/ece385/ECE385/lab7_1/reallab7_sdk/mb_block_wrapper/hw/mb_block_wrapper.xsa
TRACE::2024-11-01.04:39:56::SCWPlatform:: Unique name xilinx:::0.0
TRACE::2024-11-01.04:39:56::SCWPlatform::Trying to set the existing hwdb with name mb_block_wrapper_0
TRACE::2024-11-01.04:39:56::SCWPlatform::Opened existing hwdb mb_block_wrapper_0
TRACE::2024-11-01.04:39:56::SCWPlatform::Found the Hw Db part of the input DSA
TRACE::2024-11-01.04:39:56::SCWMssOS::Checking the sw design at  C:/Users/realk/Desktop/ece385/ECE385/lab7_1/reallab7_sdk/mb_block_wrapper/microblaze_0/standalone_microblaze_0/bsp/system.mss
TRACE::2024-11-01.04:39:56::SCWMssOS::DEBUG:  swdes dump  C:/Users/realk/Desktop/ece385/ECE385/lab7_1/reallab7_sdk/mb_block_wrapper/microblaze_0/standalone_microblaze_0/bsp/system.mss|system||

TRACE::2024-11-01.04:39:56::SCWMssOS::Sw design exists and opened at  C:/Users/realk/Desktop/ece385/ECE385/lab7_1/reallab7_sdk/mb_block_wrapper/microblaze_0/standalone_microblaze_0/bsp/system.mss
TRACE::2024-11-01.04:39:56::SCWMssOS::Saving the mss changes C:/Users/realk/Desktop/ece385/ECE385/lab7_1/reallab7_sdk/mb_block_wrapper/microblaze_0/standalone_microblaze_0/bsp/system.mss
TRACE::2024-11-01.04:39:56::SCWMssOS::Found a swdesign opened with the mssfile.
TRACE::2024-11-01.04:39:56::SCWMssOS::Completed writemss as part of save.
TRACE::2024-11-01.04:39:56::SCWMssOS::Commit changes completed.
TRACE::2024-11-01.04:39:56::SCWPlatform::Trying to open the hw design at C:/Users/realk/Desktop/ece385/ECE385/lab7_1/reallab7_sdk/mb_block_wrapper/hw/mb_block_wrapper.xsa
TRACE::2024-11-01.04:39:56::SCWPlatform::DSA given C:/Users/realk/Desktop/ece385/ECE385/lab7_1/reallab7_sdk/mb_block_wrapper/hw/mb_block_wrapper.xsa
TRACE::2024-11-01.04:39:56::SCWPlatform::DSA absoulate path C:/Users/realk/Desktop/ece385/ECE385/lab7_1/reallab7_sdk/mb_block_wrapper/hw/mb_block_wrapper.xsa
TRACE::2024-11-01.04:39:56::SCWPlatform::DSA directory C:/Users/realk/Desktop/ece385/ECE385/lab7_1/reallab7_sdk/mb_block_wrapper/hw
TRACE::2024-11-01.04:39:56::SCWPlatform:: Platform Path C:/Users/realk/Desktop/ece385/ECE385/lab7_1/reallab7_sdk/mb_block_wrapper/hw/mb_block_wrapper.xsa
TRACE::2024-11-01.04:39:56::SCWPlatform:: Unique name xilinx:::0.0
TRACE::2024-11-01.04:39:56::SCWPlatform::Trying to set the existing hwdb with name mb_block_wrapper_0
TRACE::2024-11-01.04:39:56::SCWPlatform::Opened existing hwdb mb_block_wrapper_0
TRACE::2024-11-01.04:39:56::SCWPlatform::Found the Hw Db part of the input DSA
TRACE::2024-11-01.04:39:56::SCWMssOS::Checking the sw design at  C:/Users/realk/Desktop/ece385/ECE385/lab7_1/reallab7_sdk/mb_block_wrapper/microblaze_0/standalone_microblaze_0/bsp/system.mss
TRACE::2024-11-01.04:39:56::SCWMssOS::DEBUG:  swdes dump  C:/Users/realk/Desktop/ece385/ECE385/lab7_1/reallab7_sdk/mb_block_wrapper/microblaze_0/standalone_microblaze_0/bsp/system.mss|system||

TRACE::2024-11-01.04:39:56::SCWMssOS::Sw design exists and opened at  C:/Users/realk/Desktop/ece385/ECE385/lab7_1/reallab7_sdk/mb_block_wrapper/microblaze_0/standalone_microblaze_0/bsp/system.mss
TRACE::2024-11-01.04:39:56::SCWPlatform::Trying to open the hw design at C:/Users/realk/Desktop/ece385/ECE385/lab7_1/reallab7_sdk/mb_block_wrapper/hw/mb_block_wrapper.xsa
TRACE::2024-11-01.04:39:56::SCWPlatform::DSA given C:/Users/realk/Desktop/ece385/ECE385/lab7_1/reallab7_sdk/mb_block_wrapper/hw/mb_block_wrapper.xsa
TRACE::2024-11-01.04:39:56::SCWPlatform::DSA absoulate path C:/Users/realk/Desktop/ece385/ECE385/lab7_1/reallab7_sdk/mb_block_wrapper/hw/mb_block_wrapper.xsa
TRACE::2024-11-01.04:39:56::SCWPlatform::DSA directory C:/Users/realk/Desktop/ece385/ECE385/lab7_1/reallab7_sdk/mb_block_wrapper/hw
TRACE::2024-11-01.04:39:56::SCWPlatform:: Platform Path C:/Users/realk/Desktop/ece385/ECE385/lab7_1/reallab7_sdk/mb_block_wrapper/hw/mb_block_wrapper.xsa
TRACE::2024-11-01.04:39:56::SCWPlatform:: Unique name xilinx:::0.0
TRACE::2024-11-01.04:39:56::SCWPlatform::Trying to set the existing hwdb with name mb_block_wrapper_0
TRACE::2024-11-01.04:39:56::SCWPlatform::Opened existing hwdb mb_block_wrapper_0
TRACE::2024-11-01.04:39:56::SCWPlatform::Found the Hw Db part of the input DSA
TRACE::2024-11-01.04:39:56::SCWMssOS::Checking the sw design at  C:/Users/realk/Desktop/ece385/ECE385/lab7_1/reallab7_sdk/mb_block_wrapper/microblaze_0/standalone_microblaze_0/bsp/system.mss
TRACE::2024-11-01.04:39:56::SCWMssOS::DEBUG:  swdes dump  C:/Users/realk/Desktop/ece385/ECE385/lab7_1/reallab7_sdk/mb_block_wrapper/microblaze_0/standalone_microblaze_0/bsp/system.mss|system||

TRACE::2024-11-01.04:39:56::SCWMssOS::Sw design exists and opened at  C:/Users/realk/Desktop/ece385/ECE385/lab7_1/reallab7_sdk/mb_block_wrapper/microblaze_0/standalone_microblaze_0/bsp/system.mss
TRACE::2024-11-01.04:39:56::SCWPlatform::Trying to open the hw design at C:/Users/realk/Desktop/ece385/ECE385/lab7_1/reallab7_sdk/mb_block_wrapper/hw/mb_block_wrapper.xsa
TRACE::2024-11-01.04:39:56::SCWPlatform::DSA given C:/Users/realk/Desktop/ece385/ECE385/lab7_1/reallab7_sdk/mb_block_wrapper/hw/mb_block_wrapper.xsa
TRACE::2024-11-01.04:39:56::SCWPlatform::DSA absoulate path C:/Users/realk/Desktop/ece385/ECE385/lab7_1/reallab7_sdk/mb_block_wrapper/hw/mb_block_wrapper.xsa
TRACE::2024-11-01.04:39:56::SCWPlatform::DSA directory C:/Users/realk/Desktop/ece385/ECE385/lab7_1/reallab7_sdk/mb_block_wrapper/hw
TRACE::2024-11-01.04:39:56::SCWPlatform:: Platform Path C:/Users/realk/Desktop/ece385/ECE385/lab7_1/reallab7_sdk/mb_block_wrapper/hw/mb_block_wrapper.xsa
TRACE::2024-11-01.04:39:56::SCWPlatform:: Unique name xilinx:::0.0
TRACE::2024-11-01.04:39:56::SCWPlatform::Trying to set the existing hwdb with name mb_block_wrapper_0
TRACE::2024-11-01.04:39:56::SCWPlatform::Opened existing hwdb mb_block_wrapper_0
TRACE::2024-11-01.04:39:56::SCWPlatform::Found the Hw Db part of the input DSA
TRACE::2024-11-01.04:39:56::SCWMssOS::Checking the sw design at  C:/Users/realk/Desktop/ece385/ECE385/lab7_1/reallab7_sdk/mb_block_wrapper/microblaze_0/standalone_microblaze_0/bsp/system.mss
TRACE::2024-11-01.04:39:56::SCWMssOS::DEBUG:  swdes dump  C:/Users/realk/Desktop/ece385/ECE385/lab7_1/reallab7_sdk/mb_block_wrapper/microblaze_0/standalone_microblaze_0/bsp/system.mss|system||

TRACE::2024-11-01.04:39:56::SCWMssOS::Sw design exists and opened at  C:/Users/realk/Desktop/ece385/ECE385/lab7_1/reallab7_sdk/mb_block_wrapper/microblaze_0/standalone_microblaze_0/bsp/system.mss
TRACE::2024-11-01.04:39:56::SCWWriter::formatted JSON is {
	"platformName":	"mb_block_wrapper",
	"sprVersion":	"2.0",
	"mode":	"gui",
	"dsaType":	"Fixed",
	"platformDesc":	"mb_block_wrapper",
	"platHandOff":	"C:/Users/realk/Desktop/ece385/ECE385/lab7_1/mb_block_wrapper.xsa",
	"platIntHandOff":	"<platformDir>/hw/mb_block_wrapper.xsa",
	"deviceType":	"FPGA",
	"platIsPrebuiltAutogen":	"false",
	"platIsNoBootBsp":	"false",
	"hasFsblMakeHasChanges":	"false",
	"hasPmufwMakeHasChanges":	"false",
	"platPreBuiltFlag":	false,
	"platformSamplesDir":	"",
	"platActiveSys":	"mb_block_wrapper",
	"systems":	[{
			"systemName":	"mb_block_wrapper",
			"systemDesc":	"mb_block_wrapper",
			"sysIsBootAutoGen":	"true",
			"systemDispName":	"mb_block_wrapper",
			"sysActiveDom":	"standalone_microblaze_0",
			"sysDefaultDom":	"standalone_microblaze_0",
			"domains":	[{
					"domainName":	"standalone_microblaze_0",
					"domainDispName":	"standalone_microblaze_0",
					"domainDesc":	"standalone_microblaze_0",
					"processors":	"microblaze_0",
					"os":	"standalone",
					"sdxOs":	"standalone",
					"debugEnable":	"False",
					"domRuntimes":	["cpp"],
					"swRepo":	"",
					"mssOsVer":	"8.0",
					"mssFile":	"",
					"md5Digest":	"5422c1e5be4ae93f4de8c50507402f2a",
					"compatibleApp":	"hello_world",
					"domType":	"mssDomain",
					"arch":	"32-bit",
					"appSettings":	{
						"appCompilerFlags":	"",
						"appLinkerFlags":	""
					},
					"addedLibs":	[],
					"libOptions":	{
						"libsContainingOptions":	[]
					},
					"prebuiltLibs":	{
						"prebuiltIncPath":	[],
						"prebuiltLibPath":	[]
					},
					"isolation":	{
					}
				}]
		}]
}
LOG::2024-11-01.04:39:56::SCWPlatform::Started generating the artifacts platform mb_block_wrapper
TRACE::2024-11-01.04:39:56::SCWPlatform::Sanity checking of platform is completed
LOG::2024-11-01.04:39:56::SCWPlatform::Started generating the artifacts for system configuration mb_block_wrapper
LOG::2024-11-01.04:39:56::SCWSystem::Started Processing the domain standalone_microblaze_0
TRACE::2024-11-01.04:39:56::SCWDomain::Generating domain artifcats
TRACE::2024-11-01.04:39:56::SCWMssOS::Generating standalone artifcats
TRACE::2024-11-01.04:39:56::SCWMssOS:: Copying the user libraries. 
TRACE::2024-11-01.04:39:56::SCWPlatform::Trying to open the hw design at C:/Users/realk/Desktop/ece385/ECE385/lab7_1/reallab7_sdk/mb_block_wrapper/hw/mb_block_wrapper.xsa
TRACE::2024-11-01.04:39:56::SCWPlatform::DSA given C:/Users/realk/Desktop/ece385/ECE385/lab7_1/reallab7_sdk/mb_block_wrapper/hw/mb_block_wrapper.xsa
TRACE::2024-11-01.04:39:56::SCWPlatform::DSA absoulate path C:/Users/realk/Desktop/ece385/ECE385/lab7_1/reallab7_sdk/mb_block_wrapper/hw/mb_block_wrapper.xsa
TRACE::2024-11-01.04:39:56::SCWPlatform::DSA directory C:/Users/realk/Desktop/ece385/ECE385/lab7_1/reallab7_sdk/mb_block_wrapper/hw
TRACE::2024-11-01.04:39:56::SCWPlatform:: Platform Path C:/Users/realk/Desktop/ece385/ECE385/lab7_1/reallab7_sdk/mb_block_wrapper/hw/mb_block_wrapper.xsa
TRACE::2024-11-01.04:39:56::SCWPlatform:: Unique name xilinx:::0.0
TRACE::2024-11-01.04:39:56::SCWPlatform::Trying to set the existing hwdb with name mb_block_wrapper_0
TRACE::2024-11-01.04:39:56::SCWPlatform::Opened existing hwdb mb_block_wrapper_0
TRACE::2024-11-01.04:39:56::SCWPlatform::Found the Hw Db part of the input DSA
TRACE::2024-11-01.04:39:56::SCWMssOS::Checking the sw design at  C:/Users/realk/Desktop/ece385/ECE385/lab7_1/reallab7_sdk/mb_block_wrapper/microblaze_0/standalone_microblaze_0/bsp/system.mss
TRACE::2024-11-01.04:39:56::SCWMssOS::DEBUG:  swdes dump  C:/Users/realk/Desktop/ece385/ECE385/lab7_1/reallab7_sdk/mb_block_wrapper/microblaze_0/standalone_microblaze_0/bsp/system.mss|system||

TRACE::2024-11-01.04:39:56::SCWMssOS::Sw design exists and opened at  C:/Users/realk/Desktop/ece385/ECE385/lab7_1/reallab7_sdk/mb_block_wrapper/microblaze_0/standalone_microblaze_0/bsp/system.mss
TRACE::2024-11-01.04:39:56::SCWMssOS::Completed writing the mss file at C:/Users/realk/Desktop/ece385/ECE385/lab7_1/reallab7_sdk/mb_block_wrapper/microblaze_0/standalone_microblaze_0/bsp
TRACE::2024-11-01.04:39:56::SCWMssOS::Mss edits present, copying mssfile into export location C:/Users/realk/Desktop/ece385/ECE385/lab7_1/reallab7_sdk/mb_block_wrapper/microblaze_0/standalone_microblaze_0/bsp/system.mss
TRACE::2024-11-01.04:39:56::SCWMssOS::bsp generated is upto date with the mss file. Skipping bsp generation.
TRACE::2024-11-01.04:39:56::SCWMssOS::BSP is already built. skipping the bsp build ... 
TRACE::2024-11-01.04:39:56::SCWDomain::Building the domain as part of full build :  standalone_microblaze_0
TRACE::2024-11-01.04:39:56::SCWMssOS::skipping the bsp build ... 
TRACE::2024-11-01.04:39:56::SCWMssOS::Copying to export directory.
TRACE::2024-11-01.04:39:56::SCWMssOS:: Checking if to create the Supporting Applications
TRACE::2024-11-01.04:39:56::SCWMssOS:: No Linux domain exists, trying to generate FSBL 
LOG::2024-11-01.04:39:56::SCWSystem::Completed Processing the domain standalone_microblaze_0
LOG::2024-11-01.04:39:56::SCWSystem::Completed Processing the sysconfig mb_block_wrapper
LOG::2024-11-01.04:39:56::SCWPlatform::Completed generating the artifacts for system configuration mb_block_wrapper
TRACE::2024-11-01.04:39:56::SCWPlatform::Started preparing the platform 
TRACE::2024-11-01.04:39:56::SCWSystem::Writing the bif file for system config mb_block_wrapper
TRACE::2024-11-01.04:39:56::SCWSystem::dir created 
TRACE::2024-11-01.04:39:56::SCWSystem::Writing the bif 
TRACE::2024-11-01.04:39:56::SCWPlatform::Started writing the spfm file 
TRACE::2024-11-01.04:39:56::SCWPlatform::Started writing the xpfm file 
TRACE::2024-11-01.04:39:56::SCWPlatform::Completed generating the platform
TRACE::2024-11-01.04:39:56::SCWMssOS::Saving the mss changes C:/Users/realk/Desktop/ece385/ECE385/lab7_1/reallab7_sdk/mb_block_wrapper/microblaze_0/standalone_microblaze_0/bsp/system.mss
TRACE::2024-11-01.04:39:56::SCWMssOS::Found a swdesign opened with the mssfile.
TRACE::2024-11-01.04:39:56::SCWMssOS::Completed writemss as part of save.
TRACE::2024-11-01.04:39:56::SCWMssOS::Commit changes completed.
TRACE::2024-11-01.04:39:56::SCWPlatform::Trying to open the hw design at C:/Users/realk/Desktop/ece385/ECE385/lab7_1/reallab7_sdk/mb_block_wrapper/hw/mb_block_wrapper.xsa
TRACE::2024-11-01.04:39:56::SCWPlatform::DSA given C:/Users/realk/Desktop/ece385/ECE385/lab7_1/reallab7_sdk/mb_block_wrapper/hw/mb_block_wrapper.xsa
TRACE::2024-11-01.04:39:56::SCWPlatform::DSA absoulate path C:/Users/realk/Desktop/ece385/ECE385/lab7_1/reallab7_sdk/mb_block_wrapper/hw/mb_block_wrapper.xsa
TRACE::2024-11-01.04:39:56::SCWPlatform::DSA directory C:/Users/realk/Desktop/ece385/ECE385/lab7_1/reallab7_sdk/mb_block_wrapper/hw
TRACE::2024-11-01.04:39:56::SCWPlatform:: Platform Path C:/Users/realk/Desktop/ece385/ECE385/lab7_1/reallab7_sdk/mb_block_wrapper/hw/mb_block_wrapper.xsa
TRACE::2024-11-01.04:39:56::SCWPlatform:: Unique name xilinx:::0.0
TRACE::2024-11-01.04:39:56::SCWPlatform::Trying to set the existing hwdb with name mb_block_wrapper_0
TRACE::2024-11-01.04:39:56::SCWPlatform::Opened existing hwdb mb_block_wrapper_0
TRACE::2024-11-01.04:39:56::SCWPlatform::Found the Hw Db part of the input DSA
TRACE::2024-11-01.04:39:56::SCWMssOS::Checking the sw design at  C:/Users/realk/Desktop/ece385/ECE385/lab7_1/reallab7_sdk/mb_block_wrapper/microblaze_0/standalone_microblaze_0/bsp/system.mss
TRACE::2024-11-01.04:39:56::SCWMssOS::DEBUG:  swdes dump  C:/Users/realk/Desktop/ece385/ECE385/lab7_1/reallab7_sdk/mb_block_wrapper/microblaze_0/standalone_microblaze_0/bsp/system.mss|system||

TRACE::2024-11-01.04:39:56::SCWMssOS::Sw design exists and opened at  C:/Users/realk/Desktop/ece385/ECE385/lab7_1/reallab7_sdk/mb_block_wrapper/microblaze_0/standalone_microblaze_0/bsp/system.mss
TRACE::2024-11-01.04:39:56::SCWPlatform::Trying to open the hw design at C:/Users/realk/Desktop/ece385/ECE385/lab7_1/reallab7_sdk/mb_block_wrapper/hw/mb_block_wrapper.xsa
TRACE::2024-11-01.04:39:56::SCWPlatform::DSA given C:/Users/realk/Desktop/ece385/ECE385/lab7_1/reallab7_sdk/mb_block_wrapper/hw/mb_block_wrapper.xsa
TRACE::2024-11-01.04:39:56::SCWPlatform::DSA absoulate path C:/Users/realk/Desktop/ece385/ECE385/lab7_1/reallab7_sdk/mb_block_wrapper/hw/mb_block_wrapper.xsa
TRACE::2024-11-01.04:39:56::SCWPlatform::DSA directory C:/Users/realk/Desktop/ece385/ECE385/lab7_1/reallab7_sdk/mb_block_wrapper/hw
TRACE::2024-11-01.04:39:56::SCWPlatform:: Platform Path C:/Users/realk/Desktop/ece385/ECE385/lab7_1/reallab7_sdk/mb_block_wrapper/hw/mb_block_wrapper.xsa
TRACE::2024-11-01.04:39:56::SCWPlatform:: Unique name xilinx:::0.0
TRACE::2024-11-01.04:39:56::SCWPlatform::Trying to set the existing hwdb with name mb_block_wrapper_0
TRACE::2024-11-01.04:39:56::SCWPlatform::Opened existing hwdb mb_block_wrapper_0
TRACE::2024-11-01.04:39:56::SCWPlatform::Found the Hw Db part of the input DSA
TRACE::2024-11-01.04:39:56::SCWMssOS::Checking the sw design at  C:/Users/realk/Desktop/ece385/ECE385/lab7_1/reallab7_sdk/mb_block_wrapper/microblaze_0/standalone_microblaze_0/bsp/system.mss
TRACE::2024-11-01.04:39:56::SCWMssOS::DEBUG:  swdes dump  C:/Users/realk/Desktop/ece385/ECE385/lab7_1/reallab7_sdk/mb_block_wrapper/microblaze_0/standalone_microblaze_0/bsp/system.mss|system||

TRACE::2024-11-01.04:39:56::SCWMssOS::Sw design exists and opened at  C:/Users/realk/Desktop/ece385/ECE385/lab7_1/reallab7_sdk/mb_block_wrapper/microblaze_0/standalone_microblaze_0/bsp/system.mss
TRACE::2024-11-01.04:39:56::SCWPlatform::Trying to open the hw design at C:/Users/realk/Desktop/ece385/ECE385/lab7_1/reallab7_sdk/mb_block_wrapper/hw/mb_block_wrapper.xsa
TRACE::2024-11-01.04:39:56::SCWPlatform::DSA given C:/Users/realk/Desktop/ece385/ECE385/lab7_1/reallab7_sdk/mb_block_wrapper/hw/mb_block_wrapper.xsa
TRACE::2024-11-01.04:39:56::SCWPlatform::DSA absoulate path C:/Users/realk/Desktop/ece385/ECE385/lab7_1/reallab7_sdk/mb_block_wrapper/hw/mb_block_wrapper.xsa
TRACE::2024-11-01.04:39:56::SCWPlatform::DSA directory C:/Users/realk/Desktop/ece385/ECE385/lab7_1/reallab7_sdk/mb_block_wrapper/hw
TRACE::2024-11-01.04:39:56::SCWPlatform:: Platform Path C:/Users/realk/Desktop/ece385/ECE385/lab7_1/reallab7_sdk/mb_block_wrapper/hw/mb_block_wrapper.xsa
TRACE::2024-11-01.04:39:56::SCWPlatform:: Unique name xilinx:::0.0
TRACE::2024-11-01.04:39:56::SCWPlatform::Trying to set the existing hwdb with name mb_block_wrapper_0
TRACE::2024-11-01.04:39:56::SCWPlatform::Opened existing hwdb mb_block_wrapper_0
TRACE::2024-11-01.04:39:56::SCWPlatform::Found the Hw Db part of the input DSA
TRACE::2024-11-01.04:39:56::SCWMssOS::Checking the sw design at  C:/Users/realk/Desktop/ece385/ECE385/lab7_1/reallab7_sdk/mb_block_wrapper/microblaze_0/standalone_microblaze_0/bsp/system.mss
TRACE::2024-11-01.04:39:56::SCWMssOS::DEBUG:  swdes dump  C:/Users/realk/Desktop/ece385/ECE385/lab7_1/reallab7_sdk/mb_block_wrapper/microblaze_0/standalone_microblaze_0/bsp/system.mss|system||

TRACE::2024-11-01.04:39:56::SCWMssOS::Sw design exists and opened at  C:/Users/realk/Desktop/ece385/ECE385/lab7_1/reallab7_sdk/mb_block_wrapper/microblaze_0/standalone_microblaze_0/bsp/system.mss
TRACE::2024-11-01.04:39:56::SCWWriter::formatted JSON is {
	"platformName":	"mb_block_wrapper",
	"sprVersion":	"2.0",
	"mode":	"gui",
	"dsaType":	"Fixed",
	"platformDesc":	"mb_block_wrapper",
	"platHandOff":	"C:/Users/realk/Desktop/ece385/ECE385/lab7_1/mb_block_wrapper.xsa",
	"platIntHandOff":	"<platformDir>/hw/mb_block_wrapper.xsa",
	"deviceType":	"FPGA",
	"platIsPrebuiltAutogen":	"false",
	"platIsNoBootBsp":	"false",
	"hasFsblMakeHasChanges":	"false",
	"hasPmufwMakeHasChanges":	"false",
	"platPreBuiltFlag":	false,
	"platformSamplesDir":	"",
	"platActiveSys":	"mb_block_wrapper",
	"systems":	[{
			"systemName":	"mb_block_wrapper",
			"systemDesc":	"mb_block_wrapper",
			"sysIsBootAutoGen":	"true",
			"systemDispName":	"mb_block_wrapper",
			"sysActiveDom":	"standalone_microblaze_0",
			"sysDefaultDom":	"standalone_microblaze_0",
			"domains":	[{
					"domainName":	"standalone_microblaze_0",
					"domainDispName":	"standalone_microblaze_0",
					"domainDesc":	"standalone_microblaze_0",
					"processors":	"microblaze_0",
					"os":	"standalone",
					"sdxOs":	"standalone",
					"debugEnable":	"False",
					"domRuntimes":	["cpp"],
					"swRepo":	"",
					"mssOsVer":	"8.0",
					"mssFile":	"",
					"md5Digest":	"5422c1e5be4ae93f4de8c50507402f2a",
					"compatibleApp":	"hello_world",
					"domType":	"mssDomain",
					"arch":	"32-bit",
					"appSettings":	{
						"appCompilerFlags":	"",
						"appLinkerFlags":	""
					},
					"addedLibs":	[],
					"libOptions":	{
						"libsContainingOptions":	[]
					},
					"prebuiltLibs":	{
						"prebuiltIncPath":	[],
						"prebuiltLibPath":	[]
					},
					"isolation":	{
					}
				}]
		}]
}
KEYINFO::2024-11-01.04:39:56::SCWPlatform::updated the xpfm file.
LOG::2024-11-01.04:41:39::SCWPlatform::Started generating the artifacts platform mb_block_wrapper
TRACE::2024-11-01.04:41:39::SCWPlatform::Sanity checking of platform is completed
LOG::2024-11-01.04:41:39::SCWPlatform::Started generating the artifacts for system configuration mb_block_wrapper
LOG::2024-11-01.04:41:39::SCWSystem::Checking the domain standalone_microblaze_0
LOG::2024-11-01.04:41:39::SCWSystem::Not a boot domain 
LOG::2024-11-01.04:41:39::SCWSystem::Started Processing the domain standalone_microblaze_0
TRACE::2024-11-01.04:41:39::SCWDomain::Generating domain artifcats
TRACE::2024-11-01.04:41:39::SCWMssOS::Generating standalone artifcats
TRACE::2024-11-01.04:41:39::SCWMssOS:: Copying the user libraries. 
TRACE::2024-11-01.04:41:39::SCWPlatform::Trying to open the hw design at C:/Users/realk/Desktop/ece385/ECE385/lab7_1/reallab7_sdk/mb_block_wrapper/hw/mb_block_wrapper.xsa
TRACE::2024-11-01.04:41:39::SCWPlatform::DSA given C:/Users/realk/Desktop/ece385/ECE385/lab7_1/reallab7_sdk/mb_block_wrapper/hw/mb_block_wrapper.xsa
TRACE::2024-11-01.04:41:39::SCWPlatform::DSA absoulate path C:/Users/realk/Desktop/ece385/ECE385/lab7_1/reallab7_sdk/mb_block_wrapper/hw/mb_block_wrapper.xsa
TRACE::2024-11-01.04:41:39::SCWPlatform::DSA directory C:/Users/realk/Desktop/ece385/ECE385/lab7_1/reallab7_sdk/mb_block_wrapper/hw
TRACE::2024-11-01.04:41:39::SCWPlatform:: Platform Path C:/Users/realk/Desktop/ece385/ECE385/lab7_1/reallab7_sdk/mb_block_wrapper/hw/mb_block_wrapper.xsa
TRACE::2024-11-01.04:41:39::SCWPlatform:: Unique name xilinx:::0.0
TRACE::2024-11-01.04:41:39::SCWPlatform::Trying to set the existing hwdb with name mb_block_wrapper_0
TRACE::2024-11-01.04:41:39::SCWPlatform::Opened existing hwdb mb_block_wrapper_0
TRACE::2024-11-01.04:41:39::SCWPlatform::Found the Hw Db part of the input DSA
TRACE::2024-11-01.04:41:39::SCWMssOS::Checking the sw design at  C:/Users/realk/Desktop/ece385/ECE385/lab7_1/reallab7_sdk/mb_block_wrapper/microblaze_0/standalone_microblaze_0/bsp/system.mss
TRACE::2024-11-01.04:41:39::SCWMssOS::DEBUG:  swdes dump  C:/Users/realk/Desktop/ece385/ECE385/lab7_1/reallab7_sdk/mb_block_wrapper/microblaze_0/standalone_microblaze_0/bsp/system.mss|system||

TRACE::2024-11-01.04:41:39::SCWMssOS::Sw design exists and opened at  C:/Users/realk/Desktop/ece385/ECE385/lab7_1/reallab7_sdk/mb_block_wrapper/microblaze_0/standalone_microblaze_0/bsp/system.mss
TRACE::2024-11-01.04:41:39::SCWMssOS::Completed writing the mss file at C:/Users/realk/Desktop/ece385/ECE385/lab7_1/reallab7_sdk/mb_block_wrapper/microblaze_0/standalone_microblaze_0/bsp
TRACE::2024-11-01.04:41:39::SCWMssOS::Mss edits present, copying mssfile into export location C:/Users/realk/Desktop/ece385/ECE385/lab7_1/reallab7_sdk/mb_block_wrapper/microblaze_0/standalone_microblaze_0/bsp/system.mss
TRACE::2024-11-01.04:41:39::SCWMssOS::bsp generated is upto date with the mss file. Skipping bsp generation.
TRACE::2024-11-01.04:41:39::SCWMssOS::BSP is already built. skipping the bsp build ... 
TRACE::2024-11-01.04:41:39::SCWDomain::Building the domain as part of full build :  standalone_microblaze_0
TRACE::2024-11-01.04:41:39::SCWMssOS::doing bsp build ... 
TRACE::2024-11-01.04:41:39::SCWMssOS::System Command Ran  C: & cd  C:/Users/realk/Desktop/ece385/ECE385/lab7_1/reallab7_sdk/mb_block_wrapper/microblaze_0/standalone_microblaze_0/bsp & make 
TRACE::2024-11-01.04:41:39::SCWMssOS::make --no-print-directory seq_libs

TRACE::2024-11-01.04:41:39::SCWMssOS::'Finished building libraries sequentially.'

TRACE::2024-11-01.04:41:39::SCWMssOS::make -j 14 --no-print-directory par_libs

TRACE::2024-11-01.04:41:39::SCWMssOS::"Running Make include in microblaze_0/libsrc/bram_v4_8/src"

TRACE::2024-11-01.04:41:39::SCWMssOS::make -C microblaze_0/libsrc/bram_v4_8/src -s include  "SHELL=CMD" "COMPILER=mb-gcc" "ASSEMBLER=mb-as" "ARCHIVER=mb-ar" "COMPILE
TRACE::2024-11-01.04:41:39::SCWMssOS::R_FLAGS=  -O2 -c -mcpu=v11.0 -mlittle-endian -mno-xl-reorder -mno-xl-soft-mul -mxl-barrel-shift -mxl-pattern-compare" "EXTRA_CO
TRACE::2024-11-01.04:41:39::SCWMssOS::MPILER_FLAGS=-g -ffunction-sections -fdata-sections -Wall -Wextra -fno-tree-loop-distribute-patterns"

TRACE::2024-11-01.04:41:39::SCWMssOS::"Running Make include in microblaze_0/libsrc/cpu_v2_16/src"

TRACE::2024-11-01.04:41:39::SCWMssOS::make -C microblaze_0/libsrc/cpu_v2_16/src -s include  "SHELL=CMD" "COMPILER=mb-gcc" "ASSEMBLER=mb-as" "ARCHIVER=mb-ar" "COMPILE
TRACE::2024-11-01.04:41:39::SCWMssOS::R_FLAGS=  -O2 -c -mcpu=v11.0 -mlittle-endian -mno-xl-reorder -mno-xl-soft-mul -mxl-barrel-shift -mxl-pattern-compare" "EXTRA_CO
TRACE::2024-11-01.04:41:39::SCWMssOS::MPILER_FLAGS=-g -ffunction-sections -fdata-sections -Wall -Wextra -fno-tree-loop-distribute-patterns"

TRACE::2024-11-01.04:41:39::SCWMssOS::"Running Make include in microblaze_0/libsrc/intc_v3_15/src"

TRACE::2024-11-01.04:41:39::SCWMssOS::make -C microblaze_0/libsrc/intc_v3_15/src -s include  "SHELL=CMD" "COMPILER=mb-gcc" "ASSEMBLER=mb-as" "ARCHIVER=mb-ar" "COMPIL
TRACE::2024-11-01.04:41:39::SCWMssOS::ER_FLAGS=  -O2 -c -mcpu=v11.0 -mlittle-endian -mno-xl-reorder -mno-xl-soft-mul -mxl-barrel-shift -mxl-pattern-compare" "EXTRA_C
TRACE::2024-11-01.04:41:39::SCWMssOS::OMPILER_FLAGS=-g -ffunction-sections -fdata-sections -Wall -Wextra -fno-tree-loop-distribute-patterns"

TRACE::2024-11-01.04:41:39::SCWMssOS::"Running Make include in microblaze_0/libsrc/standalone_v8_0/src"

TRACE::2024-11-01.04:41:39::SCWMssOS::make -C microblaze_0/libsrc/standalone_v8_0/src -s include  "SHELL=CMD" "COMPILER=mb-gcc" "ASSEMBLER=mb-as" "ARCHIVER=mb-ar" "C
TRACE::2024-11-01.04:41:39::SCWMssOS::OMPILER_FLAGS=  -O2 -c -mcpu=v11.0 -mlittle-endian -mno-xl-reorder -mno-xl-soft-mul -mxl-barrel-shift -mxl-pattern-compare" "EX
TRACE::2024-11-01.04:41:39::SCWMssOS::TRA_COMPILER_FLAGS=-g -ffunction-sections -fdata-sections -Wall -Wextra -fno-tree-loop-distribute-patterns"

TRACE::2024-11-01.04:41:39::SCWMssOS::"Running Make include in microblaze_0/libsrc/uartlite_v3_7/src"

TRACE::2024-11-01.04:41:39::SCWMssOS::make -C microblaze_0/libsrc/uartlite_v3_7/src -s include  "SHELL=CMD" "COMPILER=mb-gcc" "ASSEMBLER=mb-as" "ARCHIVER=mb-ar" "COM
TRACE::2024-11-01.04:41:39::SCWMssOS::PILER_FLAGS=  -O2 -c -mcpu=v11.0 -mlittle-endian -mno-xl-reorder -mno-xl-soft-mul -mxl-barrel-shift -mxl-pattern-compare" "EXTR
TRACE::2024-11-01.04:41:39::SCWMssOS::A_COMPILER_FLAGS=-g -ffunction-sections -fdata-sections -Wall -Wextra -fno-tree-loop-distribute-patterns"

TRACE::2024-11-01.04:41:39::SCWMssOS::"Running Make libs in microblaze_0/libsrc/bram_v4_8/src"

TRACE::2024-11-01.04:41:39::SCWMssOS::make -C microblaze_0/libsrc/bram_v4_8/src -s libs  "SHELL=CMD" "COMPILER=mb-gcc" "ASSEMBLER=mb-as" "ARCHIVER=mb-ar" "COMPILER_F
TRACE::2024-11-01.04:41:39::SCWMssOS::LAGS=  -O2 -c -mcpu=v11.0 -mlittle-endian -mno-xl-reorder -mno-xl-soft-mul -mxl-barrel-shift -mxl-pattern-compare" "EXTRA_COMPI
TRACE::2024-11-01.04:41:39::SCWMssOS::LER_FLAGS=-g -ffunction-sections -fdata-sections -Wall -Wextra -fno-tree-loop-distribute-patterns"

TRACE::2024-11-01.04:41:39::SCWMssOS::"Running Make libs in microblaze_0/libsrc/cpu_v2_16/src"

TRACE::2024-11-01.04:41:39::SCWMssOS::make -C microblaze_0/libsrc/cpu_v2_16/src -s libs  "SHELL=CMD" "COMPILER=mb-gcc" "ASSEMBLER=mb-as" "ARCHIVER=mb-ar" "COMPILER_F
TRACE::2024-11-01.04:41:39::SCWMssOS::LAGS=  -O2 -c -mcpu=v11.0 -mlittle-endian -mno-xl-reorder -mno-xl-soft-mul -mxl-barrel-shift -mxl-pattern-compare" "EXTRA_COMPI
TRACE::2024-11-01.04:41:39::SCWMssOS::LER_FLAGS=-g -ffunction-sections -fdata-sections -Wall -Wextra -fno-tree-loop-distribute-patterns"

TRACE::2024-11-01.04:41:39::SCWMssOS::"Running Make libs in microblaze_0/libsrc/intc_v3_15/src"

TRACE::2024-11-01.04:41:39::SCWMssOS::make -C microblaze_0/libsrc/intc_v3_15/src -s libs  "SHELL=CMD" "COMPILER=mb-gcc" "ASSEMBLER=mb-as" "ARCHIVER=mb-ar" "COMPILER_
TRACE::2024-11-01.04:41:39::SCWMssOS::FLAGS=  -O2 -c -mcpu=v11.0 -mlittle-endian -mno-xl-reorder -mno-xl-soft-mul -mxl-barrel-shift -mxl-pattern-compare" "EXTRA_COMP
TRACE::2024-11-01.04:41:39::SCWMssOS::ILER_FLAGS=-g -ffunction-sections -fdata-sections -Wall -Wextra -fno-tree-loop-distribute-patterns"

TRACE::2024-11-01.04:41:40::SCWMssOS::"Running Make libs in microblaze_0/libsrc/standalone_v8_0/src"

TRACE::2024-11-01.04:41:40::SCWMssOS::make -C microblaze_0/libsrc/standalone_v8_0/src -s libs  "SHELL=CMD" "COMPILER=mb-gcc" "ASSEMBLER=mb-as" "ARCHIVER=mb-ar" "COMP
TRACE::2024-11-01.04:41:40::SCWMssOS::ILER_FLAGS=  -O2 -c -mcpu=v11.0 -mlittle-endian -mno-xl-reorder -mno-xl-soft-mul -mxl-barrel-shift -mxl-pattern-compare" "EXTRA
TRACE::2024-11-01.04:41:40::SCWMssOS::_COMPILER_FLAGS=-g -ffunction-sections -fdata-sections -Wall -Wextra -fno-tree-loop-distribute-patterns"

TRACE::2024-11-01.04:41:40::SCWMssOS::"Running Make libs in microblaze_0/libsrc/uartlite_v3_7/src"

TRACE::2024-11-01.04:41:40::SCWMssOS::make -C microblaze_0/libsrc/uartlite_v3_7/src -s libs  "SHELL=CMD" "COMPILER=mb-gcc" "ASSEMBLER=mb-as" "ARCHIVER=mb-ar" "COMPIL
TRACE::2024-11-01.04:41:40::SCWMssOS::ER_FLAGS=  -O2 -c -mcpu=v11.0 -mlittle-endian -mno-xl-reorder -mno-xl-soft-mul -mxl-barrel-shift -mxl-pattern-compare" "EXTRA_C
TRACE::2024-11-01.04:41:40::SCWMssOS::OMPILER_FLAGS=-g -ffunction-sections -fdata-sections -Wall -Wextra -fno-tree-loop-distribute-patterns"

TRACE::2024-11-01.04:41:41::SCWMssOS::"DEBUG NON_LTO_OBJECTS is ../../../lib/microblaze_interrupt_handler.o"

TRACE::2024-11-01.04:41:41::SCWMssOS::'Finished building libraries parallelly.'

TRACE::2024-11-01.04:41:41::SCWMssOS::make --no-print-directory archive

TRACE::2024-11-01.04:41:41::SCWMssOS::mb-ar -r  microblaze_0/lib/libxil.a microblaze_0/lib/_exit.o microblaze_0/lib/errno.o microblaze_0/lib/fcntl.o microblaze_0/lib
TRACE::2024-11-01.04:41:41::SCWMssOS::/hw_exception_handler.o microblaze_0/lib/inbyte.o microblaze_0/lib/microblaze_disable_dcache.o microblaze_0/lib/microblaze_disa
TRACE::2024-11-01.04:41:41::SCWMssOS::ble_exceptions.o microblaze_0/lib/microblaze_disable_icache.o microblaze_0/lib/microblaze_disable_interrupts.o microblaze_0/lib
TRACE::2024-11-01.04:41:41::SCWMssOS::/microblaze_enable_dcache.o microblaze_0/lib/microblaze_enable_exceptions.o microblaze_0/lib/microblaze_enable_icache.o microbl
TRACE::2024-11-01.04:41:41::SCWMssOS::aze_0/lib/microblaze_enable_interrupts.o microblaze_0/lib/microblaze_exception_handler.o microblaze_0/lib/microblaze_flush_cach
TRACE::2024-11-01.04:41:41::SCWMssOS::e_ext.o microblaze_0/lib/microblaze_flush_cache_ext_range.o microblaze_0/lib/microblaze_flush_dcache.o microblaze_0/lib/microbl
TRACE::2024-11-01.04:41:41::SCWMssOS::aze_flush_dcache_range.o microblaze_0/lib/microblaze_init_dcache_range.o microblaze_0/lib/microblaze_init_icache_range.o microb
TRACE::2024-11-01.04:41:41::SCWMssOS::laze_0/lib/microblaze_interrupt_handler.o microblaze_0/lib/microblaze_interrupts_g.o microblaze_0/lib/microblaze_invalidate_cac
TRACE::2024-11-01.04:41:41::SCWMssOS::he_ext.o microblaze_0/lib/microblaze_invalidate_cache_ext_range.o microblaze_0/lib/microblaze_invalidate_dcache.o microblaze_0/
TRACE::2024-11-01.04:41:41::SCWMssOS::lib/microblaze_invalidate_dcache_range.o microblaze_0/lib/microblaze_invalidate_icache.o microblaze_0/lib/microblaze_invalidate
TRACE::2024-11-01.04:41:41::SCWMssOS::_icache_range.o microblaze_0/lib/microblaze_scrub.o microblaze_0/lib/microblaze_selftest.o microblaze_0/lib/microblaze_sleep.o 
TRACE::2024-11-01.04:41:41::SCWMssOS::microblaze_0/lib/microblaze_update_dcache.o microblaze_0/lib/microblaze_update_icache.o microblaze_0/lib/outbyte.o microblaze_0
TRACE::2024-11-01.04:41:41::SCWMssOS::/lib/print.o microblaze_0/lib/pvr.o microblaze_0/lib/xbram.o microblaze_0/lib/xbram_g.o microblaze_0/lib/xbram_intr.o microblaz
TRACE::2024-11-01.04:41:41::SCWMssOS::e_0/lib/xbram_selftest.o microblaze_0/lib/xbram_sinit.o microblaze_0/lib/xil_assert.o microblaze_0/lib/xil_cache.o microblaze_0
TRACE::2024-11-01.04:41:41::SCWMssOS::/lib/xil_clocking.o microblaze_0/lib/xil_exception.o microblaze_0/lib/xil_mem.o microblaze_0/lib/xil_misc_psreset_api.o microbl
TRACE::2024-11-01.04:41:41::SCWMssOS::aze_0/lib/xil_printf.o microblaze_0/lib/xil_sleepcommon.o microblaze_0/lib/xil_testcache.o microblaze_0/lib/xil_testio.o microb
TRACE::2024-11-01.04:41:41::SCWMssOS::laze_0/lib/xil_testmem.o microblaze_0/lib/xil_util.o microblaze_0/lib/xintc.o microblaze_0/lib/xintc_g.o microblaze_0/lib/xintc
TRACE::2024-11-01.04:41:41::SCWMssOS::_intr.o microblaze_0/lib/xintc_l.o microblaze_0/lib/xintc_options.o microblaze_0/lib/xintc_selftest.o microblaze_0/lib/xinterru
TRACE::2024-11-01.04:41:41::SCWMssOS::pt_wrap.o microblaze_0/lib/xio.o microblaze_0/lib/xplatform_info.o microblaze_0/lib/xuartlite.o microblaze_0/lib/xuartlite_g.o 
TRACE::2024-11-01.04:41:41::SCWMssOS::microblaze_0/lib/xuartlite_intr.o microblaze_0/lib/xuartlite_l.o microblaze_0/lib/xuartlite_selftest.o microblaze_0/lib/xuartli
TRACE::2024-11-01.04:41:41::SCWMssOS::te_sinit.o microblaze_0/lib/xuartlite_stats.o

TRACE::2024-11-01.04:41:41::SCWMssOS::'Finished building libraries'

TRACE::2024-11-01.04:41:41::SCWMssOS::Copying to export directory.
TRACE::2024-11-01.04:41:42::SCWMssOS:: Checking if to create the Supporting Applications
TRACE::2024-11-01.04:41:42::SCWMssOS:: No Linux domain exists, trying to generate FSBL 
LOG::2024-11-01.04:41:42::SCWSystem::Completed Processing the domain standalone_microblaze_0
LOG::2024-11-01.04:41:42::SCWSystem::Completed Processing the sysconfig mb_block_wrapper
LOG::2024-11-01.04:41:42::SCWPlatform::Completed generating the artifacts for system configuration mb_block_wrapper
TRACE::2024-11-01.04:41:42::SCWPlatform::Started preparing the platform 
TRACE::2024-11-01.04:41:42::SCWSystem::Writing the bif file for system config mb_block_wrapper
TRACE::2024-11-01.04:41:42::SCWSystem::dir created 
TRACE::2024-11-01.04:41:42::SCWSystem::Writing the bif 
TRACE::2024-11-01.04:41:42::SCWPlatform::Started writing the spfm file 
TRACE::2024-11-01.04:41:42::SCWPlatform::Started writing the xpfm file 
TRACE::2024-11-01.04:41:42::SCWPlatform::Completed generating the platform
TRACE::2024-11-01.04:41:42::SCWMssOS::Saving the mss changes C:/Users/realk/Desktop/ece385/ECE385/lab7_1/reallab7_sdk/mb_block_wrapper/microblaze_0/standalone_microblaze_0/bsp/system.mss
TRACE::2024-11-01.04:41:42::SCWMssOS::Found a swdesign opened with the mssfile.
TRACE::2024-11-01.04:41:42::SCWMssOS::Completed writemss as part of save.
TRACE::2024-11-01.04:41:42::SCWMssOS::Commit changes completed.
TRACE::2024-11-01.04:41:42::SCWPlatform::Trying to open the hw design at C:/Users/realk/Desktop/ece385/ECE385/lab7_1/reallab7_sdk/mb_block_wrapper/hw/mb_block_wrapper.xsa
TRACE::2024-11-01.04:41:42::SCWPlatform::DSA given C:/Users/realk/Desktop/ece385/ECE385/lab7_1/reallab7_sdk/mb_block_wrapper/hw/mb_block_wrapper.xsa
TRACE::2024-11-01.04:41:42::SCWPlatform::DSA absoulate path C:/Users/realk/Desktop/ece385/ECE385/lab7_1/reallab7_sdk/mb_block_wrapper/hw/mb_block_wrapper.xsa
TRACE::2024-11-01.04:41:42::SCWPlatform::DSA directory C:/Users/realk/Desktop/ece385/ECE385/lab7_1/reallab7_sdk/mb_block_wrapper/hw
TRACE::2024-11-01.04:41:42::SCWPlatform:: Platform Path C:/Users/realk/Desktop/ece385/ECE385/lab7_1/reallab7_sdk/mb_block_wrapper/hw/mb_block_wrapper.xsa
TRACE::2024-11-01.04:41:42::SCWPlatform:: Unique name xilinx:::0.0
TRACE::2024-11-01.04:41:42::SCWPlatform::Trying to set the existing hwdb with name mb_block_wrapper_0
TRACE::2024-11-01.04:41:42::SCWPlatform::Opened existing hwdb mb_block_wrapper_0
TRACE::2024-11-01.04:41:42::SCWPlatform::Found the Hw Db part of the input DSA
TRACE::2024-11-01.04:41:42::SCWMssOS::Checking the sw design at  C:/Users/realk/Desktop/ece385/ECE385/lab7_1/reallab7_sdk/mb_block_wrapper/microblaze_0/standalone_microblaze_0/bsp/system.mss
TRACE::2024-11-01.04:41:42::SCWMssOS::DEBUG:  swdes dump  C:/Users/realk/Desktop/ece385/ECE385/lab7_1/reallab7_sdk/mb_block_wrapper/microblaze_0/standalone_microblaze_0/bsp/system.mss|system||

TRACE::2024-11-01.04:41:42::SCWMssOS::Sw design exists and opened at  C:/Users/realk/Desktop/ece385/ECE385/lab7_1/reallab7_sdk/mb_block_wrapper/microblaze_0/standalone_microblaze_0/bsp/system.mss
TRACE::2024-11-01.04:41:42::SCWPlatform::Trying to open the hw design at C:/Users/realk/Desktop/ece385/ECE385/lab7_1/reallab7_sdk/mb_block_wrapper/hw/mb_block_wrapper.xsa
TRACE::2024-11-01.04:41:42::SCWPlatform::DSA given C:/Users/realk/Desktop/ece385/ECE385/lab7_1/reallab7_sdk/mb_block_wrapper/hw/mb_block_wrapper.xsa
TRACE::2024-11-01.04:41:42::SCWPlatform::DSA absoulate path C:/Users/realk/Desktop/ece385/ECE385/lab7_1/reallab7_sdk/mb_block_wrapper/hw/mb_block_wrapper.xsa
TRACE::2024-11-01.04:41:42::SCWPlatform::DSA directory C:/Users/realk/Desktop/ece385/ECE385/lab7_1/reallab7_sdk/mb_block_wrapper/hw
TRACE::2024-11-01.04:41:42::SCWPlatform:: Platform Path C:/Users/realk/Desktop/ece385/ECE385/lab7_1/reallab7_sdk/mb_block_wrapper/hw/mb_block_wrapper.xsa
TRACE::2024-11-01.04:41:42::SCWPlatform:: Unique name xilinx:::0.0
TRACE::2024-11-01.04:41:42::SCWPlatform::Trying to set the existing hwdb with name mb_block_wrapper_0
TRACE::2024-11-01.04:41:42::SCWPlatform::Opened existing hwdb mb_block_wrapper_0
TRACE::2024-11-01.04:41:42::SCWPlatform::Found the Hw Db part of the input DSA
TRACE::2024-11-01.04:41:42::SCWMssOS::Checking the sw design at  C:/Users/realk/Desktop/ece385/ECE385/lab7_1/reallab7_sdk/mb_block_wrapper/microblaze_0/standalone_microblaze_0/bsp/system.mss
TRACE::2024-11-01.04:41:42::SCWMssOS::DEBUG:  swdes dump  C:/Users/realk/Desktop/ece385/ECE385/lab7_1/reallab7_sdk/mb_block_wrapper/microblaze_0/standalone_microblaze_0/bsp/system.mss|system||

TRACE::2024-11-01.04:41:42::SCWMssOS::Sw design exists and opened at  C:/Users/realk/Desktop/ece385/ECE385/lab7_1/reallab7_sdk/mb_block_wrapper/microblaze_0/standalone_microblaze_0/bsp/system.mss
TRACE::2024-11-01.04:41:42::SCWPlatform::Trying to open the hw design at C:/Users/realk/Desktop/ece385/ECE385/lab7_1/reallab7_sdk/mb_block_wrapper/hw/mb_block_wrapper.xsa
TRACE::2024-11-01.04:41:42::SCWPlatform::DSA given C:/Users/realk/Desktop/ece385/ECE385/lab7_1/reallab7_sdk/mb_block_wrapper/hw/mb_block_wrapper.xsa
TRACE::2024-11-01.04:41:42::SCWPlatform::DSA absoulate path C:/Users/realk/Desktop/ece385/ECE385/lab7_1/reallab7_sdk/mb_block_wrapper/hw/mb_block_wrapper.xsa
TRACE::2024-11-01.04:41:42::SCWPlatform::DSA directory C:/Users/realk/Desktop/ece385/ECE385/lab7_1/reallab7_sdk/mb_block_wrapper/hw
TRACE::2024-11-01.04:41:42::SCWPlatform:: Platform Path C:/Users/realk/Desktop/ece385/ECE385/lab7_1/reallab7_sdk/mb_block_wrapper/hw/mb_block_wrapper.xsa
TRACE::2024-11-01.04:41:42::SCWPlatform:: Unique name xilinx:::0.0
TRACE::2024-11-01.04:41:42::SCWPlatform::Trying to set the existing hwdb with name mb_block_wrapper_0
TRACE::2024-11-01.04:41:42::SCWPlatform::Opened existing hwdb mb_block_wrapper_0
TRACE::2024-11-01.04:41:42::SCWPlatform::Found the Hw Db part of the input DSA
TRACE::2024-11-01.04:41:42::SCWMssOS::Checking the sw design at  C:/Users/realk/Desktop/ece385/ECE385/lab7_1/reallab7_sdk/mb_block_wrapper/microblaze_0/standalone_microblaze_0/bsp/system.mss
TRACE::2024-11-01.04:41:42::SCWMssOS::DEBUG:  swdes dump  C:/Users/realk/Desktop/ece385/ECE385/lab7_1/reallab7_sdk/mb_block_wrapper/microblaze_0/standalone_microblaze_0/bsp/system.mss|system||

TRACE::2024-11-01.04:41:42::SCWMssOS::Sw design exists and opened at  C:/Users/realk/Desktop/ece385/ECE385/lab7_1/reallab7_sdk/mb_block_wrapper/microblaze_0/standalone_microblaze_0/bsp/system.mss
TRACE::2024-11-01.04:41:42::SCWWriter::formatted JSON is {
	"platformName":	"mb_block_wrapper",
	"sprVersion":	"2.0",
	"mode":	"gui",
	"dsaType":	"Fixed",
	"platformDesc":	"mb_block_wrapper",
	"platHandOff":	"C:/Users/realk/Desktop/ece385/ECE385/lab7_1/mb_block_wrapper.xsa",
	"platIntHandOff":	"<platformDir>/hw/mb_block_wrapper.xsa",
	"deviceType":	"FPGA",
	"platIsPrebuiltAutogen":	"false",
	"platIsNoBootBsp":	"false",
	"hasFsblMakeHasChanges":	"false",
	"hasPmufwMakeHasChanges":	"false",
	"platPreBuiltFlag":	false,
	"platformSamplesDir":	"",
	"platActiveSys":	"mb_block_wrapper",
	"systems":	[{
			"systemName":	"mb_block_wrapper",
			"systemDesc":	"mb_block_wrapper",
			"sysIsBootAutoGen":	"true",
			"systemDispName":	"mb_block_wrapper",
			"sysActiveDom":	"standalone_microblaze_0",
			"sysDefaultDom":	"standalone_microblaze_0",
			"domains":	[{
					"domainName":	"standalone_microblaze_0",
					"domainDispName":	"standalone_microblaze_0",
					"domainDesc":	"standalone_microblaze_0",
					"processors":	"microblaze_0",
					"os":	"standalone",
					"sdxOs":	"standalone",
					"debugEnable":	"False",
					"domRuntimes":	["cpp"],
					"swRepo":	"",
					"mssOsVer":	"8.0",
					"mssFile":	"",
					"md5Digest":	"5422c1e5be4ae93f4de8c50507402f2a",
					"compatibleApp":	"hello_world",
					"domType":	"mssDomain",
					"arch":	"32-bit",
					"appSettings":	{
						"appCompilerFlags":	"",
						"appLinkerFlags":	""
					},
					"addedLibs":	[],
					"libOptions":	{
						"libsContainingOptions":	[]
					},
					"prebuiltLibs":	{
						"prebuiltIncPath":	[],
						"prebuiltLibPath":	[]
					},
					"isolation":	{
					}
				}]
		}]
}
KEYINFO::2024-11-01.04:41:42::SCWPlatform::updated the xpfm file.
TRACE::2024-11-01.04:41:42::SCWPlatform::Trying to open the hw design at C:/Users/realk/Desktop/ece385/ECE385/lab7_1/reallab7_sdk/mb_block_wrapper/hw/mb_block_wrapper.xsa
TRACE::2024-11-01.04:41:42::SCWPlatform::DSA given C:/Users/realk/Desktop/ece385/ECE385/lab7_1/reallab7_sdk/mb_block_wrapper/hw/mb_block_wrapper.xsa
TRACE::2024-11-01.04:41:42::SCWPlatform::DSA absoulate path C:/Users/realk/Desktop/ece385/ECE385/lab7_1/reallab7_sdk/mb_block_wrapper/hw/mb_block_wrapper.xsa
TRACE::2024-11-01.04:41:42::SCWPlatform::DSA directory C:/Users/realk/Desktop/ece385/ECE385/lab7_1/reallab7_sdk/mb_block_wrapper/hw
TRACE::2024-11-01.04:41:42::SCWPlatform:: Platform Path C:/Users/realk/Desktop/ece385/ECE385/lab7_1/reallab7_sdk/mb_block_wrapper/hw/mb_block_wrapper.xsa
TRACE::2024-11-01.04:41:42::SCWPlatform:: Unique name xilinx:::0.0
TRACE::2024-11-01.04:41:42::SCWPlatform::Trying to set the existing hwdb with name mb_block_wrapper_0
TRACE::2024-11-01.04:41:42::SCWPlatform::Opened existing hwdb mb_block_wrapper_0
TRACE::2024-11-01.04:41:42::SCWPlatform::Found the Hw Db part of the input DSA
TRACE::2024-11-01.04:41:42::SCWMssOS::Checking the sw design at  C:/Users/realk/Desktop/ece385/ECE385/lab7_1/reallab7_sdk/mb_block_wrapper/microblaze_0/standalone_microblaze_0/bsp/system.mss
TRACE::2024-11-01.04:41:42::SCWMssOS::DEBUG:  swdes dump  C:/Users/realk/Desktop/ece385/ECE385/lab7_1/reallab7_sdk/mb_block_wrapper/microblaze_0/standalone_microblaze_0/bsp/system.mss|system||

TRACE::2024-11-01.04:41:42::SCWMssOS::Sw design exists and opened at  C:/Users/realk/Desktop/ece385/ECE385/lab7_1/reallab7_sdk/mb_block_wrapper/microblaze_0/standalone_microblaze_0/bsp/system.mss
