Copyright 1986-2022 Xilinx, Inc. All Rights Reserved.
------------------------------------------------------------------------------------
| Tool Version : Vivado v.2022.2 (win64) Build 3671981 Fri Oct 14 05:00:03 MDT 2022
| Date         : Mon Nov  4 20:17:10 2024
| Host         : MSI running 64-bit major release  (build 9200)
| Command      : upgrade_ip
| Device       : xc7s50csga324-1
------------------------------------------------------------------------------------

Upgrade Log for IP 'mb_block_hdmi_text_controller_0_4'

1. Summary
----------

SUCCESS in the upgrade of mb_block_hdmi_text_controller_0_4 (xilinx.com:user:hdmi_text_controller:1.0) from (Rev. 13) to (Rev. 14)






Copyright 1986-2022 Xilinx, Inc. All Rights Reserved.
------------------------------------------------------------------------------------
| Tool Version : Vivado v.2022.2 (win64) Build 3671981 Fri Oct 14 05:00:03 MDT 2022
| Date         : Fri Nov  1 16:31:50 2024
| Host         : MSI running 64-bit major release  (build 9200)
| Command      : upgrade_ip
| Device       : xc7s50csga324-1
------------------------------------------------------------------------------------

Upgrade Log for IP 'mb_block_hdmi_text_controller_0_4'

1. Summary
----------

SUCCESS in the upgrade of mb_block_hdmi_text_controller_0_4 (xilinx.com:user:hdmi_text_controller:1.0) from (Rev. 10) to (Rev. 13)






Copyright 1986-2022 Xilinx, Inc. All Rights Reserved.
------------------------------------------------------------------------------------
| Tool Version : Vivado v.2022.2 (win64) Build 3671981 Fri Oct 14 05:00:03 MDT 2022
| Date         : Fri Nov  1 03:42:57 2024
| Host         : MSI running 64-bit major release  (build 9200)
| Command      : upgrade_ip
| Device       : xc7s50csga324-1
------------------------------------------------------------------------------------

Upgrade Log for IP 'mb_block_hdmi_text_controller_0_4'

1. Summary
----------

SUCCESS in the upgrade of mb_block_hdmi_text_controller_0_4 (xilinx.com:user:hdmi_text_controller:1.0) from (Rev. 9) to (Rev. 10)






Copyright 1986-2022 Xilinx, Inc. All Rights Reserved.
------------------------------------------------------------------------------------
| Tool Version : Vivado v.2022.2 (win64) Build 3671981 Fri Oct 14 05:00:03 MDT 2022
| Date         : Fri Nov  1 02:53:54 2024
| Host         : MSI running 64-bit major release  (build 9200)
| Command      : upgrade_ip
| Device       : xc7s50csga324-1
------------------------------------------------------------------------------------

Upgrade Log for IP 'mb_block_hdmi_text_controller_0_4'

1. Summary
----------

SUCCESS in the conversion of mb_block_hdmi_text_controller_0_4 (xilinx.com:user:hdmi_text_controller:1.0 (Rev. 9)) to Vivado generation flows.






Copyright 1986-2022 Xilinx, Inc. All Rights Reserved.
------------------------------------------------------------------------------------
| Tool Version : Vivado v.2022.2 (win64) Build 3671981 Fri Oct 14 05:00:03 MDT 2022
| Date         : Fri Nov  1 02:51:29 2024
| Host         : MSI running 64-bit major release  (build 9200)
| Command      : upgrade_ip
| Device       : xc7s50csga324-1
------------------------------------------------------------------------------------

Upgrade Log for IP 'mb_block_hdmi_text_controller_0_4'

1. Summary
----------

SUCCESS in the conversion of mb_block_hdmi_text_controller_0_4 (xilinx.com:user:hdmi_text_controller:1.0 (Rev. 9)) to Vivado generation flows.

