#-----------------------------------------------------------
# Vivado v2022.2 (64-bit)
# SW Build 3671981 on Fri Oct 14 05:00:03 MDT 2022
# IP Build 3669848 on Fri Oct 14 08:30:02 MDT 2022
# Start of session at: Mon Nov  4 20:05:44 2024
# Process ID: 42260
# Current directory: C:/Users/realk/Desktop/ece385/ECE385/lab7_1
# Command line: vivado.exe -gui_launcher_event rodinguilauncherevent32132 C:\Users\realk\Desktop\ece385\ECE385\lab7_1\lab7_1.xpr
# Log file: C:/Users/realk/Desktop/ece385/ECE385/lab7_1/vivado.log
# Journal file: C:/Users/realk/Desktop/ece385/ECE385/lab7_1\vivado.jou
# Running On: MSI, OS: Windows, CPU Frequency: 2304 MHz, CPU Physical cores: 8, Host memory: 16866 MB
#-----------------------------------------------------------
start_gui
open_project C:/Users/realk/Desktop/ece385/ECE385/lab7_1/lab7_1.xpr
WARNING: [Board 49-26] cannot add Board Part xilinx.com:vek280_es:part0:1.0 available at C:/Xilinx/Vivado/2022.2/data/xhub/boards/XilinxBoardStore/boards/Xilinx/vek280/es/1.0/board.xml as part xcve2802-vsvh1760-2lp-e-s-es1 specified in board_part file is either invalid or not available
WARNING: [Board 49-26] cannot add Board Part xilinx.com:vhk158_es:part0:1.0 available at C:/Xilinx/Vivado/2022.2/data/xhub/boards/XilinxBoardStore/boards/Xilinx/vhk158/es/1.0/board.xml as part xcvh1582-vsva3697-2mp-e-s-es1 specified in board_part file is either invalid or not available
WARNING: [Board 49-26] cannot add Board Part xilinx.com:vpk120_es:part0:1.2 available at C:/Xilinx/Vivado/2022.2/data/xhub/boards/XilinxBoardStore/boards/Xilinx/vpk120/es/1.2/board.xml as part xcvp1202-vsva2785-2mp-e-s-es1 specified in board_part file is either invalid or not available
WARNING: [Board 49-26] cannot add Board Part xilinx.com:vpk120_es_revb:part0:1.0 available at C:/Xilinx/Vivado/2022.2/data/xhub/boards/XilinxBoardStore/boards/Xilinx/vpk120_revb/es/1.0/board.xml as part xcvp1202-vsva2785-2mp-e-s-es1 specified in board_part file is either invalid or not available
WARNING: [Board 49-26] cannot add Board Part xilinx.com:vpk180_es:part0:1.0 available at C:/Xilinx/Vivado/2022.2/data/xhub/boards/XilinxBoardStore/boards/Xilinx/vpk180/es/1.0/board.xml as part xcvp1802-lsvc4072-2mp-e-s-es1 specified in board_part file is either invalid or not available
WARNING: [Board 49-26] cannot add Board Part xilinx.com:zcu208ld:part0:2.0 available at C:/Xilinx/Vivado/2022.2/data/xhub/boards/XilinxBoardStore/boards/Xilinx/zcu208ld/production/2.0/board.xml as part xczu58dr-fsvg1517-2-i specified in board_part file is either invalid or not available
WARNING: [Board 49-26] cannot add Board Part xilinx.com:zcu216ld:part0:2.0 available at C:/Xilinx/Vivado/2022.2/data/xhub/boards/XilinxBoardStore/boards/Xilinx/zcu216ld/production/2.0/board.xml as part xczu59dr-ffvf1760-2-i specified in board_part file is either invalid or not available
WARNING: [Board 49-26] cannot add Board Part xilinx.com:zcu670:part0:2.0 available at C:/Xilinx/Vivado/2022.2/data/xhub/boards/XilinxBoardStore/boards/Xilinx/zcu670/2.0/board.xml as part xczu67dr-fsve1156-2-i specified in board_part file is either invalid or not available
WARNING: [Board 49-26] cannot add Board Part xilinx.com:zcu670ld:part0:1.0 available at C:/Xilinx/Vivado/2022.2/data/xhub/boards/XilinxBoardStore/boards/Xilinx/zcu670ld/1.0/board.xml as part xczu57dr-fsve1156-2-i specified in board_part file is either invalid or not available
Scanning sources...
Finished scanning sources
INFO: [IP_Flow 19-234] Refreshing IP repositories
INFO: [IP_Flow 19-1700] Loaded user IP repository 'c:/Users/realk/Desktop/ece385/ECE385/ip_repo/hdmi_text_controller_1_0'.
INFO: [IP_Flow 19-1700] Loaded user IP repository 'c:/Users/realk/Desktop/hdmi_tx_1.0'.
INFO: [IP_Flow 19-2313] Loaded Vivado IP repository 'C:/Xilinx/Vivado/2022.2/data/ip'.
open_project: Time (s): cpu = 00:00:12 ; elapsed = 00:00:13 . Memory (MB): peak = 1850.758 ; gain = 401.777
update_compile_order -fileset sources_1
ipx::edit_ip_in_project -upgrade true -name hdmi_text_controller_v1_0_project -directory C:/Users/realk/Desktop/ece385/ECE385/lab7_1/lab7_1.tmp/hdmi_text_controller_v1_0_project c:/Users/realk/Desktop/ece385/ECE385/ip_repo/hdmi_text_controller_1_0/component.xml
INFO: [ProjectBase 1-489] The host OS only allows 260 characters in a normal path. The project is stored in a path with more than 80 characters. If you experience issues with IP, Block Designs, or files not being found, please consider moving the project to a location with a shorter path. Alternately consider using the OS subst command to map part of the path to a drive letter.
Current project path is 'c:/users/realk/desktop/ece385/ece385/lab7_1/lab7_1.tmp/hdmi_text_controller_v1_0_project'
INFO: [IP_Flow 19-234] Refreshing IP repositories
INFO: [IP_Flow 19-1704] No user IP repositories specified
INFO: [IP_Flow 19-2313] Loaded Vivado IP repository 'C:/Xilinx/Vivado/2022.2/data/ip'.
WARNING: [Board 49-26] cannot add Board Part xilinx.com:vek280_es:part0:1.0 available at C:/Xilinx/Vivado/2022.2/data/xhub/boards/XilinxBoardStore/boards/Xilinx/vek280/es/1.0/board.xml as part xcve2802-vsvh1760-2lp-e-s-es1 specified in board_part file is either invalid or not available
WARNING: [Board 49-26] cannot add Board Part xilinx.com:vhk158_es:part0:1.0 available at C:/Xilinx/Vivado/2022.2/data/xhub/boards/XilinxBoardStore/boards/Xilinx/vhk158/es/1.0/board.xml as part xcvh1582-vsva3697-2mp-e-s-es1 specified in board_part file is either invalid or not available
WARNING: [Board 49-26] cannot add Board Part xilinx.com:vpk120_es:part0:1.2 available at C:/Xilinx/Vivado/2022.2/data/xhub/boards/XilinxBoardStore/boards/Xilinx/vpk120/es/1.2/board.xml as part xcvp1202-vsva2785-2mp-e-s-es1 specified in board_part file is either invalid or not available
WARNING: [Board 49-26] cannot add Board Part xilinx.com:vpk120_es_revb:part0:1.0 available at C:/Xilinx/Vivado/2022.2/data/xhub/boards/XilinxBoardStore/boards/Xilinx/vpk120_revb/es/1.0/board.xml as part xcvp1202-vsva2785-2mp-e-s-es1 specified in board_part file is either invalid or not available
WARNING: [Board 49-26] cannot add Board Part xilinx.com:vpk180_es:part0:1.0 available at C:/Xilinx/Vivado/2022.2/data/xhub/boards/XilinxBoardStore/boards/Xilinx/vpk180/es/1.0/board.xml as part xcvp1802-lsvc4072-2mp-e-s-es1 specified in board_part file is either invalid or not available
WARNING: [Board 49-26] cannot add Board Part xilinx.com:zcu208ld:part0:2.0 available at C:/Xilinx/Vivado/2022.2/data/xhub/boards/XilinxBoardStore/boards/Xilinx/zcu208ld/production/2.0/board.xml as part xczu58dr-fsvg1517-2-i specified in board_part file is either invalid or not available
WARNING: [Board 49-26] cannot add Board Part xilinx.com:zcu216ld:part0:2.0 available at C:/Xilinx/Vivado/2022.2/data/xhub/boards/XilinxBoardStore/boards/Xilinx/zcu216ld/production/2.0/board.xml as part xczu59dr-ffvf1760-2-i specified in board_part file is either invalid or not available
WARNING: [Board 49-26] cannot add Board Part xilinx.com:zcu670:part0:2.0 available at C:/Xilinx/Vivado/2022.2/data/xhub/boards/XilinxBoardStore/boards/Xilinx/zcu670/2.0/board.xml as part xczu67dr-fsve1156-2-i specified in board_part file is either invalid or not available
WARNING: [Board 49-26] cannot add Board Part xilinx.com:zcu670ld:part0:1.0 available at C:/Xilinx/Vivado/2022.2/data/xhub/boards/XilinxBoardStore/boards/Xilinx/zcu670ld/1.0/board.xml as part xczu57dr-fsve1156-2-i specified in board_part file is either invalid or not available
INFO: [IP_Flow 19-234] Refreshing IP repositories
INFO: [IP_Flow 19-1700] Loaded user IP repository 'c:/Users/realk/Desktop/ece385/ECE385/ip_repo/hdmi_text_controller_1_0'.
INFO: [IP_Flow 19-1700] Loaded user IP repository 'c:/Users/realk/Desktop/hdmi_tx_1.0'.
INFO: [IP_Flow 19-795] Syncing license key meta-data
ipx::edit_ip_in_project: Time (s): cpu = 00:00:05 ; elapsed = 00:00:06 . Memory (MB): peak = 1984.238 ; gain = 132.324
update_compile_order -fileset sources_1
ipx::merge_project_changes files [ipx::current_core]
WARNING: [IP_Flow 19-5226] Project source file 'c:/Users/realk/Desktop/ece385/ECE385/ip_repo/hdmi_text_controller_1_0/component.xml' ignored by IP packager.
ipx::merge_project_changes hdl_parameters [ipx::current_core]
WARNING: [IP_Flow 19-5226] Project source file 'c:/Users/realk/Desktop/ece385/ECE385/ip_repo/hdmi_text_controller_1_0/component.xml' ignored by IP packager.
WARNING: [IP_Flow 19-5101] Packaging a component with a SystemVerilog top file is not fully supported. Please refer to UG1118 'Creating and Packaging Custom IP'.
INFO: [IP_Flow 19-3166] Bus Interface 'AXI': References existing memory map 'AXI'.
ipx::update_checksums [ipx::current_core]
ipx::save_core [ipx::current_core]
set_property core_revision 14 [ipx::current_core]
ipx::update_source_project_archive -component [ipx::current_core]
ipx::create_xgui_files [ipx::current_core]
ipx::update_checksums [ipx::current_core]
ipx::check_integrity [ipx::current_core]
WARNING: [IP_Flow 19-5661] Bus Interface 'hdmi_clk_n' does not have any bus interfaces associated with it.
WARNING: [IP_Flow 19-4751] Bus Interface 'hdmi_clk_n': FREQ_HZ bus parameter is missing for output clock interface.
WARNING: [IP_Flow 19-5661] Bus Interface 'hdmi_clk_p' does not have any bus interfaces associated with it.
WARNING: [IP_Flow 19-4751] Bus Interface 'hdmi_clk_p': FREQ_HZ bus parameter is missing for output clock interface.
WARNING: [IP_Flow 19-1965] Bus Interface 'HDMI': A port map to the required logical port "DDC_SCL_I" of the bus abstraction "xilinx.com:interface:hdmi_rtl:2.0" is missing.
WARNING: [IP_Flow 19-1965] Bus Interface 'HDMI': A port map to the required logical port "DDC_SCL_O" of the bus abstraction "xilinx.com:interface:hdmi_rtl:2.0" is missing.
WARNING: [IP_Flow 19-1965] Bus Interface 'HDMI': A port map to the required logical port "DDC_SCL_T" of the bus abstraction "xilinx.com:interface:hdmi_rtl:2.0" is missing.
WARNING: [IP_Flow 19-1965] Bus Interface 'HDMI': A port map to the required logical port "DDC_SDA_I" of the bus abstraction "xilinx.com:interface:hdmi_rtl:2.0" is missing.
WARNING: [IP_Flow 19-1965] Bus Interface 'HDMI': A port map to the required logical port "DDC_SDA_O" of the bus abstraction "xilinx.com:interface:hdmi_rtl:2.0" is missing.
WARNING: [IP_Flow 19-1965] Bus Interface 'HDMI': A port map to the required logical port "DDC_SDA_T" of the bus abstraction "xilinx.com:interface:hdmi_rtl:2.0" is missing.
WARNING: [IP_Flow 19-1965] Bus Interface 'HDMI': A port map to the required logical port "CABLE_CONNECT" of the bus abstraction "xilinx.com:interface:hdmi_rtl:2.0" is missing.
WARNING: [IP_Flow 19-1965] Bus Interface 'HDMI': A port map to the required logical port "HPD" of the bus abstraction "xilinx.com:interface:hdmi_rtl:2.0" is missing.
INFO: [IP_Flow 19-2181] Payment Required is not set for this core.
INFO: [IP_Flow 19-2187] The Product Guide file is missing.
INFO: [Ipptcl 7-1486] check_integrity: Integrity check passed.
ipx::save_core [ipx::current_core]
current_project lab7_1
open_bd_design {C:/Users/realk/Desktop/ece385/ECE385/lab7_1/lab7_1.srcs/sources_1/bd/mb_block/mb_block.bd}
Reading block design file <C:/Users/realk/Desktop/ece385/ECE385/lab7_1/lab7_1.srcs/sources_1/bd/mb_block/mb_block.bd>...
Adding component instance block -- xilinx.com:ip:microblaze:11.0 - microblaze_0
Adding component instance block -- xilinx.com:ip:lmb_v10:3.0 - dlmb_v10
Adding component instance block -- xilinx.com:ip:lmb_v10:3.0 - ilmb_v10
Adding component instance block -- xilinx.com:ip:lmb_bram_if_cntlr:4.0 - dlmb_bram_if_cntlr
Adding component instance block -- xilinx.com:ip:lmb_bram_if_cntlr:4.0 - ilmb_bram_if_cntlr
Adding component instance block -- xilinx.com:ip:blk_mem_gen:8.4 - lmb_bram
Adding component instance block -- xilinx.com:ip:axi_interconnect:2.1 - microblaze_0_axi_periph
Adding component instance block -- xilinx.com:ip:axi_crossbar:2.1 - xbar
Adding component instance block -- xilinx.com:ip:axi_intc:4.1 - microblaze_0_axi_intc
Adding component instance block -- xilinx.com:ip:mdm:3.2 - mdm_1
Adding component instance block -- xilinx.com:ip:clk_wiz:6.0 - clk_wiz_1
Adding component instance block -- xilinx.com:ip:proc_sys_reset:5.0 - rst_clk_wiz_1_100M
Adding component instance block -- xilinx.com:ip:axi_uartlite:2.0 - axi_uartlite_0
Adding component instance block -- xilinx.com:user:hdmi_text_controller:1.0 - hdmi_text_controller_0
Successfully read diagram <mb_block> from block design file <C:/Users/realk/Desktop/ece385/ECE385/lab7_1/lab7_1.srcs/sources_1/bd/mb_block/mb_block.bd>
update_ip_catalog -rebuild -scan_changes
INFO: [IP_Flow 19-234] Refreshing IP repositories
INFO: [IP_Flow 19-1700] Loaded user IP repository 'c:/Users/realk/Desktop/ece385/ECE385/ip_repo/hdmi_text_controller_1_0'.
INFO: [IP_Flow 19-1700] Loaded user IP repository 'c:/Users/realk/Desktop/hdmi_tx_1.0'.
report_ip_status -name ip_status
upgrade_ip -vlnv xilinx.com:user:hdmi_text_controller:1.0 [get_ips  mb_block_hdmi_text_controller_0_4] -log ip_upgrade.log
Upgrading 'C:/Users/realk/Desktop/ece385/ECE385/lab7_1/lab7_1.srcs/sources_1/bd/mb_block/mb_block.bd'
INFO: [IP_Flow 19-3422] Upgraded mb_block_hdmi_text_controller_0_4 (hdmi_text_controller_v1.0 1.0) from revision 13 to revision 14
Wrote  : <C:\Users\realk\Desktop\ece385\ECE385\lab7_1\lab7_1.srcs\sources_1\bd\mb_block\mb_block.bd> 
Wrote  : <C:/Users/realk/Desktop/ece385/ECE385/lab7_1/lab7_1.srcs/sources_1/bd/mb_block/ui/bd_d3042d03.ui> 
INFO: [Coretcl 2-1525] Wrote upgrade log to 'C:/Users/realk/Desktop/ece385/ECE385/lab7_1/ip_upgrade.log'.
export_ip_user_files -of_objects [get_ips mb_block_hdmi_text_controller_0_4] -no_script -sync -force -quiet
generate_target all [get_files  C:/Users/realk/Desktop/ece385/ECE385/lab7_1/lab7_1.srcs/sources_1/bd/mb_block/mb_block.bd]
CRITICAL WARNING: [BD 41-1732] Bus interface '/hdmi_text_controller_0/AXI' is found to be associated with multiple clock-pins. This may prevent design from functioning correctly. List of associated clock-pins:
/hdmi_text_controller_0/axi_aclk
/hdmi_text_controller_0/axi_aclk

.
WARNING: [filemgmt 56-443] The ECC Algorithm string is empty. Setting the Memory Map to default ECC value to ECC_NONE.
WARNING: [filemgmt 56-443] The ECC Algorithm string is empty. Setting the Memory Map to default ECC value to ECC_NONE.
INFO: [xilinx.com:ip:axi_intc:4.1-1] /microblaze_0_axi_intc: The AXI INTC core has been configured to operate with synchronous clocks.
INFO: [xilinx.com:ip:clk_wiz:6.0-1] /clk_wiz_1 clk_wiz propagate
Wrote  : <C:\Users\realk\Desktop\ece385\ECE385\lab7_1\lab7_1.srcs\sources_1\bd\mb_block\mb_block.bd> 
Verilog Output written to : c:/Users/realk/Desktop/ece385/ECE385/lab7_1/lab7_1.gen/sources_1/bd/mb_block/synth/mb_block.v
Verilog Output written to : c:/Users/realk/Desktop/ece385/ECE385/lab7_1/lab7_1.gen/sources_1/bd/mb_block/sim/mb_block.v
Verilog Output written to : c:/Users/realk/Desktop/ece385/ECE385/lab7_1/lab7_1.gen/sources_1/bd/mb_block/hdl/mb_block_wrapper.v
INFO: [BD 41-1029] Generation completed for the IP Integrator block hdmi_text_controller_0 .
Exporting to file c:/Users/realk/Desktop/ece385/ECE385/lab7_1/lab7_1.gen/sources_1/bd/mb_block/hw_handoff/mb_block.hwh
Generated Hardware Definition File c:/Users/realk/Desktop/ece385/ECE385/lab7_1/lab7_1.gen/sources_1/bd/mb_block/synth/mb_block.hwdef
generate_target: Time (s): cpu = 00:00:04 ; elapsed = 00:00:15 . Memory (MB): peak = 2442.441 ; gain = 233.949
catch { config_ip_cache -export [get_ips -all mb_block_hdmi_text_controller_0_4] }
INFO: [IP_Flow 19-6924] IPCACHE: Running cache check for IP inst: mb_block_hdmi_text_controller_0_4
export_ip_user_files -of_objects [get_files C:/Users/realk/Desktop/ece385/ECE385/lab7_1/lab7_1.srcs/sources_1/bd/mb_block/mb_block.bd] -no_script -sync -force -quiet
create_ip_run [get_files -of_objects [get_fileset sources_1] C:/Users/realk/Desktop/ece385/ECE385/lab7_1/lab7_1.srcs/sources_1/bd/mb_block/mb_block.bd]
launch_runs mb_block_hdmi_text_controller_0_4_synth_1 -jobs 16
INFO: [IP_Flow 19-6924] IPCACHE: Running cache check for IP inst: mb_block_hdmi_text_controller_0_4
[Mon Nov  4 20:17:32 2024] Launched mb_block_hdmi_text_controller_0_4_synth_1...
Run output will be captured here: C:/Users/realk/Desktop/ece385/ECE385/lab7_1/lab7_1.runs/mb_block_hdmi_text_controller_0_4_synth_1/runme.log
export_simulation -of_objects [get_files C:/Users/realk/Desktop/ece385/ECE385/lab7_1/lab7_1.srcs/sources_1/bd/mb_block/mb_block.bd] -directory C:/Users/realk/Desktop/ece385/ECE385/lab7_1/lab7_1.ip_user_files/sim_scripts -ip_user_files_dir C:/Users/realk/Desktop/ece385/ECE385/lab7_1/lab7_1.ip_user_files -ipstatic_source_dir C:/Users/realk/Desktop/ece385/ECE385/lab7_1/lab7_1.ip_user_files/ipstatic -lib_map_path [list {modelsim=C:/Users/realk/Desktop/ece385/ECE385/lab7_1/lab7_1.cache/compile_simlib/modelsim} {questa=C:/Users/realk/Desktop/ece385/ECE385/lab7_1/lab7_1.cache/compile_simlib/questa} {riviera=C:/Users/realk/Desktop/ece385/ECE385/lab7_1/lab7_1.cache/compile_simlib/riviera} {activehdl=C:/Users/realk/Desktop/ece385/ECE385/lab7_1/lab7_1.cache/compile_simlib/activehdl}] -use_ip_compiled_libs -force -quiet
reset_run synth_1
INFO: [Project 1-1161] Replacing file C:/Users/realk/Desktop/ece385/ECE385/lab7_1/lab7_1.srcs/utils_1/imports/synth_1/mb_block_wrapper.dcp with file C:/Users/realk/Desktop/ece385/ECE385/lab7_1/lab7_1.runs/synth_1/mb_block_wrapper.dcp
WARNING: [Vivado 12-1017] Problems encountered:
1. Failed to delete one or more files in run directory C:/Users/realk/Desktop/ece385/ECE385/lab7_1/lab7_1.runs/synth_1

launch_runs impl_1 -to_step write_bitstream -jobs 16
INFO: [IP_Flow 19-6924] IPCACHE: Running cache check for IP inst: mb_block_hdmi_text_controller_0_4
[Mon Nov  4 20:19:57 2024] Launched mb_block_hdmi_text_controller_0_4_synth_1, synth_1...
Run output will be captured here:
mb_block_hdmi_text_controller_0_4_synth_1: C:/Users/realk/Desktop/ece385/ECE385/lab7_1/lab7_1.runs/mb_block_hdmi_text_controller_0_4_synth_1/runme.log
synth_1: C:/Users/realk/Desktop/ece385/ECE385/lab7_1/lab7_1.runs/synth_1/runme.log
[Mon Nov  4 20:19:58 2024] Launched impl_1...
Run output will be captured here: C:/Users/realk/Desktop/ece385/ECE385/lab7_1/lab7_1.runs/impl_1/runme.log
report_ip_status -name ip_status 
write_hw_platform -fixed -include_bit -force -file C:/Users/realk/Desktop/ece385/ECE385/lab7_1/mb_block_wrapper.xsa
INFO: [Project 1-1918] Creating Hardware Platform: C:/Users/realk/Desktop/ece385/ECE385/lab7_1/mb_block_wrapper.xsa ...
INFO: [Project 1-1943] The Hardware Platform can be used for Hardware
INFO: [Project 1-1941] Successfully created Hardware Platform: C:/Users/realk/Desktop/ece385/ECE385/lab7_1/mb_block_wrapper.xsa
INFO: [Hsi 55-2053] elapsed time for repository (C:/Xilinx/Vivado/2022.2/data/embeddedsw) loading 0 seconds
reset_run synth_1
INFO: [Project 1-1161] Replacing file C:/Users/realk/Desktop/ece385/ECE385/lab7_1/lab7_1.srcs/utils_1/imports/synth_1/mb_block_wrapper.dcp with file C:/Users/realk/Desktop/ece385/ECE385/lab7_1/lab7_1.runs/synth_1/mb_block_wrapper.dcp
launch_runs impl_1 -to_step write_bitstream -jobs 16
[Mon Nov  4 21:10:01 2024] Launched synth_1...
Run output will be captured here: C:/Users/realk/Desktop/ece385/ECE385/lab7_1/lab7_1.runs/synth_1/runme.log
[Mon Nov  4 21:10:01 2024] Launched impl_1...
Run output will be captured here: C:/Users/realk/Desktop/ece385/ECE385/lab7_1/lab7_1.runs/impl_1/runme.log
INFO: [Vivado 12-8217] Implementation run is out of date. Exported hardware information may be inconsistent with respect to the current state of the design. It is recommended that you re-run implementation and re-generate bitstream/PDI before doing hardware export.
reset_run synth_1
INFO: [Project 1-1161] Replacing file C:/Users/realk/Desktop/ece385/ECE385/lab7_1/lab7_1.srcs/utils_1/imports/synth_1/mb_block_wrapper.dcp with file C:/Users/realk/Desktop/ece385/ECE385/lab7_1/lab7_1.runs/synth_1/mb_block_wrapper.dcp
launch_runs impl_1 -to_step write_bitstream -jobs 16
[Mon Nov  4 21:19:35 2024] Launched synth_1...
Run output will be captured here: C:/Users/realk/Desktop/ece385/ECE385/lab7_1/lab7_1.runs/synth_1/runme.log
[Mon Nov  4 21:19:35 2024] Launched impl_1...
Run output will be captured here: C:/Users/realk/Desktop/ece385/ECE385/lab7_1/lab7_1.runs/impl_1/runme.log
