Copyright 1986-2022 Xilinx, Inc. All Rights Reserved.
---------------------------------------------------------------------------------------------------------------------------------------
| Tool Version : Vivado v.2022.2 (win64) Build 3671981 Fri Oct 14 05:00:03 MDT 2022
| Date         : Wed Nov 20 22:50:06 2024
| Host         : MSI running 64-bit major release  (build 9200)
| Command      : report_drc -file mb_usb_hdmi_top_drc_routed.rpt -pb mb_usb_hdmi_top_drc_routed.pb -rpx mb_usb_hdmi_top_drc_routed.rpx
| Design       : mb_usb_hdmi_top
| Device       : xc7s50csga324-1
| Speed File   : -1
| Design State : Fully Routed
---------------------------------------------------------------------------------------------------------------------------------------

Report DRC

Table of Contents
-----------------
1. REPORT SUMMARY
2. REPORT DETAILS

1. REPORT SUMMARY
-----------------
            Netlist: netlist
          Floorplan: design_1
      Design limits: <entire design considered>
           Ruledeck: default
             Max violations: <unlimited>
             Violations found: 64
+-----------+----------+--------------------------------------------------------------+------------+
| Rule      | Severity | Description                                                  | Violations |
+-----------+----------+--------------------------------------------------------------+------------+
| CFGBVS-1  | Warning  | Missing CFGBVS and CONFIG_VOLTAGE Design Properties          | 1          |
| CHECK-3   | Warning  | Report rule limit reached                                    | 1          |
| DPIP-1    | Warning  | Input pipelining                                             | 2          |
| PDCN-137  | Warning  | enum_RAM_EXTENSION_A_not_NONE_connects_ADDRARDADDRL15_Tieoff | 40         |
| REQP-1839 | Warning  | RAMB36 async control check                                   | 20         |
+-----------+----------+--------------------------------------------------------------+------------+

2. REPORT DETAILS
-----------------
CFGBVS-1#1 Warning
Missing CFGBVS and CONFIG_VOLTAGE Design Properties  
Neither the CFGBVS nor CONFIG_VOLTAGE voltage property is set in the current_design.  Configuration bank voltage select (CFGBVS) must be set to VCCO or GND, and CONFIG_VOLTAGE must be set to the correct configuration voltage, in order to determine the I/O voltage support for the pins in bank 0.  It is suggested to specify these either using the 'Edit Device Properties' function in the GUI or directly in the XDC file using the following syntax:

 set_property CFGBVS value1 [current_design]
 #where value1 is either VCCO or GND

 set_property CONFIG_VOLTAGE value2 [current_design]
 #where value2 is the voltage provided to configuration bank 0

Refer to the device configuration user guide for more information.
Related violations: <none>

CHECK-3#1 Warning
Report rule limit reached  
REQP-1839 rule limit reached: 20 violations have been found.
Related violations: <none>

DPIP-1#1 Warning
Input pipelining  
DSP color_instance/index input color_instance/index/A[29:0] is not pipelined. Pipelining DSP48 input will improve performance.
Related violations: <none>

DPIP-1#2 Warning
Input pipelining  
DSP color_instance/index input color_instance/index/C[47:0] is not pipelined. Pipelining DSP48 input will improve performance.
Related violations: <none>

PDCN-137#1 Warning
enum_RAM_EXTENSION_A_not_NONE_connects_ADDRARDADDRL15_Tieoff  
RAMB36E1 site RAMB36_X0Y12 has BlockRam (color_instance/nolabel_line120/mem_reg_2_0) with RAM_EXTENSION_A attribute set to LOWER and ADDRARADDRL15 pin tied to LOGIC 0 (GND). In this case only the Lower BRAM will be used.
Related violations: <none>

PDCN-137#2 Warning
enum_RAM_EXTENSION_A_not_NONE_connects_ADDRARDADDRL15_Tieoff  
RAMB36E1 site RAMB36_X0Y13 has BlockRam (color_instance/nolabel_line120/mem_reg_3_0) with RAM_EXTENSION_A attribute set to UPPER and ADDRARADDRL15 pin tied to LOGIC 0 (GND). In this case only the Lower BRAM will be used.
Related violations: <none>

PDCN-137#3 Warning
enum_RAM_EXTENSION_A_not_NONE_connects_ADDRARDADDRL15_Tieoff  
RAMB36E1 site RAMB36_X0Y14 has BlockRam (color_instance/nolabel_line120/mem_reg_8_2) with RAM_EXTENSION_A attribute set to LOWER and ADDRARADDRL15 pin tied to LOGIC 0 (GND). In this case only the Lower BRAM will be used.
Related violations: <none>

PDCN-137#4 Warning
enum_RAM_EXTENSION_A_not_NONE_connects_ADDRARDADDRL15_Tieoff  
RAMB36E1 site RAMB36_X0Y15 has BlockRam (color_instance/nolabel_line120/mem_reg_9_2) with RAM_EXTENSION_A attribute set to UPPER and ADDRARADDRL15 pin tied to LOGIC 0 (GND). In this case only the Lower BRAM will be used.
Related violations: <none>

PDCN-137#5 Warning
enum_RAM_EXTENSION_A_not_NONE_connects_ADDRARDADDRL15_Tieoff  
RAMB36E1 site RAMB36_X0Y7 has BlockRam (color_instance/nolabel_line120/mem_reg_6_0) with RAM_EXTENSION_A attribute set to LOWER and ADDRARADDRL15 pin tied to LOGIC 0 (GND). In this case only the Lower BRAM will be used.
Related violations: <none>

PDCN-137#6 Warning
enum_RAM_EXTENSION_A_not_NONE_connects_ADDRARDADDRL15_Tieoff  
RAMB36E1 site RAMB36_X0Y8 has BlockRam (color_instance/nolabel_line120/mem_reg_7_0) with RAM_EXTENSION_A attribute set to UPPER and ADDRARADDRL15 pin tied to LOGIC 0 (GND). In this case only the Lower BRAM will be used.
Related violations: <none>

PDCN-137#7 Warning
enum_RAM_EXTENSION_A_not_NONE_connects_ADDRARDADDRL15_Tieoff  
RAMB36E1 site RAMB36_X1Y0 has BlockRam (color_instance/nolabel_line120/mem_reg_0_0) with RAM_EXTENSION_A attribute set to LOWER and ADDRARADDRL15 pin tied to LOGIC 0 (GND). In this case only the Lower BRAM will be used.
Related violations: <none>

PDCN-137#8 Warning
enum_RAM_EXTENSION_A_not_NONE_connects_ADDRARDADDRL15_Tieoff  
RAMB36E1 site RAMB36_X1Y1 has BlockRam (color_instance/nolabel_line120/mem_reg_1_0) with RAM_EXTENSION_A attribute set to UPPER and ADDRARADDRL15 pin tied to LOGIC 0 (GND). In this case only the Lower BRAM will be used.
Related violations: <none>

PDCN-137#9 Warning
enum_RAM_EXTENSION_A_not_NONE_connects_ADDRARDADDRL15_Tieoff  
RAMB36E1 site RAMB36_X1Y10 has BlockRam (color_instance/nolabel_line120/mem_reg_2_2) with RAM_EXTENSION_A attribute set to LOWER and ADDRARADDRL15 pin tied to LOGIC 0 (GND). In this case only the Lower BRAM will be used.
Related violations: <none>

PDCN-137#10 Warning
enum_RAM_EXTENSION_A_not_NONE_connects_ADDRARDADDRL15_Tieoff  
RAMB36E1 site RAMB36_X1Y11 has BlockRam (color_instance/nolabel_line120/mem_reg_3_2) with RAM_EXTENSION_A attribute set to UPPER and ADDRARADDRL15 pin tied to LOGIC 0 (GND). In this case only the Lower BRAM will be used.
Related violations: <none>

PDCN-137#11 Warning
enum_RAM_EXTENSION_A_not_NONE_connects_ADDRARDADDRL15_Tieoff  
RAMB36E1 site RAMB36_X1Y12 has BlockRam (color_instance/nolabel_line120/mem_reg_4_3) with RAM_EXTENSION_A attribute set to LOWER and ADDRARADDRL15 pin tied to LOGIC 0 (GND). In this case only the Lower BRAM will be used.
Related violations: <none>

PDCN-137#12 Warning
enum_RAM_EXTENSION_A_not_NONE_connects_ADDRARDADDRL15_Tieoff  
RAMB36E1 site RAMB36_X1Y13 has BlockRam (color_instance/nolabel_line120/mem_reg_5_3) with RAM_EXTENSION_A attribute set to UPPER and ADDRARADDRL15 pin tied to LOGIC 0 (GND). In this case only the Lower BRAM will be used.
Related violations: <none>

PDCN-137#13 Warning
enum_RAM_EXTENSION_A_not_NONE_connects_ADDRARDADDRL15_Tieoff  
RAMB36E1 site RAMB36_X1Y14 has BlockRam (color_instance/nolabel_line120/mem_reg_4_0) with RAM_EXTENSION_A attribute set to LOWER and ADDRARADDRL15 pin tied to LOGIC 0 (GND). In this case only the Lower BRAM will be used.
Related violations: <none>

PDCN-137#14 Warning
enum_RAM_EXTENSION_A_not_NONE_connects_ADDRARDADDRL15_Tieoff  
RAMB36E1 site RAMB36_X1Y15 has BlockRam (color_instance/nolabel_line120/mem_reg_5_0) with RAM_EXTENSION_A attribute set to UPPER and ADDRARADDRL15 pin tied to LOGIC 0 (GND). In this case only the Lower BRAM will be used.
Related violations: <none>

PDCN-137#15 Warning
enum_RAM_EXTENSION_A_not_NONE_connects_ADDRARDADDRL15_Tieoff  
RAMB36E1 site RAMB36_X1Y16 has BlockRam (color_instance/nolabel_line120/mem_reg_8_3) with RAM_EXTENSION_A attribute set to LOWER and ADDRARADDRL15 pin tied to LOGIC 0 (GND). In this case only the Lower BRAM will be used.
Related violations: <none>

PDCN-137#16 Warning
enum_RAM_EXTENSION_A_not_NONE_connects_ADDRARDADDRL15_Tieoff  
RAMB36E1 site RAMB36_X1Y17 has BlockRam (color_instance/nolabel_line120/mem_reg_9_3) with RAM_EXTENSION_A attribute set to UPPER and ADDRARADDRL15 pin tied to LOGIC 0 (GND). In this case only the Lower BRAM will be used.
Related violations: <none>

PDCN-137#17 Warning
enum_RAM_EXTENSION_A_not_NONE_connects_ADDRARDADDRL15_Tieoff  
RAMB36E1 site RAMB36_X1Y4 has BlockRam (color_instance/nolabel_line120/mem_reg_0_2) with RAM_EXTENSION_A attribute set to LOWER and ADDRARADDRL15 pin tied to LOGIC 0 (GND). In this case only the Lower BRAM will be used.
Related violations: <none>

PDCN-137#18 Warning
enum_RAM_EXTENSION_A_not_NONE_connects_ADDRARDADDRL15_Tieoff  
RAMB36E1 site RAMB36_X1Y5 has BlockRam (color_instance/nolabel_line120/mem_reg_1_2) with RAM_EXTENSION_A attribute set to UPPER and ADDRARADDRL15 pin tied to LOGIC 0 (GND). In this case only the Lower BRAM will be used.
Related violations: <none>

PDCN-137#19 Warning
enum_RAM_EXTENSION_A_not_NONE_connects_ADDRARDADDRL15_Tieoff  
RAMB36E1 site RAMB36_X1Y6 has BlockRam (color_instance/nolabel_line120/mem_reg_6_1) with RAM_EXTENSION_A attribute set to LOWER and ADDRARADDRL15 pin tied to LOGIC 0 (GND). In this case only the Lower BRAM will be used.
Related violations: <none>

PDCN-137#20 Warning
enum_RAM_EXTENSION_A_not_NONE_connects_ADDRARDADDRL15_Tieoff  
RAMB36E1 site RAMB36_X1Y7 has BlockRam (color_instance/nolabel_line120/mem_reg_7_1) with RAM_EXTENSION_A attribute set to UPPER and ADDRARADDRL15 pin tied to LOGIC 0 (GND). In this case only the Lower BRAM will be used.
Related violations: <none>

PDCN-137#21 Warning
enum_RAM_EXTENSION_A_not_NONE_connects_ADDRARDADDRL15_Tieoff  
RAMB36E1 site RAMB36_X1Y8 has BlockRam (color_instance/nolabel_line120/mem_reg_4_2) with RAM_EXTENSION_A attribute set to LOWER and ADDRARADDRL15 pin tied to LOGIC 0 (GND). In this case only the Lower BRAM will be used.
Related violations: <none>

PDCN-137#22 Warning
enum_RAM_EXTENSION_A_not_NONE_connects_ADDRARDADDRL15_Tieoff  
RAMB36E1 site RAMB36_X1Y9 has BlockRam (color_instance/nolabel_line120/mem_reg_5_2) with RAM_EXTENSION_A attribute set to UPPER and ADDRARADDRL15 pin tied to LOGIC 0 (GND). In this case only the Lower BRAM will be used.
Related violations: <none>

PDCN-137#23 Warning
enum_RAM_EXTENSION_A_not_NONE_connects_ADDRARDADDRL15_Tieoff  
RAMB36E1 site RAMB36_X2Y1 has BlockRam (color_instance/nolabel_line120/mem_reg_0_3) with RAM_EXTENSION_A attribute set to LOWER and ADDRARADDRL15 pin tied to LOGIC 0 (GND). In this case only the Lower BRAM will be used.
Related violations: <none>

PDCN-137#24 Warning
enum_RAM_EXTENSION_A_not_NONE_connects_ADDRARDADDRL15_Tieoff  
RAMB36E1 site RAMB36_X2Y10 has BlockRam (color_instance/nolabel_line120/mem_reg_3_3) with RAM_EXTENSION_A attribute set to UPPER and ADDRARADDRL15 pin tied to LOGIC 0 (GND). In this case only the Lower BRAM will be used.
Related violations: <none>

PDCN-137#25 Warning
enum_RAM_EXTENSION_A_not_NONE_connects_ADDRARDADDRL15_Tieoff  
RAMB36E1 site RAMB36_X2Y11 has BlockRam (color_instance/nolabel_line120/mem_reg_2_1) with RAM_EXTENSION_A attribute set to LOWER and ADDRARADDRL15 pin tied to LOGIC 0 (GND). In this case only the Lower BRAM will be used.
Related violations: <none>

PDCN-137#26 Warning
enum_RAM_EXTENSION_A_not_NONE_connects_ADDRARDADDRL15_Tieoff  
RAMB36E1 site RAMB36_X2Y12 has BlockRam (color_instance/nolabel_line120/mem_reg_3_1) with RAM_EXTENSION_A attribute set to UPPER and ADDRARADDRL15 pin tied to LOGIC 0 (GND). In this case only the Lower BRAM will be used.
Related violations: <none>

PDCN-137#27 Warning
enum_RAM_EXTENSION_A_not_NONE_connects_ADDRARDADDRL15_Tieoff  
RAMB36E1 site RAMB36_X2Y13 has BlockRam (color_instance/nolabel_line120/mem_reg_4_1) with RAM_EXTENSION_A attribute set to LOWER and ADDRARADDRL15 pin tied to LOGIC 0 (GND). In this case only the Lower BRAM will be used.
Related violations: <none>

PDCN-137#28 Warning
enum_RAM_EXTENSION_A_not_NONE_connects_ADDRARDADDRL15_Tieoff  
RAMB36E1 site RAMB36_X2Y14 has BlockRam (color_instance/nolabel_line120/mem_reg_5_1) with RAM_EXTENSION_A attribute set to UPPER and ADDRARADDRL15 pin tied to LOGIC 0 (GND). In this case only the Lower BRAM will be used.
Related violations: <none>

PDCN-137#29 Warning
enum_RAM_EXTENSION_A_not_NONE_connects_ADDRARDADDRL15_Tieoff  
RAMB36E1 site RAMB36_X2Y15 has BlockRam (color_instance/nolabel_line120/mem_reg_8_0) with RAM_EXTENSION_A attribute set to LOWER and ADDRARADDRL15 pin tied to LOGIC 0 (GND). In this case only the Lower BRAM will be used.
Related violations: <none>

PDCN-137#30 Warning
enum_RAM_EXTENSION_A_not_NONE_connects_ADDRARDADDRL15_Tieoff  
RAMB36E1 site RAMB36_X2Y16 has BlockRam (color_instance/nolabel_line120/mem_reg_9_0) with RAM_EXTENSION_A attribute set to UPPER and ADDRARADDRL15 pin tied to LOGIC 0 (GND). In this case only the Lower BRAM will be used.
Related violations: <none>

PDCN-137#31 Warning
enum_RAM_EXTENSION_A_not_NONE_connects_ADDRARDADDRL15_Tieoff  
RAMB36E1 site RAMB36_X2Y17 has BlockRam (color_instance/nolabel_line120/mem_reg_8_1) with RAM_EXTENSION_A attribute set to LOWER and ADDRARADDRL15 pin tied to LOGIC 0 (GND). In this case only the Lower BRAM will be used.
Related violations: <none>

PDCN-137#32 Warning
enum_RAM_EXTENSION_A_not_NONE_connects_ADDRARDADDRL15_Tieoff  
RAMB36E1 site RAMB36_X2Y18 has BlockRam (color_instance/nolabel_line120/mem_reg_9_1) with RAM_EXTENSION_A attribute set to UPPER and ADDRARADDRL15 pin tied to LOGIC 0 (GND). In this case only the Lower BRAM will be used.
Related violations: <none>

PDCN-137#33 Warning
enum_RAM_EXTENSION_A_not_NONE_connects_ADDRARDADDRL15_Tieoff  
RAMB36E1 site RAMB36_X2Y2 has BlockRam (color_instance/nolabel_line120/mem_reg_1_3) with RAM_EXTENSION_A attribute set to UPPER and ADDRARADDRL15 pin tied to LOGIC 0 (GND). In this case only the Lower BRAM will be used.
Related violations: <none>

PDCN-137#34 Warning
enum_RAM_EXTENSION_A_not_NONE_connects_ADDRARDADDRL15_Tieoff  
RAMB36E1 site RAMB36_X2Y3 has BlockRam (color_instance/nolabel_line120/mem_reg_0_1) with RAM_EXTENSION_A attribute set to LOWER and ADDRARADDRL15 pin tied to LOGIC 0 (GND). In this case only the Lower BRAM will be used.
Related violations: <none>

PDCN-137#35 Warning
enum_RAM_EXTENSION_A_not_NONE_connects_ADDRARDADDRL15_Tieoff  
RAMB36E1 site RAMB36_X2Y4 has BlockRam (color_instance/nolabel_line120/mem_reg_1_1) with RAM_EXTENSION_A attribute set to UPPER and ADDRARADDRL15 pin tied to LOGIC 0 (GND). In this case only the Lower BRAM will be used.
Related violations: <none>

PDCN-137#36 Warning
enum_RAM_EXTENSION_A_not_NONE_connects_ADDRARDADDRL15_Tieoff  
RAMB36E1 site RAMB36_X2Y5 has BlockRam (color_instance/nolabel_line120/mem_reg_6_3) with RAM_EXTENSION_A attribute set to LOWER and ADDRARADDRL15 pin tied to LOGIC 0 (GND). In this case only the Lower BRAM will be used.
Related violations: <none>

PDCN-137#37 Warning
enum_RAM_EXTENSION_A_not_NONE_connects_ADDRARDADDRL15_Tieoff  
RAMB36E1 site RAMB36_X2Y6 has BlockRam (color_instance/nolabel_line120/mem_reg_7_3) with RAM_EXTENSION_A attribute set to UPPER and ADDRARADDRL15 pin tied to LOGIC 0 (GND). In this case only the Lower BRAM will be used.
Related violations: <none>

PDCN-137#38 Warning
enum_RAM_EXTENSION_A_not_NONE_connects_ADDRARDADDRL15_Tieoff  
RAMB36E1 site RAMB36_X2Y7 has BlockRam (color_instance/nolabel_line120/mem_reg_6_2) with RAM_EXTENSION_A attribute set to LOWER and ADDRARADDRL15 pin tied to LOGIC 0 (GND). In this case only the Lower BRAM will be used.
Related violations: <none>

PDCN-137#39 Warning
enum_RAM_EXTENSION_A_not_NONE_connects_ADDRARDADDRL15_Tieoff  
RAMB36E1 site RAMB36_X2Y8 has BlockRam (color_instance/nolabel_line120/mem_reg_7_2) with RAM_EXTENSION_A attribute set to UPPER and ADDRARADDRL15 pin tied to LOGIC 0 (GND). In this case only the Lower BRAM will be used.
Related violations: <none>

PDCN-137#40 Warning
enum_RAM_EXTENSION_A_not_NONE_connects_ADDRARDADDRL15_Tieoff  
RAMB36E1 site RAMB36_X2Y9 has BlockRam (color_instance/nolabel_line120/mem_reg_2_3) with RAM_EXTENSION_A attribute set to LOWER and ADDRARADDRL15 pin tied to LOGIC 0 (GND). In this case only the Lower BRAM will be used.
Related violations: <none>

REQP-1839#1 Warning
RAMB36 async control check  
The RAMB36E1 color_instance/nolabel_line128/mem_reg_0_0 has an input control pin color_instance/nolabel_line128/mem_reg_0_0/ADDRBWRADDR[13] (net: color_instance/nolabel_line128/mem_reg_0_0_i_1__0_n_6) which is driven by a register (vga/hc_reg[0]) that has an active asychronous set or reset. This may cause corruption of the memory contents and/or read values when the set/reset is asserted and is not analyzed by the default static timing analysis. It is suggested to eliminate the use of a set/reset to registers driving this RAMB pin or else use a synchronous reset in which the assertion of the reset is timed by default.
Related violations: <none>

REQP-1839#2 Warning
RAMB36 async control check  
The RAMB36E1 color_instance/nolabel_line128/mem_reg_0_0 has an input control pin color_instance/nolabel_line128/mem_reg_0_0/ADDRBWRADDR[13] (net: color_instance/nolabel_line128/mem_reg_0_0_i_1__0_n_6) which is driven by a register (vga/hc_reg[1]) that has an active asychronous set or reset. This may cause corruption of the memory contents and/or read values when the set/reset is asserted and is not analyzed by the default static timing analysis. It is suggested to eliminate the use of a set/reset to registers driving this RAMB pin or else use a synchronous reset in which the assertion of the reset is timed by default.
Related violations: <none>

REQP-1839#3 Warning
RAMB36 async control check  
The RAMB36E1 color_instance/nolabel_line128/mem_reg_0_0 has an input control pin color_instance/nolabel_line128/mem_reg_0_0/ADDRBWRADDR[14] (net: color_instance/nolabel_line128/mem_reg_0_0_i_1__0_n_5) which is driven by a register (vga/hc_reg[0]) that has an active asychronous set or reset. This may cause corruption of the memory contents and/or read values when the set/reset is asserted and is not analyzed by the default static timing analysis. It is suggested to eliminate the use of a set/reset to registers driving this RAMB pin or else use a synchronous reset in which the assertion of the reset is timed by default.
Related violations: <none>

REQP-1839#4 Warning
RAMB36 async control check  
The RAMB36E1 color_instance/nolabel_line128/mem_reg_0_0 has an input control pin color_instance/nolabel_line128/mem_reg_0_0/ADDRBWRADDR[14] (net: color_instance/nolabel_line128/mem_reg_0_0_i_1__0_n_5) which is driven by a register (vga/hc_reg[1]) that has an active asychronous set or reset. This may cause corruption of the memory contents and/or read values when the set/reset is asserted and is not analyzed by the default static timing analysis. It is suggested to eliminate the use of a set/reset to registers driving this RAMB pin or else use a synchronous reset in which the assertion of the reset is timed by default.
Related violations: <none>

REQP-1839#5 Warning
RAMB36 async control check  
The RAMB36E1 color_instance/nolabel_line128/mem_reg_0_0 has an input control pin color_instance/nolabel_line128/mem_reg_0_0/ADDRBWRADDR[14] (net: color_instance/nolabel_line128/mem_reg_0_0_i_1__0_n_5) which is driven by a register (vga/hc_reg[2]) that has an active asychronous set or reset. This may cause corruption of the memory contents and/or read values when the set/reset is asserted and is not analyzed by the default static timing analysis. It is suggested to eliminate the use of a set/reset to registers driving this RAMB pin or else use a synchronous reset in which the assertion of the reset is timed by default.
Related violations: <none>

REQP-1839#6 Warning
RAMB36 async control check  
The RAMB36E1 color_instance/nolabel_line128/mem_reg_0_0 has an input control pin color_instance/nolabel_line128/mem_reg_0_0/ADDRBWRADDR[14] (net: color_instance/nolabel_line128/mem_reg_0_0_i_1__0_n_5) which is driven by a register (vga/hc_reg[3]) that has an active asychronous set or reset. This may cause corruption of the memory contents and/or read values when the set/reset is asserted and is not analyzed by the default static timing analysis. It is suggested to eliminate the use of a set/reset to registers driving this RAMB pin or else use a synchronous reset in which the assertion of the reset is timed by default.
Related violations: <none>

REQP-1839#7 Warning
RAMB36 async control check  
The RAMB36E1 color_instance/nolabel_line128/mem_reg_0_0 has an input control pin color_instance/nolabel_line128/mem_reg_0_0/ADDRBWRADDR[14] (net: color_instance/nolabel_line128/mem_reg_0_0_i_1__0_n_5) which is driven by a register (vga/hc_reg[4]) that has an active asychronous set or reset. This may cause corruption of the memory contents and/or read values when the set/reset is asserted and is not analyzed by the default static timing analysis. It is suggested to eliminate the use of a set/reset to registers driving this RAMB pin or else use a synchronous reset in which the assertion of the reset is timed by default.
Related violations: <none>

REQP-1839#8 Warning
RAMB36 async control check  
The RAMB36E1 color_instance/nolabel_line128/mem_reg_0_0 has an input control pin color_instance/nolabel_line128/mem_reg_0_0/ADDRBWRADDR[14] (net: color_instance/nolabel_line128/mem_reg_0_0_i_1__0_n_5) which is driven by a register (vga/hc_reg[5]) that has an active asychronous set or reset. This may cause corruption of the memory contents and/or read values when the set/reset is asserted and is not analyzed by the default static timing analysis. It is suggested to eliminate the use of a set/reset to registers driving this RAMB pin or else use a synchronous reset in which the assertion of the reset is timed by default.
Related violations: <none>

REQP-1839#9 Warning
RAMB36 async control check  
The RAMB36E1 color_instance/nolabel_line128/mem_reg_0_0 has an input control pin color_instance/nolabel_line128/mem_reg_0_0/ADDRBWRADDR[14] (net: color_instance/nolabel_line128/mem_reg_0_0_i_1__0_n_5) which is driven by a register (vga/hc_reg[6]) that has an active asychronous set or reset. This may cause corruption of the memory contents and/or read values when the set/reset is asserted and is not analyzed by the default static timing analysis. It is suggested to eliminate the use of a set/reset to registers driving this RAMB pin or else use a synchronous reset in which the assertion of the reset is timed by default.
Related violations: <none>

REQP-1839#10 Warning
RAMB36 async control check  
The RAMB36E1 color_instance/nolabel_line128/mem_reg_0_0 has an input control pin color_instance/nolabel_line128/mem_reg_0_0/ADDRBWRADDR[14] (net: color_instance/nolabel_line128/mem_reg_0_0_i_1__0_n_5) which is driven by a register (vga/hc_reg[7]) that has an active asychronous set or reset. This may cause corruption of the memory contents and/or read values when the set/reset is asserted and is not analyzed by the default static timing analysis. It is suggested to eliminate the use of a set/reset to registers driving this RAMB pin or else use a synchronous reset in which the assertion of the reset is timed by default.
Related violations: <none>

REQP-1839#11 Warning
RAMB36 async control check  
The RAMB36E1 color_instance/nolabel_line128/mem_reg_0_0 has an input control pin color_instance/nolabel_line128/mem_reg_0_0/ADDRBWRADDR[14] (net: color_instance/nolabel_line128/mem_reg_0_0_i_1__0_n_5) which is driven by a register (vga/hc_reg[8]) that has an active asychronous set or reset. This may cause corruption of the memory contents and/or read values when the set/reset is asserted and is not analyzed by the default static timing analysis. It is suggested to eliminate the use of a set/reset to registers driving this RAMB pin or else use a synchronous reset in which the assertion of the reset is timed by default.
Related violations: <none>

REQP-1839#12 Warning
RAMB36 async control check  
The RAMB36E1 color_instance/nolabel_line128/mem_reg_0_0 has an input control pin color_instance/nolabel_line128/mem_reg_0_0/ADDRBWRADDR[14] (net: color_instance/nolabel_line128/mem_reg_0_0_i_1__0_n_5) which is driven by a register (vga/vc_reg[0]) that has an active asychronous set or reset. This may cause corruption of the memory contents and/or read values when the set/reset is asserted and is not analyzed by the default static timing analysis. It is suggested to eliminate the use of a set/reset to registers driving this RAMB pin or else use a synchronous reset in which the assertion of the reset is timed by default.
Related violations: <none>

REQP-1839#13 Warning
RAMB36 async control check  
The RAMB36E1 color_instance/nolabel_line128/mem_reg_0_0 has an input control pin color_instance/nolabel_line128/mem_reg_0_0/ADDRBWRADDR[14] (net: color_instance/nolabel_line128/mem_reg_0_0_i_1__0_n_5) which is driven by a register (vga/vc_reg[1]) that has an active asychronous set or reset. This may cause corruption of the memory contents and/or read values when the set/reset is asserted and is not analyzed by the default static timing analysis. It is suggested to eliminate the use of a set/reset to registers driving this RAMB pin or else use a synchronous reset in which the assertion of the reset is timed by default.
Related violations: <none>

REQP-1839#14 Warning
RAMB36 async control check  
The RAMB36E1 color_instance/nolabel_line128/mem_reg_0_0 has an input control pin color_instance/nolabel_line128/mem_reg_0_0/ADDRBWRADDR[14] (net: color_instance/nolabel_line128/mem_reg_0_0_i_1__0_n_5) which is driven by a register (vga/vc_reg[2]) that has an active asychronous set or reset. This may cause corruption of the memory contents and/or read values when the set/reset is asserted and is not analyzed by the default static timing analysis. It is suggested to eliminate the use of a set/reset to registers driving this RAMB pin or else use a synchronous reset in which the assertion of the reset is timed by default.
Related violations: <none>

REQP-1839#15 Warning
RAMB36 async control check  
The RAMB36E1 color_instance/nolabel_line128/mem_reg_0_0 has an input control pin color_instance/nolabel_line128/mem_reg_0_0/ADDRBWRADDR[14] (net: color_instance/nolabel_line128/mem_reg_0_0_i_1__0_n_5) which is driven by a register (vga/vc_reg[3]) that has an active asychronous set or reset. This may cause corruption of the memory contents and/or read values when the set/reset is asserted and is not analyzed by the default static timing analysis. It is suggested to eliminate the use of a set/reset to registers driving this RAMB pin or else use a synchronous reset in which the assertion of the reset is timed by default.
Related violations: <none>

REQP-1839#16 Warning
RAMB36 async control check  
The RAMB36E1 color_instance/nolabel_line128/mem_reg_0_0 has an input control pin color_instance/nolabel_line128/mem_reg_0_0/ADDRBWRADDR[14] (net: color_instance/nolabel_line128/mem_reg_0_0_i_1__0_n_5) which is driven by a register (vga/vc_reg[4]) that has an active asychronous set or reset. This may cause corruption of the memory contents and/or read values when the set/reset is asserted and is not analyzed by the default static timing analysis. It is suggested to eliminate the use of a set/reset to registers driving this RAMB pin or else use a synchronous reset in which the assertion of the reset is timed by default.
Related violations: <none>

REQP-1839#17 Warning
RAMB36 async control check  
The RAMB36E1 color_instance/nolabel_line128/mem_reg_0_0 has an input control pin color_instance/nolabel_line128/mem_reg_0_0/ADDRBWRADDR[14] (net: color_instance/nolabel_line128/mem_reg_0_0_i_1__0_n_5) which is driven by a register (vga/vc_reg[5]) that has an active asychronous set or reset. This may cause corruption of the memory contents and/or read values when the set/reset is asserted and is not analyzed by the default static timing analysis. It is suggested to eliminate the use of a set/reset to registers driving this RAMB pin or else use a synchronous reset in which the assertion of the reset is timed by default.
Related violations: <none>

REQP-1839#18 Warning
RAMB36 async control check  
The RAMB36E1 color_instance/nolabel_line128/mem_reg_0_0 has an input control pin color_instance/nolabel_line128/mem_reg_0_0/ADDRBWRADDR[14] (net: color_instance/nolabel_line128/mem_reg_0_0_i_1__0_n_5) which is driven by a register (vga/vc_reg[6]) that has an active asychronous set or reset. This may cause corruption of the memory contents and/or read values when the set/reset is asserted and is not analyzed by the default static timing analysis. It is suggested to eliminate the use of a set/reset to registers driving this RAMB pin or else use a synchronous reset in which the assertion of the reset is timed by default.
Related violations: <none>

REQP-1839#19 Warning
RAMB36 async control check  
The RAMB36E1 color_instance/nolabel_line128/mem_reg_0_0 has an input control pin color_instance/nolabel_line128/mem_reg_0_0/ADDRBWRADDR[14] (net: color_instance/nolabel_line128/mem_reg_0_0_i_1__0_n_5) which is driven by a register (vga/vc_reg[7]) that has an active asychronous set or reset. This may cause corruption of the memory contents and/or read values when the set/reset is asserted and is not analyzed by the default static timing analysis. It is suggested to eliminate the use of a set/reset to registers driving this RAMB pin or else use a synchronous reset in which the assertion of the reset is timed by default.
Related violations: <none>

REQP-1839#20 Warning
RAMB36 async control check  
The RAMB36E1 color_instance/nolabel_line128/mem_reg_0_0 has an input control pin color_instance/nolabel_line128/mem_reg_0_0/ADDRBWRADDR[14] (net: color_instance/nolabel_line128/mem_reg_0_0_i_1__0_n_5) which is driven by a register (vga/vc_reg[8]) that has an active asychronous set or reset. This may cause corruption of the memory contents and/or read values when the set/reset is asserted and is not analyzed by the default static timing analysis. It is suggested to eliminate the use of a set/reset to registers driving this RAMB pin or else use a synchronous reset in which the assertion of the reset is timed by default.
Related violations: <none>


