Copyright 1986-2022 Xilinx, Inc. All Rights Reserved.
------------------------------------------------------------------------------------------------------------------------------------
| Tool Version : Vivado v.2022.2 (win64) Build 3671981 Fri Oct 14 05:00:03 MDT 2022
| Date         : Thu Nov 21 17:51:08 2024
| Host         : ECEB-3022-11 running 64-bit major release  (build 9200)
| Command      : report_drc -file mb_usb_hdmi_top_drc_opted.rpt -pb mb_usb_hdmi_top_drc_opted.pb -rpx mb_usb_hdmi_top_drc_opted.rpx
| Design       : mb_usb_hdmi_top
| Device       : xc7s50csga324-1
| Speed File   : -1
| Design State : Synthesized
------------------------------------------------------------------------------------------------------------------------------------

Report DRC

Table of Contents
-----------------
1. REPORT SUMMARY
2. REPORT DETAILS

1. REPORT SUMMARY
-----------------
            Netlist: netlist
          Floorplan: design_1
      Design limits: <entire design considered>
           Ruledeck: default
             Max violations: <unlimited>
             Violations found: 24
+-----------+----------+-----------------------------------------------------+------------+
| Rule      | Severity | Description                                         | Violations |
+-----------+----------+-----------------------------------------------------+------------+
| CFGBVS-1  | Warning  | Missing CFGBVS and CONFIG_VOLTAGE Design Properties | 1          |
| CHECK-3   | Warning  | Report rule limit reached                           | 1          |
| DPIP-1    | Warning  | Input pipelining                                    | 2          |
| REQP-1839 | Warning  | RAMB36 async control check                          | 20         |
+-----------+----------+-----------------------------------------------------+------------+

2. REPORT DETAILS
-----------------
CFGBVS-1#1 Warning
Missing CFGBVS and CONFIG_VOLTAGE Design Properties  
Neither the CFGBVS nor CONFIG_VOLTAGE voltage property is set in the current_design.  Configuration bank voltage select (CFGBVS) must be set to VCCO or GND, and CONFIG_VOLTAGE must be set to the correct configuration voltage, in order to determine the I/O voltage support for the pins in bank 0.  It is suggested to specify these either using the 'Edit Device Properties' function in the GUI or directly in the XDC file using the following syntax:

 set_property CFGBVS value1 [current_design]
 #where value1 is either VCCO or GND

 set_property CONFIG_VOLTAGE value2 [current_design]
 #where value2 is the voltage provided to configuration bank 0

Refer to the device configuration user guide for more information.
Related violations: <none>

CHECK-3#1 Warning
Report rule limit reached  
REQP-1839 rule limit reached: 20 violations have been found.
Related violations: <none>

DPIP-1#1 Warning
Input pipelining  
DSP color_instance/index input color_instance/index/A[29:0] is not pipelined. Pipelining DSP48 input will improve performance.
Related violations: <none>

DPIP-1#2 Warning
Input pipelining  
DSP color_instance/index input color_instance/index/C[47:0] is not pipelined. Pipelining DSP48 input will improve performance.
Related violations: <none>

REQP-1839#1 Warning
RAMB36 async control check  
The RAMB36E1 color_instance/nolabel_line117/mem_reg_0_0 has an input control pin color_instance/nolabel_line117/mem_reg_0_0/ADDRBWRADDR[13] (net: color_instance/nolabel_line117/mem_reg_0_0_i_1__0_n_5) which is driven by a register (vga/hc_reg[4]) that has an active asychronous set or reset. This may cause corruption of the memory contents and/or read values when the set/reset is asserted and is not analyzed by the default static timing analysis. It is suggested to eliminate the use of a set/reset to registers driving this RAMB pin or else use a synchronous reset in which the assertion of the reset is timed by default.
Related violations: <none>

REQP-1839#2 Warning
RAMB36 async control check  
The RAMB36E1 color_instance/nolabel_line117/mem_reg_0_0 has an input control pin color_instance/nolabel_line117/mem_reg_0_0/ADDRBWRADDR[13] (net: color_instance/nolabel_line117/mem_reg_0_0_i_1__0_n_5) which is driven by a register (vga/hc_reg[7]) that has an active asychronous set or reset. This may cause corruption of the memory contents and/or read values when the set/reset is asserted and is not analyzed by the default static timing analysis. It is suggested to eliminate the use of a set/reset to registers driving this RAMB pin or else use a synchronous reset in which the assertion of the reset is timed by default.
Related violations: <none>

REQP-1839#3 Warning
RAMB36 async control check  
The RAMB36E1 color_instance/nolabel_line117/mem_reg_0_0 has an input control pin color_instance/nolabel_line117/mem_reg_0_0/ADDRBWRADDR[14] (net: color_instance/nolabel_line117/mem_reg_0_0_i_1__0_n_4) which is driven by a register (vga/hc_reg[0]) that has an active asychronous set or reset. This may cause corruption of the memory contents and/or read values when the set/reset is asserted and is not analyzed by the default static timing analysis. It is suggested to eliminate the use of a set/reset to registers driving this RAMB pin or else use a synchronous reset in which the assertion of the reset is timed by default.
Related violations: <none>

REQP-1839#4 Warning
RAMB36 async control check  
The RAMB36E1 color_instance/nolabel_line117/mem_reg_0_0 has an input control pin color_instance/nolabel_line117/mem_reg_0_0/ADDRBWRADDR[14] (net: color_instance/nolabel_line117/mem_reg_0_0_i_1__0_n_4) which is driven by a register (vga/hc_reg[1]) that has an active asychronous set or reset. This may cause corruption of the memory contents and/or read values when the set/reset is asserted and is not analyzed by the default static timing analysis. It is suggested to eliminate the use of a set/reset to registers driving this RAMB pin or else use a synchronous reset in which the assertion of the reset is timed by default.
Related violations: <none>

REQP-1839#5 Warning
RAMB36 async control check  
The RAMB36E1 color_instance/nolabel_line117/mem_reg_0_0 has an input control pin color_instance/nolabel_line117/mem_reg_0_0/ADDRBWRADDR[14] (net: color_instance/nolabel_line117/mem_reg_0_0_i_1__0_n_4) which is driven by a register (vga/hc_reg[2]) that has an active asychronous set or reset. This may cause corruption of the memory contents and/or read values when the set/reset is asserted and is not analyzed by the default static timing analysis. It is suggested to eliminate the use of a set/reset to registers driving this RAMB pin or else use a synchronous reset in which the assertion of the reset is timed by default.
Related violations: <none>

REQP-1839#6 Warning
RAMB36 async control check  
The RAMB36E1 color_instance/nolabel_line117/mem_reg_0_0 has an input control pin color_instance/nolabel_line117/mem_reg_0_0/ADDRBWRADDR[14] (net: color_instance/nolabel_line117/mem_reg_0_0_i_1__0_n_4) which is driven by a register (vga/hc_reg[3]) that has an active asychronous set or reset. This may cause corruption of the memory contents and/or read values when the set/reset is asserted and is not analyzed by the default static timing analysis. It is suggested to eliminate the use of a set/reset to registers driving this RAMB pin or else use a synchronous reset in which the assertion of the reset is timed by default.
Related violations: <none>

REQP-1839#7 Warning
RAMB36 async control check  
The RAMB36E1 color_instance/nolabel_line117/mem_reg_0_0 has an input control pin color_instance/nolabel_line117/mem_reg_0_0/ADDRBWRADDR[14] (net: color_instance/nolabel_line117/mem_reg_0_0_i_1__0_n_4) which is driven by a register (vga/hc_reg[4]) that has an active asychronous set or reset. This may cause corruption of the memory contents and/or read values when the set/reset is asserted and is not analyzed by the default static timing analysis. It is suggested to eliminate the use of a set/reset to registers driving this RAMB pin or else use a synchronous reset in which the assertion of the reset is timed by default.
Related violations: <none>

REQP-1839#8 Warning
RAMB36 async control check  
The RAMB36E1 color_instance/nolabel_line117/mem_reg_0_0 has an input control pin color_instance/nolabel_line117/mem_reg_0_0/ADDRBWRADDR[14] (net: color_instance/nolabel_line117/mem_reg_0_0_i_1__0_n_4) which is driven by a register (vga/hc_reg[5]) that has an active asychronous set or reset. This may cause corruption of the memory contents and/or read values when the set/reset is asserted and is not analyzed by the default static timing analysis. It is suggested to eliminate the use of a set/reset to registers driving this RAMB pin or else use a synchronous reset in which the assertion of the reset is timed by default.
Related violations: <none>

REQP-1839#9 Warning
RAMB36 async control check  
The RAMB36E1 color_instance/nolabel_line117/mem_reg_0_0 has an input control pin color_instance/nolabel_line117/mem_reg_0_0/ADDRBWRADDR[14] (net: color_instance/nolabel_line117/mem_reg_0_0_i_1__0_n_4) which is driven by a register (vga/hc_reg[6]) that has an active asychronous set or reset. This may cause corruption of the memory contents and/or read values when the set/reset is asserted and is not analyzed by the default static timing analysis. It is suggested to eliminate the use of a set/reset to registers driving this RAMB pin or else use a synchronous reset in which the assertion of the reset is timed by default.
Related violations: <none>

REQP-1839#10 Warning
RAMB36 async control check  
The RAMB36E1 color_instance/nolabel_line117/mem_reg_0_0 has an input control pin color_instance/nolabel_line117/mem_reg_0_0/ADDRBWRADDR[14] (net: color_instance/nolabel_line117/mem_reg_0_0_i_1__0_n_4) which is driven by a register (vga/hc_reg[7]) that has an active asychronous set or reset. This may cause corruption of the memory contents and/or read values when the set/reset is asserted and is not analyzed by the default static timing analysis. It is suggested to eliminate the use of a set/reset to registers driving this RAMB pin or else use a synchronous reset in which the assertion of the reset is timed by default.
Related violations: <none>

REQP-1839#11 Warning
RAMB36 async control check  
The RAMB36E1 color_instance/nolabel_line117/mem_reg_0_0 has an input control pin color_instance/nolabel_line117/mem_reg_0_0/ADDRBWRADDR[14] (net: color_instance/nolabel_line117/mem_reg_0_0_i_1__0_n_4) which is driven by a register (vga/hc_reg[8]) that has an active asychronous set or reset. This may cause corruption of the memory contents and/or read values when the set/reset is asserted and is not analyzed by the default static timing analysis. It is suggested to eliminate the use of a set/reset to registers driving this RAMB pin or else use a synchronous reset in which the assertion of the reset is timed by default.
Related violations: <none>

REQP-1839#12 Warning
RAMB36 async control check  
The RAMB36E1 color_instance/nolabel_line117/mem_reg_0_0 has an input control pin color_instance/nolabel_line117/mem_reg_0_0/ADDRBWRADDR[14] (net: color_instance/nolabel_line117/mem_reg_0_0_i_1__0_n_4) which is driven by a register (vga/vc_reg[0]) that has an active asychronous set or reset. This may cause corruption of the memory contents and/or read values when the set/reset is asserted and is not analyzed by the default static timing analysis. It is suggested to eliminate the use of a set/reset to registers driving this RAMB pin or else use a synchronous reset in which the assertion of the reset is timed by default.
Related violations: <none>

REQP-1839#13 Warning
RAMB36 async control check  
The RAMB36E1 color_instance/nolabel_line117/mem_reg_0_0 has an input control pin color_instance/nolabel_line117/mem_reg_0_0/ADDRBWRADDR[14] (net: color_instance/nolabel_line117/mem_reg_0_0_i_1__0_n_4) which is driven by a register (vga/vc_reg[1]) that has an active asychronous set or reset. This may cause corruption of the memory contents and/or read values when the set/reset is asserted and is not analyzed by the default static timing analysis. It is suggested to eliminate the use of a set/reset to registers driving this RAMB pin or else use a synchronous reset in which the assertion of the reset is timed by default.
Related violations: <none>

REQP-1839#14 Warning
RAMB36 async control check  
The RAMB36E1 color_instance/nolabel_line117/mem_reg_0_0 has an input control pin color_instance/nolabel_line117/mem_reg_0_0/ADDRBWRADDR[14] (net: color_instance/nolabel_line117/mem_reg_0_0_i_1__0_n_4) which is driven by a register (vga/vc_reg[2]) that has an active asychronous set or reset. This may cause corruption of the memory contents and/or read values when the set/reset is asserted and is not analyzed by the default static timing analysis. It is suggested to eliminate the use of a set/reset to registers driving this RAMB pin or else use a synchronous reset in which the assertion of the reset is timed by default.
Related violations: <none>

REQP-1839#15 Warning
RAMB36 async control check  
The RAMB36E1 color_instance/nolabel_line117/mem_reg_0_0 has an input control pin color_instance/nolabel_line117/mem_reg_0_0/ADDRBWRADDR[14] (net: color_instance/nolabel_line117/mem_reg_0_0_i_1__0_n_4) which is driven by a register (vga/vc_reg[3]) that has an active asychronous set or reset. This may cause corruption of the memory contents and/or read values when the set/reset is asserted and is not analyzed by the default static timing analysis. It is suggested to eliminate the use of a set/reset to registers driving this RAMB pin or else use a synchronous reset in which the assertion of the reset is timed by default.
Related violations: <none>

REQP-1839#16 Warning
RAMB36 async control check  
The RAMB36E1 color_instance/nolabel_line117/mem_reg_0_0 has an input control pin color_instance/nolabel_line117/mem_reg_0_0/ADDRBWRADDR[14] (net: color_instance/nolabel_line117/mem_reg_0_0_i_1__0_n_4) which is driven by a register (vga/vc_reg[4]) that has an active asychronous set or reset. This may cause corruption of the memory contents and/or read values when the set/reset is asserted and is not analyzed by the default static timing analysis. It is suggested to eliminate the use of a set/reset to registers driving this RAMB pin or else use a synchronous reset in which the assertion of the reset is timed by default.
Related violations: <none>

REQP-1839#17 Warning
RAMB36 async control check  
The RAMB36E1 color_instance/nolabel_line117/mem_reg_0_0 has an input control pin color_instance/nolabel_line117/mem_reg_0_0/ADDRBWRADDR[14] (net: color_instance/nolabel_line117/mem_reg_0_0_i_1__0_n_4) which is driven by a register (vga/vc_reg[5]) that has an active asychronous set or reset. This may cause corruption of the memory contents and/or read values when the set/reset is asserted and is not analyzed by the default static timing analysis. It is suggested to eliminate the use of a set/reset to registers driving this RAMB pin or else use a synchronous reset in which the assertion of the reset is timed by default.
Related violations: <none>

REQP-1839#18 Warning
RAMB36 async control check  
The RAMB36E1 color_instance/nolabel_line117/mem_reg_0_0 has an input control pin color_instance/nolabel_line117/mem_reg_0_0/ADDRBWRADDR[14] (net: color_instance/nolabel_line117/mem_reg_0_0_i_1__0_n_4) which is driven by a register (vga/vc_reg[6]) that has an active asychronous set or reset. This may cause corruption of the memory contents and/or read values when the set/reset is asserted and is not analyzed by the default static timing analysis. It is suggested to eliminate the use of a set/reset to registers driving this RAMB pin or else use a synchronous reset in which the assertion of the reset is timed by default.
Related violations: <none>

REQP-1839#19 Warning
RAMB36 async control check  
The RAMB36E1 color_instance/nolabel_line117/mem_reg_0_0 has an input control pin color_instance/nolabel_line117/mem_reg_0_0/ADDRBWRADDR[14] (net: color_instance/nolabel_line117/mem_reg_0_0_i_1__0_n_4) which is driven by a register (vga/vc_reg[7]) that has an active asychronous set or reset. This may cause corruption of the memory contents and/or read values when the set/reset is asserted and is not analyzed by the default static timing analysis. It is suggested to eliminate the use of a set/reset to registers driving this RAMB pin or else use a synchronous reset in which the assertion of the reset is timed by default.
Related violations: <none>

REQP-1839#20 Warning
RAMB36 async control check  
The RAMB36E1 color_instance/nolabel_line117/mem_reg_0_0 has an input control pin color_instance/nolabel_line117/mem_reg_0_0/ADDRBWRADDR[14] (net: color_instance/nolabel_line117/mem_reg_0_0_i_1__0_n_4) which is driven by a register (vga/vc_reg[8]) that has an active asychronous set or reset. This may cause corruption of the memory contents and/or read values when the set/reset is asserted and is not analyzed by the default static timing analysis. It is suggested to eliminate the use of a set/reset to registers driving this RAMB pin or else use a synchronous reset in which the assertion of the reset is timed by default.
Related violations: <none>


