16:41:21 DEBUG : Logs will be stored at 'C:/Users/realk/Desktop/labb6/labb6_sdk/IDE.log'.
16:41:23 INFO  : Launching XSCT server: xsct.bat -n  -interactive C:\Users\realk\Desktop\labb6\labb6_sdk\temp_xsdb_launch_script.tcl
16:41:23 INFO  : Registering command handlers for Vitis TCF services
16:41:24 INFO  : Platform repository initialization has completed.
16:41:25 INFO  : XSCT server has started successfully.
16:41:26 INFO  : plnx-install-location is set to ''
16:41:26 INFO  : Successfully done setting XSCT server connection channel  
16:41:26 INFO  : Successfully done query RDI_DATADIR 
16:41:26 INFO  : Successfully done setting workspace for the tool. 
16:43:45 INFO  : Result from executing command 'getProjects': mb_intro_top
16:43:45 INFO  : Result from executing command 'getPlatforms': xilinx_vck190_base_202220_1|C:/Xilinx/Vitis/2022.2/base_platforms/xilinx_vck190_base_202220_1/xilinx_vck190_base_202220_1.xpfm;xilinx_vck190_base_dfx_202220_1|C:/Xilinx/Vitis/2022.2/base_platforms/xilinx_vck190_base_dfx_202220_1/xilinx_vck190_base_dfx_202220_1.xpfm;xilinx_vmk180_base_202220_1|C:/Xilinx/Vitis/2022.2/base_platforms/xilinx_vmk180_base_202220_1/xilinx_vmk180_base_202220_1.xpfm;xilinx_zcu102_base_202220_1|C:/Xilinx/Vitis/2022.2/base_platforms/xilinx_zcu102_base_202220_1/xilinx_zcu102_base_202220_1.xpfm;xilinx_zcu102_base_dfx_202220_1|C:/Xilinx/Vitis/2022.2/base_platforms/xilinx_zcu102_base_dfx_202220_1/xilinx_zcu102_base_dfx_202220_1.xpfm;xilinx_zcu104_base_202220_1|C:/Xilinx/Vitis/2022.2/base_platforms/xilinx_zcu104_base_202220_1/xilinx_zcu104_base_202220_1.xpfm
16:43:46 WARN  : An unexpected exception occurred in the module 'platform project logging'
16:43:47 INFO  : Platform 'mb_intro_top' is added to custom repositories.
16:43:51 INFO  : Platform 'mb_intro_top' is added to custom repositories.
16:54:56 DEBUG : Logs will be stored at 'C:/Users/realk/Desktop/labb6/labb6_sdk/IDE.log'.
16:54:57 INFO  : Launching XSCT server: xsct.bat -n  -interactive C:\Users\realk\Desktop\labb6\labb6_sdk\temp_xsdb_launch_script.tcl
16:55:00 INFO  : XSCT server has started successfully.
16:55:00 INFO  : plnx-install-location is set to ''
16:55:00 INFO  : Successfully done setting XSCT server connection channel  
16:55:00 INFO  : Successfully done setting workspace for the tool. 
16:55:01 INFO  : Registering command handlers for Vitis TCF services
16:55:01 INFO  : Successfully done query RDI_DATADIR 
16:55:03 INFO  : Platform repository initialization has completed.
16:56:33 INFO  : Result from executing command 'getProjects': mb_intro_top
16:56:33 INFO  : Result from executing command 'getPlatforms': mb_intro_top|C:/Users/realk/Desktop/labb6/labb6_sdk/mb_intro_top/export/mb_intro_top/mb_intro_top.xpfm;xilinx_vck190_base_202220_1|C:/Xilinx/Vitis/2022.2/base_platforms/xilinx_vck190_base_202220_1/xilinx_vck190_base_202220_1.xpfm;xilinx_vck190_base_dfx_202220_1|C:/Xilinx/Vitis/2022.2/base_platforms/xilinx_vck190_base_dfx_202220_1/xilinx_vck190_base_dfx_202220_1.xpfm;xilinx_vmk180_base_202220_1|C:/Xilinx/Vitis/2022.2/base_platforms/xilinx_vmk180_base_202220_1/xilinx_vmk180_base_202220_1.xpfm;xilinx_zcu102_base_202220_1|C:/Xilinx/Vitis/2022.2/base_platforms/xilinx_zcu102_base_202220_1/xilinx_zcu102_base_202220_1.xpfm;xilinx_zcu102_base_dfx_202220_1|C:/Xilinx/Vitis/2022.2/base_platforms/xilinx_zcu102_base_dfx_202220_1/xilinx_zcu102_base_dfx_202220_1.xpfm;xilinx_zcu104_base_202220_1|C:/Xilinx/Vitis/2022.2/base_platforms/xilinx_zcu104_base_202220_1/xilinx_zcu104_base_202220_1.xpfm
16:56:34 INFO  : Checking for BSP changes to sync application flags for project 'mv_blinkk'...
16:56:53 INFO  : Connected to target on host '127.0.0.1' and port '3121'.
16:56:54 INFO  : Jtag cable 'RealDigital Boo 887100000006A' is selected.
16:56:54 INFO  : 'jtag frequency' command is executed.
16:56:54 INFO  : 'targets -set -filter {jtag_cable_name =~ "RealDigital Boo 887100000006A" && level==0 && jtag_device_ctx=="jsn1-0362f093-0"}' command is executed.
16:56:56 INFO  : Device configured successfully with "C:/Users/realk/Desktop/labb6/labb6_sdk/mv_blinkk/_ide/bitstream/mb_intro_top.bit"
16:56:56 INFO  : Context for processor 'microblaze_0' is selected.
16:56:56 INFO  : Hardware design and registers information is loaded from 'C:/Users/realk/Desktop/labb6/labb6_sdk/mb_intro_top/export/mb_intro_top/hw/mb_intro_top.xsa'.
16:56:56 INFO  : 'configparams mdm-detect-bscan-mask 2' command is executed.
16:56:56 INFO  : Context for processor 'microblaze_0' is selected.
16:56:56 INFO  : System reset is completed.
16:56:59 INFO  : 'after 3000' command is executed.
16:56:59 INFO  : Context for processor 'microblaze_0' is selected.
16:56:59 INFO  : The application 'C:/Users/realk/Desktop/labb6/labb6_sdk/mv_blinkk/Debug/mv_blinkk.elf' is downloaded to processor 'microblaze_0'.
16:56:59 INFO  : ----------------XSDB Script----------------
connect -url tcp:127.0.0.1:3121
targets -set -filter {jtag_cable_name =~ "RealDigital Boo 887100000006A" && level==0 && jtag_device_ctx=="jsn1-0362f093-0"}
fpga -file C:/Users/realk/Desktop/labb6/labb6_sdk/mv_blinkk/_ide/bitstream/mb_intro_top.bit
targets -set -nocase -filter {name =~ "*microblaze*#0" && bscan=="USER2" }
loadhw -hw C:/Users/realk/Desktop/labb6/labb6_sdk/mb_intro_top/export/mb_intro_top/hw/mb_intro_top.xsa -regs
configparams mdm-detect-bscan-mask 2
targets -set -nocase -filter {name =~ "*microblaze*#0" && bscan=="USER2" }
rst -system
after 3000
targets -set -nocase -filter {name =~ "*microblaze*#0" && bscan=="USER2" }
dow C:/Users/realk/Desktop/labb6/labb6_sdk/mv_blinkk/Debug/mv_blinkk.elf
----------------End of Script----------------

16:56:59 INFO  : Context for processor 'microblaze_0' is selected.
16:56:59 INFO  : 'con' command is executed.
16:56:59 INFO  : ----------------XSDB Script (After Launch)----------------
targets -set -nocase -filter {name =~ "*microblaze*#0" && bscan=="USER2" }
con
----------------End of Script----------------

16:56:59 INFO  : Launch script is exported to file 'C:\Users\realk\Desktop\labb6\labb6_sdk\mv_blinkk_system\_ide\scripts\debugger_mv_blinkk-default.tcl'
16:57:10 INFO  : Disconnected from the channel tcfchan#2.
16:57:11 INFO  : Connected to target on host '127.0.0.1' and port '3121'.
16:57:20 INFO  : ----------------XSDB Script----------------
connect -url tcp:127.0.0.1:3121
----------------End of Script----------------

16:57:20 ERROR : Could not find FPGA device on the board for connection 'Local'.


Troubleshooting hints:
1. Check whether board is connected to system properly.
2. In case of zynq board, check whether Digilent/Xilinx cable switch settings are correct.
3. If you are using Xilinx Platform Cable USB, ensure that status LED is green.
16:58:43 INFO  : Connected to target on host '127.0.0.1' and port '3121'.
16:58:43 INFO  : Jtag cable 'RealDigital Boo 887100000006A' is selected.
16:58:43 INFO  : 'jtag frequency' command is executed.
16:58:43 INFO  : 'targets -set -filter {jtag_cable_name =~ "RealDigital Boo 887100000006A" && level==0 && jtag_device_ctx=="jsn1-0362f093-0"}' command is executed.
16:58:45 INFO  : Device configured successfully with "C:/Users/realk/Desktop/labb6/labb6_sdk/mv_blinkk/_ide/bitstream/mb_intro_top.bit"
16:58:45 INFO  : Context for processor 'microblaze_0' is selected.
16:58:45 INFO  : Hardware design and registers information is loaded from 'C:/Users/realk/Desktop/labb6/labb6_sdk/mb_intro_top/export/mb_intro_top/hw/mb_intro_top.xsa'.
16:58:45 INFO  : 'configparams mdm-detect-bscan-mask 2' command is executed.
16:58:45 INFO  : Context for processor 'microblaze_0' is selected.
16:58:45 INFO  : System reset is completed.
16:58:48 INFO  : 'after 3000' command is executed.
16:58:48 INFO  : Context for processor 'microblaze_0' is selected.
16:58:48 INFO  : The application 'C:/Users/realk/Desktop/labb6/labb6_sdk/mv_blinkk/Debug/mv_blinkk.elf' is downloaded to processor 'microblaze_0'.
16:58:48 INFO  : ----------------XSDB Script----------------
connect -url tcp:127.0.0.1:3121
targets -set -filter {jtag_cable_name =~ "RealDigital Boo 887100000006A" && level==0 && jtag_device_ctx=="jsn1-0362f093-0"}
fpga -file C:/Users/realk/Desktop/labb6/labb6_sdk/mv_blinkk/_ide/bitstream/mb_intro_top.bit
targets -set -nocase -filter {name =~ "*microblaze*#0" && bscan=="USER2" }
loadhw -hw C:/Users/realk/Desktop/labb6/labb6_sdk/mb_intro_top/export/mb_intro_top/hw/mb_intro_top.xsa -regs
configparams mdm-detect-bscan-mask 2
targets -set -nocase -filter {name =~ "*microblaze*#0" && bscan=="USER2" }
rst -system
after 3000
targets -set -nocase -filter {name =~ "*microblaze*#0" && bscan=="USER2" }
dow C:/Users/realk/Desktop/labb6/labb6_sdk/mv_blinkk/Debug/mv_blinkk.elf
----------------End of Script----------------

16:58:48 INFO  : Context for processor 'microblaze_0' is selected.
16:58:48 INFO  : 'con' command is executed.
16:58:48 INFO  : ----------------XSDB Script (After Launch)----------------
targets -set -nocase -filter {name =~ "*microblaze*#0" && bscan=="USER2" }
con
----------------End of Script----------------

16:58:48 INFO  : Launch script is exported to file 'C:\Users\realk\Desktop\labb6\labb6_sdk\mv_blinkk_system\_ide\scripts\debugger_mv_blinkk-default.tcl'
20:49:00 INFO  : Connected to target on host '127.0.0.1' and port '3121'.
20:49:00 INFO  : Jtag cable 'RealDigital Boo 887100000006A' is selected.
20:49:00 INFO  : 'jtag frequency' command is executed.
20:49:00 INFO  : 'targets -set -filter {jtag_cable_name =~ "RealDigital Boo 887100000006A" && level==0 && jtag_device_ctx=="jsn1-0362f093-0"}' command is executed.
20:49:01 INFO  : Device configured successfully with "C:/Users/realk/Desktop/labb6/labb6_sdk/mv_blinkk/_ide/bitstream/mb_intro_top.bit"
20:49:01 INFO  : Context for processor 'microblaze_0' is selected.
20:49:01 INFO  : Hardware design and registers information is loaded from 'C:/Users/realk/Desktop/labb6/labb6_sdk/mb_intro_top/export/mb_intro_top/hw/mb_intro_top.xsa'.
20:49:01 INFO  : 'configparams mdm-detect-bscan-mask 2' command is executed.
20:49:01 INFO  : Context for processor 'microblaze_0' is selected.
20:49:01 INFO  : System reset is completed.
20:49:04 INFO  : 'after 3000' command is executed.
20:49:04 INFO  : Context for processor 'microblaze_0' is selected.
20:49:04 INFO  : The application 'C:/Users/realk/Desktop/labb6/labb6_sdk/mv_blinkk/Debug/mv_blinkk.elf' is downloaded to processor 'microblaze_0'.
20:49:04 INFO  : ----------------XSDB Script----------------
connect -url tcp:127.0.0.1:3121
targets -set -filter {jtag_cable_name =~ "RealDigital Boo 887100000006A" && level==0 && jtag_device_ctx=="jsn1-0362f093-0"}
fpga -file C:/Users/realk/Desktop/labb6/labb6_sdk/mv_blinkk/_ide/bitstream/mb_intro_top.bit
targets -set -nocase -filter {name =~ "*microblaze*#0" && bscan=="USER2" }
loadhw -hw C:/Users/realk/Desktop/labb6/labb6_sdk/mb_intro_top/export/mb_intro_top/hw/mb_intro_top.xsa -regs
configparams mdm-detect-bscan-mask 2
targets -set -nocase -filter {name =~ "*microblaze*#0" && bscan=="USER2" }
rst -system
after 3000
targets -set -nocase -filter {name =~ "*microblaze*#0" && bscan=="USER2" }
dow C:/Users/realk/Desktop/labb6/labb6_sdk/mv_blinkk/Debug/mv_blinkk.elf
----------------End of Script----------------

20:49:04 INFO  : Context for processor 'microblaze_0' is selected.
20:49:04 INFO  : 'con' command is executed.
20:49:04 INFO  : ----------------XSDB Script (After Launch)----------------
targets -set -nocase -filter {name =~ "*microblaze*#0" && bscan=="USER2" }
con
----------------End of Script----------------

20:49:04 INFO  : Launch script is exported to file 'C:\Users\realk\Desktop\labb6\labb6_sdk\mv_blinkk_system\_ide\scripts\debugger_mv_blinkk-default.tcl'
20:50:24 INFO  : Disconnected from the channel tcfchan#3.
20:50:25 INFO  : Connected to target on host '127.0.0.1' and port '3121'.
20:50:25 INFO  : Jtag cable 'RealDigital Boo 887100000006A' is selected.
20:50:25 INFO  : 'jtag frequency' command is executed.
20:50:25 INFO  : 'targets -set -filter {jtag_cable_name =~ "RealDigital Boo 887100000006A" && level==0 && jtag_device_ctx=="jsn1-0362f093-0"}' command is executed.
20:50:26 INFO  : Device configured successfully with "C:/Users/realk/Desktop/labb6/labb6_sdk/mv_blinkk/_ide/bitstream/mb_intro_top.bit"
20:50:26 INFO  : Context for processor 'microblaze_0' is selected.
20:50:26 INFO  : Hardware design and registers information is loaded from 'C:/Users/realk/Desktop/labb6/labb6_sdk/mb_intro_top/export/mb_intro_top/hw/mb_intro_top.xsa'.
20:50:26 INFO  : 'configparams mdm-detect-bscan-mask 2' command is executed.
20:50:26 INFO  : Context for processor 'microblaze_0' is selected.
20:50:26 INFO  : System reset is completed.
20:50:29 INFO  : 'after 3000' command is executed.
20:50:29 INFO  : Context for processor 'microblaze_0' is selected.
20:50:29 INFO  : The application 'C:/Users/realk/Desktop/labb6/labb6_sdk/mv_blinkk/Debug/mv_blinkk.elf' is downloaded to processor 'microblaze_0'.
20:50:29 INFO  : ----------------XSDB Script----------------
connect -url tcp:127.0.0.1:3121
targets -set -filter {jtag_cable_name =~ "RealDigital Boo 887100000006A" && level==0 && jtag_device_ctx=="jsn1-0362f093-0"}
fpga -file C:/Users/realk/Desktop/labb6/labb6_sdk/mv_blinkk/_ide/bitstream/mb_intro_top.bit
targets -set -nocase -filter {name =~ "*microblaze*#0" && bscan=="USER2" }
loadhw -hw C:/Users/realk/Desktop/labb6/labb6_sdk/mb_intro_top/export/mb_intro_top/hw/mb_intro_top.xsa -regs
configparams mdm-detect-bscan-mask 2
targets -set -nocase -filter {name =~ "*microblaze*#0" && bscan=="USER2" }
rst -system
after 3000
targets -set -nocase -filter {name =~ "*microblaze*#0" && bscan=="USER2" }
dow C:/Users/realk/Desktop/labb6/labb6_sdk/mv_blinkk/Debug/mv_blinkk.elf
----------------End of Script----------------

20:50:30 INFO  : Context for processor 'microblaze_0' is selected.
20:50:30 INFO  : 'con' command is executed.
20:50:30 INFO  : ----------------XSDB Script (After Launch)----------------
targets -set -nocase -filter {name =~ "*microblaze*#0" && bscan=="USER2" }
con
----------------End of Script----------------

20:50:30 INFO  : Launch script is exported to file 'C:\Users\realk\Desktop\labb6\labb6_sdk\mv_blinkk_system\_ide\scripts\debugger_mv_blinkk-default_1.tcl'
21:38:57 DEBUG : Logs will be stored at 'C:/Users/realk/Desktop/labb6/labb6_sdk/IDE.log'.
21:38:57 INFO  : Launching XSCT server: xsct.bat -n  -interactive C:\Users\realk\Desktop\labb6\labb6_sdk\temp_xsdb_launch_script.tcl
21:39:01 INFO  : XSCT server has started successfully.
21:39:01 INFO  : plnx-install-location is set to ''
21:39:01 INFO  : Successfully done setting XSCT server connection channel  
21:39:01 INFO  : Successfully done setting workspace for the tool. 
21:39:01 INFO  : Registering command handlers for Vitis TCF services
21:39:01 INFO  : Successfully done query RDI_DATADIR 
21:39:02 INFO  : Platform repository initialization has completed.
21:39:49 INFO  : Hardware specification for platform project 'mb_intro_top' is updated.
21:40:06 INFO  : Result from executing command 'getProjects': mb_intro_top
21:40:06 INFO  : Result from executing command 'getPlatforms': mb_intro_top|C:/Users/realk/Desktop/labb6/labb6_sdk/mb_intro_top/export/mb_intro_top/mb_intro_top.xpfm;xilinx_vck190_base_202220_1|C:/Xilinx/Vitis/2022.2/base_platforms/xilinx_vck190_base_202220_1/xilinx_vck190_base_202220_1.xpfm;xilinx_vck190_base_dfx_202220_1|C:/Xilinx/Vitis/2022.2/base_platforms/xilinx_vck190_base_dfx_202220_1/xilinx_vck190_base_dfx_202220_1.xpfm;xilinx_vmk180_base_202220_1|C:/Xilinx/Vitis/2022.2/base_platforms/xilinx_vmk180_base_202220_1/xilinx_vmk180_base_202220_1.xpfm;xilinx_zcu102_base_202220_1|C:/Xilinx/Vitis/2022.2/base_platforms/xilinx_zcu102_base_202220_1/xilinx_zcu102_base_202220_1.xpfm;xilinx_zcu102_base_dfx_202220_1|C:/Xilinx/Vitis/2022.2/base_platforms/xilinx_zcu102_base_dfx_202220_1/xilinx_zcu102_base_dfx_202220_1.xpfm;xilinx_zcu104_base_202220_1|C:/Xilinx/Vitis/2022.2/base_platforms/xilinx_zcu104_base_202220_1/xilinx_zcu104_base_202220_1.xpfm
21:40:07 INFO  : Checking for BSP changes to sync application flags for project 'mv_blinkk'...
21:40:07 INFO  : Updating application flags with new BSP settings...
21:40:07 INFO  : Successfully updated application flags for project mv_blinkk.
21:40:09 INFO  : The hardware specification used by project 'mv_blinkk' is out of sync with the platform. Resource files extracted from the hardware specification will be updated.
21:40:09 INFO  : The file 'C:\Users\realk\Desktop\labb6\labb6_sdk\mv_blinkk\_ide\bitstream\mb_intro_top.bit' stored in project is removed.
21:40:09 INFO  : The file 'C:\Users\realk\Desktop\labb6\labb6_sdk\mv_blinkk\_ide\bitstream\mb_intro_top.mmi' stored in project is removed.
21:40:09 INFO  : The updated bitstream files are copied from platform to folder 'C:\Users\realk\Desktop\labb6\labb6_sdk\mv_blinkk\_ide\bitstream' in project 'mv_blinkk'.
21:40:16 INFO  : Connected to target on host '127.0.0.1' and port '3121'.
21:40:16 INFO  : Jtag cable 'RealDigital Boo 887100000006A' is selected.
21:40:16 INFO  : 'jtag frequency' command is executed.
21:40:17 INFO  : 'targets -set -filter {jtag_cable_name =~ "RealDigital Boo 887100000006A" && level==0 && jtag_device_ctx=="jsn1-0362f093-0"}' command is executed.
21:40:18 INFO  : Device configured successfully with "C:/Users/realk/Desktop/labb6/labb6_sdk/mv_blinkk/_ide/bitstream/mb_intro_top.bit"
21:40:18 INFO  : Context for processor 'microblaze_0' is selected.
21:40:18 INFO  : Hardware design and registers information is loaded from 'C:/Users/realk/Desktop/labb6/labb6_sdk/mb_intro_top/export/mb_intro_top/hw/mb_intro_top.xsa'.
21:40:18 INFO  : 'configparams mdm-detect-bscan-mask 2' command is executed.
21:40:18 INFO  : Context for processor 'microblaze_0' is selected.
21:40:18 INFO  : System reset is completed.
21:40:21 INFO  : 'after 3000' command is executed.
21:40:21 INFO  : Context for processor 'microblaze_0' is selected.
21:40:21 INFO  : The application 'C:/Users/realk/Desktop/labb6/labb6_sdk/mv_blinkk/Debug/mv_blinkk.elf' is downloaded to processor 'microblaze_0'.
21:40:21 INFO  : ----------------XSDB Script----------------
connect -url tcp:127.0.0.1:3121
targets -set -filter {jtag_cable_name =~ "RealDigital Boo 887100000006A" && level==0 && jtag_device_ctx=="jsn1-0362f093-0"}
fpga -file C:/Users/realk/Desktop/labb6/labb6_sdk/mv_blinkk/_ide/bitstream/mb_intro_top.bit
targets -set -nocase -filter {name =~ "*microblaze*#0" && bscan=="USER2" }
loadhw -hw C:/Users/realk/Desktop/labb6/labb6_sdk/mb_intro_top/export/mb_intro_top/hw/mb_intro_top.xsa -regs
configparams mdm-detect-bscan-mask 2
targets -set -nocase -filter {name =~ "*microblaze*#0" && bscan=="USER2" }
rst -system
after 3000
targets -set -nocase -filter {name =~ "*microblaze*#0" && bscan=="USER2" }
dow C:/Users/realk/Desktop/labb6/labb6_sdk/mv_blinkk/Debug/mv_blinkk.elf
----------------End of Script----------------

21:40:21 INFO  : Context for processor 'microblaze_0' is selected.
21:40:21 INFO  : 'con' command is executed.
21:40:21 INFO  : ----------------XSDB Script (After Launch)----------------
targets -set -nocase -filter {name =~ "*microblaze*#0" && bscan=="USER2" }
con
----------------End of Script----------------

21:40:21 INFO  : Launch script is exported to file 'C:\Users\realk\Desktop\labb6\labb6_sdk\mv_blinkk_system\_ide\scripts\debugger_mv_blinkk-default_1.tcl'
21:44:36 INFO  : Checking for BSP changes to sync application flags for project 'mv_blinkk'...
21:44:49 INFO  : Checking for BSP changes to sync application flags for project 'mv_blinkk'...
21:46:16 INFO  : Disconnected from the channel tcfchan#2.
21:46:17 INFO  : Connected to target on host '127.0.0.1' and port '3121'.
21:46:17 INFO  : Jtag cable 'RealDigital Boo 887100000006A' is selected.
21:46:17 INFO  : 'jtag frequency' command is executed.
21:46:17 INFO  : 'targets -set -filter {jtag_cable_name =~ "RealDigital Boo 887100000006A" && level==0 && jtag_device_ctx=="jsn1-0362f093-0"}' command is executed.
21:46:18 INFO  : Device configured successfully with "C:/Users/realk/Desktop/labb6/labb6_sdk/mv_blinkk/_ide/bitstream/mb_intro_top.bit"
21:46:18 INFO  : Context for processor 'microblaze_0' is selected.
21:46:18 INFO  : Hardware design and registers information is loaded from 'C:/Users/realk/Desktop/labb6/labb6_sdk/mb_intro_top/export/mb_intro_top/hw/mb_intro_top.xsa'.
21:46:18 INFO  : 'configparams mdm-detect-bscan-mask 2' command is executed.
21:46:18 INFO  : Context for processor 'microblaze_0' is selected.
21:46:18 INFO  : System reset is completed.
21:46:21 INFO  : 'after 3000' command is executed.
21:46:21 INFO  : Context for processor 'microblaze_0' is selected.
21:46:22 INFO  : The application 'C:/Users/realk/Desktop/labb6/labb6_sdk/mv_blinkk/Debug/mv_blinkk.elf' is downloaded to processor 'microblaze_0'.
21:46:22 INFO  : ----------------XSDB Script----------------
connect -url tcp:127.0.0.1:3121
targets -set -filter {jtag_cable_name =~ "RealDigital Boo 887100000006A" && level==0 && jtag_device_ctx=="jsn1-0362f093-0"}
fpga -file C:/Users/realk/Desktop/labb6/labb6_sdk/mv_blinkk/_ide/bitstream/mb_intro_top.bit
targets -set -nocase -filter {name =~ "*microblaze*#0" && bscan=="USER2" }
loadhw -hw C:/Users/realk/Desktop/labb6/labb6_sdk/mb_intro_top/export/mb_intro_top/hw/mb_intro_top.xsa -regs
configparams mdm-detect-bscan-mask 2
targets -set -nocase -filter {name =~ "*microblaze*#0" && bscan=="USER2" }
rst -system
after 3000
targets -set -nocase -filter {name =~ "*microblaze*#0" && bscan=="USER2" }
dow C:/Users/realk/Desktop/labb6/labb6_sdk/mv_blinkk/Debug/mv_blinkk.elf
----------------End of Script----------------

21:46:22 INFO  : Context for processor 'microblaze_0' is selected.
21:46:22 INFO  : 'con' command is executed.
21:46:22 INFO  : ----------------XSDB Script (After Launch)----------------
targets -set -nocase -filter {name =~ "*microblaze*#0" && bscan=="USER2" }
con
----------------End of Script----------------

21:46:22 INFO  : Launch script is exported to file 'C:\Users\realk\Desktop\labb6\labb6_sdk\mv_blinkk_system\_ide\scripts\debugger_mv_blinkk-default_1.tcl'
21:47:51 INFO  : Checking for BSP changes to sync application flags for project 'mv_blinkk'...
21:47:56 INFO  : Disconnected from the channel tcfchan#3.
21:47:57 INFO  : Connected to target on host '127.0.0.1' and port '3121'.
21:47:57 INFO  : Jtag cable 'RealDigital Boo 887100000006A' is selected.
21:47:57 INFO  : 'jtag frequency' command is executed.
21:47:57 INFO  : 'targets -set -filter {jtag_cable_name =~ "RealDigital Boo 887100000006A" && level==0 && jtag_device_ctx=="jsn1-0362f093-0"}' command is executed.
21:47:59 INFO  : Device configured successfully with "C:/Users/realk/Desktop/labb6/labb6_sdk/mv_blinkk/_ide/bitstream/mb_intro_top.bit"
21:47:59 INFO  : Context for processor 'microblaze_0' is selected.
21:47:59 INFO  : Hardware design and registers information is loaded from 'C:/Users/realk/Desktop/labb6/labb6_sdk/mb_intro_top/export/mb_intro_top/hw/mb_intro_top.xsa'.
21:47:59 INFO  : 'configparams mdm-detect-bscan-mask 2' command is executed.
21:47:59 INFO  : Context for processor 'microblaze_0' is selected.
21:47:59 INFO  : System reset is completed.
21:48:02 INFO  : 'after 3000' command is executed.
21:48:02 INFO  : Context for processor 'microblaze_0' is selected.
21:48:02 INFO  : The application 'C:/Users/realk/Desktop/labb6/labb6_sdk/mv_blinkk/Debug/mv_blinkk.elf' is downloaded to processor 'microblaze_0'.
21:48:02 INFO  : ----------------XSDB Script----------------
connect -url tcp:127.0.0.1:3121
targets -set -filter {jtag_cable_name =~ "RealDigital Boo 887100000006A" && level==0 && jtag_device_ctx=="jsn1-0362f093-0"}
fpga -file C:/Users/realk/Desktop/labb6/labb6_sdk/mv_blinkk/_ide/bitstream/mb_intro_top.bit
targets -set -nocase -filter {name =~ "*microblaze*#0" && bscan=="USER2" }
loadhw -hw C:/Users/realk/Desktop/labb6/labb6_sdk/mb_intro_top/export/mb_intro_top/hw/mb_intro_top.xsa -regs
configparams mdm-detect-bscan-mask 2
targets -set -nocase -filter {name =~ "*microblaze*#0" && bscan=="USER2" }
rst -system
after 3000
targets -set -nocase -filter {name =~ "*microblaze*#0" && bscan=="USER2" }
dow C:/Users/realk/Desktop/labb6/labb6_sdk/mv_blinkk/Debug/mv_blinkk.elf
----------------End of Script----------------

21:48:02 INFO  : Context for processor 'microblaze_0' is selected.
21:48:02 INFO  : 'con' command is executed.
21:48:02 INFO  : ----------------XSDB Script (After Launch)----------------
targets -set -nocase -filter {name =~ "*microblaze*#0" && bscan=="USER2" }
con
----------------End of Script----------------

21:48:02 INFO  : Launch script is exported to file 'C:\Users\realk\Desktop\labb6\labb6_sdk\mv_blinkk_system\_ide\scripts\debugger_mv_blinkk-default_1.tcl'
21:49:52 INFO  : Disconnected from the channel tcfchan#4.
20:39:36 DEBUG : Logs will be stored at 'C:/Users/realk/Desktop/labb6/labb6_sdk/IDE.log'.
20:39:38 INFO  : Launching XSCT server: xsct.bat -n  -interactive C:\Users\realk\Desktop\labb6\labb6_sdk\temp_xsdb_launch_script.tcl
20:39:46 INFO  : Registering command handlers for Vitis TCF services
20:39:46 INFO  : XSCT server has started successfully.
20:39:48 INFO  : Platform repository initialization has completed.
20:39:56 INFO  : Successfully done setting XSCT server connection channel  
20:39:56 INFO  : plnx-install-location is set to ''
20:39:56 INFO  : Successfully done query RDI_DATADIR 
20:39:56 INFO  : Successfully done setting workspace for the tool. 
20:39:59 INFO  : Connected to target on host '127.0.0.1' and port '3121'.
20:40:00 INFO  : Connected to target on host '127.0.0.1' and port '3121'.
20:40:00 INFO  : Jtag cable 'RealDigital Boo 887100000006A' is selected.
20:40:00 INFO  : 'jtag frequency' command is executed.
20:40:00 INFO  : Jtag cable 'RealDigital Boo 887100000006A' is selected.
20:40:00 INFO  : 'jtag frequency' command is executed.
20:40:01 INFO  : 'targets -set -filter {jtag_cable_name =~ "RealDigital Boo 887100000006A" && level==0 && jtag_device_ctx=="jsn1-0362f093-0"}' command is executed.
20:40:01 INFO  : 'targets -set -filter {jtag_cable_name =~ "RealDigital Boo 887100000006A" && level==0 && jtag_device_ctx=="jsn1-0362f093-0"}' command is executed.
20:40:02 INFO  : Device configured successfully with "C:/Users/realk/Desktop/labb6/labb6_sdk/mv_blinkk/_ide/bitstream/mb_intro_top.bit"
20:40:03 INFO  : Device configured successfully with "C:/Users/realk/Desktop/labb6/labb6_sdk/mv_blinkk/_ide/bitstream/mb_intro_top.bit"
20:40:04 INFO  : Context for processor 'microblaze_0' is selected.
20:40:04 INFO  : Context for processor 'microblaze_0' is selected.
20:40:04 INFO  : Hardware design and registers information is loaded from 'C:/Users/realk/Desktop/labb6/labb6_sdk/mb_intro_top/export/mb_intro_top/hw/mb_intro_top.xsa'.
20:40:04 INFO  : Hardware design and registers information is loaded from 'C:/Users/realk/Desktop/labb6/labb6_sdk/mb_intro_top/export/mb_intro_top/hw/mb_intro_top.xsa'.
20:40:04 INFO  : 'configparams mdm-detect-bscan-mask 2' command is executed.
20:40:04 INFO  : 'configparams mdm-detect-bscan-mask 2' command is executed.
20:40:04 INFO  : Context for processor 'microblaze_0' is selected.
20:40:04 INFO  : Context for processor 'microblaze_0' is selected.
20:40:04 INFO  : System reset is completed.
20:40:04 INFO  : System reset is completed.
20:40:07 INFO  : 'after 3000' command is executed.
20:40:10 INFO  : 'after 3000' command is executed.
20:40:10 INFO  : Context for processor 'microblaze_0' is selected.
20:40:10 INFO  : Context for processor 'microblaze_0' is selected.
20:40:10 INFO  : The application 'C:/Users/realk/Desktop/labb6/labb6_sdk/mv_blinkk/Debug/mv_blinkk.elf' is downloaded to processor 'microblaze_0'.
20:40:10 INFO  : ----------------XSDB Script----------------
connect -url tcp:127.0.0.1:3121
targets -set -filter {jtag_cable_name =~ "RealDigital Boo 887100000006A" && level==0 && jtag_device_ctx=="jsn1-0362f093-0"}
fpga -file C:/Users/realk/Desktop/labb6/labb6_sdk/mv_blinkk/_ide/bitstream/mb_intro_top.bit
targets -set -nocase -filter {name =~ "*microblaze*#0" && bscan=="USER2" }
loadhw -hw C:/Users/realk/Desktop/labb6/labb6_sdk/mb_intro_top/export/mb_intro_top/hw/mb_intro_top.xsa -regs
configparams mdm-detect-bscan-mask 2
targets -set -nocase -filter {name =~ "*microblaze*#0" && bscan=="USER2" }
rst -system
after 3000
targets -set -nocase -filter {name =~ "*microblaze*#0" && bscan=="USER2" }
dow C:/Users/realk/Desktop/labb6/labb6_sdk/mv_blinkk/Debug/mv_blinkk.elf
----------------End of Script----------------

20:40:10 INFO  : The application 'C:/Users/realk/Desktop/labb6/labb6_sdk/mv_blinkk/Debug/mv_blinkk.elf' is downloaded to processor 'microblaze_0'.
20:40:10 INFO  : ----------------XSDB Script----------------
connect -url tcp:127.0.0.1:3121
targets -set -filter {jtag_cable_name =~ "RealDigital Boo 887100000006A" && level==0 && jtag_device_ctx=="jsn1-0362f093-0"}
fpga -file C:/Users/realk/Desktop/labb6/labb6_sdk/mv_blinkk/_ide/bitstream/mb_intro_top.bit
targets -set -nocase -filter {name =~ "*microblaze*#0" && bscan=="USER2" }
loadhw -hw C:/Users/realk/Desktop/labb6/labb6_sdk/mb_intro_top/export/mb_intro_top/hw/mb_intro_top.xsa -regs
configparams mdm-detect-bscan-mask 2
targets -set -nocase -filter {name =~ "*microblaze*#0" && bscan=="USER2" }
rst -system
after 3000
targets -set -nocase -filter {name =~ "*microblaze*#0" && bscan=="USER2" }
dow C:/Users/realk/Desktop/labb6/labb6_sdk/mv_blinkk/Debug/mv_blinkk.elf
----------------End of Script----------------

20:40:11 INFO  : Context for processor 'microblaze_0' is selected.
20:40:11 INFO  : Context for processor 'microblaze_0' is selected.
20:40:11 INFO  : 'con' command is executed.
20:40:11 INFO  : ----------------XSDB Script (After Launch)----------------
targets -set -nocase -filter {name =~ "*microblaze*#0" && bscan=="USER2" }
con
----------------End of Script----------------

20:40:11 ERROR : Already running
20:40:11 INFO  : Launch script is exported to file 'C:\Users\realk\Desktop\labb6\labb6_sdk\mv_blinkk_system\_ide\scripts\debugger_mv_blinkk-default_1.tcl'
20:44:01 INFO  : Connected to target on host '127.0.0.1' and port '3121'.
20:44:01 INFO  : Jtag cable 'RealDigital Boo 887100000006A' is selected.
20:44:02 INFO  : 'jtag frequency' command is executed.
20:44:02 INFO  : 'targets -set -filter {jtag_cable_name =~ "RealDigital Boo 887100000006A" && level==0 && jtag_device_ctx=="jsn1-0362f093-0"}' command is executed.
20:44:03 INFO  : Device configured successfully with "C:/Users/realk/Desktop/labb6/labb6_sdk/mv_blinkk/_ide/bitstream/mb_intro_top.bit"
20:44:03 INFO  : Context for processor 'microblaze_0' is selected.
20:44:03 INFO  : Hardware design and registers information is loaded from 'C:/Users/realk/Desktop/labb6/labb6_sdk/mb_intro_top/export/mb_intro_top/hw/mb_intro_top.xsa'.
20:44:03 INFO  : 'configparams mdm-detect-bscan-mask 2' command is executed.
20:44:03 INFO  : Context for processor 'microblaze_0' is selected.
20:44:03 INFO  : System reset is completed.
20:44:06 INFO  : 'after 3000' command is executed.
20:44:06 INFO  : Context for processor 'microblaze_0' is selected.
20:44:06 INFO  : The application 'C:/Users/realk/Desktop/labb6/labb6_sdk/mv_blinkk/Debug/mv_blinkk.elf' is downloaded to processor 'microblaze_0'.
20:44:06 INFO  : ----------------XSDB Script----------------
connect -url tcp:127.0.0.1:3121
targets -set -filter {jtag_cable_name =~ "RealDigital Boo 887100000006A" && level==0 && jtag_device_ctx=="jsn1-0362f093-0"}
fpga -file C:/Users/realk/Desktop/labb6/labb6_sdk/mv_blinkk/_ide/bitstream/mb_intro_top.bit
targets -set -nocase -filter {name =~ "*microblaze*#0" && bscan=="USER2" }
loadhw -hw C:/Users/realk/Desktop/labb6/labb6_sdk/mb_intro_top/export/mb_intro_top/hw/mb_intro_top.xsa -regs
configparams mdm-detect-bscan-mask 2
targets -set -nocase -filter {name =~ "*microblaze*#0" && bscan=="USER2" }
rst -system
after 3000
targets -set -nocase -filter {name =~ "*microblaze*#0" && bscan=="USER2" }
dow C:/Users/realk/Desktop/labb6/labb6_sdk/mv_blinkk/Debug/mv_blinkk.elf
----------------End of Script----------------

20:44:06 INFO  : Context for processor 'microblaze_0' is selected.
20:44:06 INFO  : 'con' command is executed.
20:44:06 INFO  : ----------------XSDB Script (After Launch)----------------
targets -set -nocase -filter {name =~ "*microblaze*#0" && bscan=="USER2" }
con
----------------End of Script----------------

20:44:06 INFO  : Launch script is exported to file 'C:\Users\realk\Desktop\labb6\labb6_sdk\mv_blinkk_system\_ide\scripts\debugger_mv_blinkk-default.tcl'
20:48:41 INFO  : Disconnected from the channel tcfchan#1.
20:48:41 WARN  : channel "tcfchan#1" closed
16:44:36 DEBUG : Logs will be stored at 'C:/Users/realk/Desktop/labb6/labb6_sdk/IDE.log'.
16:44:37 INFO  : Launching XSCT server: xsct.bat -n  -interactive C:\Users\realk\Desktop\labb6\labb6_sdk\temp_xsdb_launch_script.tcl
16:44:42 INFO  : Registering command handlers for Vitis TCF services
16:44:43 INFO  : XSCT server has started successfully.
16:44:44 INFO  : Platform repository initialization has completed.
16:44:47 INFO  : plnx-install-location is set to ''
16:44:47 INFO  : Successfully done setting XSCT server connection channel  
16:44:47 INFO  : Successfully done query RDI_DATADIR 
16:44:47 INFO  : Successfully done setting workspace for the tool. 
16:49:17 INFO  : Connected to target on host '127.0.0.1' and port '3121'.
16:49:17 INFO  : Jtag cable 'RealDigital Boo 887100000006A' is selected.
16:49:17 INFO  : 'jtag frequency' command is executed.
16:49:17 INFO  : 'targets -set -filter {jtag_cable_name =~ "RealDigital Boo 887100000006A" && level==0 && jtag_device_ctx=="jsn1-0362f093-0"}' command is executed.
16:49:19 INFO  : Device configured successfully with "C:/Users/realk/Desktop/labb6/labb6_sdk/mv_blinkk/_ide/bitstream/mb_intro_top.bit"
16:49:19 INFO  : Context for processor 'microblaze_0' is selected.
16:49:19 INFO  : Hardware design and registers information is loaded from 'C:/Users/realk/Desktop/labb6/labb6_sdk/mb_intro_top/export/mb_intro_top/hw/mb_intro_top.xsa'.
16:49:19 INFO  : 'configparams mdm-detect-bscan-mask 2' command is executed.
16:49:19 INFO  : Context for processor 'microblaze_0' is selected.
16:49:19 INFO  : System reset is completed.
16:49:22 INFO  : 'after 3000' command is executed.
16:49:22 INFO  : Context for processor 'microblaze_0' is selected.
16:49:22 INFO  : The application 'C:/Users/realk/Desktop/labb6/labb6_sdk/mv_blinkk/Debug/mv_blinkk.elf' is downloaded to processor 'microblaze_0'.
16:49:22 INFO  : ----------------XSDB Script----------------
connect -url tcp:127.0.0.1:3121
targets -set -filter {jtag_cable_name =~ "RealDigital Boo 887100000006A" && level==0 && jtag_device_ctx=="jsn1-0362f093-0"}
fpga -file C:/Users/realk/Desktop/labb6/labb6_sdk/mv_blinkk/_ide/bitstream/mb_intro_top.bit
targets -set -nocase -filter {name =~ "*microblaze*#0" && bscan=="USER2" }
loadhw -hw C:/Users/realk/Desktop/labb6/labb6_sdk/mb_intro_top/export/mb_intro_top/hw/mb_intro_top.xsa -regs
configparams mdm-detect-bscan-mask 2
targets -set -nocase -filter {name =~ "*microblaze*#0" && bscan=="USER2" }
rst -system
after 3000
targets -set -nocase -filter {name =~ "*microblaze*#0" && bscan=="USER2" }
dow C:/Users/realk/Desktop/labb6/labb6_sdk/mv_blinkk/Debug/mv_blinkk.elf
----------------End of Script----------------

16:49:22 INFO  : Context for processor 'microblaze_0' is selected.
16:49:22 INFO  : 'con' command is executed.
16:49:22 INFO  : ----------------XSDB Script (After Launch)----------------
targets -set -nocase -filter {name =~ "*microblaze*#0" && bscan=="USER2" }
con
----------------End of Script----------------

16:49:22 INFO  : Launch script is exported to file 'C:\Users\realk\Desktop\labb6\labb6_sdk\mv_blinkk_system\_ide\scripts\debugger_mv_blinkk-default.tcl'
16:53:52 INFO  : Disconnected from the channel tcfchan#1.
16:03:54 DEBUG : Logs will be stored at 'C:/Users/realk/Desktop/labb6 - Copy/labb6_sdk/IDE.log'.
16:03:55 INFO  : Launching XSCT server: xsct.bat -n  -interactive C:\Users\realk\Desktop\labb6 - Copy\labb6_sdk\temp_xsdb_launch_script.tcl
16:03:57 ERROR : (XSDB Server)couldn't read file "C:\Users\realk\Desktop\labb6": permission denied

16:03:57 ERROR : Workspace location C:\Users\realk\Desktop\labb6 - Copy\labb6_sdk contains spaces. Please switch to a workspace without spaces in its path.
16:03:58 INFO  : Registering command handlers for Vitis TCF services
16:03:58 INFO  : Platform repository initialization has completed.
16:04:26 DEBUG : Logs will be stored at 'C:/Users/realk/Desktop/labb6 - Copy/labb6_sdk/IDE.log'.
16:04:26 INFO  : Launching XSCT server: xsct.bat -n  -interactive C:\Users\realk\Desktop\labb6 - Copy\labb6_sdk\temp_xsdb_launch_script.tcl
16:04:28 ERROR : Workspace location C:\Users\realk\Desktop\labb6 - Copy\labb6_sdk contains spaces. Please switch to a workspace without spaces in its path.
16:04:28 ERROR : (XSDB Server)couldn't read file "C:\Users\realk\Desktop\labb6": permission denied

16:04:29 INFO  : Registering command handlers for Vitis TCF services
16:04:29 INFO  : Platform repository initialization has completed.
16:05:01 DEBUG : Logs will be stored at 'C:/Users/realk/Desktop/labb6 - Copy/labb6_sdk/IDE.log'.
16:05:01 INFO  : Launching XSCT server: xsct.bat -n  -interactive C:\Users\realk\Desktop\labb6 - Copy\labb6_sdk\temp_xsdb_launch_script.tcl
16:05:03 ERROR : Workspace location C:\Users\realk\Desktop\labb6 - Copy\labb6_sdk contains spaces. Please switch to a workspace without spaces in its path.
16:05:03 ERROR : (XSDB Server)couldn't read file "C:\Users\realk\Desktop\labb6": permission denied

16:05:04 INFO  : Registering command handlers for Vitis TCF services
16:05:04 INFO  : Platform repository initialization has completed.
16:07:52 DEBUG : Logs will be stored at 'C:/Users/realk/Desktop/labb6copy/labb6_sdk/IDE.log'.
16:07:52 INFO  : Launching XSCT server: xsct.bat -n  -interactive C:\Users\realk\Desktop\labb6copy\labb6_sdk\temp_xsdb_launch_script.tcl
16:07:55 INFO  : Registering command handlers for Vitis TCF services
16:07:56 INFO  : XSCT server has started successfully.
16:07:56 INFO  : Platform repository initialization has completed.
16:07:56 INFO  : plnx-install-location is set to ''
16:07:56 INFO  : Successfully done setting XSCT server connection channel  
16:07:56 INFO  : Successfully done query RDI_DATADIR 
16:07:56 INFO  : Successfully done setting workspace for the tool. 
17:47:43 DEBUG : Logs will be stored at 'C:/Users/realk/Desktop/labb6/labb6_sdk/IDE.log'.
17:47:44 INFO  : Launching XSCT server: xsct.bat -n  -interactive C:\Users\realk\Desktop\labb6\labb6_sdk\temp_xsdb_launch_script.tcl
17:47:46 INFO  : Platform repository initialization has completed.
17:47:47 INFO  : XSCT server has started successfully.
17:47:47 INFO  : Successfully done setting XSCT server connection channel  
17:47:47 INFO  : plnx-install-location is set to ''
17:47:47 INFO  : Successfully done setting workspace for the tool. 
17:47:47 INFO  : Successfully done query RDI_DATADIR 
17:47:47 INFO  : Registering command handlers for Vitis TCF services
17:56:32 INFO  : Connected to target on host '127.0.0.1' and port '3121'.
17:56:41 INFO  : Connected to target on host '127.0.0.1' and port '3121'.
17:56:53 INFO  : ----------------XSDB Script----------------
connect -url tcp:127.0.0.1:3121
----------------End of Script----------------

17:56:53 ERROR : Could not find FPGA device on the board for connection 'Local'.


Troubleshooting hints:
1. Check whether board is connected to system properly.
2. In case of zynq board, check whether Digilent/Xilinx cable switch settings are correct.
3. If you are using Xilinx Platform Cable USB, ensure that status LED is green.
17:57:02 INFO  : ----------------XSDB Script----------------
connect -url tcp:127.0.0.1:3121
----------------End of Script----------------

17:57:02 ERROR : Could not find FPGA device on the board for connection 'Local'.


Troubleshooting hints:
1. Check whether board is connected to system properly.
2. In case of zynq board, check whether Digilent/Xilinx cable switch settings are correct.
3. If you are using Xilinx Platform Cable USB, ensure that status LED is green.
18:02:40 INFO  : Result from executing command 'getProjects': mb_intro_top;mb_usb_hdmi_top
18:02:40 INFO  : Result from executing command 'getPlatforms': mb_intro_top|C:/Users/realk/Desktop/labb6/labb6_sdk/mb_intro_top/export/mb_intro_top/mb_intro_top.xpfm;xilinx_vck190_base_202220_1|C:/Xilinx/Vitis/2022.2/base_platforms/xilinx_vck190_base_202220_1/xilinx_vck190_base_202220_1.xpfm;xilinx_vck190_base_dfx_202220_1|C:/Xilinx/Vitis/2022.2/base_platforms/xilinx_vck190_base_dfx_202220_1/xilinx_vck190_base_dfx_202220_1.xpfm;xilinx_vmk180_base_202220_1|C:/Xilinx/Vitis/2022.2/base_platforms/xilinx_vmk180_base_202220_1/xilinx_vmk180_base_202220_1.xpfm;xilinx_zcu102_base_202220_1|C:/Xilinx/Vitis/2022.2/base_platforms/xilinx_zcu102_base_202220_1/xilinx_zcu102_base_202220_1.xpfm;xilinx_zcu102_base_dfx_202220_1|C:/Xilinx/Vitis/2022.2/base_platforms/xilinx_zcu102_base_dfx_202220_1/xilinx_zcu102_base_dfx_202220_1.xpfm;xilinx_zcu104_base_202220_1|C:/Xilinx/Vitis/2022.2/base_platforms/xilinx_zcu104_base_202220_1/xilinx_zcu104_base_202220_1.xpfm
18:02:41 WARN  : An unexpected exception occurred in the module 'platform project logging'
18:02:42 INFO  : Platform 'mb_usb_hdmi_top' is added to custom repositories.
18:02:43 ERROR : (XSDB Server)ERROR: [Hsi 55-1572] The hardware system does not have a memory that can locate program code Section 
ERROR: [Hsi 55-1422] Cannot initialize LinkGen Engine.

18:02:43 ERROR : (XSDB Server)ERROR: [Hsi 55-1435] Error generating linker script

18:02:43 ERROR : (XSDB Server)ERROR: [hsmtasks-55-1438]  

18:02:43 ERROR : Failed to call GENERATE_APP 
Reason: ERROR: [Common 17-39] 'hsi::generate_app' failed due to earlier errors.

18:02:43 ERROR : 
java.lang.RuntimeException: Failed to call GENERATE_APP 
Reason: ERROR: [Common 17-39] 'hsi::generate_app' failed due to earlier errors.

	at com.xilinx.sdk.xsdb.XsdbCommandUtils.handleResult(XsdbCommandUtils.java:389) ~[?:?]
	at com.xilinx.sdk.xsdb.XsdbCommandUtils.executeAndRespond(XsdbCommandUtils.java:327) ~[?:?]
	at com.xilinx.sdx.sdk.core.gen.CTemplateGen.generate(CTemplateGen.java:105) ~[?:?]
	at com.xilinx.sdx.sdk.core.gen.StandaloneProjectHandler.createCoreApp(StandaloneProjectHandler.java:93) ~[?:?]
	at com.xilinx.sdx.sdk.core.gen.AppCreationHandler.createApplication(AppCreationHandler.java:79) ~[?:?]
	at com.xilinx.sdx.sdk.core.gen.AppCreationHandler.execute(AppCreationHandler.java:69) ~[?:?]
	at com.xilinx.sdx.sdk.core.SdkAppCreationHandler.executeInternal(SdkAppCreationHandler.java:75) ~[?:?]
	at com.xilinx.sdx.sdk.core.SdkAppCreationHandler.lambda$1(SdkAppCreationHandler.java:67) ~[?:?]
	at org.eclipse.core.internal.resources.Workspace.run(Workspace.java:2292) ~[org.eclipse.core.resources_3.13.700.v20200209-1624.jar:?]
	at org.eclipse.core.internal.resources.Workspace.run(Workspace.java:2312) ~[org.eclipse.core.resources_3.13.700.v20200209-1624.jar:?]
	at com.xilinx.sdx.sdk.core.SdkAppCreationHandler.execute(SdkAppCreationHandler.java:66) ~[?:?]
	at com.xilinx.sdx.npw.NewProjectCreationHandler.createApplicationProject(NewProjectCreationHandler.java:237) ~[?:?]
	at com.xilinx.sdx.npw.NewProjectCreationHandler.internalExecute(NewProjectCreationHandler.java:385) ~[?:?]
	at com.xilinx.sdx.npw.NewProjectCreationHandler$1.execute(NewProjectCreationHandler.java:100) ~[?:?]
	at org.eclipse.ui.actions.WorkspaceModifyOperation.lambda$0(WorkspaceModifyOperation.java:110) ~[?:?]
	at org.eclipse.core.internal.resources.Workspace.run(Workspace.java:2292) [org.eclipse.core.resources_3.13.700.v20200209-1624.jar:?]
	at org.eclipse.core.internal.resources.Workspace.run(Workspace.java:2317) [org.eclipse.core.resources_3.13.700.v20200209-1624.jar:?]
	at org.eclipse.ui.actions.WorkspaceModifyOperation.run(WorkspaceModifyOperation.java:131) [org.eclipse.ui.ide_3.17.0.v20200217-1511.jar:?]
	at org.eclipse.jface.operation.ModalContext$ModalContextThread.run(ModalContext.java:122) [org.eclipse.jface_3.19.0.v20200218-1607.jar:?]
18:02:43 ERROR : Failed to create application project
org.eclipse.core.runtime.CoreException: Failed to call GENERATE_APP 
Reason: ERROR: [Common 17-39] 'hsi::generate_app' failed due to earlier errors.

	at com.xilinx.sdx.sdk.core.gen.StandaloneProjectHandler.createCoreApp(StandaloneProjectHandler.java:150) ~[?:?]
	at com.xilinx.sdx.sdk.core.gen.AppCreationHandler.createApplication(AppCreationHandler.java:79) ~[?:?]
	at com.xilinx.sdx.sdk.core.gen.AppCreationHandler.execute(AppCreationHandler.java:69) ~[?:?]
	at com.xilinx.sdx.sdk.core.SdkAppCreationHandler.executeInternal(SdkAppCreationHandler.java:75) ~[?:?]
	at com.xilinx.sdx.sdk.core.SdkAppCreationHandler.lambda$1(SdkAppCreationHandler.java:67) ~[?:?]
	at org.eclipse.core.internal.resources.Workspace.run(Workspace.java:2292) ~[org.eclipse.core.resources_3.13.700.v20200209-1624.jar:?]
	at org.eclipse.core.internal.resources.Workspace.run(Workspace.java:2312) ~[org.eclipse.core.resources_3.13.700.v20200209-1624.jar:?]
	at com.xilinx.sdx.sdk.core.SdkAppCreationHandler.execute(SdkAppCreationHandler.java:66) ~[?:?]
	at com.xilinx.sdx.npw.NewProjectCreationHandler.createApplicationProject(NewProjectCreationHandler.java:237) ~[?:?]
	at com.xilinx.sdx.npw.NewProjectCreationHandler.internalExecute(NewProjectCreationHandler.java:385) ~[?:?]
	at com.xilinx.sdx.npw.NewProjectCreationHandler$1.execute(NewProjectCreationHandler.java:100) ~[?:?]
	at org.eclipse.ui.actions.WorkspaceModifyOperation.lambda$0(WorkspaceModifyOperation.java:110) ~[?:?]
	at org.eclipse.core.internal.resources.Workspace.run(Workspace.java:2292) [org.eclipse.core.resources_3.13.700.v20200209-1624.jar:?]
	at org.eclipse.core.internal.resources.Workspace.run(Workspace.java:2317) [org.eclipse.core.resources_3.13.700.v20200209-1624.jar:?]
	at org.eclipse.ui.actions.WorkspaceModifyOperation.run(WorkspaceModifyOperation.java:131) [org.eclipse.ui.ide_3.17.0.v20200217-1511.jar:?]
	at org.eclipse.jface.operation.ModalContext$ModalContextThread.run(ModalContext.java:122) [org.eclipse.jface_3.19.0.v20200218-1607.jar:?]
