04:01:18 DEBUG : Logs will be stored at 'C:/Users/realk/Desktop/ece385/ECE385/lab7_1/lab7_1_sdk/IDE.log'.
04:01:20 INFO  : Launching XSCT server: xsct.bat -n  -interactive C:\Users\realk\Desktop\ece385\ECE385\lab7_1\lab7_1_sdk\temp_xsdb_launch_script.tcl
04:01:20 INFO  : Registering command handlers for Vitis TCF services
04:01:21 INFO  : Platform repository initialization has completed.
04:01:23 INFO  : XSCT server has started successfully.
04:01:23 INFO  : plnx-install-location is set to ''
04:01:23 INFO  : Successfully done setting XSCT server connection channel  
04:01:23 INFO  : Successfully done query RDI_DATADIR 
04:01:23 INFO  : Successfully done setting workspace for the tool. 
04:02:31 ERROR : (XSDB Server)ERROR: [Hsi 55-1562] Source directory C:/Users/realk/Desktop/ece385/ECE385/lab7_1/lab7_1_sdk/mb_block_wrapper/hw/drivers\hdmi_text_controller_v1_0/src does not exist or is not a directory.

04:02:32 INFO  : Result from executing command 'getProjects': mb_block_wrapper
04:02:32 INFO  : Result from executing command 'getPlatforms': xilinx_vck190_base_202220_1|C:/Xilinx/Vitis/2022.2/base_platforms/xilinx_vck190_base_202220_1/xilinx_vck190_base_202220_1.xpfm;xilinx_vck190_base_dfx_202220_1|C:/Xilinx/Vitis/2022.2/base_platforms/xilinx_vck190_base_dfx_202220_1/xilinx_vck190_base_dfx_202220_1.xpfm;xilinx_vmk180_base_202220_1|C:/Xilinx/Vitis/2022.2/base_platforms/xilinx_vmk180_base_202220_1/xilinx_vmk180_base_202220_1.xpfm;xilinx_zcu102_base_202220_1|C:/Xilinx/Vitis/2022.2/base_platforms/xilinx_zcu102_base_202220_1/xilinx_zcu102_base_202220_1.xpfm;xilinx_zcu102_base_dfx_202220_1|C:/Xilinx/Vitis/2022.2/base_platforms/xilinx_zcu102_base_dfx_202220_1/xilinx_zcu102_base_dfx_202220_1.xpfm;xilinx_zcu104_base_202220_1|C:/Xilinx/Vitis/2022.2/base_platforms/xilinx_zcu104_base_202220_1/xilinx_zcu104_base_202220_1.xpfm
04:02:33 WARN  : An unexpected exception occurred in the module 'platform project logging'
04:02:34 INFO  : Platform 'mb_block_wrapper' is added to custom repositories.
04:02:37 INFO  : Platform 'mb_block_wrapper' is added to custom repositories.
04:11:11 INFO  : Result from executing command 'getProjects': mb_block_wrapper
04:11:11 INFO  : Result from executing command 'getPlatforms': mb_block_wrapper|C:/Users/realk/Desktop/ece385/ECE385/lab7_1/lab7_1_sdk/mb_block_wrapper/export/mb_block_wrapper/mb_block_wrapper.xpfm;xilinx_vck190_base_202220_1|C:/Xilinx/Vitis/2022.2/base_platforms/xilinx_vck190_base_202220_1/xilinx_vck190_base_202220_1.xpfm;xilinx_vck190_base_dfx_202220_1|C:/Xilinx/Vitis/2022.2/base_platforms/xilinx_vck190_base_dfx_202220_1/xilinx_vck190_base_dfx_202220_1.xpfm;xilinx_vmk180_base_202220_1|C:/Xilinx/Vitis/2022.2/base_platforms/xilinx_vmk180_base_202220_1/xilinx_vmk180_base_202220_1.xpfm;xilinx_zcu102_base_202220_1|C:/Xilinx/Vitis/2022.2/base_platforms/xilinx_zcu102_base_202220_1/xilinx_zcu102_base_202220_1.xpfm;xilinx_zcu102_base_dfx_202220_1|C:/Xilinx/Vitis/2022.2/base_platforms/xilinx_zcu102_base_dfx_202220_1/xilinx_zcu102_base_dfx_202220_1.xpfm;xilinx_zcu104_base_202220_1|C:/Xilinx/Vitis/2022.2/base_platforms/xilinx_zcu104_base_202220_1/xilinx_zcu104_base_202220_1.xpfm
04:11:12 INFO  : Checking for BSP changes to sync application flags for project 'mb_graphics'...
04:11:40 INFO  : Connected to target on host '127.0.0.1' and port '3121'.
04:11:41 INFO  : Jtag cable 'RealDigital Boo 887100000006A' is selected.
04:11:41 INFO  : 'jtag frequency' command is executed.
04:11:41 INFO  : 'targets -set -filter {jtag_cable_name =~ "RealDigital Boo 887100000006A" && level==0 && jtag_device_ctx=="jsn1-0362f093-0"}' command is executed.
04:11:42 INFO  : Device configured successfully with "C:/Users/realk/Desktop/ece385/ECE385/lab7_1/lab7_1_sdk/mb_graphics/_ide/bitstream/mb_block_wrapper.bit"
04:11:42 INFO  : Context for processor 'microblaze_0' is selected.
04:11:42 INFO  : Hardware design and registers information is loaded from 'C:/Users/realk/Desktop/ece385/ECE385/lab7_1/lab7_1_sdk/mb_block_wrapper/export/mb_block_wrapper/hw/mb_block_wrapper.xsa'.
04:11:42 INFO  : 'configparams mdm-detect-bscan-mask 2' command is executed.
04:11:42 INFO  : Context for processor 'microblaze_0' is selected.
04:11:42 INFO  : System reset is completed.
04:11:45 INFO  : 'after 3000' command is executed.
04:11:45 INFO  : Context for processor 'microblaze_0' is selected.
04:11:45 ERROR : Cannot stop MicroBlaze. MicroBlaze is held in reset
04:11:45 INFO  : ----------------XSDB Script----------------
connect -url tcp:127.0.0.1:3121
targets -set -filter {jtag_cable_name =~ "RealDigital Boo 887100000006A" && level==0 && jtag_device_ctx=="jsn1-0362f093-0"}
fpga -file C:/Users/realk/Desktop/ece385/ECE385/lab7_1/lab7_1_sdk/mb_graphics/_ide/bitstream/mb_block_wrapper.bit
targets -set -nocase -filter {name =~ "*microblaze*#0" && bscan=="USER2" }
loadhw -hw C:/Users/realk/Desktop/ece385/ECE385/lab7_1/lab7_1_sdk/mb_block_wrapper/export/mb_block_wrapper/hw/mb_block_wrapper.xsa -regs
configparams mdm-detect-bscan-mask 2
targets -set -nocase -filter {name =~ "*microblaze*#0" && bscan=="USER2" }
rst -system
after 3000
targets -set -nocase -filter {name =~ "*microblaze*#0" && bscan=="USER2" }
dow C:/Users/realk/Desktop/ece385/ECE385/lab7_1/lab7_1_sdk/mb_graphics/Debug/mb_graphics.elf
----------------End of Script----------------

04:11:45 ERROR : Cannot stop MicroBlaze. MicroBlaze is held in reset
04:12:36 INFO  : Connected to target on host '127.0.0.1' and port '3121'.
04:12:36 INFO  : Jtag cable 'RealDigital Boo 887100000006A' is selected.
04:12:36 INFO  : 'jtag frequency' command is executed.
04:12:36 INFO  : 'targets -set -filter {jtag_cable_name =~ "RealDigital Boo 887100000006A" && level==0 && jtag_device_ctx=="jsn1-0362f093-0"}' command is executed.
04:12:37 INFO  : Device configured successfully with "C:/Users/realk/Desktop/ece385/ECE385/lab7_1/lab7_1_sdk/mb_graphics/_ide/bitstream/mb_block_wrapper.bit"
04:12:37 INFO  : Context for processor 'microblaze_0' is selected.
04:12:37 INFO  : Hardware design and registers information is loaded from 'C:/Users/realk/Desktop/ece385/ECE385/lab7_1/lab7_1_sdk/mb_block_wrapper/export/mb_block_wrapper/hw/mb_block_wrapper.xsa'.
04:12:37 INFO  : 'configparams mdm-detect-bscan-mask 2' command is executed.
04:12:37 INFO  : Context for processor 'microblaze_0' is selected.
04:12:37 INFO  : System reset is completed.
04:12:40 INFO  : 'after 3000' command is executed.
04:12:40 INFO  : Context for processor 'microblaze_0' is selected.
04:12:40 ERROR : Cannot stop MicroBlaze. MicroBlaze is held in reset
04:12:40 INFO  : ----------------XSDB Script----------------
connect -url tcp:127.0.0.1:3121
targets -set -filter {jtag_cable_name =~ "RealDigital Boo 887100000006A" && level==0 && jtag_device_ctx=="jsn1-0362f093-0"}
fpga -file C:/Users/realk/Desktop/ece385/ECE385/lab7_1/lab7_1_sdk/mb_graphics/_ide/bitstream/mb_block_wrapper.bit
targets -set -nocase -filter {name =~ "*microblaze*#0" && bscan=="USER2" }
loadhw -hw C:/Users/realk/Desktop/ece385/ECE385/lab7_1/lab7_1_sdk/mb_block_wrapper/export/mb_block_wrapper/hw/mb_block_wrapper.xsa -regs
configparams mdm-detect-bscan-mask 2
targets -set -nocase -filter {name =~ "*microblaze*#0" && bscan=="USER2" }
rst -system
after 3000
targets -set -nocase -filter {name =~ "*microblaze*#0" && bscan=="USER2" }
dow C:/Users/realk/Desktop/ece385/ECE385/lab7_1/lab7_1_sdk/mb_graphics/Debug/mb_graphics.elf
----------------End of Script----------------

04:12:40 ERROR : Cannot stop MicroBlaze. MicroBlaze is held in reset
04:12:52 INFO  : Connected to target on host '127.0.0.1' and port '3121'.
04:12:52 INFO  : Jtag cable 'RealDigital Boo 887100000006A' is selected.
04:12:52 INFO  : 'jtag frequency' command is executed.
04:12:52 INFO  : 'targets -set -filter {jtag_cable_name =~ "RealDigital Boo 887100000006A" && level==0 && jtag_device_ctx=="jsn1-0362f093-0"}' command is executed.
04:12:53 INFO  : Device configured successfully with "C:/Users/realk/Desktop/ece385/ECE385/lab7_1/lab7_1_sdk/mb_graphics/_ide/bitstream/mb_block_wrapper.bit"
04:12:53 INFO  : Context for processor 'microblaze_0' is selected.
04:12:53 INFO  : Hardware design and registers information is loaded from 'C:/Users/realk/Desktop/ece385/ECE385/lab7_1/lab7_1_sdk/mb_block_wrapper/export/mb_block_wrapper/hw/mb_block_wrapper.xsa'.
04:12:53 INFO  : 'configparams mdm-detect-bscan-mask 2' command is executed.
04:12:53 INFO  : Context for processor 'microblaze_0' is selected.
04:12:53 INFO  : System reset is completed.
04:12:56 INFO  : 'after 3000' command is executed.
04:12:56 INFO  : Context for processor 'microblaze_0' is selected.
04:12:57 INFO  : The application 'C:/Users/realk/Desktop/ece385/ECE385/lab7_1/lab7_1_sdk/mb_graphics/Debug/mb_graphics.elf' is downloaded to processor 'microblaze_0'.
04:12:57 INFO  : ----------------XSDB Script----------------
connect -url tcp:127.0.0.1:3121
targets -set -filter {jtag_cable_name =~ "RealDigital Boo 887100000006A" && level==0 && jtag_device_ctx=="jsn1-0362f093-0"}
fpga -file C:/Users/realk/Desktop/ece385/ECE385/lab7_1/lab7_1_sdk/mb_graphics/_ide/bitstream/mb_block_wrapper.bit
targets -set -nocase -filter {name =~ "*microblaze*#0" && bscan=="USER2" }
loadhw -hw C:/Users/realk/Desktop/ece385/ECE385/lab7_1/lab7_1_sdk/mb_block_wrapper/export/mb_block_wrapper/hw/mb_block_wrapper.xsa -regs
configparams mdm-detect-bscan-mask 2
targets -set -nocase -filter {name =~ "*microblaze*#0" && bscan=="USER2" }
rst -system
after 3000
targets -set -nocase -filter {name =~ "*microblaze*#0" && bscan=="USER2" }
dow C:/Users/realk/Desktop/ece385/ECE385/lab7_1/lab7_1_sdk/mb_graphics/Debug/mb_graphics.elf
----------------End of Script----------------

04:12:57 INFO  : Context for processor 'microblaze_0' is selected.
04:12:57 INFO  : 'con' command is executed.
04:12:57 INFO  : ----------------XSDB Script (After Launch)----------------
targets -set -nocase -filter {name =~ "*microblaze*#0" && bscan=="USER2" }
con
----------------End of Script----------------

04:12:57 INFO  : Launch script is exported to file 'C:\Users\realk\Desktop\ece385\ECE385\lab7_1\lab7_1_sdk\mb_graphics_system\_ide\scripts\debugger_mb_graphics-default.tcl'
04:13:54 INFO  : Disconnected from the channel tcfchan#2.
04:13:55 INFO  : Connected to target on host '127.0.0.1' and port '3121'.
04:14:04 INFO  : ----------------XSDB Script----------------
connect -url tcp:127.0.0.1:3121
----------------End of Script----------------

04:14:04 ERROR : Could not find FPGA device on the board for connection 'Local'.


Troubleshooting hints:
1. Check whether board is connected to system properly.
2. In case of zynq board, check whether Digilent/Xilinx cable switch settings are correct.
3. If you are using Xilinx Platform Cable USB, ensure that status LED is green.
04:14:26 INFO  : Connected to target on host '127.0.0.1' and port '3121'.
04:14:26 INFO  : Jtag cable 'RealDigital Boo 887100000006A' is selected.
04:14:26 INFO  : 'jtag frequency' command is executed.
04:14:26 INFO  : 'targets -set -filter {jtag_cable_name =~ "RealDigital Boo 887100000006A" && level==0 && jtag_device_ctx=="jsn1-0362f093-0"}' command is executed.
04:14:27 INFO  : Device configured successfully with "C:/Users/realk/Desktop/ece385/ECE385/lab7_1/lab7_1_sdk/mb_graphics/_ide/bitstream/mb_block_wrapper.bit"
04:14:27 INFO  : Context for processor 'microblaze_0' is selected.
04:14:27 INFO  : Hardware design and registers information is loaded from 'C:/Users/realk/Desktop/ece385/ECE385/lab7_1/lab7_1_sdk/mb_block_wrapper/export/mb_block_wrapper/hw/mb_block_wrapper.xsa'.
04:14:27 INFO  : 'configparams mdm-detect-bscan-mask 2' command is executed.
04:14:27 INFO  : Context for processor 'microblaze_0' is selected.
04:14:27 INFO  : System reset is completed.
04:14:30 INFO  : 'after 3000' command is executed.
04:14:30 INFO  : Context for processor 'microblaze_0' is selected.
04:14:30 ERROR : Cannot stop MicroBlaze. MicroBlaze is held in reset
04:14:30 INFO  : ----------------XSDB Script----------------
connect -url tcp:127.0.0.1:3121
targets -set -filter {jtag_cable_name =~ "RealDigital Boo 887100000006A" && level==0 && jtag_device_ctx=="jsn1-0362f093-0"}
fpga -file C:/Users/realk/Desktop/ece385/ECE385/lab7_1/lab7_1_sdk/mb_graphics/_ide/bitstream/mb_block_wrapper.bit
targets -set -nocase -filter {name =~ "*microblaze*#0" && bscan=="USER2" }
loadhw -hw C:/Users/realk/Desktop/ece385/ECE385/lab7_1/lab7_1_sdk/mb_block_wrapper/export/mb_block_wrapper/hw/mb_block_wrapper.xsa -regs
configparams mdm-detect-bscan-mask 2
targets -set -nocase -filter {name =~ "*microblaze*#0" && bscan=="USER2" }
rst -system
after 3000
targets -set -nocase -filter {name =~ "*microblaze*#0" && bscan=="USER2" }
dow C:/Users/realk/Desktop/ece385/ECE385/lab7_1/lab7_1_sdk/mb_graphics/Debug/mb_graphics.elf
----------------End of Script----------------

04:14:30 ERROR : Cannot stop MicroBlaze. MicroBlaze is held in reset
04:14:55 INFO  : Connected to target on host '127.0.0.1' and port '3121'.
04:14:55 INFO  : Jtag cable 'RealDigital Boo 887100000006A' is selected.
04:14:55 INFO  : 'jtag frequency' command is executed.
04:14:55 INFO  : 'targets -set -filter {jtag_cable_name =~ "RealDigital Boo 887100000006A" && level==0 && jtag_device_ctx=="jsn1-0362f093-0"}' command is executed.
04:14:56 INFO  : Device configured successfully with "C:/Users/realk/Desktop/ece385/ECE385/lab7_1/lab7_1_sdk/mb_graphics/_ide/bitstream/mb_block_wrapper.bit"
04:14:56 INFO  : Context for processor 'microblaze_0' is selected.
04:14:56 INFO  : Hardware design and registers information is loaded from 'C:/Users/realk/Desktop/ece385/ECE385/lab7_1/lab7_1_sdk/mb_block_wrapper/export/mb_block_wrapper/hw/mb_block_wrapper.xsa'.
04:14:56 INFO  : 'configparams mdm-detect-bscan-mask 2' command is executed.
04:14:56 INFO  : Context for processor 'microblaze_0' is selected.
04:14:56 INFO  : System reset is completed.
04:14:59 INFO  : 'after 3000' command is executed.
04:14:59 INFO  : Context for processor 'microblaze_0' is selected.
04:15:00 ERROR : Cannot stop MicroBlaze. MicroBlaze is held in reset
04:15:00 INFO  : ----------------XSDB Script----------------
connect -url tcp:127.0.0.1:3121
targets -set -filter {jtag_cable_name =~ "RealDigital Boo 887100000006A" && level==0 && jtag_device_ctx=="jsn1-0362f093-0"}
fpga -file C:/Users/realk/Desktop/ece385/ECE385/lab7_1/lab7_1_sdk/mb_graphics/_ide/bitstream/mb_block_wrapper.bit
targets -set -nocase -filter {name =~ "*microblaze*#0" && bscan=="USER2" }
loadhw -hw C:/Users/realk/Desktop/ece385/ECE385/lab7_1/lab7_1_sdk/mb_block_wrapper/export/mb_block_wrapper/hw/mb_block_wrapper.xsa -regs
configparams mdm-detect-bscan-mask 2
targets -set -nocase -filter {name =~ "*microblaze*#0" && bscan=="USER2" }
rst -system
after 3000
targets -set -nocase -filter {name =~ "*microblaze*#0" && bscan=="USER2" }
dow C:/Users/realk/Desktop/ece385/ECE385/lab7_1/lab7_1_sdk/mb_graphics/Debug/mb_graphics.elf
----------------End of Script----------------

04:15:00 ERROR : Cannot stop MicroBlaze. MicroBlaze is held in reset
04:15:08 INFO  : Connected to target on host '127.0.0.1' and port '3121'.
04:15:08 INFO  : Jtag cable 'RealDigital Boo 887100000006A' is selected.
04:15:08 INFO  : 'jtag frequency' command is executed.
04:15:08 INFO  : 'targets -set -filter {jtag_cable_name =~ "RealDigital Boo 887100000006A" && level==0 && jtag_device_ctx=="jsn1-0362f093-0"}' command is executed.
04:15:09 INFO  : Device configured successfully with "C:/Users/realk/Desktop/ece385/ECE385/lab7_1/lab7_1_sdk/mb_graphics/_ide/bitstream/mb_block_wrapper.bit"
04:15:09 INFO  : Context for processor 'microblaze_0' is selected.
04:15:09 INFO  : Hardware design and registers information is loaded from 'C:/Users/realk/Desktop/ece385/ECE385/lab7_1/lab7_1_sdk/mb_block_wrapper/export/mb_block_wrapper/hw/mb_block_wrapper.xsa'.
04:15:09 INFO  : 'configparams mdm-detect-bscan-mask 2' command is executed.
04:15:09 INFO  : Context for processor 'microblaze_0' is selected.
04:15:09 INFO  : System reset is completed.
04:15:12 INFO  : 'after 3000' command is executed.
04:15:12 INFO  : Context for processor 'microblaze_0' is selected.
04:15:13 INFO  : The application 'C:/Users/realk/Desktop/ece385/ECE385/lab7_1/lab7_1_sdk/mb_graphics/Debug/mb_graphics.elf' is downloaded to processor 'microblaze_0'.
04:15:13 INFO  : ----------------XSDB Script----------------
connect -url tcp:127.0.0.1:3121
targets -set -filter {jtag_cable_name =~ "RealDigital Boo 887100000006A" && level==0 && jtag_device_ctx=="jsn1-0362f093-0"}
fpga -file C:/Users/realk/Desktop/ece385/ECE385/lab7_1/lab7_1_sdk/mb_graphics/_ide/bitstream/mb_block_wrapper.bit
targets -set -nocase -filter {name =~ "*microblaze*#0" && bscan=="USER2" }
loadhw -hw C:/Users/realk/Desktop/ece385/ECE385/lab7_1/lab7_1_sdk/mb_block_wrapper/export/mb_block_wrapper/hw/mb_block_wrapper.xsa -regs
configparams mdm-detect-bscan-mask 2
targets -set -nocase -filter {name =~ "*microblaze*#0" && bscan=="USER2" }
rst -system
after 3000
targets -set -nocase -filter {name =~ "*microblaze*#0" && bscan=="USER2" }
dow C:/Users/realk/Desktop/ece385/ECE385/lab7_1/lab7_1_sdk/mb_graphics/Debug/mb_graphics.elf
----------------End of Script----------------

04:15:13 INFO  : Context for processor 'microblaze_0' is selected.
04:15:13 INFO  : 'con' command is executed.
04:15:13 INFO  : ----------------XSDB Script (After Launch)----------------
targets -set -nocase -filter {name =~ "*microblaze*#0" && bscan=="USER2" }
con
----------------End of Script----------------

04:15:13 INFO  : Launch script is exported to file 'C:\Users\realk\Desktop\ece385\ECE385\lab7_1\lab7_1_sdk\mb_graphics_system\_ide\scripts\debugger_mb_graphics-default.tcl'
04:24:56 INFO  : Disconnected from the channel tcfchan#3.
04:24:57 INFO  : Connected to target on host '127.0.0.1' and port '3121'.
04:24:57 INFO  : Jtag cable 'RealDigital Boo 887100000006A' is selected.
04:24:57 INFO  : 'jtag frequency' command is executed.
04:24:57 INFO  : 'targets -set -filter {jtag_cable_name =~ "RealDigital Boo 887100000006A" && level==0 && jtag_device_ctx=="jsn1-0362f093-0"}' command is executed.
04:24:58 INFO  : Device configured successfully with "C:/Users/realk/Desktop/ece385/ECE385/lab7_1/lab7_1_sdk/mb_graphics/_ide/bitstream/mb_block_wrapper.bit"
04:24:58 INFO  : Context for processor 'microblaze_0' is selected.
04:24:58 INFO  : Hardware design and registers information is loaded from 'C:/Users/realk/Desktop/ece385/ECE385/lab7_1/lab7_1_sdk/mb_block_wrapper/export/mb_block_wrapper/hw/mb_block_wrapper.xsa'.
04:24:58 INFO  : 'configparams mdm-detect-bscan-mask 2' command is executed.
04:24:58 INFO  : Context for processor 'microblaze_0' is selected.
04:24:58 INFO  : System reset is completed.
04:25:01 INFO  : 'after 3000' command is executed.
04:25:02 INFO  : Context for processor 'microblaze_0' is selected.
04:25:02 ERROR : Cannot stop MicroBlaze. MicroBlaze is held in reset
04:25:02 INFO  : ----------------XSDB Script----------------
connect -url tcp:127.0.0.1:3121
targets -set -filter {jtag_cable_name =~ "RealDigital Boo 887100000006A" && level==0 && jtag_device_ctx=="jsn1-0362f093-0"}
fpga -file C:/Users/realk/Desktop/ece385/ECE385/lab7_1/lab7_1_sdk/mb_graphics/_ide/bitstream/mb_block_wrapper.bit
targets -set -nocase -filter {name =~ "*microblaze*#0" && bscan=="USER2" }
loadhw -hw C:/Users/realk/Desktop/ece385/ECE385/lab7_1/lab7_1_sdk/mb_block_wrapper/export/mb_block_wrapper/hw/mb_block_wrapper.xsa -regs
configparams mdm-detect-bscan-mask 2
targets -set -nocase -filter {name =~ "*microblaze*#0" && bscan=="USER2" }
rst -system
after 3000
targets -set -nocase -filter {name =~ "*microblaze*#0" && bscan=="USER2" }
dow C:/Users/realk/Desktop/ece385/ECE385/lab7_1/lab7_1_sdk/mb_graphics/Debug/mb_graphics.elf
----------------End of Script----------------

04:25:02 ERROR : Cannot stop MicroBlaze. MicroBlaze is held in reset
04:25:09 INFO  : Connected to target on host '127.0.0.1' and port '3121'.
04:25:09 INFO  : Jtag cable 'RealDigital Boo 887100000006A' is selected.
04:25:09 INFO  : 'jtag frequency' command is executed.
04:25:09 INFO  : 'targets -set -filter {jtag_cable_name =~ "RealDigital Boo 887100000006A" && level==0 && jtag_device_ctx=="jsn1-0362f093-0"}' command is executed.
04:25:10 INFO  : Device configured successfully with "C:/Users/realk/Desktop/ece385/ECE385/lab7_1/lab7_1_sdk/mb_graphics/_ide/bitstream/mb_block_wrapper.bit"
04:25:10 INFO  : Context for processor 'microblaze_0' is selected.
04:25:10 INFO  : Hardware design and registers information is loaded from 'C:/Users/realk/Desktop/ece385/ECE385/lab7_1/lab7_1_sdk/mb_block_wrapper/export/mb_block_wrapper/hw/mb_block_wrapper.xsa'.
04:25:10 INFO  : 'configparams mdm-detect-bscan-mask 2' command is executed.
04:25:10 INFO  : Context for processor 'microblaze_0' is selected.
04:25:10 INFO  : System reset is completed.
04:25:13 INFO  : 'after 3000' command is executed.
04:25:13 INFO  : Context for processor 'microblaze_0' is selected.
04:25:14 ERROR : Memory write error at 0x2A50. Unexpected MicroBlaze running state
04:25:14 INFO  : ----------------XSDB Script----------------
connect -url tcp:127.0.0.1:3121
targets -set -filter {jtag_cable_name =~ "RealDigital Boo 887100000006A" && level==0 && jtag_device_ctx=="jsn1-0362f093-0"}
fpga -file C:/Users/realk/Desktop/ece385/ECE385/lab7_1/lab7_1_sdk/mb_graphics/_ide/bitstream/mb_block_wrapper.bit
targets -set -nocase -filter {name =~ "*microblaze*#0" && bscan=="USER2" }
loadhw -hw C:/Users/realk/Desktop/ece385/ECE385/lab7_1/lab7_1_sdk/mb_block_wrapper/export/mb_block_wrapper/hw/mb_block_wrapper.xsa -regs
configparams mdm-detect-bscan-mask 2
targets -set -nocase -filter {name =~ "*microblaze*#0" && bscan=="USER2" }
rst -system
after 3000
targets -set -nocase -filter {name =~ "*microblaze*#0" && bscan=="USER2" }
dow C:/Users/realk/Desktop/ece385/ECE385/lab7_1/lab7_1_sdk/mb_graphics/Debug/mb_graphics.elf
----------------End of Script----------------

04:25:14 ERROR : Memory write error at 0x2A50. Unexpected MicroBlaze running state
