Copyright 1986-2022 Xilinx, Inc. All Rights Reserved.
------------------------------------------------------------------------------------
| Tool Version : Vivado v.2022.2 (win64) Build 3671981 Fri Oct 14 05:00:03 MDT 2022
| Date         : Fri Nov  8 09:25:20 2024
| Host         : MSI running 64-bit major release  (build 9200)
| Command      : upgrade_ip
| Device       : xc7s50csga324-1
------------------------------------------------------------------------------------

Upgrade Log for IP 'mb_block_1_hdmi_text_controller_0_0'

1. Summary
----------

SUCCESS in the upgrade of mb_block_1_hdmi_text_controller_0_0 (xilinx.com:user:hdmi_text_controller:1.0) from (Rev. 54) to (Rev. 55)






Copyright 1986-2022 Xilinx, Inc. All Rights Reserved.
------------------------------------------------------------------------------------
| Tool Version : Vivado v.2022.2 (win64) Build 3671981 Fri Oct 14 05:00:03 MDT 2022
| Date         : Fri Nov  8 09:07:52 2024
| Host         : MSI running 64-bit major release  (build 9200)
| Command      : upgrade_ip
| Device       : xc7s50csga324-1
------------------------------------------------------------------------------------

Upgrade Log for IP 'mb_block_1_hdmi_text_controller_0_0'

1. Summary
----------

SUCCESS in the upgrade of mb_block_1_hdmi_text_controller_0_0 (xilinx.com:user:hdmi_text_controller:1.0) from (Rev. 53) to (Rev. 54)






Copyright 1986-2022 Xilinx, Inc. All Rights Reserved.
------------------------------------------------------------------------------------
| Tool Version : Vivado v.2022.2 (win64) Build 3671981 Fri Oct 14 05:00:03 MDT 2022
| Date         : Fri Nov  8 09:01:56 2024
| Host         : MSI running 64-bit major release  (build 9200)
| Command      : upgrade_ip
| Device       : xc7s50csga324-1
------------------------------------------------------------------------------------

Upgrade Log for IP 'mb_block_1_hdmi_text_controller_0_0'

1. Summary
----------

SUCCESS in the upgrade of mb_block_1_hdmi_text_controller_0_0 (xilinx.com:user:hdmi_text_controller:1.0) from (Rev. 52) to (Rev. 53)






Copyright 1986-2022 Xilinx, Inc. All Rights Reserved.
------------------------------------------------------------------------------------
| Tool Version : Vivado v.2022.2 (win64) Build 3671981 Fri Oct 14 05:00:03 MDT 2022
| Date         : Fri Nov  8 08:54:45 2024
| Host         : MSI running 64-bit major release  (build 9200)
| Command      : upgrade_ip
| Device       : xc7s50csga324-1
------------------------------------------------------------------------------------

Upgrade Log for IP 'mb_block_1_hdmi_text_controller_0_0'

1. Summary
----------

SUCCESS in the upgrade of mb_block_1_hdmi_text_controller_0_0 (xilinx.com:user:hdmi_text_controller:1.0) from (Rev. 51) to (Rev. 52)






Copyright 1986-2022 Xilinx, Inc. All Rights Reserved.
------------------------------------------------------------------------------------
| Tool Version : Vivado v.2022.2 (win64) Build 3671981 Fri Oct 14 05:00:03 MDT 2022
| Date         : Fri Nov  8 08:45:46 2024
| Host         : MSI running 64-bit major release  (build 9200)
| Command      : upgrade_ip
| Device       : xc7s50csga324-1
------------------------------------------------------------------------------------

Upgrade Log for IP 'mb_block_1_hdmi_text_controller_0_0'

1. Summary
----------

SUCCESS in the upgrade of mb_block_1_hdmi_text_controller_0_0 (xilinx.com:user:hdmi_text_controller:1.0) from (Rev. 50) to (Rev. 51)






Copyright 1986-2022 Xilinx, Inc. All Rights Reserved.
------------------------------------------------------------------------------------
| Tool Version : Vivado v.2022.2 (win64) Build 3671981 Fri Oct 14 05:00:03 MDT 2022
| Date         : Fri Nov  8 08:35:51 2024
| Host         : MSI running 64-bit major release  (build 9200)
| Command      : upgrade_ip
| Device       : xc7s50csga324-1
------------------------------------------------------------------------------------

Upgrade Log for IP 'mb_block_1_hdmi_text_controller_0_0'

1. Summary
----------

SUCCESS in the upgrade of mb_block_1_hdmi_text_controller_0_0 (xilinx.com:user:hdmi_text_controller:1.0) from (Rev. 49) to (Rev. 50)






Copyright 1986-2022 Xilinx, Inc. All Rights Reserved.
------------------------------------------------------------------------------------
| Tool Version : Vivado v.2022.2 (win64) Build 3671981 Fri Oct 14 05:00:03 MDT 2022
| Date         : Fri Nov  8 08:23:17 2024
| Host         : MSI running 64-bit major release  (build 9200)
| Command      : upgrade_ip
| Device       : xc7s50csga324-1
------------------------------------------------------------------------------------

Upgrade Log for IP 'mb_block_1_hdmi_text_controller_0_0'

1. Summary
----------

SUCCESS in the upgrade of mb_block_1_hdmi_text_controller_0_0 (xilinx.com:user:hdmi_text_controller:1.0) from (Rev. 48) to (Rev. 49)






Copyright 1986-2022 Xilinx, Inc. All Rights Reserved.
------------------------------------------------------------------------------------
| Tool Version : Vivado v.2022.2 (win64) Build 3671981 Fri Oct 14 05:00:03 MDT 2022
| Date         : Fri Nov  8 07:57:46 2024
| Host         : MSI running 64-bit major release  (build 9200)
| Command      : upgrade_ip
| Device       : xc7s50csga324-1
------------------------------------------------------------------------------------

Upgrade Log for IP 'mb_block_1_hdmi_text_controller_0_0'

1. Summary
----------

SUCCESS in the upgrade of mb_block_1_hdmi_text_controller_0_0 (xilinx.com:user:hdmi_text_controller:1.0) from (Rev. 47) to (Rev. 48)






Copyright 1986-2022 Xilinx, Inc. All Rights Reserved.
------------------------------------------------------------------------------------
| Tool Version : Vivado v.2022.2 (win64) Build 3671981 Fri Oct 14 05:00:03 MDT 2022
| Date         : Fri Nov  8 07:34:50 2024
| Host         : MSI running 64-bit major release  (build 9200)
| Command      : upgrade_ip
| Device       : xc7s50csga324-1
------------------------------------------------------------------------------------

Upgrade Log for IP 'mb_block_1_hdmi_text_controller_0_0'

1. Summary
----------

SUCCESS in the upgrade of mb_block_1_hdmi_text_controller_0_0 (xilinx.com:user:hdmi_text_controller:1.0) from (Rev. 46) to (Rev. 47)






Copyright 1986-2022 Xilinx, Inc. All Rights Reserved.
------------------------------------------------------------------------------------
| Tool Version : Vivado v.2022.2 (win64) Build 3671981 Fri Oct 14 05:00:03 MDT 2022
| Date         : Fri Nov  8 06:51:52 2024
| Host         : MSI running 64-bit major release  (build 9200)
| Command      : upgrade_ip
| Device       : xc7s50csga324-1
------------------------------------------------------------------------------------

Upgrade Log for IP 'mb_block_1_hdmi_text_controller_0_0'

1. Summary
----------

SUCCESS in the upgrade of mb_block_1_hdmi_text_controller_0_0 (xilinx.com:user:hdmi_text_controller:1.0) from (Rev. 45) to (Rev. 46)






Copyright 1986-2022 Xilinx, Inc. All Rights Reserved.
------------------------------------------------------------------------------------
| Tool Version : Vivado v.2022.2 (win64) Build 3671981 Fri Oct 14 05:00:03 MDT 2022
| Date         : Fri Nov  8 06:39:22 2024
| Host         : MSI running 64-bit major release  (build 9200)
| Command      : upgrade_ip
| Device       : xc7s50csga324-1
------------------------------------------------------------------------------------

Upgrade Log for IP 'mb_block_1_hdmi_text_controller_0_0'

1. Summary
----------

SUCCESS in the upgrade of mb_block_1_hdmi_text_controller_0_0 (xilinx.com:user:hdmi_text_controller:1.0) from (Rev. 44) to (Rev. 45)






Copyright 1986-2022 Xilinx, Inc. All Rights Reserved.
------------------------------------------------------------------------------------
| Tool Version : Vivado v.2022.2 (win64) Build 3671981 Fri Oct 14 05:00:03 MDT 2022
| Date         : Fri Nov  8 06:30:55 2024
| Host         : MSI running 64-bit major release  (build 9200)
| Command      : upgrade_ip
| Device       : xc7s50csga324-1
------------------------------------------------------------------------------------

Upgrade Log for IP 'mb_block_1_hdmi_text_controller_0_0'

1. Summary
----------

SUCCESS in the upgrade of mb_block_1_hdmi_text_controller_0_0 (xilinx.com:user:hdmi_text_controller:1.0) from (Rev. 43) to (Rev. 44)






Copyright 1986-2022 Xilinx, Inc. All Rights Reserved.
------------------------------------------------------------------------------------
| Tool Version : Vivado v.2022.2 (win64) Build 3671981 Fri Oct 14 05:00:03 MDT 2022
| Date         : Fri Nov  8 06:05:48 2024
| Host         : MSI running 64-bit major release  (build 9200)
| Command      : upgrade_ip
| Device       : xc7s50csga324-1
------------------------------------------------------------------------------------

Upgrade Log for IP 'mb_block_1_hdmi_text_controller_0_0'

1. Summary
----------

SUCCESS in the upgrade of mb_block_1_hdmi_text_controller_0_0 (xilinx.com:user:hdmi_text_controller:1.0) from (Rev. 42) to (Rev. 43)






Copyright 1986-2022 Xilinx, Inc. All Rights Reserved.
------------------------------------------------------------------------------------
| Tool Version : Vivado v.2022.2 (win64) Build 3671981 Fri Oct 14 05:00:03 MDT 2022
| Date         : Fri Nov  8 05:55:33 2024
| Host         : MSI running 64-bit major release  (build 9200)
| Command      : upgrade_ip
| Device       : xc7s50csga324-1
------------------------------------------------------------------------------------

Upgrade Log for IP 'mb_block_1_hdmi_text_controller_0_0'

1. Summary
----------

SUCCESS in the upgrade of mb_block_1_hdmi_text_controller_0_0 (xilinx.com:user:hdmi_text_controller:1.0) from (Rev. 41) to (Rev. 42)






Copyright 1986-2022 Xilinx, Inc. All Rights Reserved.
------------------------------------------------------------------------------------
| Tool Version : Vivado v.2022.2 (win64) Build 3671981 Fri Oct 14 05:00:03 MDT 2022
| Date         : Fri Nov  8 05:29:06 2024
| Host         : MSI running 64-bit major release  (build 9200)
| Command      : upgrade_ip
| Device       : xc7s50csga324-1
------------------------------------------------------------------------------------

Upgrade Log for IP 'mb_block_1_hdmi_text_controller_0_0'

1. Summary
----------

SUCCESS in the upgrade of mb_block_1_hdmi_text_controller_0_0 (xilinx.com:user:hdmi_text_controller:1.0) from (Rev. 40) to (Rev. 41)






Copyright 1986-2022 Xilinx, Inc. All Rights Reserved.
------------------------------------------------------------------------------------
| Tool Version : Vivado v.2022.2 (win64) Build 3671981 Fri Oct 14 05:00:03 MDT 2022
| Date         : Fri Nov  8 04:58:11 2024
| Host         : MSI running 64-bit major release  (build 9200)
| Command      : upgrade_ip
| Device       : xc7s50csga324-1
------------------------------------------------------------------------------------

Upgrade Log for IP 'mb_block_1_hdmi_text_controller_0_0'

1. Summary
----------

SUCCESS in the upgrade of mb_block_1_hdmi_text_controller_0_0 (xilinx.com:user:hdmi_text_controller:1.0) from (Rev. 39) to (Rev. 40)






Copyright 1986-2022 Xilinx, Inc. All Rights Reserved.
------------------------------------------------------------------------------------
| Tool Version : Vivado v.2022.2 (win64) Build 3671981 Fri Oct 14 05:00:03 MDT 2022
| Date         : Fri Nov  8 04:07:25 2024
| Host         : MSI running 64-bit major release  (build 9200)
| Command      : upgrade_ip
| Device       : xc7s50csga324-1
------------------------------------------------------------------------------------

Upgrade Log for IP 'mb_block_1_hdmi_text_controller_0_0'

1. Summary
----------

SUCCESS in the upgrade of mb_block_1_hdmi_text_controller_0_0 (xilinx.com:user:hdmi_text_controller:1.0) from (Rev. 38) to (Rev. 39)






Copyright 1986-2022 Xilinx, Inc. All Rights Reserved.
------------------------------------------------------------------------------------
| Tool Version : Vivado v.2022.2 (win64) Build 3671981 Fri Oct 14 05:00:03 MDT 2022
| Date         : Fri Nov  8 03:07:52 2024
| Host         : MSI running 64-bit major release  (build 9200)
| Command      : upgrade_ip
| Device       : xc7s50csga324-1
------------------------------------------------------------------------------------

Upgrade Log for IP 'mb_block_1_hdmi_text_controller_0_0'

1. Summary
----------

SUCCESS in the upgrade of mb_block_1_hdmi_text_controller_0_0 (xilinx.com:user:hdmi_text_controller:1.0) from (Rev. 37) to (Rev. 38)






Copyright 1986-2022 Xilinx, Inc. All Rights Reserved.
------------------------------------------------------------------------------------
| Tool Version : Vivado v.2022.2 (win64) Build 3671981 Fri Oct 14 05:00:03 MDT 2022
| Date         : Fri Nov  8 03:05:12 2024
| Host         : MSI running 64-bit major release  (build 9200)
| Command      : upgrade_ip
| Device       : xc7s50csga324-1
------------------------------------------------------------------------------------

Upgrade Log for IP 'mb_block_1_hdmi_text_controller_0_0'

1. Summary
----------

SUCCESS in the upgrade of mb_block_1_hdmi_text_controller_0_0 (xilinx.com:user:hdmi_text_controller:1.0) from (Rev. 36) to (Rev. 37)






Copyright 1986-2022 Xilinx, Inc. All Rights Reserved.
------------------------------------------------------------------------------------
| Tool Version : Vivado v.2022.2 (win64) Build 3671981 Fri Oct 14 05:00:03 MDT 2022
| Date         : Fri Nov  8 02:44:08 2024
| Host         : MSI running 64-bit major release  (build 9200)
| Command      : upgrade_ip
| Device       : xc7s50csga324-1
------------------------------------------------------------------------------------

Upgrade Log for IP 'mb_block_1_hdmi_text_controller_0_0'

1. Summary
----------

SUCCESS in the upgrade of mb_block_1_hdmi_text_controller_0_0 (xilinx.com:user:hdmi_text_controller:1.0) from (Rev. 35) to (Rev. 36)






Copyright 1986-2022 Xilinx, Inc. All Rights Reserved.
------------------------------------------------------------------------------------
| Tool Version : Vivado v.2022.2 (win64) Build 3671981 Fri Oct 14 05:00:03 MDT 2022
| Date         : Fri Nov  8 02:30:23 2024
| Host         : MSI running 64-bit major release  (build 9200)
| Command      : upgrade_ip
| Device       : xc7s50csga324-1
------------------------------------------------------------------------------------

Upgrade Log for IP 'mb_block_1_hdmi_text_controller_0_0'

1. Summary
----------

SUCCESS in the upgrade of mb_block_1_hdmi_text_controller_0_0 (xilinx.com:user:hdmi_text_controller:1.0) from (Rev. 34) to (Rev. 35)






Copyright 1986-2022 Xilinx, Inc. All Rights Reserved.
------------------------------------------------------------------------------------
| Tool Version : Vivado v.2022.2 (win64) Build 3671981 Fri Oct 14 05:00:03 MDT 2022
| Date         : Fri Nov  8 02:21:17 2024
| Host         : MSI running 64-bit major release  (build 9200)
| Command      : upgrade_ip
| Device       : xc7s50csga324-1
------------------------------------------------------------------------------------

Upgrade Log for IP 'mb_block_1_hdmi_text_controller_0_0'

1. Summary
----------

SUCCESS in the upgrade of mb_block_1_hdmi_text_controller_0_0 (xilinx.com:user:hdmi_text_controller:1.0) from (Rev. 33) to (Rev. 34)






Copyright 1986-2022 Xilinx, Inc. All Rights Reserved.
------------------------------------------------------------------------------------
| Tool Version : Vivado v.2022.2 (win64) Build 3671981 Fri Oct 14 05:00:03 MDT 2022
| Date         : Fri Nov  8 02:09:20 2024
| Host         : MSI running 64-bit major release  (build 9200)
| Command      : upgrade_ip
| Device       : xc7s50csga324-1
------------------------------------------------------------------------------------

Upgrade Log for IP 'mb_block_1_hdmi_text_controller_0_0'

1. Summary
----------

SUCCESS in the upgrade of mb_block_1_hdmi_text_controller_0_0 (xilinx.com:user:hdmi_text_controller:1.0) from (Rev. 32) to (Rev. 33)






Copyright 1986-2022 Xilinx, Inc. All Rights Reserved.
------------------------------------------------------------------------------------
| Tool Version : Vivado v.2022.2 (win64) Build 3671981 Fri Oct 14 05:00:03 MDT 2022
| Date         : Fri Nov  8 01:52:44 2024
| Host         : MSI running 64-bit major release  (build 9200)
| Command      : upgrade_ip
| Device       : xc7s50csga324-1
------------------------------------------------------------------------------------

Upgrade Log for IP 'mb_block_1_hdmi_text_controller_0_0'

1. Summary
----------

SUCCESS in the upgrade of mb_block_1_hdmi_text_controller_0_0 (xilinx.com:user:hdmi_text_controller:1.0) from (Rev. 31) to (Rev. 32)






Copyright 1986-2022 Xilinx, Inc. All Rights Reserved.
------------------------------------------------------------------------------------
| Tool Version : Vivado v.2022.2 (win64) Build 3671981 Fri Oct 14 05:00:03 MDT 2022
| Date         : Fri Nov  8 01:42:49 2024
| Host         : MSI running 64-bit major release  (build 9200)
| Command      : upgrade_ip
| Device       : xc7s50csga324-1
------------------------------------------------------------------------------------

Upgrade Log for IP 'mb_block_1_hdmi_text_controller_0_0'

1. Summary
----------

SUCCESS in the upgrade of mb_block_1_hdmi_text_controller_0_0 (xilinx.com:user:hdmi_text_controller:1.0) from (Rev. 30) to (Rev. 31)






Copyright 1986-2022 Xilinx, Inc. All Rights Reserved.
------------------------------------------------------------------------------------
| Tool Version : Vivado v.2022.2 (win64) Build 3671981 Fri Oct 14 05:00:03 MDT 2022
| Date         : Fri Nov  8 00:35:18 2024
| Host         : MSI running 64-bit major release  (build 9200)
| Command      : upgrade_ip
| Device       : xc7s50csga324-1
------------------------------------------------------------------------------------

Upgrade Log for IP 'mb_block_1_hdmi_text_controller_0_0'

1. Summary
----------

SUCCESS in the upgrade of mb_block_1_hdmi_text_controller_0_0 (xilinx.com:user:hdmi_text_controller:1.0) from (Rev. 29) to (Rev. 30)






Copyright 1986-2022 Xilinx, Inc. All Rights Reserved.
------------------------------------------------------------------------------------
| Tool Version : Vivado v.2022.2 (win64) Build 3671981 Fri Oct 14 05:00:03 MDT 2022
| Date         : Thu Nov  7 22:40:22 2024
| Host         : MSI running 64-bit major release  (build 9200)
| Command      : upgrade_ip
| Device       : xc7s50csga324-1
------------------------------------------------------------------------------------

Upgrade Log for IP 'mb_block_1_hdmi_text_controller_0_0'

1. Summary
----------

SUCCESS in the upgrade of mb_block_1_hdmi_text_controller_0_0 (xilinx.com:user:hdmi_text_controller:1.0) from (Rev. 28) to (Rev. 29)






Copyright 1986-2022 Xilinx, Inc. All Rights Reserved.
------------------------------------------------------------------------------------
| Tool Version : Vivado v.2022.2 (win64) Build 3671981 Fri Oct 14 05:00:03 MDT 2022
| Date         : Thu Nov  7 22:02:59 2024
| Host         : MSI running 64-bit major release  (build 9200)
| Command      : upgrade_ip
| Device       : xc7s50csga324-1
------------------------------------------------------------------------------------

Upgrade Log for IP 'mb_block_1_hdmi_text_controller_0_0'

1. Summary
----------

SUCCESS in the upgrade of mb_block_1_hdmi_text_controller_0_0 (xilinx.com:user:hdmi_text_controller:1.0) from (Rev. 27) to (Rev. 28)






Copyright 1986-2022 Xilinx, Inc. All Rights Reserved.
------------------------------------------------------------------------------------
| Tool Version : Vivado v.2022.2 (win64) Build 3671981 Fri Oct 14 05:00:03 MDT 2022
| Date         : Thu Nov  7 21:38:19 2024
| Host         : MSI running 64-bit major release  (build 9200)
| Command      : upgrade_ip
| Device       : xc7s50csga324-1
------------------------------------------------------------------------------------

Upgrade Log for IP 'mb_block_1_hdmi_text_controller_0_0'

1. Summary
----------

SUCCESS in the upgrade of mb_block_1_hdmi_text_controller_0_0 (xilinx.com:user:hdmi_text_controller:1.0) from (Rev. 26) to (Rev. 27)






Copyright 1986-2022 Xilinx, Inc. All Rights Reserved.
------------------------------------------------------------------------------------
| Tool Version : Vivado v.2022.2 (win64) Build 3671981 Fri Oct 14 05:00:03 MDT 2022
| Date         : Thu Nov  7 21:37:15 2024
| Host         : MSI running 64-bit major release  (build 9200)
| Command      : upgrade_ip
| Device       : xc7s50csga324-1
------------------------------------------------------------------------------------

Upgrade Log for IP 'mb_block_1_hdmi_text_controller_0_0'

1. Summary
----------

SUCCESS in the conversion of mb_block_1_hdmi_text_controller_0_0 (xilinx.com:user:hdmi_text_controller:1.0 (Rev. 26)) to Vivado generation flows.






Copyright 1986-2022 Xilinx, Inc. All Rights Reserved.
------------------------------------------------------------------------------------
| Tool Version : Vivado v.2022.2 (win64) Build 3671981 Fri Oct 14 05:00:03 MDT 2022
| Date         : Thu Nov  7 21:10:23 2024
| Host         : MSI running 64-bit major release  (build 9200)
| Command      : upgrade_ip
| Device       : xc7s50csga324-1
------------------------------------------------------------------------------------

Upgrade Log for IP 'mb_block_1_hdmi_text_controller_0_0'

1. Summary
----------

SUCCESS in the upgrade of mb_block_1_hdmi_text_controller_0_0 (xilinx.com:user:hdmi_text_controller:1.0) from (Rev. 25) to (Rev. 26)






Copyright 1986-2022 Xilinx, Inc. All Rights Reserved.
------------------------------------------------------------------------------------
| Tool Version : Vivado v.2022.2 (win64) Build 3671981 Fri Oct 14 05:00:03 MDT 2022
| Date         : Thu Nov  7 19:33:02 2024
| Host         : MSI running 64-bit major release  (build 9200)
| Command      : upgrade_ip
| Device       : xc7s50csga324-1
------------------------------------------------------------------------------------

Upgrade Log for IP 'mb_block_1_hdmi_text_controller_0_0'

1. Summary
----------

SUCCESS in the upgrade of mb_block_1_hdmi_text_controller_0_0 (xilinx.com:user:hdmi_text_controller:1.0) from (Rev. 24) to (Rev. 25)






Copyright 1986-2022 Xilinx, Inc. All Rights Reserved.
------------------------------------------------------------------------------------
| Tool Version : Vivado v.2022.2 (win64) Build 3671981 Fri Oct 14 05:00:03 MDT 2022
| Date         : Thu Nov  7 05:13:39 2024
| Host         : MSI running 64-bit major release  (build 9200)
| Command      : upgrade_ip
| Device       : xc7s50csga324-1
------------------------------------------------------------------------------------

Upgrade Log for IP 'mb_block_1_hdmi_text_controller_0_0'

1. Summary
----------

SUCCESS in the upgrade of mb_block_1_hdmi_text_controller_0_0 (xilinx.com:user:hdmi_text_controller:1.0) from (Rev. 23) to (Rev. 24)






Copyright 1986-2022 Xilinx, Inc. All Rights Reserved.
------------------------------------------------------------------------------------
| Tool Version : Vivado v.2022.2 (win64) Build 3671981 Fri Oct 14 05:00:03 MDT 2022
| Date         : Thu Nov  7 05:08:58 2024
| Host         : MSI running 64-bit major release  (build 9200)
| Command      : upgrade_ip
| Device       : xc7s50csga324-1
------------------------------------------------------------------------------------

Upgrade Log for IP 'mb_block_1_hdmi_text_controller_0_0'

1. Summary
----------

SUCCESS in the upgrade of mb_block_1_hdmi_text_controller_0_0 (xilinx.com:user:hdmi_text_controller:1.0) from (Rev. 22) to (Rev. 23)






Copyright 1986-2022 Xilinx, Inc. All Rights Reserved.
------------------------------------------------------------------------------------
| Tool Version : Vivado v.2022.2 (win64) Build 3671981 Fri Oct 14 05:00:03 MDT 2022
| Date         : Thu Nov  7 05:05:33 2024
| Host         : MSI running 64-bit major release  (build 9200)
| Command      : upgrade_ip
| Device       : xc7s50csga324-1
------------------------------------------------------------------------------------

Upgrade Log for IP 'mb_block_1_hdmi_text_controller_0_0'

1. Summary
----------

SUCCESS in the upgrade of mb_block_1_hdmi_text_controller_0_0 (xilinx.com:user:hdmi_text_controller:1.0) from (Rev. 21) to (Rev. 22)

