INFO: [VRFC 10-2263] Analyzing SystemVerilog file "C:/Users/realk/Desktop/ece385/ECE385/lab4/project_1/project_1.srcs/sources_1/imports/design_source/Control.sv" into library xil_defaultlib
INFO: [VRFC 10-311] analyzing module control
INFO: [VRFC 10-2263] Analyzing SystemVerilog file "C:/Users/realk/Desktop/ece385/ECE385/lab4/project_1/project_1.srcs/sources_1/imports/design_source/Reg_4.sv" into library xil_defaultlib
INFO: [VRFC 10-311] analyzing module reg_4
INFO: [VRFC 10-2263] Analyzing SystemVerilog file "C:/Users/realk/Desktop/ece385/ECE385/lab4/project_1/project_1.srcs/sources_1/new/flipflopX.sv" into library xil_defaultlib
INFO: [VRFC 10-311] analyzing module flipflopX
INFO: [VRFC 10-2263] Analyzing SystemVerilog file "C:/Users/realk/Desktop/ece385/ECE385/lab4/project_1/project_1.srcs/sources_1/imports/design_source/hex_driver.sv" into library xil_defaultlib
INFO: [VRFC 10-311] analyzing module hex_driver
INFO: [VRFC 10-311] analyzing module nibble_to_hex
INFO: [VRFC 10-2263] Analyzing SystemVerilog file "C:/Users/realk/Desktop/ece385/ECE385/lab4/project_1/project_1.srcs/sources_1/imports/design_source/negedge_detector.sv" into library xil_defaultlib
INFO: [VRFC 10-311] analyzing module negedge_detector
INFO: [VRFC 10-2263] Analyzing SystemVerilog file "C:/Users/realk/Desktop/ece385/ECE385/lab4/project_1/project_1.srcs/sources_1/imports/design_source/ripple_adder.sv" into library xil_defaultlib
INFO: [VRFC 10-311] analyzing module fa
INFO: [VRFC 10-311] analyzing module ripple_adder_4
INFO: [VRFC 10-311] analyzing module ripple_adder
INFO: [VRFC 10-2263] Analyzing SystemVerilog file "C:/Users/realk/Desktop/ece385/ECE385/lab4/project_1/project_1.srcs/sources_1/imports/design_source/sync_debounce.sv" into library xil_defaultlib
INFO: [VRFC 10-311] analyzing module sync_debounce
WARNING: [VRFC 10-9336] redeclaration of ANSI port 'q' is not allowed [C:/Users/realk/Desktop/ece385/ECE385/lab4/project_1/project_1.srcs/sources_1/imports/design_source/sync_debounce.sv:20]
INFO: [VRFC 10-2263] Analyzing SystemVerilog file "C:/Users/realk/Desktop/ece385/ECE385/lab4/project_1/project_1.srcs/sources_1/new/toplevelmultiplier.sv" into library xil_defaultlib
INFO: [VRFC 10-311] analyzing module toplevelmultiplier
INFO: [VRFC 10-2263] Analyzing SystemVerilog file "C:/Users/realk/Desktop/ece385/ECE385/lab4/project_1/project_1.srcs/sim_1/new/testbench.sv" into library xil_defaultlib
INFO: [VRFC 10-311] analyzing module testbench8
