Vivado Simulator v2022.2
Copyright 1986-1999, 2001-2022 Xilinx, Inc. All Rights Reserved.
Running: C:/Xilinx/Vivado/2022.2/bin/unwrapped/win64.o/xelab.exe --incr --debug typical --relax --mt 2 -L xil_defaultlib -L uvm -L unisims_ver -L unimacro_ver -L secureip --snapshot testbench8_behav xil_defaultlib.testbench8 xil_defaultlib.glbl -log elaborate.log 
Using 2 slave threads.
Starting static elaboration
Pass Through NonSizing Optimizer
Completed static elaboration
Starting simulation data flow analysis
WARNING: [XSIM 43-4099] "C:/Users/realk/Desktop/ece385/ECE385/lab4/project_1/project_1.srcs/sources_1/imports/design_source/Control.sv" Line 3. Module control doesn't have a timescale but at least one module in design has a timescale.
WARNING: [XSIM 43-4099] "C:/Users/realk/Desktop/ece385/ECE385/lab4/project_1/project_1.srcs/sources_1/imports/design_source/Reg_4.sv" Line 1. Module reg_4 doesn't have a timescale but at least one module in design has a timescale.
WARNING: [XSIM 43-4099] "C:/Users/realk/Desktop/ece385/ECE385/lab4/project_1/project_1.srcs/sources_1/imports/design_source/Reg_4.sv" Line 1. Module reg_4 doesn't have a timescale but at least one module in design has a timescale.
WARNING: [XSIM 43-4099] "C:/Users/realk/Desktop/ece385/ECE385/lab4/project_1/project_1.srcs/sources_1/imports/design_source/Control.sv" Line 3. Module control doesn't have a timescale but at least one module in design has a timescale.
WARNING: [XSIM 43-4099] "C:/Users/realk/Desktop/ece385/ECE385/lab4/project_1/project_1.srcs/sources_1/imports/design_source/Reg_4.sv" Line 1. Module reg_4 doesn't have a timescale but at least one module in design has a timescale.
WARNING: [XSIM 43-4099] "C:/Users/realk/Desktop/ece385/ECE385/lab4/project_1/project_1.srcs/sources_1/imports/design_source/Reg_4.sv" Line 1. Module reg_4 doesn't have a timescale but at least one module in design has a timescale.
Completed simulation data flow analysis
Time Resolution for simulation is 1ps
Compiling package xil_defaultlib.$unit_Control_sv_477760880
Compiling module xil_defaultlib.negedge_detector
Compiling module xil_defaultlib.sync_debounce
Compiling module xil_defaultlib.control
Compiling module xil_defaultlib.flipflopX
Compiling module xil_defaultlib.fa
Compiling module xil_defaultlib.ripple_adder_4
Compiling module xil_defaultlib.ripple_adder
Compiling module xil_defaultlib.reg_4
Compiling module xil_defaultlib.nibble_to_hex
Compiling module xil_defaultlib.hex_driver_default
Compiling module xil_defaultlib.toplevelmultiplier_default
Compiling module xil_defaultlib.testbench8
Compiling module xil_defaultlib.glbl
Built simulation snapshot testbench8_behav
