
*** Running vivado
    with args -log mb_block_wrapper.vdi -applog -m64 -product Vivado -messageDb vivado.pb -mode batch -source mb_block_wrapper.tcl -notrace



****** Vivado v2022.2 (64-bit)
  **** SW Build 3671981 on Fri Oct 14 05:00:03 MDT 2022
  **** IP Build 3669848 on Fri Oct 14 08:30:02 MDT 2022
    ** Copyright 1986-2022 Xilinx, Inc. All Rights Reserved.

source mb_block_wrapper.tcl -notrace
create_project: Time (s): cpu = 00:00:05 ; elapsed = 00:00:05 . Memory (MB): peak = 1002.266 ; gain = 118.070
INFO: [IP_Flow 19-234] Refreshing IP repositories
INFO: [IP_Flow 19-1700] Loaded user IP repository 'c:/Users/realk/Desktop/ece385/ECE385/ip_repo/hdmi_text_controller_1_0'.
INFO: [IP_Flow 19-1700] Loaded user IP repository 'c:/Users/realk/Desktop/hdmi_tx_1.0'.
INFO: [IP_Flow 19-2313] Loaded Vivado IP repository 'C:/Xilinx/Vivado/2022.2/data/ip'.
Command: link_design -top mb_block_wrapper -part xc7s50csga324-1
Design is defaulting to srcset: sources_1
Design is defaulting to constrset: constrs_1
INFO: [Device 21-403] Loading part xc7s50csga324-1
INFO: [Project 1-454] Reading design checkpoint 'c:/Users/realk/Desktop/ece385/ECE385/lab7_1/lab7_1.gen/sources_1/bd/mb_block/ip/mb_block_axi_uartlite_0_0/mb_block_axi_uartlite_0_0.dcp' for cell 'mb_block_i/axi_uartlite_0'
INFO: [Project 1-454] Reading design checkpoint 'c:/Users/realk/Desktop/ece385/ECE385/lab7_1/lab7_1.gen/sources_1/bd/mb_block/ip/mb_block_clk_wiz_1_0/mb_block_clk_wiz_1_0.dcp' for cell 'mb_block_i/clk_wiz_1'
INFO: [Project 1-454] Reading design checkpoint 'c:/Users/realk/Desktop/ece385/ECE385/lab7_1/lab7_1.gen/sources_1/bd/mb_block/ip/mb_block_hdmi_text_controller_0_4/mb_block_hdmi_text_controller_0_4.dcp' for cell 'mb_block_i/hdmi_text_controller_0'
INFO: [Project 1-454] Reading design checkpoint 'c:/Users/realk/Desktop/ece385/ECE385/lab7_1/lab7_1.gen/sources_1/bd/mb_block/ip/mb_block_mdm_1_0/mb_block_mdm_1_0.dcp' for cell 'mb_block_i/mdm_1'
INFO: [Project 1-454] Reading design checkpoint 'c:/Users/realk/Desktop/ece385/ECE385/lab7_1/lab7_1.gen/sources_1/bd/mb_block/ip/mb_block_microblaze_0_1/mb_block_microblaze_0_1.dcp' for cell 'mb_block_i/microblaze_0'
INFO: [Project 1-454] Reading design checkpoint 'c:/Users/realk/Desktop/ece385/ECE385/lab7_1/lab7_1.gen/sources_1/bd/mb_block/ip/mb_block_microblaze_0_axi_intc_0/mb_block_microblaze_0_axi_intc_0.dcp' for cell 'mb_block_i/microblaze_0_axi_intc'
INFO: [Project 1-454] Reading design checkpoint 'c:/Users/realk/Desktop/ece385/ECE385/lab7_1/lab7_1.gen/sources_1/bd/mb_block/ip/mb_block_rst_clk_wiz_1_100M_0/mb_block_rst_clk_wiz_1_100M_0.dcp' for cell 'mb_block_i/rst_clk_wiz_1_100M'
INFO: [Project 1-454] Reading design checkpoint 'c:/Users/realk/Desktop/ece385/ECE385/lab7_1/lab7_1.gen/sources_1/bd/mb_block/ip/mb_block_xbar_0/mb_block_xbar_0.dcp' for cell 'mb_block_i/microblaze_0_axi_periph/xbar'
INFO: [Project 1-454] Reading design checkpoint 'c:/Users/realk/Desktop/ece385/ECE385/lab7_1/lab7_1.gen/sources_1/bd/mb_block/ip/mb_block_dlmb_bram_if_cntlr_0/mb_block_dlmb_bram_if_cntlr_0.dcp' for cell 'mb_block_i/microblaze_0_local_memory/dlmb_bram_if_cntlr'
INFO: [Project 1-454] Reading design checkpoint 'c:/Users/realk/Desktop/ece385/ECE385/lab7_1/lab7_1.gen/sources_1/bd/mb_block/ip/mb_block_dlmb_v10_0/mb_block_dlmb_v10_0.dcp' for cell 'mb_block_i/microblaze_0_local_memory/dlmb_v10'
INFO: [Project 1-454] Reading design checkpoint 'c:/Users/realk/Desktop/ece385/ECE385/lab7_1/lab7_1.gen/sources_1/bd/mb_block/ip/mb_block_ilmb_bram_if_cntlr_0/mb_block_ilmb_bram_if_cntlr_0.dcp' for cell 'mb_block_i/microblaze_0_local_memory/ilmb_bram_if_cntlr'
INFO: [Project 1-454] Reading design checkpoint 'c:/Users/realk/Desktop/ece385/ECE385/lab7_1/lab7_1.gen/sources_1/bd/mb_block/ip/mb_block_ilmb_v10_0/mb_block_ilmb_v10_0.dcp' for cell 'mb_block_i/microblaze_0_local_memory/ilmb_v10'
INFO: [Project 1-454] Reading design checkpoint 'c:/Users/realk/Desktop/ece385/ECE385/lab7_1/lab7_1.gen/sources_1/bd/mb_block/ip/mb_block_lmb_bram_0/mb_block_lmb_bram_0.dcp' for cell 'mb_block_i/microblaze_0_local_memory/lmb_bram'
Netlist sorting complete. Time (s): cpu = 00:00:01 ; elapsed = 00:00:00.377 . Memory (MB): peak = 1538.793 ; gain = 0.000
INFO: [Netlist 29-17] Analyzing 7970 Unisim elements for replacement
INFO: [Netlist 29-28] Unisim Transformation completed in 0 CPU seconds
WARNING: [Netlist 29-43] Netlist 'mb_block_wrapper' is not ideal for floorplanning, since the cellview 'mb_block_hdmi_text_controller_0_4_hdmi_text_controller_v1_0_AXI' defined in file 'mb_block_hdmi_text_controller_0_4.edf' contains large number of primitives.  Please consider enabling hierarchy in synthesis if you want to do floorplanning.
INFO: [Project 1-479] Netlist was created with Vivado 2022.2
INFO: [Project 1-570] Preparing netlist for logic optimization
WARNING: [Opt 31-32] Removing redundant IBUF since it is not being driven by a top-level port. mb_block_i/hdmi_text_controller_0/inst/clk_wiz/inst/clkin1_ibufg 
Resolution: The tool has removed redundant IBUF. To resolve this warning, check for redundant IBUF in the input design.
WARNING: [Constraints 18-550] Could not create 'IBUF_LOW_PWR' constraint because net 'mb_block_i/hdmi_text_controller_0/axi_aclk' is not directly connected to top level port. Synthesis is ignored for IBUF_LOW_PWR but preserved for implementation.
Parsing XDC File [c:/Users/realk/Desktop/ece385/ECE385/lab7_1/lab7_1.gen/sources_1/bd/mb_block/ip/mb_block_microblaze_0_1/mb_block_microblaze_0_1.xdc] for cell 'mb_block_i/microblaze_0/U0'
Finished Parsing XDC File [c:/Users/realk/Desktop/ece385/ECE385/lab7_1/lab7_1.gen/sources_1/bd/mb_block/ip/mb_block_microblaze_0_1/mb_block_microblaze_0_1.xdc] for cell 'mb_block_i/microblaze_0/U0'
Parsing XDC File [c:/Users/realk/Desktop/ece385/ECE385/lab7_1/lab7_1.gen/sources_1/bd/mb_block/ip/mb_block_microblaze_0_axi_intc_0/mb_block_microblaze_0_axi_intc_0.xdc] for cell 'mb_block_i/microblaze_0_axi_intc/U0'
Finished Parsing XDC File [c:/Users/realk/Desktop/ece385/ECE385/lab7_1/lab7_1.gen/sources_1/bd/mb_block/ip/mb_block_microblaze_0_axi_intc_0/mb_block_microblaze_0_axi_intc_0.xdc] for cell 'mb_block_i/microblaze_0_axi_intc/U0'
Parsing XDC File [c:/Users/realk/Desktop/ece385/ECE385/lab7_1/lab7_1.gen/sources_1/bd/mb_block/ip/mb_block_clk_wiz_1_0/mb_block_clk_wiz_1_0_board.xdc] for cell 'mb_block_i/clk_wiz_1/inst'
Finished Parsing XDC File [c:/Users/realk/Desktop/ece385/ECE385/lab7_1/lab7_1.gen/sources_1/bd/mb_block/ip/mb_block_clk_wiz_1_0/mb_block_clk_wiz_1_0_board.xdc] for cell 'mb_block_i/clk_wiz_1/inst'
Parsing XDC File [c:/Users/realk/Desktop/ece385/ECE385/lab7_1/lab7_1.gen/sources_1/bd/mb_block/ip/mb_block_clk_wiz_1_0/mb_block_clk_wiz_1_0.xdc] for cell 'mb_block_i/clk_wiz_1/inst'
INFO: [Timing 38-35] Done setting XDC timing constraints. [c:/Users/realk/Desktop/ece385/ECE385/lab7_1/lab7_1.gen/sources_1/bd/mb_block/ip/mb_block_clk_wiz_1_0/mb_block_clk_wiz_1_0.xdc:57]
INFO: [Timing 38-2] Deriving generated clocks [c:/Users/realk/Desktop/ece385/ECE385/lab7_1/lab7_1.gen/sources_1/bd/mb_block/ip/mb_block_clk_wiz_1_0/mb_block_clk_wiz_1_0.xdc:57]
get_clocks: Time (s): cpu = 00:00:09 ; elapsed = 00:00:10 . Memory (MB): peak = 2167.367 ; gain = 487.496
Finished Parsing XDC File [c:/Users/realk/Desktop/ece385/ECE385/lab7_1/lab7_1.gen/sources_1/bd/mb_block/ip/mb_block_clk_wiz_1_0/mb_block_clk_wiz_1_0.xdc] for cell 'mb_block_i/clk_wiz_1/inst'
Parsing XDC File [c:/Users/realk/Desktop/ece385/ECE385/lab7_1/lab7_1.gen/sources_1/bd/mb_block/ip/mb_block_rst_clk_wiz_1_100M_0/mb_block_rst_clk_wiz_1_100M_0_board.xdc] for cell 'mb_block_i/rst_clk_wiz_1_100M/U0'
Finished Parsing XDC File [c:/Users/realk/Desktop/ece385/ECE385/lab7_1/lab7_1.gen/sources_1/bd/mb_block/ip/mb_block_rst_clk_wiz_1_100M_0/mb_block_rst_clk_wiz_1_100M_0_board.xdc] for cell 'mb_block_i/rst_clk_wiz_1_100M/U0'
Parsing XDC File [c:/Users/realk/Desktop/ece385/ECE385/lab7_1/lab7_1.gen/sources_1/bd/mb_block/ip/mb_block_rst_clk_wiz_1_100M_0/mb_block_rst_clk_wiz_1_100M_0.xdc] for cell 'mb_block_i/rst_clk_wiz_1_100M/U0'
Finished Parsing XDC File [c:/Users/realk/Desktop/ece385/ECE385/lab7_1/lab7_1.gen/sources_1/bd/mb_block/ip/mb_block_rst_clk_wiz_1_100M_0/mb_block_rst_clk_wiz_1_100M_0.xdc] for cell 'mb_block_i/rst_clk_wiz_1_100M/U0'
Parsing XDC File [c:/Users/realk/Desktop/ece385/ECE385/lab7_1/lab7_1.gen/sources_1/bd/mb_block/ip/mb_block_axi_uartlite_0_0/mb_block_axi_uartlite_0_0_board.xdc] for cell 'mb_block_i/axi_uartlite_0/U0'
Finished Parsing XDC File [c:/Users/realk/Desktop/ece385/ECE385/lab7_1/lab7_1.gen/sources_1/bd/mb_block/ip/mb_block_axi_uartlite_0_0/mb_block_axi_uartlite_0_0_board.xdc] for cell 'mb_block_i/axi_uartlite_0/U0'
Parsing XDC File [c:/Users/realk/Desktop/ece385/ECE385/lab7_1/lab7_1.gen/sources_1/bd/mb_block/ip/mb_block_axi_uartlite_0_0/mb_block_axi_uartlite_0_0.xdc] for cell 'mb_block_i/axi_uartlite_0/U0'
Finished Parsing XDC File [c:/Users/realk/Desktop/ece385/ECE385/lab7_1/lab7_1.gen/sources_1/bd/mb_block/ip/mb_block_axi_uartlite_0_0/mb_block_axi_uartlite_0_0.xdc] for cell 'mb_block_i/axi_uartlite_0/U0'
Parsing XDC File [c:/Users/realk/Desktop/ece385/ECE385/lab7_1/lab7_1.gen/sources_1/bd/mb_block/ip/mb_block_hdmi_text_controller_0_4/src/clk_wiz_0/clk_wiz_0.xdc] for cell 'mb_block_i/hdmi_text_controller_0/inst/clk_wiz/inst'
INFO: [Timing 38-2] Deriving generated clocks [c:/Users/realk/Desktop/ece385/ECE385/lab7_1/lab7_1.gen/sources_1/bd/mb_block/ip/mb_block_hdmi_text_controller_0_4/src/clk_wiz_0/clk_wiz_0.xdc:57]
Finished Parsing XDC File [c:/Users/realk/Desktop/ece385/ECE385/lab7_1/lab7_1.gen/sources_1/bd/mb_block/ip/mb_block_hdmi_text_controller_0_4/src/clk_wiz_0/clk_wiz_0.xdc] for cell 'mb_block_i/hdmi_text_controller_0/inst/clk_wiz/inst'
Parsing XDC File [C:/Users/realk/Desktop/ece385/ECE385/lab7_1/lab7_1.srcs/constrs_1/imports/lab7_1_provided_fa24/mb_usb_hdmi_top.xdc]
CRITICAL WARNING: [Constraints 18-1055] Clock 'clk_100' completely overrides clock 'clk_100MHz', which is referenced by one or more other constraints. Any constraints that refer to the overridden clock will be ignored.
New: create_clock -period 10.000 -name clk_100 -waveform {0.000 5.000} [get_ports clk_100MHz], [C:/Users/realk/Desktop/ece385/ECE385/lab7_1/lab7_1.srcs/constrs_1/imports/lab7_1_provided_fa24/mb_usb_hdmi_top.xdc:1]
Previous: create_clock -period 10.000 [get_ports clk_100MHz], [c:/Users/realk/Desktop/ece385/ECE385/lab7_1/lab7_1.gen/sources_1/bd/mb_block/ip/mb_block_clk_wiz_1_0/mb_block_clk_wiz_1_0.xdc:56]
Resolution: Review the constraint files and remove the redundant clock definition(s). If the clock constraints are not saved in a file, you can first save the constraints to an XDC file and reload the design once the constraints have been corrected.
WARNING: [Vivado 12-584] No ports matched 'gpio_usb_int_tri_i[0]'. [C:/Users/realk/Desktop/ece385/ECE385/lab7_1/lab7_1.srcs/constrs_1/imports/lab7_1_provided_fa24/mb_usb_hdmi_top.xdc:12]
CRITICAL WARNING: [Common 17-55] 'set_property' expects at least one object. [C:/Users/realk/Desktop/ece385/ECE385/lab7_1/lab7_1.srcs/constrs_1/imports/lab7_1_provided_fa24/mb_usb_hdmi_top.xdc:12]
Resolution: If [get_<value>] was used to populate the object, check to make sure this command returns at least one valid object.
WARNING: [Vivado 12-584] No ports matched 'usb_spi_miso'. [C:/Users/realk/Desktop/ece385/ECE385/lab7_1/lab7_1.srcs/constrs_1/imports/lab7_1_provided_fa24/mb_usb_hdmi_top.xdc:13]
CRITICAL WARNING: [Common 17-55] 'set_property' expects at least one object. [C:/Users/realk/Desktop/ece385/ECE385/lab7_1/lab7_1.srcs/constrs_1/imports/lab7_1_provided_fa24/mb_usb_hdmi_top.xdc:13]
Resolution: If [get_<value>] was used to populate the object, check to make sure this command returns at least one valid object.
WARNING: [Vivado 12-584] No ports matched 'usb_spi_mosi'. [C:/Users/realk/Desktop/ece385/ECE385/lab7_1/lab7_1.srcs/constrs_1/imports/lab7_1_provided_fa24/mb_usb_hdmi_top.xdc:14]
CRITICAL WARNING: [Common 17-55] 'set_property' expects at least one object. [C:/Users/realk/Desktop/ece385/ECE385/lab7_1/lab7_1.srcs/constrs_1/imports/lab7_1_provided_fa24/mb_usb_hdmi_top.xdc:14]
Resolution: If [get_<value>] was used to populate the object, check to make sure this command returns at least one valid object.
WARNING: [Vivado 12-584] No ports matched 'usb_spi_sclk'. [C:/Users/realk/Desktop/ece385/ECE385/lab7_1/lab7_1.srcs/constrs_1/imports/lab7_1_provided_fa24/mb_usb_hdmi_top.xdc:15]
CRITICAL WARNING: [Common 17-55] 'set_property' expects at least one object. [C:/Users/realk/Desktop/ece385/ECE385/lab7_1/lab7_1.srcs/constrs_1/imports/lab7_1_provided_fa24/mb_usb_hdmi_top.xdc:15]
Resolution: If [get_<value>] was used to populate the object, check to make sure this command returns at least one valid object.
WARNING: [Vivado 12-584] No ports matched 'gpio_usb_int_tri_i[0]'. [C:/Users/realk/Desktop/ece385/ECE385/lab7_1/lab7_1.srcs/constrs_1/imports/lab7_1_provided_fa24/mb_usb_hdmi_top.xdc:16]
CRITICAL WARNING: [Common 17-55] 'set_property' expects at least one object. [C:/Users/realk/Desktop/ece385/ECE385/lab7_1/lab7_1.srcs/constrs_1/imports/lab7_1_provided_fa24/mb_usb_hdmi_top.xdc:16]
Resolution: If [get_<value>] was used to populate the object, check to make sure this command returns at least one valid object.
WARNING: [Vivado 12-584] No ports matched 'usb_spi_sclk'. [C:/Users/realk/Desktop/ece385/ECE385/lab7_1/lab7_1.srcs/constrs_1/imports/lab7_1_provided_fa24/mb_usb_hdmi_top.xdc:17]
CRITICAL WARNING: [Common 17-55] 'set_property' expects at least one object. [C:/Users/realk/Desktop/ece385/ECE385/lab7_1/lab7_1.srcs/constrs_1/imports/lab7_1_provided_fa24/mb_usb_hdmi_top.xdc:17]
Resolution: If [get_<value>] was used to populate the object, check to make sure this command returns at least one valid object.
WARNING: [Vivado 12-584] No ports matched 'usb_spi_mosi'. [C:/Users/realk/Desktop/ece385/ECE385/lab7_1/lab7_1.srcs/constrs_1/imports/lab7_1_provided_fa24/mb_usb_hdmi_top.xdc:18]
CRITICAL WARNING: [Common 17-55] 'set_property' expects at least one object. [C:/Users/realk/Desktop/ece385/ECE385/lab7_1/lab7_1.srcs/constrs_1/imports/lab7_1_provided_fa24/mb_usb_hdmi_top.xdc:18]
Resolution: If [get_<value>] was used to populate the object, check to make sure this command returns at least one valid object.
WARNING: [Vivado 12-584] No ports matched 'usb_spi_miso'. [C:/Users/realk/Desktop/ece385/ECE385/lab7_1/lab7_1.srcs/constrs_1/imports/lab7_1_provided_fa24/mb_usb_hdmi_top.xdc:19]
CRITICAL WARNING: [Common 17-55] 'set_property' expects at least one object. [C:/Users/realk/Desktop/ece385/ECE385/lab7_1/lab7_1.srcs/constrs_1/imports/lab7_1_provided_fa24/mb_usb_hdmi_top.xdc:19]
Resolution: If [get_<value>] was used to populate the object, check to make sure this command returns at least one valid object.
WARNING: [Vivado 12-584] No ports matched 'gpio_usb_rst_tri_o'. [C:/Users/realk/Desktop/ece385/ECE385/lab7_1/lab7_1.srcs/constrs_1/imports/lab7_1_provided_fa24/mb_usb_hdmi_top.xdc:21]
CRITICAL WARNING: [Common 17-55] 'set_property' expects at least one object. [C:/Users/realk/Desktop/ece385/ECE385/lab7_1/lab7_1.srcs/constrs_1/imports/lab7_1_provided_fa24/mb_usb_hdmi_top.xdc:21]
Resolution: If [get_<value>] was used to populate the object, check to make sure this command returns at least one valid object.
WARNING: [Vivado 12-584] No ports matched 'gpio_usb_rst_tri_o'. [C:/Users/realk/Desktop/ece385/ECE385/lab7_1/lab7_1.srcs/constrs_1/imports/lab7_1_provided_fa24/mb_usb_hdmi_top.xdc:22]
CRITICAL WARNING: [Common 17-55] 'set_property' expects at least one object. [C:/Users/realk/Desktop/ece385/ECE385/lab7_1/lab7_1.srcs/constrs_1/imports/lab7_1_provided_fa24/mb_usb_hdmi_top.xdc:22]
Resolution: If [get_<value>] was used to populate the object, check to make sure this command returns at least one valid object.
WARNING: [Vivado 12-584] No ports matched 'usb_spi_ss'. [C:/Users/realk/Desktop/ece385/ECE385/lab7_1/lab7_1.srcs/constrs_1/imports/lab7_1_provided_fa24/mb_usb_hdmi_top.xdc:23]
CRITICAL WARNING: [Common 17-55] 'set_property' expects at least one object. [C:/Users/realk/Desktop/ece385/ECE385/lab7_1/lab7_1.srcs/constrs_1/imports/lab7_1_provided_fa24/mb_usb_hdmi_top.xdc:23]
Resolution: If [get_<value>] was used to populate the object, check to make sure this command returns at least one valid object.
WARNING: [Vivado 12-584] No ports matched 'usb_spi_ss'. [C:/Users/realk/Desktop/ece385/ECE385/lab7_1/lab7_1.srcs/constrs_1/imports/lab7_1_provided_fa24/mb_usb_hdmi_top.xdc:24]
CRITICAL WARNING: [Common 17-55] 'set_property' expects at least one object. [C:/Users/realk/Desktop/ece385/ECE385/lab7_1/lab7_1.srcs/constrs_1/imports/lab7_1_provided_fa24/mb_usb_hdmi_top.xdc:24]
Resolution: If [get_<value>] was used to populate the object, check to make sure this command returns at least one valid object.
WARNING: [Vivado 12-584] No ports matched 'hex_gridA[3]'. [C:/Users/realk/Desktop/ece385/ECE385/lab7_1/lab7_1.srcs/constrs_1/imports/lab7_1_provided_fa24/mb_usb_hdmi_top.xdc:27]
CRITICAL WARNING: [Common 17-55] 'set_property' expects at least one object. [C:/Users/realk/Desktop/ece385/ECE385/lab7_1/lab7_1.srcs/constrs_1/imports/lab7_1_provided_fa24/mb_usb_hdmi_top.xdc:27]
Resolution: If [get_<value>] was used to populate the object, check to make sure this command returns at least one valid object.
WARNING: [Vivado 12-584] No ports matched 'hex_gridA[2]'. [C:/Users/realk/Desktop/ece385/ECE385/lab7_1/lab7_1.srcs/constrs_1/imports/lab7_1_provided_fa24/mb_usb_hdmi_top.xdc:28]
CRITICAL WARNING: [Common 17-55] 'set_property' expects at least one object. [C:/Users/realk/Desktop/ece385/ECE385/lab7_1/lab7_1.srcs/constrs_1/imports/lab7_1_provided_fa24/mb_usb_hdmi_top.xdc:28]
Resolution: If [get_<value>] was used to populate the object, check to make sure this command returns at least one valid object.
WARNING: [Vivado 12-584] No ports matched 'hex_gridA[1]'. [C:/Users/realk/Desktop/ece385/ECE385/lab7_1/lab7_1.srcs/constrs_1/imports/lab7_1_provided_fa24/mb_usb_hdmi_top.xdc:29]
CRITICAL WARNING: [Common 17-55] 'set_property' expects at least one object. [C:/Users/realk/Desktop/ece385/ECE385/lab7_1/lab7_1.srcs/constrs_1/imports/lab7_1_provided_fa24/mb_usb_hdmi_top.xdc:29]
Resolution: If [get_<value>] was used to populate the object, check to make sure this command returns at least one valid object.
WARNING: [Vivado 12-584] No ports matched 'hex_gridA[0]'. [C:/Users/realk/Desktop/ece385/ECE385/lab7_1/lab7_1.srcs/constrs_1/imports/lab7_1_provided_fa24/mb_usb_hdmi_top.xdc:30]
CRITICAL WARNING: [Common 17-55] 'set_property' expects at least one object. [C:/Users/realk/Desktop/ece385/ECE385/lab7_1/lab7_1.srcs/constrs_1/imports/lab7_1_provided_fa24/mb_usb_hdmi_top.xdc:30]
Resolution: If [get_<value>] was used to populate the object, check to make sure this command returns at least one valid object.
WARNING: [Vivado 12-584] No ports matched 'hex_gridB[3]'. [C:/Users/realk/Desktop/ece385/ECE385/lab7_1/lab7_1.srcs/constrs_1/imports/lab7_1_provided_fa24/mb_usb_hdmi_top.xdc:31]
CRITICAL WARNING: [Common 17-55] 'set_property' expects at least one object. [C:/Users/realk/Desktop/ece385/ECE385/lab7_1/lab7_1.srcs/constrs_1/imports/lab7_1_provided_fa24/mb_usb_hdmi_top.xdc:31]
Resolution: If [get_<value>] was used to populate the object, check to make sure this command returns at least one valid object.
WARNING: [Vivado 12-584] No ports matched 'hex_gridB[2]'. [C:/Users/realk/Desktop/ece385/ECE385/lab7_1/lab7_1.srcs/constrs_1/imports/lab7_1_provided_fa24/mb_usb_hdmi_top.xdc:32]
CRITICAL WARNING: [Common 17-55] 'set_property' expects at least one object. [C:/Users/realk/Desktop/ece385/ECE385/lab7_1/lab7_1.srcs/constrs_1/imports/lab7_1_provided_fa24/mb_usb_hdmi_top.xdc:32]
Resolution: If [get_<value>] was used to populate the object, check to make sure this command returns at least one valid object.
WARNING: [Vivado 12-584] No ports matched 'hex_gridB[1]'. [C:/Users/realk/Desktop/ece385/ECE385/lab7_1/lab7_1.srcs/constrs_1/imports/lab7_1_provided_fa24/mb_usb_hdmi_top.xdc:33]
CRITICAL WARNING: [Common 17-55] 'set_property' expects at least one object. [C:/Users/realk/Desktop/ece385/ECE385/lab7_1/lab7_1.srcs/constrs_1/imports/lab7_1_provided_fa24/mb_usb_hdmi_top.xdc:33]
Resolution: If [get_<value>] was used to populate the object, check to make sure this command returns at least one valid object.
WARNING: [Vivado 12-584] No ports matched 'hex_gridB[0]'. [C:/Users/realk/Desktop/ece385/ECE385/lab7_1/lab7_1.srcs/constrs_1/imports/lab7_1_provided_fa24/mb_usb_hdmi_top.xdc:34]
CRITICAL WARNING: [Common 17-55] 'set_property' expects at least one object. [C:/Users/realk/Desktop/ece385/ECE385/lab7_1/lab7_1.srcs/constrs_1/imports/lab7_1_provided_fa24/mb_usb_hdmi_top.xdc:34]
Resolution: If [get_<value>] was used to populate the object, check to make sure this command returns at least one valid object.
WARNING: [Vivado 12-584] No ports matched 'hex_segA[7]'. [C:/Users/realk/Desktop/ece385/ECE385/lab7_1/lab7_1.srcs/constrs_1/imports/lab7_1_provided_fa24/mb_usb_hdmi_top.xdc:35]
CRITICAL WARNING: [Common 17-55] 'set_property' expects at least one object. [C:/Users/realk/Desktop/ece385/ECE385/lab7_1/lab7_1.srcs/constrs_1/imports/lab7_1_provided_fa24/mb_usb_hdmi_top.xdc:35]
Resolution: If [get_<value>] was used to populate the object, check to make sure this command returns at least one valid object.
WARNING: [Vivado 12-584] No ports matched 'hex_segA[6]'. [C:/Users/realk/Desktop/ece385/ECE385/lab7_1/lab7_1.srcs/constrs_1/imports/lab7_1_provided_fa24/mb_usb_hdmi_top.xdc:36]
CRITICAL WARNING: [Common 17-55] 'set_property' expects at least one object. [C:/Users/realk/Desktop/ece385/ECE385/lab7_1/lab7_1.srcs/constrs_1/imports/lab7_1_provided_fa24/mb_usb_hdmi_top.xdc:36]
Resolution: If [get_<value>] was used to populate the object, check to make sure this command returns at least one valid object.
WARNING: [Vivado 12-584] No ports matched 'hex_segA[5]'. [C:/Users/realk/Desktop/ece385/ECE385/lab7_1/lab7_1.srcs/constrs_1/imports/lab7_1_provided_fa24/mb_usb_hdmi_top.xdc:37]
CRITICAL WARNING: [Common 17-55] 'set_property' expects at least one object. [C:/Users/realk/Desktop/ece385/ECE385/lab7_1/lab7_1.srcs/constrs_1/imports/lab7_1_provided_fa24/mb_usb_hdmi_top.xdc:37]
Resolution: If [get_<value>] was used to populate the object, check to make sure this command returns at least one valid object.
WARNING: [Vivado 12-584] No ports matched 'hex_segA[4]'. [C:/Users/realk/Desktop/ece385/ECE385/lab7_1/lab7_1.srcs/constrs_1/imports/lab7_1_provided_fa24/mb_usb_hdmi_top.xdc:38]
CRITICAL WARNING: [Common 17-55] 'set_property' expects at least one object. [C:/Users/realk/Desktop/ece385/ECE385/lab7_1/lab7_1.srcs/constrs_1/imports/lab7_1_provided_fa24/mb_usb_hdmi_top.xdc:38]
Resolution: If [get_<value>] was used to populate the object, check to make sure this command returns at least one valid object.
WARNING: [Vivado 12-584] No ports matched 'hex_segA[3]'. [C:/Users/realk/Desktop/ece385/ECE385/lab7_1/lab7_1.srcs/constrs_1/imports/lab7_1_provided_fa24/mb_usb_hdmi_top.xdc:39]
CRITICAL WARNING: [Common 17-55] 'set_property' expects at least one object. [C:/Users/realk/Desktop/ece385/ECE385/lab7_1/lab7_1.srcs/constrs_1/imports/lab7_1_provided_fa24/mb_usb_hdmi_top.xdc:39]
Resolution: If [get_<value>] was used to populate the object, check to make sure this command returns at least one valid object.
WARNING: [Vivado 12-584] No ports matched 'hex_segA[2]'. [C:/Users/realk/Desktop/ece385/ECE385/lab7_1/lab7_1.srcs/constrs_1/imports/lab7_1_provided_fa24/mb_usb_hdmi_top.xdc:40]
CRITICAL WARNING: [Common 17-55] 'set_property' expects at least one object. [C:/Users/realk/Desktop/ece385/ECE385/lab7_1/lab7_1.srcs/constrs_1/imports/lab7_1_provided_fa24/mb_usb_hdmi_top.xdc:40]
Resolution: If [get_<value>] was used to populate the object, check to make sure this command returns at least one valid object.
WARNING: [Vivado 12-584] No ports matched 'hex_segA[1]'. [C:/Users/realk/Desktop/ece385/ECE385/lab7_1/lab7_1.srcs/constrs_1/imports/lab7_1_provided_fa24/mb_usb_hdmi_top.xdc:41]
CRITICAL WARNING: [Common 17-55] 'set_property' expects at least one object. [C:/Users/realk/Desktop/ece385/ECE385/lab7_1/lab7_1.srcs/constrs_1/imports/lab7_1_provided_fa24/mb_usb_hdmi_top.xdc:41]
Resolution: If [get_<value>] was used to populate the object, check to make sure this command returns at least one valid object.
WARNING: [Vivado 12-584] No ports matched 'hex_segA[0]'. [C:/Users/realk/Desktop/ece385/ECE385/lab7_1/lab7_1.srcs/constrs_1/imports/lab7_1_provided_fa24/mb_usb_hdmi_top.xdc:42]
CRITICAL WARNING: [Common 17-55] 'set_property' expects at least one object. [C:/Users/realk/Desktop/ece385/ECE385/lab7_1/lab7_1.srcs/constrs_1/imports/lab7_1_provided_fa24/mb_usb_hdmi_top.xdc:42]
Resolution: If [get_<value>] was used to populate the object, check to make sure this command returns at least one valid object.
WARNING: [Vivado 12-584] No ports matched 'hex_segB[7]'. [C:/Users/realk/Desktop/ece385/ECE385/lab7_1/lab7_1.srcs/constrs_1/imports/lab7_1_provided_fa24/mb_usb_hdmi_top.xdc:43]
CRITICAL WARNING: [Common 17-55] 'set_property' expects at least one object. [C:/Users/realk/Desktop/ece385/ECE385/lab7_1/lab7_1.srcs/constrs_1/imports/lab7_1_provided_fa24/mb_usb_hdmi_top.xdc:43]
Resolution: If [get_<value>] was used to populate the object, check to make sure this command returns at least one valid object.
WARNING: [Vivado 12-584] No ports matched 'hex_segB[6]'. [C:/Users/realk/Desktop/ece385/ECE385/lab7_1/lab7_1.srcs/constrs_1/imports/lab7_1_provided_fa24/mb_usb_hdmi_top.xdc:44]
CRITICAL WARNING: [Common 17-55] 'set_property' expects at least one object. [C:/Users/realk/Desktop/ece385/ECE385/lab7_1/lab7_1.srcs/constrs_1/imports/lab7_1_provided_fa24/mb_usb_hdmi_top.xdc:44]
Resolution: If [get_<value>] was used to populate the object, check to make sure this command returns at least one valid object.
WARNING: [Vivado 12-584] No ports matched 'hex_segB[5]'. [C:/Users/realk/Desktop/ece385/ECE385/lab7_1/lab7_1.srcs/constrs_1/imports/lab7_1_provided_fa24/mb_usb_hdmi_top.xdc:45]
CRITICAL WARNING: [Common 17-55] 'set_property' expects at least one object. [C:/Users/realk/Desktop/ece385/ECE385/lab7_1/lab7_1.srcs/constrs_1/imports/lab7_1_provided_fa24/mb_usb_hdmi_top.xdc:45]
Resolution: If [get_<value>] was used to populate the object, check to make sure this command returns at least one valid object.
WARNING: [Vivado 12-584] No ports matched 'hex_segB[4]'. [C:/Users/realk/Desktop/ece385/ECE385/lab7_1/lab7_1.srcs/constrs_1/imports/lab7_1_provided_fa24/mb_usb_hdmi_top.xdc:46]
CRITICAL WARNING: [Common 17-55] 'set_property' expects at least one object. [C:/Users/realk/Desktop/ece385/ECE385/lab7_1/lab7_1.srcs/constrs_1/imports/lab7_1_provided_fa24/mb_usb_hdmi_top.xdc:46]
Resolution: If [get_<value>] was used to populate the object, check to make sure this command returns at least one valid object.
WARNING: [Vivado 12-584] No ports matched 'hex_segB[3]'. [C:/Users/realk/Desktop/ece385/ECE385/lab7_1/lab7_1.srcs/constrs_1/imports/lab7_1_provided_fa24/mb_usb_hdmi_top.xdc:47]
CRITICAL WARNING: [Common 17-55] 'set_property' expects at least one object. [C:/Users/realk/Desktop/ece385/ECE385/lab7_1/lab7_1.srcs/constrs_1/imports/lab7_1_provided_fa24/mb_usb_hdmi_top.xdc:47]
Resolution: If [get_<value>] was used to populate the object, check to make sure this command returns at least one valid object.
WARNING: [Vivado 12-584] No ports matched 'hex_segB[2]'. [C:/Users/realk/Desktop/ece385/ECE385/lab7_1/lab7_1.srcs/constrs_1/imports/lab7_1_provided_fa24/mb_usb_hdmi_top.xdc:48]
CRITICAL WARNING: [Common 17-55] 'set_property' expects at least one object. [C:/Users/realk/Desktop/ece385/ECE385/lab7_1/lab7_1.srcs/constrs_1/imports/lab7_1_provided_fa24/mb_usb_hdmi_top.xdc:48]
Resolution: If [get_<value>] was used to populate the object, check to make sure this command returns at least one valid object.
WARNING: [Vivado 12-584] No ports matched 'hex_segB[1]'. [C:/Users/realk/Desktop/ece385/ECE385/lab7_1/lab7_1.srcs/constrs_1/imports/lab7_1_provided_fa24/mb_usb_hdmi_top.xdc:49]
CRITICAL WARNING: [Common 17-55] 'set_property' expects at least one object. [C:/Users/realk/Desktop/ece385/ECE385/lab7_1/lab7_1.srcs/constrs_1/imports/lab7_1_provided_fa24/mb_usb_hdmi_top.xdc:49]
Resolution: If [get_<value>] was used to populate the object, check to make sure this command returns at least one valid object.
WARNING: [Vivado 12-584] No ports matched 'hex_segB[0]'. [C:/Users/realk/Desktop/ece385/ECE385/lab7_1/lab7_1.srcs/constrs_1/imports/lab7_1_provided_fa24/mb_usb_hdmi_top.xdc:50]
CRITICAL WARNING: [Common 17-55] 'set_property' expects at least one object. [C:/Users/realk/Desktop/ece385/ECE385/lab7_1/lab7_1.srcs/constrs_1/imports/lab7_1_provided_fa24/mb_usb_hdmi_top.xdc:50]
Resolution: If [get_<value>] was used to populate the object, check to make sure this command returns at least one valid object.
WARNING: [Vivado 12-584] No ports matched 'hex_gridA[0]'. [C:/Users/realk/Desktop/ece385/ECE385/lab7_1/lab7_1.srcs/constrs_1/imports/lab7_1_provided_fa24/mb_usb_hdmi_top.xdc:51]
CRITICAL WARNING: [Common 17-55] 'set_property' expects at least one object. [C:/Users/realk/Desktop/ece385/ECE385/lab7_1/lab7_1.srcs/constrs_1/imports/lab7_1_provided_fa24/mb_usb_hdmi_top.xdc:51]
Resolution: If [get_<value>] was used to populate the object, check to make sure this command returns at least one valid object.
WARNING: [Vivado 12-584] No ports matched 'hex_gridA[1]'. [C:/Users/realk/Desktop/ece385/ECE385/lab7_1/lab7_1.srcs/constrs_1/imports/lab7_1_provided_fa24/mb_usb_hdmi_top.xdc:52]
CRITICAL WARNING: [Common 17-55] 'set_property' expects at least one object. [C:/Users/realk/Desktop/ece385/ECE385/lab7_1/lab7_1.srcs/constrs_1/imports/lab7_1_provided_fa24/mb_usb_hdmi_top.xdc:52]
Resolution: If [get_<value>] was used to populate the object, check to make sure this command returns at least one valid object.
WARNING: [Vivado 12-584] No ports matched 'hex_gridA[2]'. [C:/Users/realk/Desktop/ece385/ECE385/lab7_1/lab7_1.srcs/constrs_1/imports/lab7_1_provided_fa24/mb_usb_hdmi_top.xdc:53]
CRITICAL WARNING: [Common 17-55] 'set_property' expects at least one object. [C:/Users/realk/Desktop/ece385/ECE385/lab7_1/lab7_1.srcs/constrs_1/imports/lab7_1_provided_fa24/mb_usb_hdmi_top.xdc:53]
Resolution: If [get_<value>] was used to populate the object, check to make sure this command returns at least one valid object.
WARNING: [Vivado 12-584] No ports matched 'hex_gridA[3]'. [C:/Users/realk/Desktop/ece385/ECE385/lab7_1/lab7_1.srcs/constrs_1/imports/lab7_1_provided_fa24/mb_usb_hdmi_top.xdc:54]
CRITICAL WARNING: [Common 17-55] 'set_property' expects at least one object. [C:/Users/realk/Desktop/ece385/ECE385/lab7_1/lab7_1.srcs/constrs_1/imports/lab7_1_provided_fa24/mb_usb_hdmi_top.xdc:54]
Resolution: If [get_<value>] was used to populate the object, check to make sure this command returns at least one valid object.
WARNING: [Vivado 12-584] No ports matched 'hex_segA[0]'. [C:/Users/realk/Desktop/ece385/ECE385/lab7_1/lab7_1.srcs/constrs_1/imports/lab7_1_provided_fa24/mb_usb_hdmi_top.xdc:55]
CRITICAL WARNING: [Common 17-55] 'set_property' expects at least one object. [C:/Users/realk/Desktop/ece385/ECE385/lab7_1/lab7_1.srcs/constrs_1/imports/lab7_1_provided_fa24/mb_usb_hdmi_top.xdc:55]
Resolution: If [get_<value>] was used to populate the object, check to make sure this command returns at least one valid object.
WARNING: [Vivado 12-584] No ports matched 'hex_segA[1]'. [C:/Users/realk/Desktop/ece385/ECE385/lab7_1/lab7_1.srcs/constrs_1/imports/lab7_1_provided_fa24/mb_usb_hdmi_top.xdc:56]
CRITICAL WARNING: [Common 17-55] 'set_property' expects at least one object. [C:/Users/realk/Desktop/ece385/ECE385/lab7_1/lab7_1.srcs/constrs_1/imports/lab7_1_provided_fa24/mb_usb_hdmi_top.xdc:56]
Resolution: If [get_<value>] was used to populate the object, check to make sure this command returns at least one valid object.
WARNING: [Vivado 12-584] No ports matched 'hex_segA[2]'. [C:/Users/realk/Desktop/ece385/ECE385/lab7_1/lab7_1.srcs/constrs_1/imports/lab7_1_provided_fa24/mb_usb_hdmi_top.xdc:57]
CRITICAL WARNING: [Common 17-55] 'set_property' expects at least one object. [C:/Users/realk/Desktop/ece385/ECE385/lab7_1/lab7_1.srcs/constrs_1/imports/lab7_1_provided_fa24/mb_usb_hdmi_top.xdc:57]
Resolution: If [get_<value>] was used to populate the object, check to make sure this command returns at least one valid object.
WARNING: [Vivado 12-584] No ports matched 'hex_segA[3]'. [C:/Users/realk/Desktop/ece385/ECE385/lab7_1/lab7_1.srcs/constrs_1/imports/lab7_1_provided_fa24/mb_usb_hdmi_top.xdc:58]
CRITICAL WARNING: [Common 17-55] 'set_property' expects at least one object. [C:/Users/realk/Desktop/ece385/ECE385/lab7_1/lab7_1.srcs/constrs_1/imports/lab7_1_provided_fa24/mb_usb_hdmi_top.xdc:58]
Resolution: If [get_<value>] was used to populate the object, check to make sure this command returns at least one valid object.
WARNING: [Vivado 12-584] No ports matched 'hex_segA[4]'. [C:/Users/realk/Desktop/ece385/ECE385/lab7_1/lab7_1.srcs/constrs_1/imports/lab7_1_provided_fa24/mb_usb_hdmi_top.xdc:59]
CRITICAL WARNING: [Common 17-55] 'set_property' expects at least one object. [C:/Users/realk/Desktop/ece385/ECE385/lab7_1/lab7_1.srcs/constrs_1/imports/lab7_1_provided_fa24/mb_usb_hdmi_top.xdc:59]
Resolution: If [get_<value>] was used to populate the object, check to make sure this command returns at least one valid object.
WARNING: [Vivado 12-584] No ports matched 'hex_segA[5]'. [C:/Users/realk/Desktop/ece385/ECE385/lab7_1/lab7_1.srcs/constrs_1/imports/lab7_1_provided_fa24/mb_usb_hdmi_top.xdc:60]
CRITICAL WARNING: [Common 17-55] 'set_property' expects at least one object. [C:/Users/realk/Desktop/ece385/ECE385/lab7_1/lab7_1.srcs/constrs_1/imports/lab7_1_provided_fa24/mb_usb_hdmi_top.xdc:60]
Resolution: If [get_<value>] was used to populate the object, check to make sure this command returns at least one valid object.
WARNING: [Vivado 12-584] No ports matched 'hex_segA[6]'. [C:/Users/realk/Desktop/ece385/ECE385/lab7_1/lab7_1.srcs/constrs_1/imports/lab7_1_provided_fa24/mb_usb_hdmi_top.xdc:61]
CRITICAL WARNING: [Common 17-55] 'set_property' expects at least one object. [C:/Users/realk/Desktop/ece385/ECE385/lab7_1/lab7_1.srcs/constrs_1/imports/lab7_1_provided_fa24/mb_usb_hdmi_top.xdc:61]
Resolution: If [get_<value>] was used to populate the object, check to make sure this command returns at least one valid object.
WARNING: [Vivado 12-584] No ports matched 'hex_segA[7]'. [C:/Users/realk/Desktop/ece385/ECE385/lab7_1/lab7_1.srcs/constrs_1/imports/lab7_1_provided_fa24/mb_usb_hdmi_top.xdc:62]
CRITICAL WARNING: [Common 17-55] 'set_property' expects at least one object. [C:/Users/realk/Desktop/ece385/ECE385/lab7_1/lab7_1.srcs/constrs_1/imports/lab7_1_provided_fa24/mb_usb_hdmi_top.xdc:62]
Resolution: If [get_<value>] was used to populate the object, check to make sure this command returns at least one valid object.
WARNING: [Vivado 12-584] No ports matched 'hex_segB[0]'. [C:/Users/realk/Desktop/ece385/ECE385/lab7_1/lab7_1.srcs/constrs_1/imports/lab7_1_provided_fa24/mb_usb_hdmi_top.xdc:63]
CRITICAL WARNING: [Common 17-55] 'set_property' expects at least one object. [C:/Users/realk/Desktop/ece385/ECE385/lab7_1/lab7_1.srcs/constrs_1/imports/lab7_1_provided_fa24/mb_usb_hdmi_top.xdc:63]
Resolution: If [get_<value>] was used to populate the object, check to make sure this command returns at least one valid object.
WARNING: [Vivado 12-584] No ports matched 'hex_segB[1]'. [C:/Users/realk/Desktop/ece385/ECE385/lab7_1/lab7_1.srcs/constrs_1/imports/lab7_1_provided_fa24/mb_usb_hdmi_top.xdc:64]
CRITICAL WARNING: [Common 17-55] 'set_property' expects at least one object. [C:/Users/realk/Desktop/ece385/ECE385/lab7_1/lab7_1.srcs/constrs_1/imports/lab7_1_provided_fa24/mb_usb_hdmi_top.xdc:64]
Resolution: If [get_<value>] was used to populate the object, check to make sure this command returns at least one valid object.
WARNING: [Vivado 12-584] No ports matched 'hex_segB[2]'. [C:/Users/realk/Desktop/ece385/ECE385/lab7_1/lab7_1.srcs/constrs_1/imports/lab7_1_provided_fa24/mb_usb_hdmi_top.xdc:65]
CRITICAL WARNING: [Common 17-55] 'set_property' expects at least one object. [C:/Users/realk/Desktop/ece385/ECE385/lab7_1/lab7_1.srcs/constrs_1/imports/lab7_1_provided_fa24/mb_usb_hdmi_top.xdc:65]
Resolution: If [get_<value>] was used to populate the object, check to make sure this command returns at least one valid object.
WARNING: [Vivado 12-584] No ports matched 'hex_segB[3]'. [C:/Users/realk/Desktop/ece385/ECE385/lab7_1/lab7_1.srcs/constrs_1/imports/lab7_1_provided_fa24/mb_usb_hdmi_top.xdc:66]
CRITICAL WARNING: [Common 17-55] 'set_property' expects at least one object. [C:/Users/realk/Desktop/ece385/ECE385/lab7_1/lab7_1.srcs/constrs_1/imports/lab7_1_provided_fa24/mb_usb_hdmi_top.xdc:66]
Resolution: If [get_<value>] was used to populate the object, check to make sure this command returns at least one valid object.
WARNING: [Vivado 12-584] No ports matched 'hex_segB[4]'. [C:/Users/realk/Desktop/ece385/ECE385/lab7_1/lab7_1.srcs/constrs_1/imports/lab7_1_provided_fa24/mb_usb_hdmi_top.xdc:67]
CRITICAL WARNING: [Common 17-55] 'set_property' expects at least one object. [C:/Users/realk/Desktop/ece385/ECE385/lab7_1/lab7_1.srcs/constrs_1/imports/lab7_1_provided_fa24/mb_usb_hdmi_top.xdc:67]
Resolution: If [get_<value>] was used to populate the object, check to make sure this command returns at least one valid object.
WARNING: [Vivado 12-584] No ports matched 'hex_segB[5]'. [C:/Users/realk/Desktop/ece385/ECE385/lab7_1/lab7_1.srcs/constrs_1/imports/lab7_1_provided_fa24/mb_usb_hdmi_top.xdc:68]
CRITICAL WARNING: [Common 17-55] 'set_property' expects at least one object. [C:/Users/realk/Desktop/ece385/ECE385/lab7_1/lab7_1.srcs/constrs_1/imports/lab7_1_provided_fa24/mb_usb_hdmi_top.xdc:68]
Resolution: If [get_<value>] was used to populate the object, check to make sure this command returns at least one valid object.
WARNING: [Vivado 12-584] No ports matched 'hex_segB[6]'. [C:/Users/realk/Desktop/ece385/ECE385/lab7_1/lab7_1.srcs/constrs_1/imports/lab7_1_provided_fa24/mb_usb_hdmi_top.xdc:69]
CRITICAL WARNING: [Common 17-55] 'set_property' expects at least one object. [C:/Users/realk/Desktop/ece385/ECE385/lab7_1/lab7_1.srcs/constrs_1/imports/lab7_1_provided_fa24/mb_usb_hdmi_top.xdc:69]
Resolution: If [get_<value>] was used to populate the object, check to make sure this command returns at least one valid object.
WARNING: [Vivado 12-584] No ports matched 'hex_segB[7]'. [C:/Users/realk/Desktop/ece385/ECE385/lab7_1/lab7_1.srcs/constrs_1/imports/lab7_1_provided_fa24/mb_usb_hdmi_top.xdc:70]
CRITICAL WARNING: [Common 17-55] 'set_property' expects at least one object. [C:/Users/realk/Desktop/ece385/ECE385/lab7_1/lab7_1.srcs/constrs_1/imports/lab7_1_provided_fa24/mb_usb_hdmi_top.xdc:70]
Resolution: If [get_<value>] was used to populate the object, check to make sure this command returns at least one valid object.
WARNING: [Vivado 12-584] No ports matched 'hex_gridB[0]'. [C:/Users/realk/Desktop/ece385/ECE385/lab7_1/lab7_1.srcs/constrs_1/imports/lab7_1_provided_fa24/mb_usb_hdmi_top.xdc:71]
CRITICAL WARNING: [Common 17-55] 'set_property' expects at least one object. [C:/Users/realk/Desktop/ece385/ECE385/lab7_1/lab7_1.srcs/constrs_1/imports/lab7_1_provided_fa24/mb_usb_hdmi_top.xdc:71]
Resolution: If [get_<value>] was used to populate the object, check to make sure this command returns at least one valid object.
WARNING: [Vivado 12-584] No ports matched 'hex_gridB[1]'. [C:/Users/realk/Desktop/ece385/ECE385/lab7_1/lab7_1.srcs/constrs_1/imports/lab7_1_provided_fa24/mb_usb_hdmi_top.xdc:72]
CRITICAL WARNING: [Common 17-55] 'set_property' expects at least one object. [C:/Users/realk/Desktop/ece385/ECE385/lab7_1/lab7_1.srcs/constrs_1/imports/lab7_1_provided_fa24/mb_usb_hdmi_top.xdc:72]
Resolution: If [get_<value>] was used to populate the object, check to make sure this command returns at least one valid object.
WARNING: [Vivado 12-584] No ports matched 'hex_gridB[2]'. [C:/Users/realk/Desktop/ece385/ECE385/lab7_1/lab7_1.srcs/constrs_1/imports/lab7_1_provided_fa24/mb_usb_hdmi_top.xdc:73]
CRITICAL WARNING: [Common 17-55] 'set_property' expects at least one object. [C:/Users/realk/Desktop/ece385/ECE385/lab7_1/lab7_1.srcs/constrs_1/imports/lab7_1_provided_fa24/mb_usb_hdmi_top.xdc:73]
Resolution: If [get_<value>] was used to populate the object, check to make sure this command returns at least one valid object.
WARNING: [Vivado 12-584] No ports matched 'hex_gridB[3]'. [C:/Users/realk/Desktop/ece385/ECE385/lab7_1/lab7_1.srcs/constrs_1/imports/lab7_1_provided_fa24/mb_usb_hdmi_top.xdc:74]
CRITICAL WARNING: [Common 17-55] 'set_property' expects at least one object. [C:/Users/realk/Desktop/ece385/ECE385/lab7_1/lab7_1.srcs/constrs_1/imports/lab7_1_provided_fa24/mb_usb_hdmi_top.xdc:74]
Resolution: If [get_<value>] was used to populate the object, check to make sure this command returns at least one valid object.
Finished Parsing XDC File [C:/Users/realk/Desktop/ece385/ECE385/lab7_1/lab7_1.srcs/constrs_1/imports/lab7_1_provided_fa24/mb_usb_hdmi_top.xdc]
Parsing XDC File [c:/Users/realk/Desktop/ece385/ECE385/lab7_1/lab7_1.gen/sources_1/bd/mb_block/ip/mb_block_microblaze_0_axi_intc_0/mb_block_microblaze_0_axi_intc_0_clocks.xdc] for cell 'mb_block_i/microblaze_0_axi_intc/U0'
Finished Parsing XDC File [c:/Users/realk/Desktop/ece385/ECE385/lab7_1/lab7_1.gen/sources_1/bd/mb_block/ip/mb_block_microblaze_0_axi_intc_0/mb_block_microblaze_0_axi_intc_0_clocks.xdc] for cell 'mb_block_i/microblaze_0_axi_intc/U0'
Parsing XDC File [c:/Users/realk/Desktop/ece385/ECE385/lab7_1/lab7_1.gen/sources_1/bd/mb_block/ip/mb_block_mdm_1_0/mb_block_mdm_1_0.xdc] for cell 'mb_block_i/mdm_1/U0'
INFO: [Timing 38-2] Deriving generated clocks [c:/Users/realk/Desktop/ece385/ECE385/lab7_1/lab7_1.gen/sources_1/bd/mb_block/ip/mb_block_mdm_1_0/mb_block_mdm_1_0.xdc:50]
Finished Parsing XDC File [c:/Users/realk/Desktop/ece385/ECE385/lab7_1/lab7_1.gen/sources_1/bd/mb_block/ip/mb_block_mdm_1_0/mb_block_mdm_1_0.xdc] for cell 'mb_block_i/mdm_1/U0'
INFO: [Opt 31-138] Pushed 0 inverter(s) to 0 load pin(s).
Generating merged BMM file for the design top 'mb_block_wrapper'...
INFO: [Memdata 28-144] Successfully populated the BRAM INIT strings from the following elf files: c:/Users/realk/Desktop/ece385/ECE385/lab7_1/lab7_1.gen/sources_1/bd/mb_block/ip/mb_block_microblaze_0_1/data/mb_bootloop_le.elf 
Netlist sorting complete. Time (s): cpu = 00:00:00 ; elapsed = 00:00:00.020 . Memory (MB): peak = 2167.367 ; gain = 0.000
INFO: [Project 1-111] Unisim Transformation Summary:
  A total of 241 instances were transformed.
  LUT6_2 => LUT6_2 (LUT5, LUT6): 145 instances
  RAM16X1D => RAM32X1D (RAMD32(x2)): 32 instances
  RAM32X1D => RAM32X1D (RAMD32(x2)): 64 instances

29 Infos, 63 Warnings, 61 Critical Warnings and 0 Errors encountered.
link_design completed successfully
link_design: Time (s): cpu = 00:00:24 ; elapsed = 00:00:30 . Memory (MB): peak = 2167.367 ; gain = 1104.086
Command: opt_design
Attempting to get a license for feature 'Implementation' and/or device 'xc7s50'
INFO: [Common 17-349] Got license for feature 'Implementation' and/or device 'xc7s50'
Running DRC as a precondition to command opt_design

Starting DRC Task
INFO: [DRC 23-27] Running DRC with 2 threads
INFO: [Project 1-461] DRC finished with 0 Errors
INFO: [Project 1-462] Please refer to the DRC report (report_drc) for more information.

Time (s): cpu = 00:00:02 ; elapsed = 00:00:01 . Memory (MB): peak = 2167.367 ; gain = 0.000

Starting Cache Timing Information Task
INFO: [Timing 38-35] Done setting XDC timing constraints.
Ending Cache Timing Information Task | Checksum: 61e400ba

Time (s): cpu = 00:00:01 ; elapsed = 00:00:02 . Memory (MB): peak = 2191.293 ; gain = 23.926

Starting Logic Optimization Task

Phase 1 Retarget
INFO: [Opt 31-1287] Pulled Inverter mb_block_i/mdm_1/U0/MDM_Core_I1/JTAG_CONTROL_I/Use_BSCAN.FDC_I/Use_Serial_Unified_Completion.Completion_Status_Register.sample_1[15]_i_1 into driver instance mb_block_i/mdm_1/U0/MDM_Core_I1/JTAG_CONTROL_I/Use_BSCAN.FDC_I/Use_Serial_Unified_Completion.Completion_Status_Register.sample_1[15]_i_2, which resulted in an inversion of 14 pins
INFO: [Opt 31-138] Pushed 4 inverter(s) to 26 load pin(s).
INFO: [Opt 31-49] Retargeted 0 cell(s).
Phase 1 Retarget | Checksum: 15655953

Time (s): cpu = 00:00:02 ; elapsed = 00:00:02 . Memory (MB): peak = 2528.039 ; gain = 0.000
INFO: [Opt 31-389] Phase Retarget created 171 cells and removed 254 cells
INFO: [Opt 31-1021] In phase Retarget, 4 netlist objects are constrained preventing optimization. Please run opt_design with -debug_log to get more detail. 

Phase 2 Constant propagation
INFO: [Opt 31-138] Pushed 9 inverter(s) to 15 load pin(s).
Phase 2 Constant propagation | Checksum: ab679405

Time (s): cpu = 00:00:02 ; elapsed = 00:00:02 . Memory (MB): peak = 2528.039 ; gain = 0.000
INFO: [Opt 31-389] Phase Constant propagation created 127 cells and removed 285 cells
INFO: [Opt 31-1021] In phase Constant propagation, 1 netlist objects are constrained preventing optimization. Please run opt_design with -debug_log to get more detail. 

Phase 3 Sweep
Phase 3 Sweep | Checksum: be699cfe

Time (s): cpu = 00:00:03 ; elapsed = 00:00:03 . Memory (MB): peak = 2528.039 ; gain = 0.000
INFO: [Opt 31-389] Phase Sweep created 0 cells and removed 81 cells
INFO: [Opt 31-1021] In phase Sweep, 1 netlist objects are constrained preventing optimization. Please run opt_design with -debug_log to get more detail. 

Phase 4 BUFG optimization
INFO: [Opt 31-194] Inserted BUFG mb_block_i/mdm_1/U0/Use_E2.BSCAN_I/Dbg_Update_0_BUFG_inst to drive 40 load(s) on clock net mb_block_i/mdm_1/U0/Use_E2.BSCAN_I/Dbg_Update_0_BUFG
INFO: [Opt 31-193] Inserted 1 BUFG(s) on clock nets
Phase 4 BUFG optimization | Checksum: f4c97042

Time (s): cpu = 00:00:03 ; elapsed = 00:00:03 . Memory (MB): peak = 2528.039 ; gain = 0.000
INFO: [Opt 31-662] Phase BUFG optimization created 1 cells of which 1 are BUFGs and removed 0 cells.

Phase 5 Shift Register Optimization
INFO: [Opt 31-1064] SRL Remap converted 0 SRLs to 0 registers and converted 0 registers of register chains to 0 SRLs
Phase 5 Shift Register Optimization | Checksum: f4c97042

Time (s): cpu = 00:00:03 ; elapsed = 00:00:03 . Memory (MB): peak = 2528.039 ; gain = 0.000
INFO: [Opt 31-389] Phase Shift Register Optimization created 0 cells and removed 0 cells

Phase 6 Post Processing Netlist
Phase 6 Post Processing Netlist | Checksum: dc80cf68

Time (s): cpu = 00:00:04 ; elapsed = 00:00:03 . Memory (MB): peak = 2528.039 ; gain = 0.000
INFO: [Opt 31-389] Phase Post Processing Netlist created 0 cells and removed 0 cells
INFO: [Opt 31-1021] In phase Post Processing Netlist, 1 netlist objects are constrained preventing optimization. Please run opt_design with -debug_log to get more detail. 
Opt_design Change Summary
=========================


-------------------------------------------------------------------------------------------------------------------------
|  Phase                        |  #Cells created  |  #Cells Removed  |  #Constrained objects preventing optimizations  |
-------------------------------------------------------------------------------------------------------------------------
|  Retarget                     |             171  |             254  |                                              4  |
|  Constant propagation         |             127  |             285  |                                              1  |
|  Sweep                        |               0  |              81  |                                              1  |
|  BUFG optimization            |               1  |               0  |                                              0  |
|  Shift Register Optimization  |               0  |               0  |                                              0  |
|  Post Processing Netlist      |               0  |               0  |                                              1  |
-------------------------------------------------------------------------------------------------------------------------



Starting Connectivity Check Task

Time (s): cpu = 00:00:00 ; elapsed = 00:00:00.063 . Memory (MB): peak = 2528.039 ; gain = 0.000
Ending Logic Optimization Task | Checksum: e3a3d718

Time (s): cpu = 00:00:04 ; elapsed = 00:00:04 . Memory (MB): peak = 2528.039 ; gain = 0.000

Starting Power Optimization Task
INFO: [Pwropt 34-132] Skipping clock gating for clocks with a period < 2.00 ns.
INFO: [Timing 38-35] Done setting XDC timing constraints.
INFO: [Pwropt 34-9] Applying IDT optimizations ...
INFO: [Pwropt 34-10] Applying ODC optimizations ...
Running Vector-less Activity Propagation...

Finished Running Vector-less Activity Propagation


Starting PowerOpt Patch Enables Task
INFO: [Pwropt 34-162] WRITE_MODE attribute of 0 BRAM(s) out of a total of 32 has been updated to save power. Run report_power_opt to get a complete listing of the BRAMs updated.
INFO: [Pwropt 34-201] Structural ODC has moved 0 WE to EN ports
Number of BRAM Ports augmented: 0 newly gated: 0 Total Ports: 64
Ending PowerOpt Patch Enables Task | Checksum: e3a3d718

Time (s): cpu = 00:00:00 ; elapsed = 00:00:00.229 . Memory (MB): peak = 2702.113 ; gain = 0.000
Ending Power Optimization Task | Checksum: e3a3d718

Time (s): cpu = 00:00:11 ; elapsed = 00:00:07 . Memory (MB): peak = 2702.113 ; gain = 174.074

Starting Final Cleanup Task
Ending Final Cleanup Task | Checksum: e3a3d718

Time (s): cpu = 00:00:00 ; elapsed = 00:00:00.004 . Memory (MB): peak = 2702.113 ; gain = 0.000

Starting Netlist Obfuscation Task
Netlist sorting complete. Time (s): cpu = 00:00:00 ; elapsed = 00:00:00.019 . Memory (MB): peak = 2702.113 ; gain = 0.000
Ending Netlist Obfuscation Task | Checksum: e3a3d718

Time (s): cpu = 00:00:00 ; elapsed = 00:00:00.024 . Memory (MB): peak = 2702.113 ; gain = 0.000
INFO: [Common 17-83] Releasing license: Implementation
58 Infos, 63 Warnings, 61 Critical Warnings and 0 Errors encountered.
opt_design completed successfully
opt_design: Time (s): cpu = 00:00:21 ; elapsed = 00:00:17 . Memory (MB): peak = 2702.113 ; gain = 534.746
INFO: [Timing 38-35] Done setting XDC timing constraints.
INFO: [Timing 38-480] Writing timing data to binary archive.
Writing XDEF routing.
Writing XDEF routing logical nets.
Writing XDEF routing special nets.
Write XDEF Complete: Time (s): cpu = 00:00:00 ; elapsed = 00:00:00.029 . Memory (MB): peak = 2702.113 ; gain = 0.000
INFO: [Common 17-1381] The checkpoint 'C:/Users/realk/Desktop/ece385/ECE385/lab7_1/lab7_1.runs/impl_1/mb_block_wrapper_opt.dcp' has been generated.
write_checkpoint: Time (s): cpu = 00:00:07 ; elapsed = 00:00:07 . Memory (MB): peak = 2702.113 ; gain = 0.000
INFO: [runtcl-4] Executing : report_drc -file mb_block_wrapper_drc_opted.rpt -pb mb_block_wrapper_drc_opted.pb -rpx mb_block_wrapper_drc_opted.rpx
Command: report_drc -file mb_block_wrapper_drc_opted.rpt -pb mb_block_wrapper_drc_opted.pb -rpx mb_block_wrapper_drc_opted.rpx
INFO: [IP_Flow 19-1839] IP Catalog is up to date.
INFO: [DRC 23-27] Running DRC with 2 threads
INFO: [Vivado_Tcl 2-168] The results of DRC are in file C:/Users/realk/Desktop/ece385/ECE385/lab7_1/lab7_1.runs/impl_1/mb_block_wrapper_drc_opted.rpt.
report_drc completed successfully
Command: place_design
Attempting to get a license for feature 'Implementation' and/or device 'xc7s50'
INFO: [Common 17-349] Got license for feature 'Implementation' and/or device 'xc7s50'
INFO: [DRC 23-27] Running DRC with 2 threads
INFO: [Vivado_Tcl 4-198] DRC finished with 0 Errors
INFO: [Vivado_Tcl 4-199] Please refer to the DRC report (report_drc) for more information.
Running DRC as a precondition to command place_design
INFO: [DRC 23-27] Running DRC with 2 threads
INFO: [Vivado_Tcl 4-198] DRC finished with 0 Errors
INFO: [Vivado_Tcl 4-199] Please refer to the DRC report (report_drc) for more information.

Starting Placer Task
INFO: [Place 30-611] Multithreading enabled for place_design using a maximum of 2 CPUs

Phase 1 Placer Initialization

Phase 1.1 Placer Initialization Netlist Sorting
Netlist sorting complete. Time (s): cpu = 00:00:00 ; elapsed = 00:00:00.020 . Memory (MB): peak = 2702.113 ; gain = 0.000
Phase 1.1 Placer Initialization Netlist Sorting | Checksum: cfdac0b2

Time (s): cpu = 00:00:00 ; elapsed = 00:00:00.029 . Memory (MB): peak = 2702.113 ; gain = 0.000
Netlist sorting complete. Time (s): cpu = 00:00:00 ; elapsed = 00:00:00.017 . Memory (MB): peak = 2702.113 ; gain = 0.000

Phase 1.2 IO Placement/ Clock Placement/ Build Placer Device
Phase 1.2 IO Placement/ Clock Placement/ Build Placer Device | Checksum: fd8818cf

Time (s): cpu = 00:00:02 ; elapsed = 00:00:02 . Memory (MB): peak = 2702.113 ; gain = 0.000

Phase 1.3 Build Placer Netlist Model
Phase 1.3 Build Placer Netlist Model | Checksum: 11c69dca2

Time (s): cpu = 00:00:09 ; elapsed = 00:00:08 . Memory (MB): peak = 2702.113 ; gain = 0.000

Phase 1.4 Constrain Clocks/Macros
Phase 1.4 Constrain Clocks/Macros | Checksum: 11c69dca2

Time (s): cpu = 00:00:09 ; elapsed = 00:00:08 . Memory (MB): peak = 2702.113 ; gain = 0.000
Phase 1 Placer Initialization | Checksum: 11c69dca2

Time (s): cpu = 00:00:09 ; elapsed = 00:00:09 . Memory (MB): peak = 2702.113 ; gain = 0.000

Phase 2 Global Placement

Phase 2.1 Floorplanning
Phase 2.1 Floorplanning | Checksum: 187f372eb

Time (s): cpu = 00:00:10 ; elapsed = 00:00:11 . Memory (MB): peak = 2702.113 ; gain = 0.000

Phase 2.2 Update Timing before SLR Path Opt
Phase 2.2 Update Timing before SLR Path Opt | Checksum: 1de1cf097

Time (s): cpu = 00:00:10 ; elapsed = 00:00:12 . Memory (MB): peak = 2702.113 ; gain = 0.000

Phase 2.3 Post-Processing in Floorplanning
Phase 2.3 Post-Processing in Floorplanning | Checksum: 1de1cf097

Time (s): cpu = 00:00:11 ; elapsed = 00:00:13 . Memory (MB): peak = 2702.113 ; gain = 0.000

Phase 2.4 Global Placement Core

Phase 2.4.1 UpdateTiming Before Physical Synthesis
Phase 2.4.1 UpdateTiming Before Physical Synthesis | Checksum: b10b0972

Time (s): cpu = 00:00:29 ; elapsed = 00:00:32 . Memory (MB): peak = 2702.113 ; gain = 0.000

Phase 2.4.2 Physical Synthesis In Placer
INFO: [Physopt 32-1035] Found 0 LUTNM shape to break, 1764 LUT instances to create LUTNM shape
INFO: [Physopt 32-1044] Break lutnm for timing: one critical 0, two critical 0, total 0, new lutff created 0
INFO: [Physopt 32-1138] End 1 Pass. Optimized 865 nets or LUTs. Breaked 0 LUT, combined 865 existing LUTs and moved 0 existing LUT
INFO: [Physopt 32-76] Pass 1. Identified 3 candidate nets for fanout optimization.
INFO: [Physopt 32-81] Processed net mb_block_i/hdmi_text_controller_0/inst/hdmi_text_controller_v1_0_AXI_inst/regis_reg_n_0_[2]. Replicated 13 times.
INFO: [Physopt 32-81] Processed net mb_block_i/hdmi_text_controller_0/inst/hdmi_text_controller_v1_0_AXI_inst/regis_reg_n_0_[3]. Replicated 7 times.
INFO: [Physopt 32-81] Processed net mb_block_i/hdmi_text_controller_0/inst/hdmi_text_controller_v1_0_AXI_inst/p_0_in[3]. Replicated 7 times.
INFO: [Physopt 32-232] Optimized 3 nets. Created 27 new instances.
INFO: [Physopt 32-775] End 1 Pass. Optimized 3 nets or cells. Created 27 new cells, deleted 0 existing cell and moved 0 existing cell
Netlist sorting complete. Time (s): cpu = 00:00:00 ; elapsed = 00:00:00.278 . Memory (MB): peak = 2702.113 ; gain = 0.000
INFO: [Physopt 32-456] No candidate cells for DSP register optimization found in the design.
INFO: [Physopt 32-775] End 2 Pass. Optimized 0 net or cell. Created 0 new cell, deleted 0 existing cell and moved 0 existing cell
INFO: [Physopt 32-1123] No candidate cells found for Shift Register to Pipeline optimization
INFO: [Physopt 32-775] End 2 Pass. Optimized 0 net or cell. Created 0 new cell, deleted 0 existing cell and moved 0 existing cell
INFO: [Physopt 32-677] No candidate cells for Shift Register optimization found in the design
INFO: [Physopt 32-775] End 1 Pass. Optimized 0 net or cell. Created 0 new cell, deleted 0 existing cell and moved 0 existing cell
INFO: [Physopt 32-526] No candidate cells for BRAM register optimization found in the design
INFO: [Physopt 32-775] End 1 Pass. Optimized 0 net or cell. Created 0 new cell, deleted 0 existing cell and moved 0 existing cell
INFO: [Physopt 32-846] No candidate cells for URAM register optimization found in the design
INFO: [Physopt 32-775] End 2 Pass. Optimized 0 net or cell. Created 0 new cell, deleted 0 existing cell and moved 0 existing cell
INFO: [Physopt 32-949] No candidate nets found for dynamic/static region interface net replication
INFO: [Physopt 32-775] End 1 Pass. Optimized 0 net or cell. Created 0 new cell, deleted 0 existing cell and moved 0 existing cell
Netlist sorting complete. Time (s): cpu = 00:00:00 ; elapsed = 00:00:00.019 . Memory (MB): peak = 2702.113 ; gain = 0.000

Summary of Physical Synthesis Optimizations
============================================


-----------------------------------------------------------------------------------------------------------------------------------------------------------
|  Optimization                                     |  Added Cells  |  Removed Cells  |  Optimized Cells/Nets  |  Dont Touch  |  Iterations  |  Elapsed   |
-----------------------------------------------------------------------------------------------------------------------------------------------------------
|  LUT Combining                                    |            0  |            865  |                   865  |           0  |           1  |  00:00:01  |
|  Retime                                           |            0  |              0  |                     0  |           0  |           1  |  00:00:00  |
|  Very High Fanout                                 |           27  |              0  |                     3  |           0  |           1  |  00:00:01  |
|  DSP Register                                     |            0  |              0  |                     0  |           0  |           1  |  00:00:00  |
|  Shift Register to Pipeline                       |            0  |              0  |                     0  |           0  |           1  |  00:00:00  |
|  Shift Register                                   |            0  |              0  |                     0  |           0  |           1  |  00:00:00  |
|  BRAM Register                                    |            0  |              0  |                     0  |           0  |           1  |  00:00:00  |
|  URAM Register                                    |            0  |              0  |                     0  |           0  |           1  |  00:00:00  |
|  Dynamic/Static Region Interface Net Replication  |            0  |              0  |                     0  |           0  |           1  |  00:00:00  |
|  Total                                            |           27  |            865  |                   868  |           0  |           9  |  00:00:02  |
-----------------------------------------------------------------------------------------------------------------------------------------------------------


Phase 2.4.2 Physical Synthesis In Placer | Checksum: 16756888f

Time (s): cpu = 00:00:32 ; elapsed = 00:00:36 . Memory (MB): peak = 2702.113 ; gain = 0.000
Phase 2.4 Global Placement Core | Checksum: 1680615eb

Time (s): cpu = 00:00:33 ; elapsed = 00:00:37 . Memory (MB): peak = 2702.113 ; gain = 0.000
Phase 2 Global Placement | Checksum: 1680615eb

Time (s): cpu = 00:00:33 ; elapsed = 00:00:37 . Memory (MB): peak = 2702.113 ; gain = 0.000

Phase 3 Detail Placement

Phase 3.1 Commit Multi Column Macros
Phase 3.1 Commit Multi Column Macros | Checksum: 200315b47

Time (s): cpu = 00:00:34 ; elapsed = 00:00:39 . Memory (MB): peak = 2702.113 ; gain = 0.000

Phase 3.2 Commit Most Macros & LUTRAMs
Phase 3.2 Commit Most Macros & LUTRAMs | Checksum: 22d3a71e2

Time (s): cpu = 00:00:36 ; elapsed = 00:00:43 . Memory (MB): peak = 2702.113 ; gain = 0.000

Phase 3.3 Area Swap Optimization
Phase 3.3 Area Swap Optimization | Checksum: 229c3f16f

Time (s): cpu = 00:00:36 ; elapsed = 00:00:44 . Memory (MB): peak = 2702.113 ; gain = 0.000

Phase 3.4 Pipeline Register Optimization
Phase 3.4 Pipeline Register Optimization | Checksum: 226e117bd

Time (s): cpu = 00:00:36 ; elapsed = 00:00:44 . Memory (MB): peak = 2702.113 ; gain = 0.000

Phase 3.5 Fast Optimization
Phase 3.5 Fast Optimization | Checksum: 29b25c7fd

Time (s): cpu = 00:00:38 ; elapsed = 00:00:48 . Memory (MB): peak = 2702.113 ; gain = 0.000

Phase 3.6 Small Shape Detail Placement
Phase 3.6 Small Shape Detail Placement | Checksum: 21c291d40

Time (s): cpu = 00:00:45 ; elapsed = 00:01:02 . Memory (MB): peak = 2702.113 ; gain = 0.000

Phase 3.7 Re-assign LUT pins
Phase 3.7 Re-assign LUT pins | Checksum: 23f04ef40

Time (s): cpu = 00:00:46 ; elapsed = 00:01:04 . Memory (MB): peak = 2702.113 ; gain = 0.000

Phase 3.8 Pipeline Register Optimization
Phase 3.8 Pipeline Register Optimization | Checksum: 24ff76b86

Time (s): cpu = 00:00:47 ; elapsed = 00:01:04 . Memory (MB): peak = 2702.113 ; gain = 0.000
Phase 3 Detail Placement | Checksum: 24ff76b86

Time (s): cpu = 00:00:47 ; elapsed = 00:01:04 . Memory (MB): peak = 2702.113 ; gain = 0.000

Phase 4 Post Placement Optimization and Clean-Up

Phase 4.1 Post Commit Optimization
INFO: [Timing 38-35] Done setting XDC timing constraints.

Phase 4.1.1 Post Placement Optimization
Post Placement Optimization Initialization | Checksum: 1815f916a

Phase 4.1.1.1 BUFG Insertion

Starting Physical Synthesis Task

Phase 1 Physical Synthesis Initialization
INFO: [Physopt 32-721] Multithreading enabled for phys_opt_design using a maximum of 2 CPUs
INFO: [Physopt 32-619] Estimated Timing Summary | WNS=0.341 | TNS=0.000 |
Phase 1 Physical Synthesis Initialization | Checksum: 18fb4d0ae

Time (s): cpu = 00:00:01 ; elapsed = 00:00:01 . Memory (MB): peak = 2709.891 ; gain = 0.000
INFO: [Place 46-33] Processed net mb_block_i/hdmi_text_controller_0/inst/hdmi_text_controller_v1_0_AXI_inst/axi_aresetn_0, BUFG insertion was skipped due to placement/routing conflicts.
INFO: [Place 46-56] BUFG insertion identified 1 candidate nets. Inserted BUFG: 0, Replicated BUFG Driver: 0, Skipped due to Placement/Routing Conflicts: 1, Skipped due to Timing Degradation: 0, Skipped due to Illegal Netlist: 0.
Ending Physical Synthesis Task | Checksum: 13b4a0811

Time (s): cpu = 00:00:02 ; elapsed = 00:00:03 . Memory (MB): peak = 2709.891 ; gain = 0.000
Phase 4.1.1.1 BUFG Insertion | Checksum: 1815f916a

Time (s): cpu = 00:00:56 ; elapsed = 00:01:14 . Memory (MB): peak = 2709.891 ; gain = 7.777

Phase 4.1.1.2 Post Placement Timing Optimization
INFO: [Place 30-746] Post Placement Timing Summary WNS=0.515. For the most accurate timing information please run report_timing.
Phase 4.1.1.2 Post Placement Timing Optimization | Checksum: 1139754d2

Time (s): cpu = 00:00:59 ; elapsed = 00:01:18 . Memory (MB): peak = 2709.891 ; gain = 7.777

Time (s): cpu = 00:00:59 ; elapsed = 00:01:18 . Memory (MB): peak = 2709.891 ; gain = 7.777
Phase 4.1 Post Commit Optimization | Checksum: 1139754d2

Time (s): cpu = 00:00:59 ; elapsed = 00:01:18 . Memory (MB): peak = 2709.891 ; gain = 7.777

Phase 4.2 Post Placement Cleanup
Phase 4.2 Post Placement Cleanup | Checksum: 1139754d2

Time (s): cpu = 00:00:59 ; elapsed = 00:01:18 . Memory (MB): peak = 2709.891 ; gain = 7.777

Phase 4.3 Placer Reporting

Phase 4.3.1 Print Estimated Congestion
INFO: [Place 30-612] Post-Placement Estimated Congestion 
 ____________________________________________________
|           | Global Congestion | Short Congestion  |
| Direction | Region Size       | Region Size       |
|___________|___________________|___________________|
|      North|                1x1|                4x4|
|___________|___________________|___________________|
|      South|                1x1|                2x2|
|___________|___________________|___________________|
|       East|                1x1|                1x1|
|___________|___________________|___________________|
|       West|                1x1|                1x1|
|___________|___________________|___________________|

Phase 4.3.1 Print Estimated Congestion | Checksum: 1139754d2

Time (s): cpu = 00:00:59 ; elapsed = 00:01:19 . Memory (MB): peak = 2709.891 ; gain = 7.777
Phase 4.3 Placer Reporting | Checksum: 1139754d2

Time (s): cpu = 00:01:00 ; elapsed = 00:01:19 . Memory (MB): peak = 2709.891 ; gain = 7.777

Phase 4.4 Final Placement Cleanup
Netlist sorting complete. Time (s): cpu = 00:00:00 ; elapsed = 00:00:00.070 . Memory (MB): peak = 2709.891 ; gain = 0.000

Time (s): cpu = 00:01:00 ; elapsed = 00:01:19 . Memory (MB): peak = 2709.891 ; gain = 7.777
Phase 4 Post Placement Optimization and Clean-Up | Checksum: 17c38f29b

Time (s): cpu = 00:01:00 ; elapsed = 00:01:19 . Memory (MB): peak = 2709.891 ; gain = 7.777
Ending Placer Task | Checksum: 16a8f7069

Time (s): cpu = 00:01:00 ; elapsed = 00:01:19 . Memory (MB): peak = 2709.891 ; gain = 7.777
INFO: [Common 17-83] Releasing license: Implementation
102 Infos, 63 Warnings, 61 Critical Warnings and 0 Errors encountered.
place_design completed successfully
place_design: Time (s): cpu = 00:01:03 ; elapsed = 00:01:22 . Memory (MB): peak = 2709.891 ; gain = 7.777
INFO: [Timing 38-480] Writing timing data to binary archive.
Writing XDEF routing.
Writing XDEF routing logical nets.
Writing XDEF routing special nets.
Write XDEF Complete: Time (s): cpu = 00:00:09 ; elapsed = 00:00:05 . Memory (MB): peak = 2709.891 ; gain = 0.000
INFO: [Common 17-1381] The checkpoint 'C:/Users/realk/Desktop/ece385/ECE385/lab7_1/lab7_1.runs/impl_1/mb_block_wrapper_placed.dcp' has been generated.
write_checkpoint: Time (s): cpu = 00:00:12 ; elapsed = 00:00:10 . Memory (MB): peak = 2709.891 ; gain = 0.000
INFO: [runtcl-4] Executing : report_io -file mb_block_wrapper_io_placed.rpt
report_io: Time (s): cpu = 00:00:00 ; elapsed = 00:00:00.054 . Memory (MB): peak = 2709.891 ; gain = 0.000
INFO: [runtcl-4] Executing : report_utilization -file mb_block_wrapper_utilization_placed.rpt -pb mb_block_wrapper_utilization_placed.pb
INFO: [runtcl-4] Executing : report_control_sets -verbose -file mb_block_wrapper_control_sets_placed.rpt
report_control_sets: Time (s): cpu = 00:00:00 ; elapsed = 00:00:00.259 . Memory (MB): peak = 2709.891 ; gain = 0.000
Command: phys_opt_design
Attempting to get a license for feature 'Implementation' and/or device 'xc7s50'
INFO: [Common 17-349] Got license for feature 'Implementation' and/or device 'xc7s50'

Starting Initial Update Timing Task

Time (s): cpu = 00:00:06 ; elapsed = 00:00:06 . Memory (MB): peak = 2716.602 ; gain = 6.711
INFO: [Vivado_Tcl 4-383] Design worst setup slack (WNS) is greater than or equal to 0.000 ns. Skipping all physical synthesis optimizations.
INFO: [Vivado_Tcl 4-232] No setup violation found. The netlist was not modified.
INFO: [Common 17-83] Releasing license: Implementation
111 Infos, 63 Warnings, 61 Critical Warnings and 0 Errors encountered.
phys_opt_design completed successfully
phys_opt_design: Time (s): cpu = 00:00:06 ; elapsed = 00:00:07 . Memory (MB): peak = 2716.602 ; gain = 6.711
INFO: [Timing 38-480] Writing timing data to binary archive.
Writing XDEF routing.
Writing XDEF routing logical nets.
Writing XDEF routing special nets.
Write XDEF Complete: Time (s): cpu = 00:00:08 ; elapsed = 00:00:05 . Memory (MB): peak = 2742.820 ; gain = 26.219
INFO: [Common 17-1381] The checkpoint 'C:/Users/realk/Desktop/ece385/ECE385/lab7_1/lab7_1.runs/impl_1/mb_block_wrapper_physopt.dcp' has been generated.
write_checkpoint: Time (s): cpu = 00:00:10 ; elapsed = 00:00:07 . Memory (MB): peak = 2742.820 ; gain = 26.219
Command: route_design
Attempting to get a license for feature 'Implementation' and/or device 'xc7s50'
INFO: [Common 17-349] Got license for feature 'Implementation' and/or device 'xc7s50'
Running DRC as a precondition to command route_design
INFO: [DRC 23-27] Running DRC with 2 threads
INFO: [Vivado_Tcl 4-198] DRC finished with 0 Errors
INFO: [Vivado_Tcl 4-199] Please refer to the DRC report (report_drc) for more information.


Starting Routing Task
INFO: [Route 35-254] Multithreading enabled for route_design using a maximum of 2 CPUs

Phase 1 Build RT Design
Checksum: PlaceDB: b52468d5 ConstDB: 0 ShapeSum: b56b0794 RouteDB: 0
Post Restoration Checksum: NetGraph: 7283f878 NumContArr: c9e247b7 Constraints: 0 Timing: 0
Phase 1 Build RT Design | Checksum: 13c66402f

Time (s): cpu = 00:00:23 ; elapsed = 00:00:23 . Memory (MB): peak = 2796.598 ; gain = 52.562

Phase 2 Router Initialization

Phase 2.1 Fix Topology Constraints
Phase 2.1 Fix Topology Constraints | Checksum: 13c66402f

Time (s): cpu = 00:00:23 ; elapsed = 00:00:24 . Memory (MB): peak = 2797.664 ; gain = 53.629

Phase 2.2 Pre Route Cleanup
Phase 2.2 Pre Route Cleanup | Checksum: 13c66402f

Time (s): cpu = 00:00:23 ; elapsed = 00:00:24 . Memory (MB): peak = 2797.664 ; gain = 53.629
 Number of Nodes with overlaps = 0

Phase 2.3 Update Timing
Phase 2.3 Update Timing | Checksum: 1dc3cf52c

Time (s): cpu = 00:00:31 ; elapsed = 00:00:35 . Memory (MB): peak = 2831.121 ; gain = 87.086
INFO: [Route 35-416] Intermediate Timing Summary | WNS=0.688  | TNS=0.000  | WHS=-1.382 | THS=-83.953|


Router Utilization Summary
  Global Vertical Routing Utilization    = 0.00677669 %
  Global Horizontal Routing Utilization  = 0.00130141 %
  Routable Net Status*
  *Does not include unroutable nets such as driverless and loadless.
  Run report_route_status for detailed report.
  Number of Failed Nets               = 28645
    (Failed Nets is the sum of unrouted and partially routed nets)
  Number of Unrouted Nets             = 28645
  Number of Partially Routed Nets     = 0
  Number of Node Overlaps             = 0

Phase 2 Router Initialization | Checksum: 1bb7b807e

Time (s): cpu = 00:00:37 ; elapsed = 00:00:42 . Memory (MB): peak = 2895.957 ; gain = 151.922

Phase 3 Initial Routing

Phase 3.1 Global Routing
Phase 3.1 Global Routing | Checksum: 1bb7b807e

Time (s): cpu = 00:00:37 ; elapsed = 00:00:42 . Memory (MB): peak = 2895.957 ; gain = 151.922
Phase 3 Initial Routing | Checksum: 1140fdacc

Time (s): cpu = 00:01:10 ; elapsed = 00:01:07 . Memory (MB): peak = 2935.605 ; gain = 191.570

Phase 4 Rip-up And Reroute

Phase 4.1 Global Iteration 0
