TRACE::2024-10-23.18:35:10::SCWPlatform::Trying to open the hw design at C:/Users/realk/Desktop/labb6/lab6part2_sdk/mb_usb_hdmi_top/hw/mb_usb_hdmi_top.xsa
TRACE::2024-10-23.18:35:10::SCWPlatform::DSA given C:/Users/realk/Desktop/labb6/lab6part2_sdk/mb_usb_hdmi_top/hw/mb_usb_hdmi_top.xsa
TRACE::2024-10-23.18:35:10::SCWPlatform::DSA absoulate path C:/Users/realk/Desktop/labb6/lab6part2_sdk/mb_usb_hdmi_top/hw/mb_usb_hdmi_top.xsa
TRACE::2024-10-23.18:35:10::SCWPlatform::DSA directory C:/Users/realk/Desktop/labb6/lab6part2_sdk/mb_usb_hdmi_top/hw
TRACE::2024-10-23.18:35:10::SCWPlatform:: Platform Path C:/Users/realk/Desktop/labb6/lab6part2_sdk/mb_usb_hdmi_top/hw/mb_usb_hdmi_top.xsa
TRACE::2024-10-23.18:35:10::SCWPlatform:: Unique name xilinx:::0.0
TRACE::2024-10-23.18:35:10::SCWPlatform::Do not have an existing db opened. 
TRACE::2024-10-23.18:35:10::SCWPlatform::Opened new HwDB with name mb_usb_hdmi_top_0
TRACE::2024-10-23.18:35:10::SCWWriter::formatted JSON is {
	"platformName":	"mb_usb_hdmi_top",
	"sprVersion":	"2.0",
	"mode":	"gui",
	"dsaType":	"Fixed",
	"platformDesc":	"mb_usb_hdmi_top",
	"platHandOff":	"C:/Users/realk/Desktop/labb6/mb_usb_hdmi_top.xsa",
	"platIntHandOff":	"<platformDir>/hw/mb_usb_hdmi_top.xsa",
	"deviceType":	"FPGA",
	"platIsPrebuiltAutogen":	"false",
	"platIsNoBootBsp":	"false",
	"hasFsblMakeHasChanges":	"false",
	"hasPmufwMakeHasChanges":	"false",
	"platPreBuiltFlag":	false,
	"platformSamplesDir":	""
}
TRACE::2024-10-23.18:35:10::SCWWriter::formatted JSON is {
	"platformName":	"mb_usb_hdmi_top",
	"sprVersion":	"2.0",
	"mode":	"gui",
	"dsaType":	"Fixed",
	"platformDesc":	"mb_usb_hdmi_top",
	"platHandOff":	"C:/Users/realk/Desktop/labb6/mb_usb_hdmi_top.xsa",
	"platIntHandOff":	"<platformDir>/hw/mb_usb_hdmi_top.xsa",
	"deviceType":	"FPGA",
	"platIsPrebuiltAutogen":	"false",
	"platIsNoBootBsp":	"false",
	"hasFsblMakeHasChanges":	"false",
	"hasPmufwMakeHasChanges":	"false",
	"platPreBuiltFlag":	false,
	"platformSamplesDir":	"",
	"platActiveSys":	"mb_usb_hdmi_top",
	"systems":	[{
			"systemName":	"mb_usb_hdmi_top",
			"systemDesc":	"mb_usb_hdmi_top",
			"sysIsBootAutoGen":	"true",
			"systemDispName":	"mb_usb_hdmi_top"
		}]
}
TRACE::2024-10-23.18:35:10::SCWPlatform::Boot application domains not present, creating them
TRACE::2024-10-23.18:35:10::SCWPlatform::Pure FPGA device, no boot application will be created.
TRACE::2024-10-23.18:35:10::SCWWriter::formatted JSON is {
	"platformName":	"mb_usb_hdmi_top",
	"sprVersion":	"2.0",
	"mode":	"gui",
	"dsaType":	"Fixed",
	"platformDesc":	"mb_usb_hdmi_top",
	"platHandOff":	"C:/Users/realk/Desktop/labb6/mb_usb_hdmi_top.xsa",
	"platIntHandOff":	"<platformDir>/hw/mb_usb_hdmi_top.xsa",
	"deviceType":	"FPGA",
	"platIsPrebuiltAutogen":	"false",
	"platIsNoBootBsp":	"false",
	"hasFsblMakeHasChanges":	"false",
	"hasPmufwMakeHasChanges":	"false",
	"platPreBuiltFlag":	false,
	"platformSamplesDir":	"",
	"platActiveSys":	"mb_usb_hdmi_top",
	"systems":	[{
			"systemName":	"mb_usb_hdmi_top",
			"systemDesc":	"mb_usb_hdmi_top",
			"sysIsBootAutoGen":	"true",
			"systemDispName":	"mb_usb_hdmi_top"
		}]
}
TRACE::2024-10-23.18:35:10::SCWWriter::formatted JSON is {
	"platformName":	"mb_usb_hdmi_top",
	"sprVersion":	"2.0",
	"mode":	"gui",
	"dsaType":	"Fixed",
	"platformDesc":	"mb_usb_hdmi_top",
	"platHandOff":	"C:/Users/realk/Desktop/labb6/mb_usb_hdmi_top.xsa",
	"platIntHandOff":	"<platformDir>/hw/mb_usb_hdmi_top.xsa",
	"deviceType":	"FPGA",
	"platIsPrebuiltAutogen":	"false",
	"platIsNoBootBsp":	"false",
	"hasFsblMakeHasChanges":	"false",
	"hasPmufwMakeHasChanges":	"false",
	"platPreBuiltFlag":	false,
	"platformSamplesDir":	"",
	"platActiveSys":	"mb_usb_hdmi_top",
	"systems":	[{
			"systemName":	"mb_usb_hdmi_top",
			"systemDesc":	"mb_usb_hdmi_top",
			"sysIsBootAutoGen":	"true",
			"systemDispName":	"mb_usb_hdmi_top"
		}]
}
TRACE::2024-10-23.18:35:10::SCWPlatform::Trying to open the hw design at C:/Users/realk/Desktop/labb6/lab6part2_sdk/mb_usb_hdmi_top/hw/mb_usb_hdmi_top.xsa
TRACE::2024-10-23.18:35:10::SCWPlatform::DSA given C:/Users/realk/Desktop/labb6/lab6part2_sdk/mb_usb_hdmi_top/hw/mb_usb_hdmi_top.xsa
TRACE::2024-10-23.18:35:10::SCWPlatform::DSA absoulate path C:/Users/realk/Desktop/labb6/lab6part2_sdk/mb_usb_hdmi_top/hw/mb_usb_hdmi_top.xsa
TRACE::2024-10-23.18:35:10::SCWPlatform::DSA directory C:/Users/realk/Desktop/labb6/lab6part2_sdk/mb_usb_hdmi_top/hw
TRACE::2024-10-23.18:35:10::SCWPlatform:: Platform Path C:/Users/realk/Desktop/labb6/lab6part2_sdk/mb_usb_hdmi_top/hw/mb_usb_hdmi_top.xsa
TRACE::2024-10-23.18:35:10::SCWPlatform:: Unique name xilinx:::0.0
TRACE::2024-10-23.18:35:10::SCWPlatform::Trying to set the existing hwdb with name mb_usb_hdmi_top_0
TRACE::2024-10-23.18:35:10::SCWPlatform::Opened existing hwdb mb_usb_hdmi_top_0
TRACE::2024-10-23.18:35:10::SCWPlatform::Found the Hw Db part of the input DSA
TRACE::2024-10-23.18:35:10::SCWPlatform::Trying to open the hw design at C:/Users/realk/Desktop/labb6/lab6part2_sdk/mb_usb_hdmi_top/hw/mb_usb_hdmi_top.xsa
TRACE::2024-10-23.18:35:10::SCWPlatform::DSA given C:/Users/realk/Desktop/labb6/lab6part2_sdk/mb_usb_hdmi_top/hw/mb_usb_hdmi_top.xsa
TRACE::2024-10-23.18:35:10::SCWPlatform::DSA absoulate path C:/Users/realk/Desktop/labb6/lab6part2_sdk/mb_usb_hdmi_top/hw/mb_usb_hdmi_top.xsa
TRACE::2024-10-23.18:35:10::SCWPlatform::DSA directory C:/Users/realk/Desktop/labb6/lab6part2_sdk/mb_usb_hdmi_top/hw
TRACE::2024-10-23.18:35:10::SCWPlatform:: Platform Path C:/Users/realk/Desktop/labb6/lab6part2_sdk/mb_usb_hdmi_top/hw/mb_usb_hdmi_top.xsa
TRACE::2024-10-23.18:35:10::SCWPlatform:: Unique name xilinx:::0.0
TRACE::2024-10-23.18:35:10::SCWPlatform::Trying to set the existing hwdb with name mb_usb_hdmi_top_0
TRACE::2024-10-23.18:35:10::SCWPlatform::Opened existing hwdb mb_usb_hdmi_top_0
TRACE::2024-10-23.18:35:10::SCWPlatform::Found the Hw Db part of the input DSA
TRACE::2024-10-23.18:35:10::SCWDomain::checking for install qemu data   : 
TRACE::2024-10-23.18:35:10::SCWPlatform::Trying to open the hw design at C:/Users/realk/Desktop/labb6/lab6part2_sdk/mb_usb_hdmi_top/hw/mb_usb_hdmi_top.xsa
TRACE::2024-10-23.18:35:10::SCWPlatform::DSA given C:/Users/realk/Desktop/labb6/lab6part2_sdk/mb_usb_hdmi_top/hw/mb_usb_hdmi_top.xsa
TRACE::2024-10-23.18:35:10::SCWPlatform::DSA absoulate path C:/Users/realk/Desktop/labb6/lab6part2_sdk/mb_usb_hdmi_top/hw/mb_usb_hdmi_top.xsa
TRACE::2024-10-23.18:35:10::SCWPlatform::DSA directory C:/Users/realk/Desktop/labb6/lab6part2_sdk/mb_usb_hdmi_top/hw
TRACE::2024-10-23.18:35:10::SCWPlatform:: Platform Path C:/Users/realk/Desktop/labb6/lab6part2_sdk/mb_usb_hdmi_top/hw/mb_usb_hdmi_top.xsa
TRACE::2024-10-23.18:35:10::SCWPlatform:: Unique name xilinx:::0.0
TRACE::2024-10-23.18:35:10::SCWPlatform::Trying to set the existing hwdb with name mb_usb_hdmi_top_0
TRACE::2024-10-23.18:35:10::SCWPlatform::Opened existing hwdb mb_usb_hdmi_top_0
TRACE::2024-10-23.18:35:10::SCWPlatform::Found the Hw Db part of the input DSA
TRACE::2024-10-23.18:35:10::SCWPlatform::Trying to open the hw design at C:/Users/realk/Desktop/labb6/lab6part2_sdk/mb_usb_hdmi_top/hw/mb_usb_hdmi_top.xsa
TRACE::2024-10-23.18:35:10::SCWPlatform::DSA given C:/Users/realk/Desktop/labb6/lab6part2_sdk/mb_usb_hdmi_top/hw/mb_usb_hdmi_top.xsa
TRACE::2024-10-23.18:35:10::SCWPlatform::DSA absoulate path C:/Users/realk/Desktop/labb6/lab6part2_sdk/mb_usb_hdmi_top/hw/mb_usb_hdmi_top.xsa
TRACE::2024-10-23.18:35:10::SCWPlatform::DSA directory C:/Users/realk/Desktop/labb6/lab6part2_sdk/mb_usb_hdmi_top/hw
TRACE::2024-10-23.18:35:10::SCWPlatform:: Platform Path C:/Users/realk/Desktop/labb6/lab6part2_sdk/mb_usb_hdmi_top/hw/mb_usb_hdmi_top.xsa
TRACE::2024-10-23.18:35:10::SCWPlatform:: Unique name xilinx:::0.0
TRACE::2024-10-23.18:35:10::SCWPlatform::Trying to set the existing hwdb with name mb_usb_hdmi_top_0
TRACE::2024-10-23.18:35:10::SCWPlatform::Opened existing hwdb mb_usb_hdmi_top_0
TRACE::2024-10-23.18:35:10::SCWPlatform::Found the Hw Db part of the input DSA
TRACE::2024-10-23.18:35:10::SCWPlatform::Trying to open the hw design at C:/Users/realk/Desktop/labb6/lab6part2_sdk/mb_usb_hdmi_top/hw/mb_usb_hdmi_top.xsa
TRACE::2024-10-23.18:35:10::SCWPlatform::DSA given C:/Users/realk/Desktop/labb6/lab6part2_sdk/mb_usb_hdmi_top/hw/mb_usb_hdmi_top.xsa
TRACE::2024-10-23.18:35:10::SCWPlatform::DSA absoulate path C:/Users/realk/Desktop/labb6/lab6part2_sdk/mb_usb_hdmi_top/hw/mb_usb_hdmi_top.xsa
TRACE::2024-10-23.18:35:10::SCWPlatform::DSA directory C:/Users/realk/Desktop/labb6/lab6part2_sdk/mb_usb_hdmi_top/hw
TRACE::2024-10-23.18:35:10::SCWPlatform:: Platform Path C:/Users/realk/Desktop/labb6/lab6part2_sdk/mb_usb_hdmi_top/hw/mb_usb_hdmi_top.xsa
TRACE::2024-10-23.18:35:10::SCWPlatform:: Unique name xilinx:::0.0
TRACE::2024-10-23.18:35:10::SCWPlatform::Trying to set the existing hwdb with name mb_usb_hdmi_top_0
TRACE::2024-10-23.18:35:10::SCWPlatform::Opened existing hwdb mb_usb_hdmi_top_0
TRACE::2024-10-23.18:35:10::SCWPlatform::Found the Hw Db part of the input DSA
TRACE::2024-10-23.18:35:10::SCWMssOS::Checking the sw design at  C:/Users/realk/Desktop/labb6/lab6part2_sdk/mb_usb_hdmi_top/microblaze_0/standalone_microblaze_0/bsp/system.mss
TRACE::2024-10-23.18:35:10::SCWMssOS::DEBUG:  swdes dump  
TRACE::2024-10-23.18:35:10::SCWMssOS::No sw design opened at  C:/Users/realk/Desktop/labb6/lab6part2_sdk/mb_usb_hdmi_top/microblaze_0/standalone_microblaze_0/bsp/system.mss
TRACE::2024-10-23.18:35:10::SCWMssOS::mss does not exists at C:/Users/realk/Desktop/labb6/lab6part2_sdk/mb_usb_hdmi_top/microblaze_0/standalone_microblaze_0/bsp/system.mss
TRACE::2024-10-23.18:35:10::SCWMssOS::Creating sw design at  C:/Users/realk/Desktop/labb6/lab6part2_sdk/mb_usb_hdmi_top/microblaze_0/standalone_microblaze_0/bsp/system.mss
TRACE::2024-10-23.18:35:10::SCWMssOS::Adding the swdes entry, created swdb C:/Users/realk/Desktop/labb6/lab6part2_sdk/mb_usb_hdmi_top/microblaze_0/standalone_microblaze_0/bsp/system.mss with des name C:/Users/realk/Desktop/labb6/lab6part2_sdk/mb_usb_hdmi_top/microblaze_0/standalone_microblaze_0/bsp/system.mss
TRACE::2024-10-23.18:35:10::SCWMssOS::updating the scw layer changes to swdes at   C:/Users/realk/Desktop/labb6/lab6part2_sdk/mb_usb_hdmi_top/microblaze_0/standalone_microblaze_0/bsp/system.mss
TRACE::2024-10-23.18:35:10::SCWMssOS::Writing mss at C:/Users/realk/Desktop/labb6/lab6part2_sdk/mb_usb_hdmi_top/microblaze_0/standalone_microblaze_0/bsp/system.mss
TRACE::2024-10-23.18:35:10::SCWMssOS::Completed writing the mss file at C:/Users/realk/Desktop/labb6/lab6part2_sdk/mb_usb_hdmi_top/microblaze_0/standalone_microblaze_0/bsp
TRACE::2024-10-23.18:35:10::SCWMssOS::Picking up changes from newly written mss file into SCW Layer. 
TRACE::2024-10-23.18:35:10::SCWMssOS::Updated the changes from newly written mss file into SCW Layer. 
TRACE::2024-10-23.18:35:10::SCWMssOS::Completed writing the mss file at C:/Users/realk/Desktop/labb6/lab6part2_sdk/mb_usb_hdmi_top/microblaze_0/standalone_microblaze_0/bsp
TRACE::2024-10-23.18:35:10::SCWMssOS::Forcing BSP Sources regeneration.
TRACE::2024-10-23.18:35:12::SCWMssOS::Saving the mss changes C:/Users/realk/Desktop/labb6/lab6part2_sdk/mb_usb_hdmi_top/microblaze_0/standalone_microblaze_0/bsp/system.mss
TRACE::2024-10-23.18:35:12::SCWMssOS::Adding the swdes entry, mss present, able to open swdb C:/Users/realk/Desktop/labb6/lab6part2_sdk/mb_usb_hdmi_top/microblaze_0/standalone_microblaze_0/bsp/system.mss with des name system
TRACE::2024-10-23.18:35:12::SCWMssOS::Writing the mss file completed C:/Users/realk/Desktop/labb6/lab6part2_sdk/mb_usb_hdmi_top/microblaze_0/standalone_microblaze_0/bsp/system.mss
TRACE::2024-10-23.18:35:12::SCWMssOS::Commit changes completed.
TRACE::2024-10-23.18:35:12::SCWPlatform::Trying to open the hw design at C:/Users/realk/Desktop/labb6/lab6part2_sdk/mb_usb_hdmi_top/hw/mb_usb_hdmi_top.xsa
TRACE::2024-10-23.18:35:12::SCWPlatform::DSA given C:/Users/realk/Desktop/labb6/lab6part2_sdk/mb_usb_hdmi_top/hw/mb_usb_hdmi_top.xsa
TRACE::2024-10-23.18:35:12::SCWPlatform::DSA absoulate path C:/Users/realk/Desktop/labb6/lab6part2_sdk/mb_usb_hdmi_top/hw/mb_usb_hdmi_top.xsa
TRACE::2024-10-23.18:35:12::SCWPlatform::DSA directory C:/Users/realk/Desktop/labb6/lab6part2_sdk/mb_usb_hdmi_top/hw
TRACE::2024-10-23.18:35:12::SCWPlatform:: Platform Path C:/Users/realk/Desktop/labb6/lab6part2_sdk/mb_usb_hdmi_top/hw/mb_usb_hdmi_top.xsa
TRACE::2024-10-23.18:35:12::SCWPlatform:: Unique name xilinx:::0.0
TRACE::2024-10-23.18:35:12::SCWPlatform::Trying to set the existing hwdb with name mb_usb_hdmi_top_0
TRACE::2024-10-23.18:35:12::SCWPlatform::Opened existing hwdb mb_usb_hdmi_top_0
TRACE::2024-10-23.18:35:12::SCWPlatform::Found the Hw Db part of the input DSA
TRACE::2024-10-23.18:35:12::SCWMssOS::Checking the sw design at  C:/Users/realk/Desktop/labb6/lab6part2_sdk/mb_usb_hdmi_top/microblaze_0/standalone_microblaze_0/bsp/system.mss
TRACE::2024-10-23.18:35:12::SCWMssOS::DEBUG:  swdes dump  C:/Users/realk/Desktop/labb6/lab6part2_sdk/mb_usb_hdmi_top/microblaze_0/standalone_microblaze_0/bsp/system.mss|system||

TRACE::2024-10-23.18:35:12::SCWMssOS::Sw design exists and opened at  C:/Users/realk/Desktop/labb6/lab6part2_sdk/mb_usb_hdmi_top/microblaze_0/standalone_microblaze_0/bsp/system.mss
TRACE::2024-10-23.18:35:12::SCWPlatform::Trying to open the hw design at C:/Users/realk/Desktop/labb6/lab6part2_sdk/mb_usb_hdmi_top/hw/mb_usb_hdmi_top.xsa
TRACE::2024-10-23.18:35:12::SCWPlatform::DSA given C:/Users/realk/Desktop/labb6/lab6part2_sdk/mb_usb_hdmi_top/hw/mb_usb_hdmi_top.xsa
TRACE::2024-10-23.18:35:12::SCWPlatform::DSA absoulate path C:/Users/realk/Desktop/labb6/lab6part2_sdk/mb_usb_hdmi_top/hw/mb_usb_hdmi_top.xsa
TRACE::2024-10-23.18:35:12::SCWPlatform::DSA directory C:/Users/realk/Desktop/labb6/lab6part2_sdk/mb_usb_hdmi_top/hw
TRACE::2024-10-23.18:35:12::SCWPlatform:: Platform Path C:/Users/realk/Desktop/labb6/lab6part2_sdk/mb_usb_hdmi_top/hw/mb_usb_hdmi_top.xsa
TRACE::2024-10-23.18:35:12::SCWPlatform:: Unique name xilinx:::0.0
TRACE::2024-10-23.18:35:12::SCWPlatform::Trying to set the existing hwdb with name mb_usb_hdmi_top_0
TRACE::2024-10-23.18:35:12::SCWPlatform::Opened existing hwdb mb_usb_hdmi_top_0
TRACE::2024-10-23.18:35:12::SCWPlatform::Found the Hw Db part of the input DSA
TRACE::2024-10-23.18:35:12::SCWMssOS::Checking the sw design at  C:/Users/realk/Desktop/labb6/lab6part2_sdk/mb_usb_hdmi_top/microblaze_0/standalone_microblaze_0/bsp/system.mss
TRACE::2024-10-23.18:35:12::SCWMssOS::DEBUG:  swdes dump  C:/Users/realk/Desktop/labb6/lab6part2_sdk/mb_usb_hdmi_top/microblaze_0/standalone_microblaze_0/bsp/system.mss|system||

TRACE::2024-10-23.18:35:12::SCWMssOS::Sw design exists and opened at  C:/Users/realk/Desktop/labb6/lab6part2_sdk/mb_usb_hdmi_top/microblaze_0/standalone_microblaze_0/bsp/system.mss
TRACE::2024-10-23.18:35:12::SCWPlatform::Trying to open the hw design at C:/Users/realk/Desktop/labb6/lab6part2_sdk/mb_usb_hdmi_top/hw/mb_usb_hdmi_top.xsa
TRACE::2024-10-23.18:35:12::SCWPlatform::DSA given C:/Users/realk/Desktop/labb6/lab6part2_sdk/mb_usb_hdmi_top/hw/mb_usb_hdmi_top.xsa
TRACE::2024-10-23.18:35:12::SCWPlatform::DSA absoulate path C:/Users/realk/Desktop/labb6/lab6part2_sdk/mb_usb_hdmi_top/hw/mb_usb_hdmi_top.xsa
TRACE::2024-10-23.18:35:12::SCWPlatform::DSA directory C:/Users/realk/Desktop/labb6/lab6part2_sdk/mb_usb_hdmi_top/hw
TRACE::2024-10-23.18:35:12::SCWPlatform:: Platform Path C:/Users/realk/Desktop/labb6/lab6part2_sdk/mb_usb_hdmi_top/hw/mb_usb_hdmi_top.xsa
TRACE::2024-10-23.18:35:12::SCWPlatform:: Unique name xilinx:::0.0
TRACE::2024-10-23.18:35:12::SCWPlatform::Trying to set the existing hwdb with name mb_usb_hdmi_top_0
TRACE::2024-10-23.18:35:12::SCWPlatform::Opened existing hwdb mb_usb_hdmi_top_0
TRACE::2024-10-23.18:35:12::SCWPlatform::Found the Hw Db part of the input DSA
TRACE::2024-10-23.18:35:12::SCWMssOS::Checking the sw design at  C:/Users/realk/Desktop/labb6/lab6part2_sdk/mb_usb_hdmi_top/microblaze_0/standalone_microblaze_0/bsp/system.mss
TRACE::2024-10-23.18:35:12::SCWMssOS::DEBUG:  swdes dump  C:/Users/realk/Desktop/labb6/lab6part2_sdk/mb_usb_hdmi_top/microblaze_0/standalone_microblaze_0/bsp/system.mss|system||

TRACE::2024-10-23.18:35:12::SCWMssOS::Sw design exists and opened at  C:/Users/realk/Desktop/labb6/lab6part2_sdk/mb_usb_hdmi_top/microblaze_0/standalone_microblaze_0/bsp/system.mss
TRACE::2024-10-23.18:35:12::SCWWriter::formatted JSON is {
	"platformName":	"mb_usb_hdmi_top",
	"sprVersion":	"2.0",
	"mode":	"gui",
	"dsaType":	"Fixed",
	"platformDesc":	"mb_usb_hdmi_top",
	"platHandOff":	"C:/Users/realk/Desktop/labb6/mb_usb_hdmi_top.xsa",
	"platIntHandOff":	"<platformDir>/hw/mb_usb_hdmi_top.xsa",
	"deviceType":	"FPGA",
	"platIsPrebuiltAutogen":	"false",
	"platIsNoBootBsp":	"false",
	"hasFsblMakeHasChanges":	"false",
	"hasPmufwMakeHasChanges":	"false",
	"platPreBuiltFlag":	false,
	"platformSamplesDir":	"",
	"platActiveSys":	"mb_usb_hdmi_top",
	"systems":	[{
			"systemName":	"mb_usb_hdmi_top",
			"systemDesc":	"mb_usb_hdmi_top",
			"sysIsBootAutoGen":	"true",
			"systemDispName":	"mb_usb_hdmi_top",
			"sysActiveDom":	"standalone_microblaze_0",
			"sysDefaultDom":	"standalone_microblaze_0",
			"domains":	[{
					"domainName":	"standalone_microblaze_0",
					"domainDispName":	"standalone_microblaze_0",
					"domainDesc":	"standalone_microblaze_0",
					"processors":	"microblaze_0",
					"os":	"standalone",
					"sdxOs":	"standalone",
					"debugEnable":	"False",
					"domRuntimes":	["cpp"],
					"swRepo":	"",
					"mssOsVer":	"8.0",
					"mssFile":	"",
					"md5Digest":	"304529987e879521ca977c68d163f362",
					"compatibleApp":	"hello_world",
					"domType":	"mssDomain",
					"arch":	"32-bit",
					"appSettings":	{
						"appCompilerFlags":	"",
						"appLinkerFlags":	""
					},
					"addedLibs":	[],
					"libOptions":	{
						"libsContainingOptions":	[]
					},
					"prebuiltLibs":	{
						"prebuiltIncPath":	[],
						"prebuiltLibPath":	[]
					},
					"isolation":	{
					}
				}]
		}]
}
LOG::2024-10-23.18:35:12::SCWPlatform::Started generating the artifacts platform mb_usb_hdmi_top
TRACE::2024-10-23.18:35:12::SCWPlatform::Sanity checking of platform is completed
LOG::2024-10-23.18:35:12::SCWPlatform::Started generating the artifacts for system configuration mb_usb_hdmi_top
LOG::2024-10-23.18:35:12::SCWSystem::Checking the domain standalone_microblaze_0
LOG::2024-10-23.18:35:12::SCWSystem::Not a boot domain 
LOG::2024-10-23.18:35:12::SCWSystem::Started Processing the domain standalone_microblaze_0
TRACE::2024-10-23.18:35:12::SCWDomain::Generating domain artifcats
TRACE::2024-10-23.18:35:12::SCWMssOS::Generating standalone artifcats
TRACE::2024-10-23.18:35:12::SCWMssOS:: Copying the user libraries. 
TRACE::2024-10-23.18:35:12::SCWPlatform::Trying to open the hw design at C:/Users/realk/Desktop/labb6/lab6part2_sdk/mb_usb_hdmi_top/hw/mb_usb_hdmi_top.xsa
TRACE::2024-10-23.18:35:12::SCWPlatform::DSA given C:/Users/realk/Desktop/labb6/lab6part2_sdk/mb_usb_hdmi_top/hw/mb_usb_hdmi_top.xsa
TRACE::2024-10-23.18:35:12::SCWPlatform::DSA absoulate path C:/Users/realk/Desktop/labb6/lab6part2_sdk/mb_usb_hdmi_top/hw/mb_usb_hdmi_top.xsa
TRACE::2024-10-23.18:35:12::SCWPlatform::DSA directory C:/Users/realk/Desktop/labb6/lab6part2_sdk/mb_usb_hdmi_top/hw
TRACE::2024-10-23.18:35:12::SCWPlatform:: Platform Path C:/Users/realk/Desktop/labb6/lab6part2_sdk/mb_usb_hdmi_top/hw/mb_usb_hdmi_top.xsa
TRACE::2024-10-23.18:35:12::SCWPlatform:: Unique name xilinx:::0.0
TRACE::2024-10-23.18:35:12::SCWPlatform::Trying to set the existing hwdb with name mb_usb_hdmi_top_0
TRACE::2024-10-23.18:35:12::SCWPlatform::Opened existing hwdb mb_usb_hdmi_top_0
TRACE::2024-10-23.18:35:12::SCWPlatform::Found the Hw Db part of the input DSA
TRACE::2024-10-23.18:35:12::SCWMssOS::Checking the sw design at  C:/Users/realk/Desktop/labb6/lab6part2_sdk/mb_usb_hdmi_top/microblaze_0/standalone_microblaze_0/bsp/system.mss
TRACE::2024-10-23.18:35:12::SCWMssOS::DEBUG:  swdes dump  C:/Users/realk/Desktop/labb6/lab6part2_sdk/mb_usb_hdmi_top/microblaze_0/standalone_microblaze_0/bsp/system.mss|system||

TRACE::2024-10-23.18:35:12::SCWMssOS::Sw design exists and opened at  C:/Users/realk/Desktop/labb6/lab6part2_sdk/mb_usb_hdmi_top/microblaze_0/standalone_microblaze_0/bsp/system.mss
TRACE::2024-10-23.18:35:12::SCWMssOS::Completed writing the mss file at C:/Users/realk/Desktop/labb6/lab6part2_sdk/mb_usb_hdmi_top/microblaze_0/standalone_microblaze_0/bsp
TRACE::2024-10-23.18:35:12::SCWMssOS::Mss edits present, copying mssfile into export location C:/Users/realk/Desktop/labb6/lab6part2_sdk/mb_usb_hdmi_top/microblaze_0/standalone_microblaze_0/bsp/system.mss
TRACE::2024-10-23.18:35:12::SCWMssOS::bsp generated is upto date with the mss file. Skipping bsp generation.
TRACE::2024-10-23.18:35:12::SCWMssOS::BSP is already built. skipping the bsp build ... 
TRACE::2024-10-23.18:35:12::SCWDomain::Skipping the build for domain :  standalone_microblaze_0
TRACE::2024-10-23.18:35:12::SCWMssOS::skipping the bsp build ... 
TRACE::2024-10-23.18:35:12::SCWMssOS::Copying to export directory.
TRACE::2024-10-23.18:35:12::SCWMssOS:: Checking if to create the Supporting Applications
TRACE::2024-10-23.18:35:12::SCWMssOS:: No Linux domain exists, trying to generate FSBL 
LOG::2024-10-23.18:35:12::SCWSystem::Completed Processing the domain standalone_microblaze_0
LOG::2024-10-23.18:35:12::SCWSystem::Completed Processing the sysconfig mb_usb_hdmi_top
LOG::2024-10-23.18:35:12::SCWPlatform::Completed generating the artifacts for system configuration mb_usb_hdmi_top
TRACE::2024-10-23.18:35:12::SCWPlatform::Started preparing the platform 
TRACE::2024-10-23.18:35:12::SCWSystem::Writing the bif file for system config mb_usb_hdmi_top
TRACE::2024-10-23.18:35:12::SCWSystem::dir created 
TRACE::2024-10-23.18:35:12::SCWSystem::Writing the bif 
TRACE::2024-10-23.18:35:12::SCWPlatform::Started writing the spfm file 
TRACE::2024-10-23.18:35:12::SCWPlatform::Started writing the xpfm file 
TRACE::2024-10-23.18:35:12::SCWPlatform::Completed generating the platform
TRACE::2024-10-23.18:35:12::SCWMssOS::Saving the mss changes C:/Users/realk/Desktop/labb6/lab6part2_sdk/mb_usb_hdmi_top/microblaze_0/standalone_microblaze_0/bsp/system.mss
TRACE::2024-10-23.18:35:12::SCWMssOS::Found a swdesign opened with the mssfile.
TRACE::2024-10-23.18:35:12::SCWMssOS::Completed writemss as part of save.
TRACE::2024-10-23.18:35:12::SCWMssOS::Commit changes completed.
TRACE::2024-10-23.18:35:12::SCWPlatform::Trying to open the hw design at C:/Users/realk/Desktop/labb6/lab6part2_sdk/mb_usb_hdmi_top/hw/mb_usb_hdmi_top.xsa
TRACE::2024-10-23.18:35:12::SCWPlatform::DSA given C:/Users/realk/Desktop/labb6/lab6part2_sdk/mb_usb_hdmi_top/hw/mb_usb_hdmi_top.xsa
TRACE::2024-10-23.18:35:12::SCWPlatform::DSA absoulate path C:/Users/realk/Desktop/labb6/lab6part2_sdk/mb_usb_hdmi_top/hw/mb_usb_hdmi_top.xsa
TRACE::2024-10-23.18:35:12::SCWPlatform::DSA directory C:/Users/realk/Desktop/labb6/lab6part2_sdk/mb_usb_hdmi_top/hw
TRACE::2024-10-23.18:35:12::SCWPlatform:: Platform Path C:/Users/realk/Desktop/labb6/lab6part2_sdk/mb_usb_hdmi_top/hw/mb_usb_hdmi_top.xsa
TRACE::2024-10-23.18:35:12::SCWPlatform:: Unique name xilinx:::0.0
TRACE::2024-10-23.18:35:12::SCWPlatform::Trying to set the existing hwdb with name mb_usb_hdmi_top_0
TRACE::2024-10-23.18:35:12::SCWPlatform::Opened existing hwdb mb_usb_hdmi_top_0
TRACE::2024-10-23.18:35:12::SCWPlatform::Found the Hw Db part of the input DSA
TRACE::2024-10-23.18:35:12::SCWMssOS::Checking the sw design at  C:/Users/realk/Desktop/labb6/lab6part2_sdk/mb_usb_hdmi_top/microblaze_0/standalone_microblaze_0/bsp/system.mss
TRACE::2024-10-23.18:35:12::SCWMssOS::DEBUG:  swdes dump  C:/Users/realk/Desktop/labb6/lab6part2_sdk/mb_usb_hdmi_top/microblaze_0/standalone_microblaze_0/bsp/system.mss|system||

TRACE::2024-10-23.18:35:12::SCWMssOS::Sw design exists and opened at  C:/Users/realk/Desktop/labb6/lab6part2_sdk/mb_usb_hdmi_top/microblaze_0/standalone_microblaze_0/bsp/system.mss
TRACE::2024-10-23.18:35:12::SCWPlatform::Trying to open the hw design at C:/Users/realk/Desktop/labb6/lab6part2_sdk/mb_usb_hdmi_top/hw/mb_usb_hdmi_top.xsa
TRACE::2024-10-23.18:35:12::SCWPlatform::DSA given C:/Users/realk/Desktop/labb6/lab6part2_sdk/mb_usb_hdmi_top/hw/mb_usb_hdmi_top.xsa
TRACE::2024-10-23.18:35:12::SCWPlatform::DSA absoulate path C:/Users/realk/Desktop/labb6/lab6part2_sdk/mb_usb_hdmi_top/hw/mb_usb_hdmi_top.xsa
TRACE::2024-10-23.18:35:12::SCWPlatform::DSA directory C:/Users/realk/Desktop/labb6/lab6part2_sdk/mb_usb_hdmi_top/hw
TRACE::2024-10-23.18:35:12::SCWPlatform:: Platform Path C:/Users/realk/Desktop/labb6/lab6part2_sdk/mb_usb_hdmi_top/hw/mb_usb_hdmi_top.xsa
TRACE::2024-10-23.18:35:12::SCWPlatform:: Unique name xilinx:::0.0
TRACE::2024-10-23.18:35:12::SCWPlatform::Trying to set the existing hwdb with name mb_usb_hdmi_top_0
TRACE::2024-10-23.18:35:12::SCWPlatform::Opened existing hwdb mb_usb_hdmi_top_0
TRACE::2024-10-23.18:35:12::SCWPlatform::Found the Hw Db part of the input DSA
TRACE::2024-10-23.18:35:12::SCWMssOS::Checking the sw design at  C:/Users/realk/Desktop/labb6/lab6part2_sdk/mb_usb_hdmi_top/microblaze_0/standalone_microblaze_0/bsp/system.mss
TRACE::2024-10-23.18:35:12::SCWMssOS::DEBUG:  swdes dump  C:/Users/realk/Desktop/labb6/lab6part2_sdk/mb_usb_hdmi_top/microblaze_0/standalone_microblaze_0/bsp/system.mss|system||

TRACE::2024-10-23.18:35:12::SCWMssOS::Sw design exists and opened at  C:/Users/realk/Desktop/labb6/lab6part2_sdk/mb_usb_hdmi_top/microblaze_0/standalone_microblaze_0/bsp/system.mss
TRACE::2024-10-23.18:35:12::SCWPlatform::Trying to open the hw design at C:/Users/realk/Desktop/labb6/lab6part2_sdk/mb_usb_hdmi_top/hw/mb_usb_hdmi_top.xsa
TRACE::2024-10-23.18:35:12::SCWPlatform::DSA given C:/Users/realk/Desktop/labb6/lab6part2_sdk/mb_usb_hdmi_top/hw/mb_usb_hdmi_top.xsa
TRACE::2024-10-23.18:35:12::SCWPlatform::DSA absoulate path C:/Users/realk/Desktop/labb6/lab6part2_sdk/mb_usb_hdmi_top/hw/mb_usb_hdmi_top.xsa
TRACE::2024-10-23.18:35:12::SCWPlatform::DSA directory C:/Users/realk/Desktop/labb6/lab6part2_sdk/mb_usb_hdmi_top/hw
TRACE::2024-10-23.18:35:12::SCWPlatform:: Platform Path C:/Users/realk/Desktop/labb6/lab6part2_sdk/mb_usb_hdmi_top/hw/mb_usb_hdmi_top.xsa
TRACE::2024-10-23.18:35:12::SCWPlatform:: Unique name xilinx:::0.0
TRACE::2024-10-23.18:35:12::SCWPlatform::Trying to set the existing hwdb with name mb_usb_hdmi_top_0
TRACE::2024-10-23.18:35:12::SCWPlatform::Opened existing hwdb mb_usb_hdmi_top_0
TRACE::2024-10-23.18:35:12::SCWPlatform::Found the Hw Db part of the input DSA
TRACE::2024-10-23.18:35:12::SCWMssOS::Checking the sw design at  C:/Users/realk/Desktop/labb6/lab6part2_sdk/mb_usb_hdmi_top/microblaze_0/standalone_microblaze_0/bsp/system.mss
TRACE::2024-10-23.18:35:12::SCWMssOS::DEBUG:  swdes dump  C:/Users/realk/Desktop/labb6/lab6part2_sdk/mb_usb_hdmi_top/microblaze_0/standalone_microblaze_0/bsp/system.mss|system||

TRACE::2024-10-23.18:35:12::SCWMssOS::Sw design exists and opened at  C:/Users/realk/Desktop/labb6/lab6part2_sdk/mb_usb_hdmi_top/microblaze_0/standalone_microblaze_0/bsp/system.mss
TRACE::2024-10-23.18:35:12::SCWWriter::formatted JSON is {
	"platformName":	"mb_usb_hdmi_top",
	"sprVersion":	"2.0",
	"mode":	"gui",
	"dsaType":	"Fixed",
	"platformDesc":	"mb_usb_hdmi_top",
	"platHandOff":	"C:/Users/realk/Desktop/labb6/mb_usb_hdmi_top.xsa",
	"platIntHandOff":	"<platformDir>/hw/mb_usb_hdmi_top.xsa",
	"deviceType":	"FPGA",
	"platIsPrebuiltAutogen":	"false",
	"platIsNoBootBsp":	"false",
	"hasFsblMakeHasChanges":	"false",
	"hasPmufwMakeHasChanges":	"false",
	"platPreBuiltFlag":	false,
	"platformSamplesDir":	"",
	"platActiveSys":	"mb_usb_hdmi_top",
	"systems":	[{
			"systemName":	"mb_usb_hdmi_top",
			"systemDesc":	"mb_usb_hdmi_top",
			"sysIsBootAutoGen":	"true",
			"systemDispName":	"mb_usb_hdmi_top",
			"sysActiveDom":	"standalone_microblaze_0",
			"sysDefaultDom":	"standalone_microblaze_0",
			"domains":	[{
					"domainName":	"standalone_microblaze_0",
					"domainDispName":	"standalone_microblaze_0",
					"domainDesc":	"standalone_microblaze_0",
					"processors":	"microblaze_0",
					"os":	"standalone",
					"sdxOs":	"standalone",
					"debugEnable":	"False",
					"domRuntimes":	["cpp"],
					"swRepo":	"",
					"mssOsVer":	"8.0",
					"mssFile":	"",
					"md5Digest":	"304529987e879521ca977c68d163f362",
					"compatibleApp":	"hello_world",
					"domType":	"mssDomain",
					"arch":	"32-bit",
					"appSettings":	{
						"appCompilerFlags":	"",
						"appLinkerFlags":	""
					},
					"addedLibs":	[],
					"libOptions":	{
						"libsContainingOptions":	[]
					},
					"prebuiltLibs":	{
						"prebuiltIncPath":	[],
						"prebuiltLibPath":	[]
					},
					"isolation":	{
					}
				}]
		}]
}
KEYINFO::2024-10-23.18:35:12::SCWPlatform::updated the xpfm file.
TRACE::2024-10-23.18:35:13::SCWPlatform::Trying to open the hw design at C:/Users/realk/Desktop/labb6/lab6part2_sdk/mb_usb_hdmi_top/hw/mb_usb_hdmi_top.xsa
TRACE::2024-10-23.18:35:13::SCWPlatform::DSA given C:/Users/realk/Desktop/labb6/lab6part2_sdk/mb_usb_hdmi_top/hw/mb_usb_hdmi_top.xsa
TRACE::2024-10-23.18:35:13::SCWPlatform::DSA absoulate path C:/Users/realk/Desktop/labb6/lab6part2_sdk/mb_usb_hdmi_top/hw/mb_usb_hdmi_top.xsa
TRACE::2024-10-23.18:35:13::SCWPlatform::DSA directory C:/Users/realk/Desktop/labb6/lab6part2_sdk/mb_usb_hdmi_top/hw
TRACE::2024-10-23.18:35:13::SCWPlatform:: Platform Path C:/Users/realk/Desktop/labb6/lab6part2_sdk/mb_usb_hdmi_top/hw/mb_usb_hdmi_top.xsa
TRACE::2024-10-23.18:35:13::SCWPlatform:: Unique name xilinx:::0.0
TRACE::2024-10-23.18:35:13::SCWPlatform::Trying to set the existing hwdb with name mb_usb_hdmi_top_0
TRACE::2024-10-23.18:35:13::SCWPlatform::Opened existing hwdb mb_usb_hdmi_top_0
TRACE::2024-10-23.18:35:13::SCWPlatform::Found the Hw Db part of the input DSA
TRACE::2024-10-23.18:35:13::SCWMssOS::Checking the sw design at  C:/Users/realk/Desktop/labb6/lab6part2_sdk/mb_usb_hdmi_top/microblaze_0/standalone_microblaze_0/bsp/system.mss
TRACE::2024-10-23.18:35:13::SCWMssOS::DEBUG:  swdes dump  C:/Users/realk/Desktop/labb6/lab6part2_sdk/mb_usb_hdmi_top/microblaze_0/standalone_microblaze_0/bsp/system.mss|system||

TRACE::2024-10-23.18:35:13::SCWMssOS::Sw design exists and opened at  C:/Users/realk/Desktop/labb6/lab6part2_sdk/mb_usb_hdmi_top/microblaze_0/standalone_microblaze_0/bsp/system.mss
TRACE::2024-10-23.18:35:13::SCWMssOS::Saving the mss changes C:/Users/realk/Desktop/labb6/lab6part2_sdk/mb_usb_hdmi_top/microblaze_0/standalone_microblaze_0/bsp/system.mss
TRACE::2024-10-23.18:35:13::SCWMssOS::Found a swdesign opened with the mssfile.
TRACE::2024-10-23.18:35:13::SCWMssOS::Completed writemss as part of save.
TRACE::2024-10-23.18:35:13::SCWMssOS::Commit changes completed.
TRACE::2024-10-23.18:35:13::SCWPlatform::Trying to open the hw design at C:/Users/realk/Desktop/labb6/lab6part2_sdk/mb_usb_hdmi_top/hw/mb_usb_hdmi_top.xsa
TRACE::2024-10-23.18:35:13::SCWPlatform::DSA given C:/Users/realk/Desktop/labb6/lab6part2_sdk/mb_usb_hdmi_top/hw/mb_usb_hdmi_top.xsa
TRACE::2024-10-23.18:35:13::SCWPlatform::DSA absoulate path C:/Users/realk/Desktop/labb6/lab6part2_sdk/mb_usb_hdmi_top/hw/mb_usb_hdmi_top.xsa
TRACE::2024-10-23.18:35:13::SCWPlatform::DSA directory C:/Users/realk/Desktop/labb6/lab6part2_sdk/mb_usb_hdmi_top/hw
TRACE::2024-10-23.18:35:13::SCWPlatform:: Platform Path C:/Users/realk/Desktop/labb6/lab6part2_sdk/mb_usb_hdmi_top/hw/mb_usb_hdmi_top.xsa
TRACE::2024-10-23.18:35:13::SCWPlatform:: Unique name xilinx:::0.0
TRACE::2024-10-23.18:35:13::SCWPlatform::Trying to set the existing hwdb with name mb_usb_hdmi_top_0
TRACE::2024-10-23.18:35:13::SCWPlatform::Opened existing hwdb mb_usb_hdmi_top_0
TRACE::2024-10-23.18:35:13::SCWPlatform::Found the Hw Db part of the input DSA
TRACE::2024-10-23.18:35:13::SCWMssOS::Checking the sw design at  C:/Users/realk/Desktop/labb6/lab6part2_sdk/mb_usb_hdmi_top/microblaze_0/standalone_microblaze_0/bsp/system.mss
TRACE::2024-10-23.18:35:13::SCWMssOS::DEBUG:  swdes dump  C:/Users/realk/Desktop/labb6/lab6part2_sdk/mb_usb_hdmi_top/microblaze_0/standalone_microblaze_0/bsp/system.mss|system||

TRACE::2024-10-23.18:35:13::SCWMssOS::Sw design exists and opened at  C:/Users/realk/Desktop/labb6/lab6part2_sdk/mb_usb_hdmi_top/microblaze_0/standalone_microblaze_0/bsp/system.mss
TRACE::2024-10-23.18:35:13::SCWPlatform::Trying to open the hw design at C:/Users/realk/Desktop/labb6/lab6part2_sdk/mb_usb_hdmi_top/hw/mb_usb_hdmi_top.xsa
TRACE::2024-10-23.18:35:13::SCWPlatform::DSA given C:/Users/realk/Desktop/labb6/lab6part2_sdk/mb_usb_hdmi_top/hw/mb_usb_hdmi_top.xsa
TRACE::2024-10-23.18:35:13::SCWPlatform::DSA absoulate path C:/Users/realk/Desktop/labb6/lab6part2_sdk/mb_usb_hdmi_top/hw/mb_usb_hdmi_top.xsa
TRACE::2024-10-23.18:35:13::SCWPlatform::DSA directory C:/Users/realk/Desktop/labb6/lab6part2_sdk/mb_usb_hdmi_top/hw
TRACE::2024-10-23.18:35:13::SCWPlatform:: Platform Path C:/Users/realk/Desktop/labb6/lab6part2_sdk/mb_usb_hdmi_top/hw/mb_usb_hdmi_top.xsa
TRACE::2024-10-23.18:35:13::SCWPlatform:: Unique name xilinx:::0.0
TRACE::2024-10-23.18:35:13::SCWPlatform::Trying to set the existing hwdb with name mb_usb_hdmi_top_0
TRACE::2024-10-23.18:35:13::SCWPlatform::Opened existing hwdb mb_usb_hdmi_top_0
TRACE::2024-10-23.18:35:13::SCWPlatform::Found the Hw Db part of the input DSA
TRACE::2024-10-23.18:35:13::SCWMssOS::Checking the sw design at  C:/Users/realk/Desktop/labb6/lab6part2_sdk/mb_usb_hdmi_top/microblaze_0/standalone_microblaze_0/bsp/system.mss
TRACE::2024-10-23.18:35:13::SCWMssOS::DEBUG:  swdes dump  C:/Users/realk/Desktop/labb6/lab6part2_sdk/mb_usb_hdmi_top/microblaze_0/standalone_microblaze_0/bsp/system.mss|system||

TRACE::2024-10-23.18:35:13::SCWMssOS::Sw design exists and opened at  C:/Users/realk/Desktop/labb6/lab6part2_sdk/mb_usb_hdmi_top/microblaze_0/standalone_microblaze_0/bsp/system.mss
TRACE::2024-10-23.18:35:13::SCWPlatform::Trying to open the hw design at C:/Users/realk/Desktop/labb6/lab6part2_sdk/mb_usb_hdmi_top/hw/mb_usb_hdmi_top.xsa
TRACE::2024-10-23.18:35:13::SCWPlatform::DSA given C:/Users/realk/Desktop/labb6/lab6part2_sdk/mb_usb_hdmi_top/hw/mb_usb_hdmi_top.xsa
TRACE::2024-10-23.18:35:13::SCWPlatform::DSA absoulate path C:/Users/realk/Desktop/labb6/lab6part2_sdk/mb_usb_hdmi_top/hw/mb_usb_hdmi_top.xsa
TRACE::2024-10-23.18:35:13::SCWPlatform::DSA directory C:/Users/realk/Desktop/labb6/lab6part2_sdk/mb_usb_hdmi_top/hw
TRACE::2024-10-23.18:35:13::SCWPlatform:: Platform Path C:/Users/realk/Desktop/labb6/lab6part2_sdk/mb_usb_hdmi_top/hw/mb_usb_hdmi_top.xsa
TRACE::2024-10-23.18:35:13::SCWPlatform:: Unique name xilinx:::0.0
TRACE::2024-10-23.18:35:13::SCWPlatform::Trying to set the existing hwdb with name mb_usb_hdmi_top_0
TRACE::2024-10-23.18:35:13::SCWPlatform::Opened existing hwdb mb_usb_hdmi_top_0
TRACE::2024-10-23.18:35:13::SCWPlatform::Found the Hw Db part of the input DSA
TRACE::2024-10-23.18:35:13::SCWMssOS::Checking the sw design at  C:/Users/realk/Desktop/labb6/lab6part2_sdk/mb_usb_hdmi_top/microblaze_0/standalone_microblaze_0/bsp/system.mss
TRACE::2024-10-23.18:35:13::SCWMssOS::DEBUG:  swdes dump  C:/Users/realk/Desktop/labb6/lab6part2_sdk/mb_usb_hdmi_top/microblaze_0/standalone_microblaze_0/bsp/system.mss|system||

TRACE::2024-10-23.18:35:13::SCWMssOS::Sw design exists and opened at  C:/Users/realk/Desktop/labb6/lab6part2_sdk/mb_usb_hdmi_top/microblaze_0/standalone_microblaze_0/bsp/system.mss
TRACE::2024-10-23.18:35:13::SCWWriter::formatted JSON is {
	"platformName":	"mb_usb_hdmi_top",
	"sprVersion":	"2.0",
	"mode":	"gui",
	"dsaType":	"Fixed",
	"platformDesc":	"mb_usb_hdmi_top",
	"platHandOff":	"C:/Users/realk/Desktop/labb6/mb_usb_hdmi_top.xsa",
	"platIntHandOff":	"<platformDir>/hw/mb_usb_hdmi_top.xsa",
	"deviceType":	"FPGA",
	"platIsPrebuiltAutogen":	"false",
	"platIsNoBootBsp":	"false",
	"hasFsblMakeHasChanges":	"false",
	"hasPmufwMakeHasChanges":	"false",
	"platPreBuiltFlag":	false,
	"platformSamplesDir":	"",
	"platActiveSys":	"mb_usb_hdmi_top",
	"systems":	[{
			"systemName":	"mb_usb_hdmi_top",
			"systemDesc":	"mb_usb_hdmi_top",
			"sysIsBootAutoGen":	"true",
			"systemDispName":	"mb_usb_hdmi_top",
			"sysActiveDom":	"standalone_microblaze_0",
			"sysDefaultDom":	"standalone_microblaze_0",
			"domains":	[{
					"domainName":	"standalone_microblaze_0",
					"domainDispName":	"standalone_microblaze_0",
					"domainDesc":	"standalone_microblaze_0",
					"processors":	"microblaze_0",
					"os":	"standalone",
					"sdxOs":	"standalone",
					"debugEnable":	"False",
					"domRuntimes":	["cpp"],
					"swRepo":	"",
					"mssOsVer":	"8.0",
					"mssFile":	"",
					"md5Digest":	"304529987e879521ca977c68d163f362",
					"compatibleApp":	"hello_world",
					"domType":	"mssDomain",
					"arch":	"32-bit",
					"appSettings":	{
						"appCompilerFlags":	"",
						"appLinkerFlags":	""
					},
					"addedLibs":	[],
					"libOptions":	{
						"libsContainingOptions":	[]
					},
					"prebuiltLibs":	{
						"prebuiltIncPath":	[],
						"prebuiltLibPath":	[]
					},
					"isolation":	{
					}
				}]
		}]
}
TRACE::2024-10-23.18:35:13::SCWPlatform::Trying to open the hw design at C:/Users/realk/Desktop/labb6/lab6part2_sdk/mb_usb_hdmi_top/hw/mb_usb_hdmi_top.xsa
TRACE::2024-10-23.18:35:13::SCWPlatform::DSA given C:/Users/realk/Desktop/labb6/lab6part2_sdk/mb_usb_hdmi_top/hw/mb_usb_hdmi_top.xsa
TRACE::2024-10-23.18:35:13::SCWPlatform::DSA absoulate path C:/Users/realk/Desktop/labb6/lab6part2_sdk/mb_usb_hdmi_top/hw/mb_usb_hdmi_top.xsa
TRACE::2024-10-23.18:35:13::SCWPlatform::DSA directory C:/Users/realk/Desktop/labb6/lab6part2_sdk/mb_usb_hdmi_top/hw
TRACE::2024-10-23.18:35:13::SCWPlatform:: Platform Path C:/Users/realk/Desktop/labb6/lab6part2_sdk/mb_usb_hdmi_top/hw/mb_usb_hdmi_top.xsa
TRACE::2024-10-23.18:35:13::SCWPlatform:: Unique name xilinx:::0.0
TRACE::2024-10-23.18:35:13::SCWPlatform::Trying to set the existing hwdb with name mb_usb_hdmi_top_0
TRACE::2024-10-23.18:35:13::SCWPlatform::Opened existing hwdb mb_usb_hdmi_top_0
TRACE::2024-10-23.18:35:13::SCWPlatform::Found the Hw Db part of the input DSA
TRACE::2024-10-23.18:35:13::SCWMssOS::Checking the sw design at  C:/Users/realk/Desktop/labb6/lab6part2_sdk/mb_usb_hdmi_top/microblaze_0/standalone_microblaze_0/bsp/system.mss
TRACE::2024-10-23.18:35:13::SCWMssOS::DEBUG:  swdes dump  C:/Users/realk/Desktop/labb6/lab6part2_sdk/mb_usb_hdmi_top/microblaze_0/standalone_microblaze_0/bsp/system.mss|system||

TRACE::2024-10-23.18:35:13::SCWMssOS::Sw design exists and opened at  C:/Users/realk/Desktop/labb6/lab6part2_sdk/mb_usb_hdmi_top/microblaze_0/standalone_microblaze_0/bsp/system.mss
TRACE::2024-10-23.18:35:13::SCWPlatform::Trying to open the hw design at C:/Users/realk/Desktop/labb6/lab6part2_sdk/mb_usb_hdmi_top/hw/mb_usb_hdmi_top.xsa
TRACE::2024-10-23.18:35:13::SCWPlatform::DSA given C:/Users/realk/Desktop/labb6/lab6part2_sdk/mb_usb_hdmi_top/hw/mb_usb_hdmi_top.xsa
TRACE::2024-10-23.18:35:13::SCWPlatform::DSA absoulate path C:/Users/realk/Desktop/labb6/lab6part2_sdk/mb_usb_hdmi_top/hw/mb_usb_hdmi_top.xsa
TRACE::2024-10-23.18:35:13::SCWPlatform::DSA directory C:/Users/realk/Desktop/labb6/lab6part2_sdk/mb_usb_hdmi_top/hw
TRACE::2024-10-23.18:35:13::SCWPlatform:: Platform Path C:/Users/realk/Desktop/labb6/lab6part2_sdk/mb_usb_hdmi_top/hw/mb_usb_hdmi_top.xsa
TRACE::2024-10-23.18:35:13::SCWPlatform:: Unique name xilinx:::0.0
TRACE::2024-10-23.18:35:13::SCWPlatform::Trying to set the existing hwdb with name mb_usb_hdmi_top_0
TRACE::2024-10-23.18:35:13::SCWPlatform::Opened existing hwdb mb_usb_hdmi_top_0
TRACE::2024-10-23.18:35:13::SCWPlatform::Found the Hw Db part of the input DSA
TRACE::2024-10-23.18:35:13::SCWMssOS::Checking the sw design at  C:/Users/realk/Desktop/labb6/lab6part2_sdk/mb_usb_hdmi_top/microblaze_0/standalone_microblaze_0/bsp/system.mss
TRACE::2024-10-23.18:35:13::SCWMssOS::DEBUG:  swdes dump  C:/Users/realk/Desktop/labb6/lab6part2_sdk/mb_usb_hdmi_top/microblaze_0/standalone_microblaze_0/bsp/system.mss|system||

TRACE::2024-10-23.18:35:13::SCWMssOS::Sw design exists and opened at  C:/Users/realk/Desktop/labb6/lab6part2_sdk/mb_usb_hdmi_top/microblaze_0/standalone_microblaze_0/bsp/system.mss
TRACE::2024-10-23.18:35:13::SCWMssOS::Saving the mss changes C:/Users/realk/Desktop/labb6/lab6part2_sdk/mb_usb_hdmi_top/microblaze_0/standalone_microblaze_0/bsp/system.mss
TRACE::2024-10-23.18:35:13::SCWMssOS::Found a swdesign opened with the mssfile.
TRACE::2024-10-23.18:35:13::SCWMssOS::Completed writemss as part of save.
TRACE::2024-10-23.18:35:13::SCWMssOS::Commit changes completed.
TRACE::2024-10-23.18:35:13::SCWPlatform::Trying to open the hw design at C:/Users/realk/Desktop/labb6/lab6part2_sdk/mb_usb_hdmi_top/hw/mb_usb_hdmi_top.xsa
TRACE::2024-10-23.18:35:13::SCWPlatform::DSA given C:/Users/realk/Desktop/labb6/lab6part2_sdk/mb_usb_hdmi_top/hw/mb_usb_hdmi_top.xsa
TRACE::2024-10-23.18:35:13::SCWPlatform::DSA absoulate path C:/Users/realk/Desktop/labb6/lab6part2_sdk/mb_usb_hdmi_top/hw/mb_usb_hdmi_top.xsa
TRACE::2024-10-23.18:35:13::SCWPlatform::DSA directory C:/Users/realk/Desktop/labb6/lab6part2_sdk/mb_usb_hdmi_top/hw
TRACE::2024-10-23.18:35:13::SCWPlatform:: Platform Path C:/Users/realk/Desktop/labb6/lab6part2_sdk/mb_usb_hdmi_top/hw/mb_usb_hdmi_top.xsa
TRACE::2024-10-23.18:35:13::SCWPlatform:: Unique name xilinx:::0.0
TRACE::2024-10-23.18:35:13::SCWPlatform::Trying to set the existing hwdb with name mb_usb_hdmi_top_0
TRACE::2024-10-23.18:35:13::SCWPlatform::Opened existing hwdb mb_usb_hdmi_top_0
TRACE::2024-10-23.18:35:13::SCWPlatform::Found the Hw Db part of the input DSA
TRACE::2024-10-23.18:35:13::SCWMssOS::Checking the sw design at  C:/Users/realk/Desktop/labb6/lab6part2_sdk/mb_usb_hdmi_top/microblaze_0/standalone_microblaze_0/bsp/system.mss
TRACE::2024-10-23.18:35:13::SCWMssOS::DEBUG:  swdes dump  C:/Users/realk/Desktop/labb6/lab6part2_sdk/mb_usb_hdmi_top/microblaze_0/standalone_microblaze_0/bsp/system.mss|system||

TRACE::2024-10-23.18:35:13::SCWMssOS::Sw design exists and opened at  C:/Users/realk/Desktop/labb6/lab6part2_sdk/mb_usb_hdmi_top/microblaze_0/standalone_microblaze_0/bsp/system.mss
TRACE::2024-10-23.18:35:13::SCWPlatform::Trying to open the hw design at C:/Users/realk/Desktop/labb6/lab6part2_sdk/mb_usb_hdmi_top/hw/mb_usb_hdmi_top.xsa
TRACE::2024-10-23.18:35:13::SCWPlatform::DSA given C:/Users/realk/Desktop/labb6/lab6part2_sdk/mb_usb_hdmi_top/hw/mb_usb_hdmi_top.xsa
TRACE::2024-10-23.18:35:13::SCWPlatform::DSA absoulate path C:/Users/realk/Desktop/labb6/lab6part2_sdk/mb_usb_hdmi_top/hw/mb_usb_hdmi_top.xsa
TRACE::2024-10-23.18:35:13::SCWPlatform::DSA directory C:/Users/realk/Desktop/labb6/lab6part2_sdk/mb_usb_hdmi_top/hw
TRACE::2024-10-23.18:35:13::SCWPlatform:: Platform Path C:/Users/realk/Desktop/labb6/lab6part2_sdk/mb_usb_hdmi_top/hw/mb_usb_hdmi_top.xsa
TRACE::2024-10-23.18:35:13::SCWPlatform:: Unique name xilinx:::0.0
TRACE::2024-10-23.18:35:13::SCWPlatform::Trying to set the existing hwdb with name mb_usb_hdmi_top_0
TRACE::2024-10-23.18:35:13::SCWPlatform::Opened existing hwdb mb_usb_hdmi_top_0
TRACE::2024-10-23.18:35:13::SCWPlatform::Found the Hw Db part of the input DSA
TRACE::2024-10-23.18:35:13::SCWMssOS::Checking the sw design at  C:/Users/realk/Desktop/labb6/lab6part2_sdk/mb_usb_hdmi_top/microblaze_0/standalone_microblaze_0/bsp/system.mss
TRACE::2024-10-23.18:35:13::SCWMssOS::DEBUG:  swdes dump  C:/Users/realk/Desktop/labb6/lab6part2_sdk/mb_usb_hdmi_top/microblaze_0/standalone_microblaze_0/bsp/system.mss|system||

TRACE::2024-10-23.18:35:13::SCWMssOS::Sw design exists and opened at  C:/Users/realk/Desktop/labb6/lab6part2_sdk/mb_usb_hdmi_top/microblaze_0/standalone_microblaze_0/bsp/system.mss
TRACE::2024-10-23.18:35:13::SCWPlatform::Trying to open the hw design at C:/Users/realk/Desktop/labb6/lab6part2_sdk/mb_usb_hdmi_top/hw/mb_usb_hdmi_top.xsa
TRACE::2024-10-23.18:35:13::SCWPlatform::DSA given C:/Users/realk/Desktop/labb6/lab6part2_sdk/mb_usb_hdmi_top/hw/mb_usb_hdmi_top.xsa
TRACE::2024-10-23.18:35:13::SCWPlatform::DSA absoulate path C:/Users/realk/Desktop/labb6/lab6part2_sdk/mb_usb_hdmi_top/hw/mb_usb_hdmi_top.xsa
TRACE::2024-10-23.18:35:13::SCWPlatform::DSA directory C:/Users/realk/Desktop/labb6/lab6part2_sdk/mb_usb_hdmi_top/hw
TRACE::2024-10-23.18:35:13::SCWPlatform:: Platform Path C:/Users/realk/Desktop/labb6/lab6part2_sdk/mb_usb_hdmi_top/hw/mb_usb_hdmi_top.xsa
TRACE::2024-10-23.18:35:13::SCWPlatform:: Unique name xilinx:::0.0
TRACE::2024-10-23.18:35:13::SCWPlatform::Trying to set the existing hwdb with name mb_usb_hdmi_top_0
TRACE::2024-10-23.18:35:13::SCWPlatform::Opened existing hwdb mb_usb_hdmi_top_0
TRACE::2024-10-23.18:35:13::SCWPlatform::Found the Hw Db part of the input DSA
TRACE::2024-10-23.18:35:13::SCWMssOS::Checking the sw design at  C:/Users/realk/Desktop/labb6/lab6part2_sdk/mb_usb_hdmi_top/microblaze_0/standalone_microblaze_0/bsp/system.mss
TRACE::2024-10-23.18:35:13::SCWMssOS::DEBUG:  swdes dump  C:/Users/realk/Desktop/labb6/lab6part2_sdk/mb_usb_hdmi_top/microblaze_0/standalone_microblaze_0/bsp/system.mss|system||

TRACE::2024-10-23.18:35:13::SCWMssOS::Sw design exists and opened at  C:/Users/realk/Desktop/labb6/lab6part2_sdk/mb_usb_hdmi_top/microblaze_0/standalone_microblaze_0/bsp/system.mss
TRACE::2024-10-23.18:35:13::SCWWriter::formatted JSON is {
	"platformName":	"mb_usb_hdmi_top",
	"sprVersion":	"2.0",
	"mode":	"gui",
	"dsaType":	"Fixed",
	"platformDesc":	"mb_usb_hdmi_top",
	"platHandOff":	"C:/Users/realk/Desktop/labb6/mb_usb_hdmi_top.xsa",
	"platIntHandOff":	"<platformDir>/hw/mb_usb_hdmi_top.xsa",
	"deviceType":	"FPGA",
	"platIsPrebuiltAutogen":	"false",
	"platIsNoBootBsp":	"false",
	"hasFsblMakeHasChanges":	"false",
	"hasPmufwMakeHasChanges":	"false",
	"platPreBuiltFlag":	false,
	"platformSamplesDir":	"",
	"platActiveSys":	"mb_usb_hdmi_top",
	"systems":	[{
			"systemName":	"mb_usb_hdmi_top",
			"systemDesc":	"mb_usb_hdmi_top",
			"sysIsBootAutoGen":	"true",
			"systemDispName":	"mb_usb_hdmi_top",
			"sysActiveDom":	"standalone_microblaze_0",
			"sysDefaultDom":	"standalone_microblaze_0",
			"domains":	[{
					"domainName":	"standalone_microblaze_0",
					"domainDispName":	"standalone_microblaze_0",
					"domainDesc":	"standalone_microblaze_0",
					"processors":	"microblaze_0",
					"os":	"standalone",
					"sdxOs":	"standalone",
					"debugEnable":	"False",
					"domRuntimes":	["cpp"],
					"swRepo":	"",
					"mssOsVer":	"8.0",
					"mssFile":	"",
					"md5Digest":	"304529987e879521ca977c68d163f362",
					"compatibleApp":	"hello_world",
					"domType":	"mssDomain",
					"arch":	"32-bit",
					"appSettings":	{
						"appCompilerFlags":	"",
						"appLinkerFlags":	""
					},
					"addedLibs":	[],
					"libOptions":	{
						"libsContainingOptions":	[]
					},
					"prebuiltLibs":	{
						"prebuiltIncPath":	[],
						"prebuiltLibPath":	[]
					},
					"isolation":	{
					}
				}]
		}]
}
LOG::2024-10-23.18:35:13::SCWPlatform::Started generating the artifacts platform mb_usb_hdmi_top
TRACE::2024-10-23.18:35:13::SCWPlatform::Sanity checking of platform is completed
LOG::2024-10-23.18:35:13::SCWPlatform::Started generating the artifacts for system configuration mb_usb_hdmi_top
LOG::2024-10-23.18:35:13::SCWSystem::Started Processing the domain standalone_microblaze_0
TRACE::2024-10-23.18:35:13::SCWDomain::Generating domain artifcats
TRACE::2024-10-23.18:35:13::SCWMssOS::Generating standalone artifcats
TRACE::2024-10-23.18:35:13::SCWMssOS:: Copying the user libraries. 
TRACE::2024-10-23.18:35:13::SCWPlatform::Trying to open the hw design at C:/Users/realk/Desktop/labb6/lab6part2_sdk/mb_usb_hdmi_top/hw/mb_usb_hdmi_top.xsa
TRACE::2024-10-23.18:35:13::SCWPlatform::DSA given C:/Users/realk/Desktop/labb6/lab6part2_sdk/mb_usb_hdmi_top/hw/mb_usb_hdmi_top.xsa
TRACE::2024-10-23.18:35:13::SCWPlatform::DSA absoulate path C:/Users/realk/Desktop/labb6/lab6part2_sdk/mb_usb_hdmi_top/hw/mb_usb_hdmi_top.xsa
TRACE::2024-10-23.18:35:13::SCWPlatform::DSA directory C:/Users/realk/Desktop/labb6/lab6part2_sdk/mb_usb_hdmi_top/hw
TRACE::2024-10-23.18:35:13::SCWPlatform:: Platform Path C:/Users/realk/Desktop/labb6/lab6part2_sdk/mb_usb_hdmi_top/hw/mb_usb_hdmi_top.xsa
TRACE::2024-10-23.18:35:13::SCWPlatform:: Unique name xilinx:::0.0
TRACE::2024-10-23.18:35:13::SCWPlatform::Trying to set the existing hwdb with name mb_usb_hdmi_top_0
TRACE::2024-10-23.18:35:13::SCWPlatform::Opened existing hwdb mb_usb_hdmi_top_0
TRACE::2024-10-23.18:35:13::SCWPlatform::Found the Hw Db part of the input DSA
TRACE::2024-10-23.18:35:13::SCWMssOS::Checking the sw design at  C:/Users/realk/Desktop/labb6/lab6part2_sdk/mb_usb_hdmi_top/microblaze_0/standalone_microblaze_0/bsp/system.mss
TRACE::2024-10-23.18:35:13::SCWMssOS::DEBUG:  swdes dump  C:/Users/realk/Desktop/labb6/lab6part2_sdk/mb_usb_hdmi_top/microblaze_0/standalone_microblaze_0/bsp/system.mss|system||

TRACE::2024-10-23.18:35:13::SCWMssOS::Sw design exists and opened at  C:/Users/realk/Desktop/labb6/lab6part2_sdk/mb_usb_hdmi_top/microblaze_0/standalone_microblaze_0/bsp/system.mss
TRACE::2024-10-23.18:35:13::SCWMssOS::Completed writing the mss file at C:/Users/realk/Desktop/labb6/lab6part2_sdk/mb_usb_hdmi_top/microblaze_0/standalone_microblaze_0/bsp
TRACE::2024-10-23.18:35:13::SCWMssOS::Mss edits present, copying mssfile into export location C:/Users/realk/Desktop/labb6/lab6part2_sdk/mb_usb_hdmi_top/microblaze_0/standalone_microblaze_0/bsp/system.mss
TRACE::2024-10-23.18:35:13::SCWMssOS::bsp generated is upto date with the mss file. Skipping bsp generation.
TRACE::2024-10-23.18:35:13::SCWMssOS::BSP is already built. skipping the bsp build ... 
TRACE::2024-10-23.18:35:13::SCWDomain::Building the domain as part of full build :  standalone_microblaze_0
TRACE::2024-10-23.18:35:13::SCWMssOS::skipping the bsp build ... 
TRACE::2024-10-23.18:35:13::SCWMssOS::Copying to export directory.
TRACE::2024-10-23.18:35:13::SCWMssOS:: Checking if to create the Supporting Applications
TRACE::2024-10-23.18:35:13::SCWMssOS:: No Linux domain exists, trying to generate FSBL 
LOG::2024-10-23.18:35:13::SCWSystem::Completed Processing the domain standalone_microblaze_0
LOG::2024-10-23.18:35:13::SCWSystem::Completed Processing the sysconfig mb_usb_hdmi_top
LOG::2024-10-23.18:35:13::SCWPlatform::Completed generating the artifacts for system configuration mb_usb_hdmi_top
TRACE::2024-10-23.18:35:13::SCWPlatform::Started preparing the platform 
TRACE::2024-10-23.18:35:13::SCWSystem::Writing the bif file for system config mb_usb_hdmi_top
TRACE::2024-10-23.18:35:13::SCWSystem::dir created 
TRACE::2024-10-23.18:35:13::SCWSystem::Writing the bif 
TRACE::2024-10-23.18:35:13::SCWPlatform::Started writing the spfm file 
TRACE::2024-10-23.18:35:13::SCWPlatform::Started writing the xpfm file 
TRACE::2024-10-23.18:35:13::SCWPlatform::Completed generating the platform
TRACE::2024-10-23.18:35:13::SCWMssOS::Saving the mss changes C:/Users/realk/Desktop/labb6/lab6part2_sdk/mb_usb_hdmi_top/microblaze_0/standalone_microblaze_0/bsp/system.mss
TRACE::2024-10-23.18:35:13::SCWMssOS::Found a swdesign opened with the mssfile.
TRACE::2024-10-23.18:35:13::SCWMssOS::Completed writemss as part of save.
TRACE::2024-10-23.18:35:13::SCWMssOS::Commit changes completed.
TRACE::2024-10-23.18:35:13::SCWPlatform::Trying to open the hw design at C:/Users/realk/Desktop/labb6/lab6part2_sdk/mb_usb_hdmi_top/hw/mb_usb_hdmi_top.xsa
TRACE::2024-10-23.18:35:13::SCWPlatform::DSA given C:/Users/realk/Desktop/labb6/lab6part2_sdk/mb_usb_hdmi_top/hw/mb_usb_hdmi_top.xsa
TRACE::2024-10-23.18:35:13::SCWPlatform::DSA absoulate path C:/Users/realk/Desktop/labb6/lab6part2_sdk/mb_usb_hdmi_top/hw/mb_usb_hdmi_top.xsa
TRACE::2024-10-23.18:35:13::SCWPlatform::DSA directory C:/Users/realk/Desktop/labb6/lab6part2_sdk/mb_usb_hdmi_top/hw
TRACE::2024-10-23.18:35:13::SCWPlatform:: Platform Path C:/Users/realk/Desktop/labb6/lab6part2_sdk/mb_usb_hdmi_top/hw/mb_usb_hdmi_top.xsa
TRACE::2024-10-23.18:35:13::SCWPlatform:: Unique name xilinx:::0.0
TRACE::2024-10-23.18:35:13::SCWPlatform::Trying to set the existing hwdb with name mb_usb_hdmi_top_0
TRACE::2024-10-23.18:35:13::SCWPlatform::Opened existing hwdb mb_usb_hdmi_top_0
TRACE::2024-10-23.18:35:13::SCWPlatform::Found the Hw Db part of the input DSA
TRACE::2024-10-23.18:35:13::SCWMssOS::Checking the sw design at  C:/Users/realk/Desktop/labb6/lab6part2_sdk/mb_usb_hdmi_top/microblaze_0/standalone_microblaze_0/bsp/system.mss
TRACE::2024-10-23.18:35:13::SCWMssOS::DEBUG:  swdes dump  C:/Users/realk/Desktop/labb6/lab6part2_sdk/mb_usb_hdmi_top/microblaze_0/standalone_microblaze_0/bsp/system.mss|system||

TRACE::2024-10-23.18:35:13::SCWMssOS::Sw design exists and opened at  C:/Users/realk/Desktop/labb6/lab6part2_sdk/mb_usb_hdmi_top/microblaze_0/standalone_microblaze_0/bsp/system.mss
TRACE::2024-10-23.18:35:13::SCWPlatform::Trying to open the hw design at C:/Users/realk/Desktop/labb6/lab6part2_sdk/mb_usb_hdmi_top/hw/mb_usb_hdmi_top.xsa
TRACE::2024-10-23.18:35:13::SCWPlatform::DSA given C:/Users/realk/Desktop/labb6/lab6part2_sdk/mb_usb_hdmi_top/hw/mb_usb_hdmi_top.xsa
TRACE::2024-10-23.18:35:13::SCWPlatform::DSA absoulate path C:/Users/realk/Desktop/labb6/lab6part2_sdk/mb_usb_hdmi_top/hw/mb_usb_hdmi_top.xsa
TRACE::2024-10-23.18:35:13::SCWPlatform::DSA directory C:/Users/realk/Desktop/labb6/lab6part2_sdk/mb_usb_hdmi_top/hw
TRACE::2024-10-23.18:35:13::SCWPlatform:: Platform Path C:/Users/realk/Desktop/labb6/lab6part2_sdk/mb_usb_hdmi_top/hw/mb_usb_hdmi_top.xsa
TRACE::2024-10-23.18:35:13::SCWPlatform:: Unique name xilinx:::0.0
TRACE::2024-10-23.18:35:13::SCWPlatform::Trying to set the existing hwdb with name mb_usb_hdmi_top_0
TRACE::2024-10-23.18:35:13::SCWPlatform::Opened existing hwdb mb_usb_hdmi_top_0
TRACE::2024-10-23.18:35:13::SCWPlatform::Found the Hw Db part of the input DSA
TRACE::2024-10-23.18:35:13::SCWMssOS::Checking the sw design at  C:/Users/realk/Desktop/labb6/lab6part2_sdk/mb_usb_hdmi_top/microblaze_0/standalone_microblaze_0/bsp/system.mss
TRACE::2024-10-23.18:35:13::SCWMssOS::DEBUG:  swdes dump  C:/Users/realk/Desktop/labb6/lab6part2_sdk/mb_usb_hdmi_top/microblaze_0/standalone_microblaze_0/bsp/system.mss|system||

TRACE::2024-10-23.18:35:13::SCWMssOS::Sw design exists and opened at  C:/Users/realk/Desktop/labb6/lab6part2_sdk/mb_usb_hdmi_top/microblaze_0/standalone_microblaze_0/bsp/system.mss
TRACE::2024-10-23.18:35:13::SCWPlatform::Trying to open the hw design at C:/Users/realk/Desktop/labb6/lab6part2_sdk/mb_usb_hdmi_top/hw/mb_usb_hdmi_top.xsa
TRACE::2024-10-23.18:35:13::SCWPlatform::DSA given C:/Users/realk/Desktop/labb6/lab6part2_sdk/mb_usb_hdmi_top/hw/mb_usb_hdmi_top.xsa
TRACE::2024-10-23.18:35:13::SCWPlatform::DSA absoulate path C:/Users/realk/Desktop/labb6/lab6part2_sdk/mb_usb_hdmi_top/hw/mb_usb_hdmi_top.xsa
TRACE::2024-10-23.18:35:13::SCWPlatform::DSA directory C:/Users/realk/Desktop/labb6/lab6part2_sdk/mb_usb_hdmi_top/hw
TRACE::2024-10-23.18:35:13::SCWPlatform:: Platform Path C:/Users/realk/Desktop/labb6/lab6part2_sdk/mb_usb_hdmi_top/hw/mb_usb_hdmi_top.xsa
TRACE::2024-10-23.18:35:13::SCWPlatform:: Unique name xilinx:::0.0
TRACE::2024-10-23.18:35:13::SCWPlatform::Trying to set the existing hwdb with name mb_usb_hdmi_top_0
TRACE::2024-10-23.18:35:13::SCWPlatform::Opened existing hwdb mb_usb_hdmi_top_0
TRACE::2024-10-23.18:35:13::SCWPlatform::Found the Hw Db part of the input DSA
TRACE::2024-10-23.18:35:13::SCWMssOS::Checking the sw design at  C:/Users/realk/Desktop/labb6/lab6part2_sdk/mb_usb_hdmi_top/microblaze_0/standalone_microblaze_0/bsp/system.mss
TRACE::2024-10-23.18:35:13::SCWMssOS::DEBUG:  swdes dump  C:/Users/realk/Desktop/labb6/lab6part2_sdk/mb_usb_hdmi_top/microblaze_0/standalone_microblaze_0/bsp/system.mss|system||

TRACE::2024-10-23.18:35:13::SCWMssOS::Sw design exists and opened at  C:/Users/realk/Desktop/labb6/lab6part2_sdk/mb_usb_hdmi_top/microblaze_0/standalone_microblaze_0/bsp/system.mss
TRACE::2024-10-23.18:35:13::SCWWriter::formatted JSON is {
	"platformName":	"mb_usb_hdmi_top",
	"sprVersion":	"2.0",
	"mode":	"gui",
	"dsaType":	"Fixed",
	"platformDesc":	"mb_usb_hdmi_top",
	"platHandOff":	"C:/Users/realk/Desktop/labb6/mb_usb_hdmi_top.xsa",
	"platIntHandOff":	"<platformDir>/hw/mb_usb_hdmi_top.xsa",
	"deviceType":	"FPGA",
	"platIsPrebuiltAutogen":	"false",
	"platIsNoBootBsp":	"false",
	"hasFsblMakeHasChanges":	"false",
	"hasPmufwMakeHasChanges":	"false",
	"platPreBuiltFlag":	false,
	"platformSamplesDir":	"",
	"platActiveSys":	"mb_usb_hdmi_top",
	"systems":	[{
			"systemName":	"mb_usb_hdmi_top",
			"systemDesc":	"mb_usb_hdmi_top",
			"sysIsBootAutoGen":	"true",
			"systemDispName":	"mb_usb_hdmi_top",
			"sysActiveDom":	"standalone_microblaze_0",
			"sysDefaultDom":	"standalone_microblaze_0",
			"domains":	[{
					"domainName":	"standalone_microblaze_0",
					"domainDispName":	"standalone_microblaze_0",
					"domainDesc":	"standalone_microblaze_0",
					"processors":	"microblaze_0",
					"os":	"standalone",
					"sdxOs":	"standalone",
					"debugEnable":	"False",
					"domRuntimes":	["cpp"],
					"swRepo":	"",
					"mssOsVer":	"8.0",
					"mssFile":	"",
					"md5Digest":	"304529987e879521ca977c68d163f362",
					"compatibleApp":	"hello_world",
					"domType":	"mssDomain",
					"arch":	"32-bit",
					"appSettings":	{
						"appCompilerFlags":	"",
						"appLinkerFlags":	""
					},
					"addedLibs":	[],
					"libOptions":	{
						"libsContainingOptions":	[]
					},
					"prebuiltLibs":	{
						"prebuiltIncPath":	[],
						"prebuiltLibPath":	[]
					},
					"isolation":	{
					}
				}]
		}]
}
KEYINFO::2024-10-23.18:35:13::SCWPlatform::updated the xpfm file.
