#-----------------------------------------------------------
# Vivado v2022.2 (64-bit)
# SW Build 3671981 on Fri Oct 14 05:00:03 MDT 2022
# IP Build 3669848 on Fri Oct 14 08:30:02 MDT 2022
# Start of session at: Mon Nov  4 20:05:44 2024
# Process ID: 42260
# Current directory: C:/Users/realk/Desktop/ece385/ECE385/lab7_1
# Command line: vivado.exe -gui_launcher_event rodinguilauncherevent32132 C:\Users\realk\Desktop\ece385\ECE385\lab7_1\lab7_1.xpr
# Log file: C:/Users/realk/Desktop/ece385/ECE385/lab7_1/vivado.log
# Journal file: C:/Users/realk/Desktop/ece385/ECE385/lab7_1\vivado.jou
# Running On: MSI, OS: Windows, CPU Frequency: 2304 MHz, CPU Physical cores: 8, Host memory: 16866 MB
#-----------------------------------------------------------
start_gui
open_project C:/Users/realk/Desktop/ece385/ECE385/lab7_1/lab7_1.xpr
WARNING: [Board 49-26] cannot add Board Part xilinx.com:vek280_es:part0:1.0 available at C:/Xilinx/Vivado/2022.2/data/xhub/boards/XilinxBoardStore/boards/Xilinx/vek280/es/1.0/board.xml as part xcve2802-vsvh1760-2lp-e-s-es1 specified in board_part file is either invalid or not available
WARNING: [Board 49-26] cannot add Board Part xilinx.com:vhk158_es:part0:1.0 available at C:/Xilinx/Vivado/2022.2/data/xhub/boards/XilinxBoardStore/boards/Xilinx/vhk158/es/1.0/board.xml as part xcvh1582-vsva3697-2mp-e-s-es1 specified in board_part file is either invalid or not available
WARNING: [Board 49-26] cannot add Board Part xilinx.com:vpk120_es:part0:1.2 available at C:/Xilinx/Vivado/2022.2/data/xhub/boards/XilinxBoardStore/boards/Xilinx/vpk120/es/1.2/board.xml as part xcvp1202-vsva2785-2mp-e-s-es1 specified in board_part file is either invalid or not available
WARNING: [Board 49-26] cannot add Board Part xilinx.com:vpk120_es_revb:part0:1.0 available at C:/Xilinx/Vivado/2022.2/data/xhub/boards/XilinxBoardStore/boards/Xilinx/vpk120_revb/es/1.0/board.xml as part xcvp1202-vsva2785-2mp-e-s-es1 specified in board_part file is either invalid or not available
WARNING: [Board 49-26] cannot add Board Part xilinx.com:vpk180_es:part0:1.0 available at C:/Xilinx/Vivado/2022.2/data/xhub/boards/XilinxBoardStore/boards/Xilinx/vpk180/es/1.0/board.xml as part xcvp1802-lsvc4072-2mp-e-s-es1 specified in board_part file is either invalid or not available
WARNING: [Board 49-26] cannot add Board Part xilinx.com:zcu208ld:part0:2.0 available at C:/Xilinx/Vivado/2022.2/data/xhub/boards/XilinxBoardStore/boards/Xilinx/zcu208ld/production/2.0/board.xml as part xczu58dr-fsvg1517-2-i specified in board_part file is either invalid or not available
WARNING: [Board 49-26] cannot add Board Part xilinx.com:zcu216ld:part0:2.0 available at C:/Xilinx/Vivado/2022.2/data/xhub/boards/XilinxBoardStore/boards/Xilinx/zcu216ld/production/2.0/board.xml as part xczu59dr-ffvf1760-2-i specified in board_part file is either invalid or not available
WARNING: [Board 49-26] cannot add Board Part xilinx.com:zcu670:part0:2.0 available at C:/Xilinx/Vivado/2022.2/data/xhub/boards/XilinxBoardStore/boards/Xilinx/zcu670/2.0/board.xml as part xczu67dr-fsve1156-2-i specified in board_part file is either invalid or not available
WARNING: [Board 49-26] cannot add Board Part xilinx.com:zcu670ld:part0:1.0 available at C:/Xilinx/Vivado/2022.2/data/xhub/boards/XilinxBoardStore/boards/Xilinx/zcu670ld/1.0/board.xml as part xczu57dr-fsve1156-2-i specified in board_part file is either invalid or not available
Scanning sources...
Finished scanning sources
INFO: [IP_Flow 19-234] Refreshing IP repositories
INFO: [IP_Flow 19-1700] Loaded user IP repository 'c:/Users/realk/Desktop/ece385/ECE385/ip_repo/hdmi_text_controller_1_0'.
INFO: [IP_Flow 19-1700] Loaded user IP repository 'c:/Users/realk/Desktop/hdmi_tx_1.0'.
INFO: [IP_Flow 19-2313] Loaded Vivado IP repository 'C:/Xilinx/Vivado/2022.2/data/ip'.
open_project: Time (s): cpu = 00:00:12 ; elapsed = 00:00:13 . Memory (MB): peak = 1850.758 ; gain = 401.777
update_compile_order -fileset sources_1
ipx::edit_ip_in_project -upgrade true -name hdmi_text_controller_v1_0_project -directory C:/Users/realk/Desktop/ece385/ECE385/lab7_1/lab7_1.tmp/hdmi_text_controller_v1_0_project c:/Users/realk/Desktop/ece385/ECE385/ip_repo/hdmi_text_controller_1_0/component.xml
INFO: [ProjectBase 1-489] The host OS only allows 260 characters in a normal path. The project is stored in a path with more than 80 characters. If you experience issues with IP, Block Designs, or files not being found, please consider moving the project to a location with a shorter path. Alternately consider using the OS subst command to map part of the path to a drive letter.
Current project path is 'c:/users/realk/desktop/ece385/ece385/lab7_1/lab7_1.tmp/hdmi_text_controller_v1_0_project'
INFO: [IP_Flow 19-234] Refreshing IP repositories
INFO: [IP_Flow 19-1704] No user IP repositories specified
INFO: [IP_Flow 19-2313] Loaded Vivado IP repository 'C:/Xilinx/Vivado/2022.2/data/ip'.
WARNING: [Board 49-26] cannot add Board Part xilinx.com:vek280_es:part0:1.0 available at C:/Xilinx/Vivado/2022.2/data/xhub/boards/XilinxBoardStore/boards/Xilinx/vek280/es/1.0/board.xml as part xcve2802-vsvh1760-2lp-e-s-es1 specified in board_part file is either invalid or not available
WARNING: [Board 49-26] cannot add Board Part xilinx.com:vhk158_es:part0:1.0 available at C:/Xilinx/Vivado/2022.2/data/xhub/boards/XilinxBoardStore/boards/Xilinx/vhk158/es/1.0/board.xml as part xcvh1582-vsva3697-2mp-e-s-es1 specified in board_part file is either invalid or not available
WARNING: [Board 49-26] cannot add Board Part xilinx.com:vpk120_es:part0:1.2 available at C:/Xilinx/Vivado/2022.2/data/xhub/boards/XilinxBoardStore/boards/Xilinx/vpk120/es/1.2/board.xml as part xcvp1202-vsva2785-2mp-e-s-es1 specified in board_part file is either invalid or not available
WARNING: [Board 49-26] cannot add Board Part xilinx.com:vpk120_es_revb:part0:1.0 available at C:/Xilinx/Vivado/2022.2/data/xhub/boards/XilinxBoardStore/boards/Xilinx/vpk120_revb/es/1.0/board.xml as part xcvp1202-vsva2785-2mp-e-s-es1 specified in board_part file is either invalid or not available
WARNING: [Board 49-26] cannot add Board Part xilinx.com:vpk180_es:part0:1.0 available at C:/Xilinx/Vivado/2022.2/data/xhub/boards/XilinxBoardStore/boards/Xilinx/vpk180/es/1.0/board.xml as part xcvp1802-lsvc4072-2mp-e-s-es1 specified in board_part file is either invalid or not available
WARNING: [Board 49-26] cannot add Board Part xilinx.com:zcu208ld:part0:2.0 available at C:/Xilinx/Vivado/2022.2/data/xhub/boards/XilinxBoardStore/boards/Xilinx/zcu208ld/production/2.0/board.xml as part xczu58dr-fsvg1517-2-i specified in board_part file is either invalid or not available
WARNING: [Board 49-26] cannot add Board Part xilinx.com:zcu216ld:part0:2.0 available at C:/Xilinx/Vivado/2022.2/data/xhub/boards/XilinxBoardStore/boards/Xilinx/zcu216ld/production/2.0/board.xml as part xczu59dr-ffvf1760-2-i specified in board_part file is either invalid or not available
WARNING: [Board 49-26] cannot add Board Part xilinx.com:zcu670:part0:2.0 available at C:/Xilinx/Vivado/2022.2/data/xhub/boards/XilinxBoardStore/boards/Xilinx/zcu670/2.0/board.xml as part xczu67dr-fsve1156-2-i specified in board_part file is either invalid or not available
WARNING: [Board 49-26] cannot add Board Part xilinx.com:zcu670ld:part0:1.0 available at C:/Xilinx/Vivado/2022.2/data/xhub/boards/XilinxBoardStore/boards/Xilinx/zcu670ld/1.0/board.xml as part xczu57dr-fsve1156-2-i specified in board_part file is either invalid or not available
INFO: [IP_Flow 19-234] Refreshing IP repositories
INFO: [IP_Flow 19-1700] Loaded user IP repository 'c:/Users/realk/Desktop/ece385/ECE385/ip_repo/hdmi_text_controller_1_0'.
INFO: [IP_Flow 19-1700] Loaded user IP repository 'c:/Users/realk/Desktop/hdmi_tx_1.0'.
INFO: [IP_Flow 19-795] Syncing license key meta-data
ipx::edit_ip_in_project: Time (s): cpu = 00:00:05 ; elapsed = 00:00:06 . Memory (MB): peak = 1984.238 ; gain = 132.324
update_compile_order -fileset sources_1
ipx::merge_project_changes files [ipx::current_core]
WARNING: [IP_Flow 19-5226] Project source file 'c:/Users/realk/Desktop/ece385/ECE385/ip_repo/hdmi_text_controller_1_0/component.xml' ignored by IP packager.
ipx::merge_project_changes hdl_parameters [ipx::current_core]
WARNING: [IP_Flow 19-5226] Project source file 'c:/Users/realk/Desktop/ece385/ECE385/ip_repo/hdmi_text_controller_1_0/component.xml' ignored by IP packager.
WARNING: [IP_Flow 19-5101] Packaging a component with a SystemVerilog top file is not fully supported. Please refer to UG1118 'Creating and Packaging Custom IP'.
INFO: [IP_Flow 19-3166] Bus Interface 'AXI': References existing memory map 'AXI'.
ipx::update_checksums [ipx::current_core]
ipx::save_core [ipx::current_core]
set_property core_revision 14 [ipx::current_core]
ipx::update_source_project_archive -component [ipx::current_core]
ipx::create_xgui_files [ipx::current_core]
ipx::update_checksums [ipx::current_core]
ipx::check_integrity [ipx::current_core]
WARNING: [IP_Flow 19-5661] Bus Interface 'hdmi_clk_n' does not have any bus interfaces associated with it.
WARNING: [IP_Flow 19-4751] Bus Interface 'hdmi_clk_n': FREQ_HZ bus parameter is missing for output clock interface.
WARNING: [IP_Flow 19-5661] Bus Interface 'hdmi_clk_p' does not have any bus interfaces associated with it.
WARNING: [IP_Flow 19-4751] Bus Interface 'hdmi_clk_p': FREQ_HZ bus parameter is missing for output clock interface.
WARNING: [IP_Flow 19-1965] Bus Interface 'HDMI': A port map to the required logical port "DDC_SCL_I" of the bus abstraction "xilinx.com:interface:hdmi_rtl:2.0" is missing.
WARNING: [IP_Flow 19-1965] Bus Interface 'HDMI': A port map to the required logical port "DDC_SCL_O" of the bus abstraction "xilinx.com:interface:hdmi_rtl:2.0" is missing.
WARNING: [IP_Flow 19-1965] Bus Interface 'HDMI': A port map to the required logical port "DDC_SCL_T" of the bus abstraction "xilinx.com:interface:hdmi_rtl:2.0" is missing.
WARNING: [IP_Flow 19-1965] Bus Interface 'HDMI': A port map to the required logical port "DDC_SDA_I" of the bus abstraction "xilinx.com:interface:hdmi_rtl:2.0" is missing.
WARNING: [IP_Flow 19-1965] Bus Interface 'HDMI': A port map to the required logical port "DDC_SDA_O" of the bus abstraction "xilinx.com:interface:hdmi_rtl:2.0" is missing.
WARNING: [IP_Flow 19-1965] Bus Interface 'HDMI': A port map to the required logical port "DDC_SDA_T" of the bus abstraction "xilinx.com:interface:hdmi_rtl:2.0" is missing.
WARNING: [IP_Flow 19-1965] Bus Interface 'HDMI': A port map to the required logical port "CABLE_CONNECT" of the bus abstraction "xilinx.com:interface:hdmi_rtl:2.0" is missing.
WARNING: [IP_Flow 19-1965] Bus Interface 'HDMI': A port map to the required logical port "HPD" of the bus abstraction "xilinx.com:interface:hdmi_rtl:2.0" is missing.
INFO: [IP_Flow 19-2181] Payment Required is not set for this core.
INFO: [IP_Flow 19-2187] The Product Guide file is missing.
INFO: [Ipptcl 7-1486] check_integrity: Integrity check passed.
ipx::save_core [ipx::current_core]
current_project lab7_1
open_bd_design {C:/Users/realk/Desktop/ece385/ECE385/lab7_1/lab7_1.srcs/sources_1/bd/mb_block/mb_block.bd}
Reading block design file <C:/Users/realk/Desktop/ece385/ECE385/lab7_1/lab7_1.srcs/sources_1/bd/mb_block/mb_block.bd>...
Adding component instance block -- xilinx.com:ip:microblaze:11.0 - microblaze_0
Adding component instance block -- xilinx.com:ip:lmb_v10:3.0 - dlmb_v10
Adding component instance block -- xilinx.com:ip:lmb_v10:3.0 - ilmb_v10
Adding component instance block -- xilinx.com:ip:lmb_bram_if_cntlr:4.0 - dlmb_bram_if_cntlr
Adding component instance block -- xilinx.com:ip:lmb_bram_if_cntlr:4.0 - ilmb_bram_if_cntlr
Adding component instance block -- xilinx.com:ip:blk_mem_gen:8.4 - lmb_bram
Adding component instance block -- xilinx.com:ip:axi_interconnect:2.1 - microblaze_0_axi_periph
Adding component instance block -- xilinx.com:ip:axi_crossbar:2.1 - xbar
Adding component instance block -- xilinx.com:ip:axi_intc:4.1 - microblaze_0_axi_intc
Adding component instance block -- xilinx.com:ip:mdm:3.2 - mdm_1
Adding component instance block -- xilinx.com:ip:clk_wiz:6.0 - clk_wiz_1
Adding component instance block -- xilinx.com:ip:proc_sys_reset:5.0 - rst_clk_wiz_1_100M
Adding component instance block -- xilinx.com:ip:axi_uartlite:2.0 - axi_uartlite_0
Adding component instance block -- xilinx.com:user:hdmi_text_controller:1.0 - hdmi_text_controller_0
Successfully read diagram <mb_block> from block design file <C:/Users/realk/Desktop/ece385/ECE385/lab7_1/lab7_1.srcs/sources_1/bd/mb_block/mb_block.bd>
update_ip_catalog -rebuild -scan_changes
INFO: [IP_Flow 19-234] Refreshing IP repositories
INFO: [IP_Flow 19-1700] Loaded user IP repository 'c:/Users/realk/Desktop/ece385/ECE385/ip_repo/hdmi_text_controller_1_0'.
INFO: [IP_Flow 19-1700] Loaded user IP repository 'c:/Users/realk/Desktop/hdmi_tx_1.0'.
report_ip_status -name ip_status
upgrade_ip -vlnv xilinx.com:user:hdmi_text_controller:1.0 [get_ips  mb_block_hdmi_text_controller_0_4] -log ip_upgrade.log
Upgrading 'C:/Users/realk/Desktop/ece385/ECE385/lab7_1/lab7_1.srcs/sources_1/bd/mb_block/mb_block.bd'
INFO: [IP_Flow 19-3422] Upgraded mb_block_hdmi_text_controller_0_4 (hdmi_text_controller_v1.0 1.0) from revision 13 to revision 14
Wrote  : <C:\Users\realk\Desktop\ece385\ECE385\lab7_1\lab7_1.srcs\sources_1\bd\mb_block\mb_block.bd> 
Wrote  : <C:/Users/realk/Desktop/ece385/ECE385/lab7_1/lab7_1.srcs/sources_1/bd/mb_block/ui/bd_d3042d03.ui> 
INFO: [Coretcl 2-1525] Wrote upgrade log to 'C:/Users/realk/Desktop/ece385/ECE385/lab7_1/ip_upgrade.log'.
export_ip_user_files -of_objects [get_ips mb_block_hdmi_text_controller_0_4] -no_script -sync -force -quiet
generate_target all [get_files  C:/Users/realk/Desktop/ece385/ECE385/lab7_1/lab7_1.srcs/sources_1/bd/mb_block/mb_block.bd]
CRITICAL WARNING: [BD 41-1732] Bus interface '/hdmi_text_controller_0/AXI' is found to be associated with multiple clock-pins. This may prevent design from functioning correctly. List of associated clock-pins:
/hdmi_text_controller_0/axi_aclk
/hdmi_text_controller_0/axi_aclk

.
WARNING: [filemgmt 56-443] The ECC Algorithm string is empty. Setting the Memory Map to default ECC value to ECC_NONE.
WARNING: [filemgmt 56-443] The ECC Algorithm string is empty. Setting the Memory Map to default ECC value to ECC_NONE.
INFO: [xilinx.com:ip:axi_intc:4.1-1] /microblaze_0_axi_intc: The AXI INTC core has been configured to operate with synchronous clocks.
INFO: [xilinx.com:ip:clk_wiz:6.0-1] /clk_wiz_1 clk_wiz propagate
Wrote  : <C:\Users\realk\Desktop\ece385\ECE385\lab7_1\lab7_1.srcs\sources_1\bd\mb_block\mb_block.bd> 
Verilog Output written to : c:/Users/realk/Desktop/ece385/ECE385/lab7_1/lab7_1.gen/sources_1/bd/mb_block/synth/mb_block.v
Verilog Output written to : c:/Users/realk/Desktop/ece385/ECE385/lab7_1/lab7_1.gen/sources_1/bd/mb_block/sim/mb_block.v
Verilog Output written to : c:/Users/realk/Desktop/ece385/ECE385/lab7_1/lab7_1.gen/sources_1/bd/mb_block/hdl/mb_block_wrapper.v
INFO: [BD 41-1029] Generation completed for the IP Integrator block hdmi_text_controller_0 .
Exporting to file c:/Users/realk/Desktop/ece385/ECE385/lab7_1/lab7_1.gen/sources_1/bd/mb_block/hw_handoff/mb_block.hwh
Generated Hardware Definition File c:/Users/realk/Desktop/ece385/ECE385/lab7_1/lab7_1.gen/sources_1/bd/mb_block/synth/mb_block.hwdef
generate_target: Time (s): cpu = 00:00:04 ; elapsed = 00:00:15 . Memory (MB): peak = 2442.441 ; gain = 233.949
catch { config_ip_cache -export [get_ips -all mb_block_hdmi_text_controller_0_4] }
INFO: [IP_Flow 19-6924] IPCACHE: Running cache check for IP inst: mb_block_hdmi_text_controller_0_4
export_ip_user_files -of_objects [get_files C:/Users/realk/Desktop/ece385/ECE385/lab7_1/lab7_1.srcs/sources_1/bd/mb_block/mb_block.bd] -no_script -sync -force -quiet
create_ip_run [get_files -of_objects [get_fileset sources_1] C:/Users/realk/Desktop/ece385/ECE385/lab7_1/lab7_1.srcs/sources_1/bd/mb_block/mb_block.bd]
launch_runs mb_block_hdmi_text_controller_0_4_synth_1 -jobs 16
INFO: [IP_Flow 19-6924] IPCACHE: Running cache check for IP inst: mb_block_hdmi_text_controller_0_4
[Mon Nov  4 20:17:32 2024] Launched mb_block_hdmi_text_controller_0_4_synth_1...
Run output will be captured here: C:/Users/realk/Desktop/ece385/ECE385/lab7_1/lab7_1.runs/mb_block_hdmi_text_controller_0_4_synth_1/runme.log
export_simulation -of_objects [get_files C:/Users/realk/Desktop/ece385/ECE385/lab7_1/lab7_1.srcs/sources_1/bd/mb_block/mb_block.bd] -directory C:/Users/realk/Desktop/ece385/ECE385/lab7_1/lab7_1.ip_user_files/sim_scripts -ip_user_files_dir C:/Users/realk/Desktop/ece385/ECE385/lab7_1/lab7_1.ip_user_files -ipstatic_source_dir C:/Users/realk/Desktop/ece385/ECE385/lab7_1/lab7_1.ip_user_files/ipstatic -lib_map_path [list {modelsim=C:/Users/realk/Desktop/ece385/ECE385/lab7_1/lab7_1.cache/compile_simlib/modelsim} {questa=C:/Users/realk/Desktop/ece385/ECE385/lab7_1/lab7_1.cache/compile_simlib/questa} {riviera=C:/Users/realk/Desktop/ece385/ECE385/lab7_1/lab7_1.cache/compile_simlib/riviera} {activehdl=C:/Users/realk/Desktop/ece385/ECE385/lab7_1/lab7_1.cache/compile_simlib/activehdl}] -use_ip_compiled_libs -force -quiet
reset_run synth_1
INFO: [Project 1-1161] Replacing file C:/Users/realk/Desktop/ece385/ECE385/lab7_1/lab7_1.srcs/utils_1/imports/synth_1/mb_block_wrapper.dcp with file C:/Users/realk/Desktop/ece385/ECE385/lab7_1/lab7_1.runs/synth_1/mb_block_wrapper.dcp
WARNING: [Vivado 12-1017] Problems encountered:
1. Failed to delete one or more files in run directory C:/Users/realk/Desktop/ece385/ECE385/lab7_1/lab7_1.runs/synth_1

launch_runs impl_1 -to_step write_bitstream -jobs 16
INFO: [IP_Flow 19-6924] IPCACHE: Running cache check for IP inst: mb_block_hdmi_text_controller_0_4
[Mon Nov  4 20:19:57 2024] Launched mb_block_hdmi_text_controller_0_4_synth_1, synth_1...
Run output will be captured here:
mb_block_hdmi_text_controller_0_4_synth_1: C:/Users/realk/Desktop/ece385/ECE385/lab7_1/lab7_1.runs/mb_block_hdmi_text_controller_0_4_synth_1/runme.log
synth_1: C:/Users/realk/Desktop/ece385/ECE385/lab7_1/lab7_1.runs/synth_1/runme.log
[Mon Nov  4 20:19:58 2024] Launched impl_1...
Run output will be captured here: C:/Users/realk/Desktop/ece385/ECE385/lab7_1/lab7_1.runs/impl_1/runme.log
report_ip_status -name ip_status 
write_hw_platform -fixed -include_bit -force -file C:/Users/realk/Desktop/ece385/ECE385/lab7_1/mb_block_wrapper.xsa
INFO: [Project 1-1918] Creating Hardware Platform: C:/Users/realk/Desktop/ece385/ECE385/lab7_1/mb_block_wrapper.xsa ...
INFO: [Project 1-1943] The Hardware Platform can be used for Hardware
INFO: [Project 1-1941] Successfully created Hardware Platform: C:/Users/realk/Desktop/ece385/ECE385/lab7_1/mb_block_wrapper.xsa
INFO: [Hsi 55-2053] elapsed time for repository (C:/Xilinx/Vivado/2022.2/data/embeddedsw) loading 0 seconds
reset_run synth_1
INFO: [Project 1-1161] Replacing file C:/Users/realk/Desktop/ece385/ECE385/lab7_1/lab7_1.srcs/utils_1/imports/synth_1/mb_block_wrapper.dcp with file C:/Users/realk/Desktop/ece385/ECE385/lab7_1/lab7_1.runs/synth_1/mb_block_wrapper.dcp
launch_runs impl_1 -to_step write_bitstream -jobs 16
[Mon Nov  4 21:10:01 2024] Launched synth_1...
Run output will be captured here: C:/Users/realk/Desktop/ece385/ECE385/lab7_1/lab7_1.runs/synth_1/runme.log
[Mon Nov  4 21:10:01 2024] Launched impl_1...
Run output will be captured here: C:/Users/realk/Desktop/ece385/ECE385/lab7_1/lab7_1.runs/impl_1/runme.log
INFO: [Vivado 12-8217] Implementation run is out of date. Exported hardware information may be inconsistent with respect to the current state of the design. It is recommended that you re-run implementation and re-generate bitstream/PDI before doing hardware export.
reset_run synth_1
INFO: [Project 1-1161] Replacing file C:/Users/realk/Desktop/ece385/ECE385/lab7_1/lab7_1.srcs/utils_1/imports/synth_1/mb_block_wrapper.dcp with file C:/Users/realk/Desktop/ece385/ECE385/lab7_1/lab7_1.runs/synth_1/mb_block_wrapper.dcp
launch_runs impl_1 -to_step write_bitstream -jobs 16
[Mon Nov  4 21:19:35 2024] Launched synth_1...
Run output will be captured here: C:/Users/realk/Desktop/ece385/ECE385/lab7_1/lab7_1.runs/synth_1/runme.log
[Mon Nov  4 21:19:35 2024] Launched impl_1...
Run output will be captured here: C:/Users/realk/Desktop/ece385/ECE385/lab7_1/lab7_1.runs/impl_1/runme.log
write_hw_platform -fixed -include_bit -force -file C:/Users/realk/Desktop/ece385/ECE385/lab7_1/mb_block_wrapper.xsa
INFO: [Project 1-1918] Creating Hardware Platform: C:/Users/realk/Desktop/ece385/ECE385/lab7_1/mb_block_wrapper.xsa ...
INFO: [Project 1-1943] The Hardware Platform can be used for Hardware
INFO: [Project 1-1941] Successfully created Hardware Platform: C:/Users/realk/Desktop/ece385/ECE385/lab7_1/mb_block_wrapper.xsa
current_project hdmi_text_controller_v1_0_project
ipx::merge_project_changes files [ipx::current_core]
WARNING: [IP_Flow 19-5226] Project source file 'c:/Users/realk/Desktop/ece385/ECE385/ip_repo/hdmi_text_controller_1_0/component.xml' ignored by IP packager.
ipx::merge_project_changes files [ipx::current_core]
WARNING: [IP_Flow 19-5226] Project source file 'c:/Users/realk/Desktop/ece385/ECE385/ip_repo/hdmi_text_controller_1_0/component.xml' ignored by IP packager.
ipx::merge_project_changes hdl_parameters [ipx::current_core]
WARNING: [IP_Flow 19-5226] Project source file 'c:/Users/realk/Desktop/ece385/ECE385/ip_repo/hdmi_text_controller_1_0/component.xml' ignored by IP packager.
WARNING: [IP_Flow 19-5101] Packaging a component with a SystemVerilog top file is not fully supported. Please refer to UG1118 'Creating and Packaging Custom IP'.
INFO: [IP_Flow 19-3166] Bus Interface 'AXI': References existing memory map 'AXI'.
set_property core_revision 15 [ipx::current_core]
ipx::update_source_project_archive -component [ipx::current_core]
ipx::create_xgui_files [ipx::current_core]
ipx::update_checksums [ipx::current_core]
ipx::check_integrity [ipx::current_core]
WARNING: [IP_Flow 19-5661] Bus Interface 'hdmi_clk_n' does not have any bus interfaces associated with it.
WARNING: [IP_Flow 19-4751] Bus Interface 'hdmi_clk_n': FREQ_HZ bus parameter is missing for output clock interface.
WARNING: [IP_Flow 19-5661] Bus Interface 'hdmi_clk_p' does not have any bus interfaces associated with it.
WARNING: [IP_Flow 19-4751] Bus Interface 'hdmi_clk_p': FREQ_HZ bus parameter is missing for output clock interface.
WARNING: [IP_Flow 19-1965] Bus Interface 'HDMI': A port map to the required logical port "DDC_SCL_I" of the bus abstraction "xilinx.com:interface:hdmi_rtl:2.0" is missing.
WARNING: [IP_Flow 19-1965] Bus Interface 'HDMI': A port map to the required logical port "DDC_SCL_O" of the bus abstraction "xilinx.com:interface:hdmi_rtl:2.0" is missing.
WARNING: [IP_Flow 19-1965] Bus Interface 'HDMI': A port map to the required logical port "DDC_SCL_T" of the bus abstraction "xilinx.com:interface:hdmi_rtl:2.0" is missing.
WARNING: [IP_Flow 19-1965] Bus Interface 'HDMI': A port map to the required logical port "DDC_SDA_I" of the bus abstraction "xilinx.com:interface:hdmi_rtl:2.0" is missing.
WARNING: [IP_Flow 19-1965] Bus Interface 'HDMI': A port map to the required logical port "DDC_SDA_O" of the bus abstraction "xilinx.com:interface:hdmi_rtl:2.0" is missing.
WARNING: [IP_Flow 19-1965] Bus Interface 'HDMI': A port map to the required logical port "DDC_SDA_T" of the bus abstraction "xilinx.com:interface:hdmi_rtl:2.0" is missing.
WARNING: [IP_Flow 19-1965] Bus Interface 'HDMI': A port map to the required logical port "CABLE_CONNECT" of the bus abstraction "xilinx.com:interface:hdmi_rtl:2.0" is missing.
WARNING: [IP_Flow 19-1965] Bus Interface 'HDMI': A port map to the required logical port "HPD" of the bus abstraction "xilinx.com:interface:hdmi_rtl:2.0" is missing.
INFO: [IP_Flow 19-2181] Payment Required is not set for this core.
INFO: [IP_Flow 19-2187] The Product Guide file is missing.
INFO: [Ipptcl 7-1486] check_integrity: Integrity check passed.
ipx::save_core [ipx::current_core]
current_project lab7_1
update_ip_catalog -rebuild -scan_changes
INFO: [IP_Flow 19-234] Refreshing IP repositories
INFO: [IP_Flow 19-1700] Loaded user IP repository 'c:/Users/realk/Desktop/ece385/ECE385/ip_repo/hdmi_text_controller_1_0'.
INFO: [IP_Flow 19-1700] Loaded user IP repository 'c:/Users/realk/Desktop/hdmi_tx_1.0'.
report_ip_status -name ip_status
current_project hdmi_text_controller_v1_0_project
current_project lab7_1
upgrade_ip -vlnv xilinx.com:user:hdmi_text_controller:1.0 [get_ips  mb_block_hdmi_text_controller_0_4] -log ip_upgrade.log
Upgrading 'C:/Users/realk/Desktop/ece385/ECE385/lab7_1/lab7_1.srcs/sources_1/bd/mb_block/mb_block.bd'
INFO: [IP_Flow 19-3422] Upgraded mb_block_hdmi_text_controller_0_4 (hdmi_text_controller_v1.0 1.0) from revision 14 to revision 15
Wrote  : <C:\Users\realk\Desktop\ece385\ECE385\lab7_1\lab7_1.srcs\sources_1\bd\mb_block\mb_block.bd> 
Wrote  : <C:/Users/realk/Desktop/ece385/ECE385/lab7_1/lab7_1.srcs/sources_1/bd/mb_block/ui/bd_d3042d03.ui> 
INFO: [Coretcl 2-1525] Wrote upgrade log to 'C:/Users/realk/Desktop/ece385/ECE385/lab7_1/ip_upgrade.log'.
export_ip_user_files -of_objects [get_ips mb_block_hdmi_text_controller_0_4] -no_script -sync -force -quiet
generate_target all [get_files  C:/Users/realk/Desktop/ece385/ECE385/lab7_1/lab7_1.srcs/sources_1/bd/mb_block/mb_block.bd]
CRITICAL WARNING: [BD 41-1732] Bus interface '/hdmi_text_controller_0/AXI' is found to be associated with multiple clock-pins. This may prevent design from functioning correctly. List of associated clock-pins:
/hdmi_text_controller_0/axi_aclk
/hdmi_text_controller_0/axi_aclk

.
WARNING: [filemgmt 56-443] The ECC Algorithm string is empty. Setting the Memory Map to default ECC value to ECC_NONE.
WARNING: [filemgmt 56-443] The ECC Algorithm string is empty. Setting the Memory Map to default ECC value to ECC_NONE.
INFO: [xilinx.com:ip:axi_intc:4.1-1] /microblaze_0_axi_intc: The AXI INTC core has been configured to operate with synchronous clocks.
INFO: [xilinx.com:ip:clk_wiz:6.0-1] /clk_wiz_1 clk_wiz propagate
Wrote  : <C:\Users\realk\Desktop\ece385\ECE385\lab7_1\lab7_1.srcs\sources_1\bd\mb_block\mb_block.bd> 
Verilog Output written to : c:/Users/realk/Desktop/ece385/ECE385/lab7_1/lab7_1.gen/sources_1/bd/mb_block/synth/mb_block.v
Verilog Output written to : c:/Users/realk/Desktop/ece385/ECE385/lab7_1/lab7_1.gen/sources_1/bd/mb_block/sim/mb_block.v
Verilog Output written to : c:/Users/realk/Desktop/ece385/ECE385/lab7_1/lab7_1.gen/sources_1/bd/mb_block/hdl/mb_block_wrapper.v
INFO: [BD 41-1029] Generation completed for the IP Integrator block hdmi_text_controller_0 .
Exporting to file c:/Users/realk/Desktop/ece385/ECE385/lab7_1/lab7_1.gen/sources_1/bd/mb_block/hw_handoff/mb_block.hwh
Generated Hardware Definition File c:/Users/realk/Desktop/ece385/ECE385/lab7_1/lab7_1.gen/sources_1/bd/mb_block/synth/mb_block.hwdef
generate_target: Time (s): cpu = 00:00:04 ; elapsed = 00:00:10 . Memory (MB): peak = 2661.418 ; gain = 0.000
catch { config_ip_cache -export [get_ips -all mb_block_hdmi_text_controller_0_4] }
INFO: [IP_Flow 19-6924] IPCACHE: Running cache check for IP inst: mb_block_hdmi_text_controller_0_4
export_ip_user_files -of_objects [get_files C:/Users/realk/Desktop/ece385/ECE385/lab7_1/lab7_1.srcs/sources_1/bd/mb_block/mb_block.bd] -no_script -sync -force -quiet
create_ip_run [get_files -of_objects [get_fileset sources_1] C:/Users/realk/Desktop/ece385/ECE385/lab7_1/lab7_1.srcs/sources_1/bd/mb_block/mb_block.bd]
launch_runs mb_block_hdmi_text_controller_0_4_synth_1 -jobs 16
INFO: [IP_Flow 19-6924] IPCACHE: Running cache check for IP inst: mb_block_hdmi_text_controller_0_4
[Mon Nov  4 21:51:05 2024] Launched mb_block_hdmi_text_controller_0_4_synth_1...
Run output will be captured here: C:/Users/realk/Desktop/ece385/ECE385/lab7_1/lab7_1.runs/mb_block_hdmi_text_controller_0_4_synth_1/runme.log
export_simulation -of_objects [get_files C:/Users/realk/Desktop/ece385/ECE385/lab7_1/lab7_1.srcs/sources_1/bd/mb_block/mb_block.bd] -directory C:/Users/realk/Desktop/ece385/ECE385/lab7_1/lab7_1.ip_user_files/sim_scripts -ip_user_files_dir C:/Users/realk/Desktop/ece385/ECE385/lab7_1/lab7_1.ip_user_files -ipstatic_source_dir C:/Users/realk/Desktop/ece385/ECE385/lab7_1/lab7_1.ip_user_files/ipstatic -lib_map_path [list {modelsim=C:/Users/realk/Desktop/ece385/ECE385/lab7_1/lab7_1.cache/compile_simlib/modelsim} {questa=C:/Users/realk/Desktop/ece385/ECE385/lab7_1/lab7_1.cache/compile_simlib/questa} {riviera=C:/Users/realk/Desktop/ece385/ECE385/lab7_1/lab7_1.cache/compile_simlib/riviera} {activehdl=C:/Users/realk/Desktop/ece385/ECE385/lab7_1/lab7_1.cache/compile_simlib/activehdl}] -use_ip_compiled_libs -force -quiet
reset_run synth_1
INFO: [Project 1-1161] Replacing file C:/Users/realk/Desktop/ece385/ECE385/lab7_1/lab7_1.srcs/utils_1/imports/synth_1/mb_block_wrapper.dcp with file C:/Users/realk/Desktop/ece385/ECE385/lab7_1/lab7_1.runs/synth_1/mb_block_wrapper.dcp
WARNING: [Vivado 12-1017] Problems encountered:
1. Failed to delete one or more files in run directory C:/Users/realk/Desktop/ece385/ECE385/lab7_1/lab7_1.runs/synth_1

launch_runs impl_1 -to_step write_bitstream -jobs 16
INFO: [IP_Flow 19-6924] IPCACHE: Running cache check for IP inst: mb_block_hdmi_text_controller_0_4
[Mon Nov  4 21:51:58 2024] Launched mb_block_hdmi_text_controller_0_4_synth_1, synth_1...
Run output will be captured here:
mb_block_hdmi_text_controller_0_4_synth_1: C:/Users/realk/Desktop/ece385/ECE385/lab7_1/lab7_1.runs/mb_block_hdmi_text_controller_0_4_synth_1/runme.log
synth_1: C:/Users/realk/Desktop/ece385/ECE385/lab7_1/lab7_1.runs/synth_1/runme.log
[Mon Nov  4 21:51:58 2024] Launched impl_1...
Run output will be captured here: C:/Users/realk/Desktop/ece385/ECE385/lab7_1/lab7_1.runs/impl_1/runme.log
report_ip_status -name ip_status 
reset_run impl_1
launch_runs impl_1 -jobs 16
[Mon Nov  4 22:09:25 2024] Launched impl_1...
Run output will be captured here: C:/Users/realk/Desktop/ece385/ECE385/lab7_1/lab7_1.runs/impl_1/runme.log
launch_runs impl_1 -to_step write_bitstream -jobs 16
[Mon Nov  4 22:21:15 2024] Launched impl_1...
Run output will be captured here: C:/Users/realk/Desktop/ece385/ECE385/lab7_1/lab7_1.runs/impl_1/runme.log
write_hw_platform -fixed -include_bit -force -file C:/Users/realk/Desktop/ece385/ECE385/lab7_1/mb_block_wrapper.xsa
INFO: [Project 1-1918] Creating Hardware Platform: C:/Users/realk/Desktop/ece385/ECE385/lab7_1/mb_block_wrapper.xsa ...
INFO: [Project 1-1943] The Hardware Platform can be used for Hardware
INFO: [Project 1-1941] Successfully created Hardware Platform: C:/Users/realk/Desktop/ece385/ECE385/lab7_1/mb_block_wrapper.xsa
current_project hdmi_text_controller_v1_0_project
ipx::merge_project_changes files [ipx::current_core]
WARNING: [IP_Flow 19-5226] Project source file 'c:/Users/realk/Desktop/ece385/ECE385/ip_repo/hdmi_text_controller_1_0/component.xml' ignored by IP packager.
ipx::merge_project_changes hdl_parameters [ipx::current_core]
WARNING: [IP_Flow 19-5226] Project source file 'c:/Users/realk/Desktop/ece385/ECE385/ip_repo/hdmi_text_controller_1_0/component.xml' ignored by IP packager.
WARNING: [IP_Flow 19-5101] Packaging a component with a SystemVerilog top file is not fully supported. Please refer to UG1118 'Creating and Packaging Custom IP'.
INFO: [IP_Flow 19-3166] Bus Interface 'AXI': References existing memory map 'AXI'.
set_property core_revision 16 [ipx::current_core]
ipx::update_source_project_archive -component [ipx::current_core]
ipx::create_xgui_files [ipx::current_core]
ipx::update_checksums [ipx::current_core]
ipx::check_integrity [ipx::current_core]
WARNING: [IP_Flow 19-5661] Bus Interface 'hdmi_clk_n' does not have any bus interfaces associated with it.
WARNING: [IP_Flow 19-4751] Bus Interface 'hdmi_clk_n': FREQ_HZ bus parameter is missing for output clock interface.
WARNING: [IP_Flow 19-5661] Bus Interface 'hdmi_clk_p' does not have any bus interfaces associated with it.
WARNING: [IP_Flow 19-4751] Bus Interface 'hdmi_clk_p': FREQ_HZ bus parameter is missing for output clock interface.
WARNING: [IP_Flow 19-1965] Bus Interface 'HDMI': A port map to the required logical port "DDC_SCL_I" of the bus abstraction "xilinx.com:interface:hdmi_rtl:2.0" is missing.
WARNING: [IP_Flow 19-1965] Bus Interface 'HDMI': A port map to the required logical port "DDC_SCL_O" of the bus abstraction "xilinx.com:interface:hdmi_rtl:2.0" is missing.
WARNING: [IP_Flow 19-1965] Bus Interface 'HDMI': A port map to the required logical port "DDC_SCL_T" of the bus abstraction "xilinx.com:interface:hdmi_rtl:2.0" is missing.
WARNING: [IP_Flow 19-1965] Bus Interface 'HDMI': A port map to the required logical port "DDC_SDA_I" of the bus abstraction "xilinx.com:interface:hdmi_rtl:2.0" is missing.
WARNING: [IP_Flow 19-1965] Bus Interface 'HDMI': A port map to the required logical port "DDC_SDA_O" of the bus abstraction "xilinx.com:interface:hdmi_rtl:2.0" is missing.
WARNING: [IP_Flow 19-1965] Bus Interface 'HDMI': A port map to the required logical port "DDC_SDA_T" of the bus abstraction "xilinx.com:interface:hdmi_rtl:2.0" is missing.
WARNING: [IP_Flow 19-1965] Bus Interface 'HDMI': A port map to the required logical port "CABLE_CONNECT" of the bus abstraction "xilinx.com:interface:hdmi_rtl:2.0" is missing.
WARNING: [IP_Flow 19-1965] Bus Interface 'HDMI': A port map to the required logical port "HPD" of the bus abstraction "xilinx.com:interface:hdmi_rtl:2.0" is missing.
INFO: [IP_Flow 19-2181] Payment Required is not set for this core.
INFO: [IP_Flow 19-2187] The Product Guide file is missing.
INFO: [Ipptcl 7-1486] check_integrity: Integrity check passed.
ipx::save_core [ipx::current_core]
current_project lab7_1
update_ip_catalog -rebuild -scan_changes
INFO: [IP_Flow 19-234] Refreshing IP repositories
INFO: [IP_Flow 19-1700] Loaded user IP repository 'c:/Users/realk/Desktop/ece385/ECE385/ip_repo/hdmi_text_controller_1_0'.
INFO: [IP_Flow 19-1700] Loaded user IP repository 'c:/Users/realk/Desktop/hdmi_tx_1.0'.
report_ip_status -name ip_status
current_project hdmi_text_controller_v1_0_project
current_project lab7_1
upgrade_ip -vlnv xilinx.com:user:hdmi_text_controller:1.0 [get_ips  mb_block_hdmi_text_controller_0_4] -log ip_upgrade.log
Upgrading 'C:/Users/realk/Desktop/ece385/ECE385/lab7_1/lab7_1.srcs/sources_1/bd/mb_block/mb_block.bd'
INFO: [IP_Flow 19-3422] Upgraded mb_block_hdmi_text_controller_0_4 (hdmi_text_controller_v1.0 1.0) from revision 15 to revision 16
Wrote  : <C:\Users\realk\Desktop\ece385\ECE385\lab7_1\lab7_1.srcs\sources_1\bd\mb_block\mb_block.bd> 
INFO: [Coretcl 2-1525] Wrote upgrade log to 'C:/Users/realk/Desktop/ece385/ECE385/lab7_1/ip_upgrade.log'.
export_ip_user_files -of_objects [get_ips mb_block_hdmi_text_controller_0_4] -no_script -sync -force -quiet
generate_target all [get_files  C:/Users/realk/Desktop/ece385/ECE385/lab7_1/lab7_1.srcs/sources_1/bd/mb_block/mb_block.bd]
CRITICAL WARNING: [BD 41-1732] Bus interface '/hdmi_text_controller_0/AXI' is found to be associated with multiple clock-pins. This may prevent design from functioning correctly. List of associated clock-pins:
/hdmi_text_controller_0/axi_aclk
/hdmi_text_controller_0/axi_aclk

.
WARNING: [filemgmt 56-443] The ECC Algorithm string is empty. Setting the Memory Map to default ECC value to ECC_NONE.
WARNING: [filemgmt 56-443] The ECC Algorithm string is empty. Setting the Memory Map to default ECC value to ECC_NONE.
INFO: [xilinx.com:ip:axi_intc:4.1-1] /microblaze_0_axi_intc: The AXI INTC core has been configured to operate with synchronous clocks.
INFO: [xilinx.com:ip:clk_wiz:6.0-1] /clk_wiz_1 clk_wiz propagate
Wrote  : <C:\Users\realk\Desktop\ece385\ECE385\lab7_1\lab7_1.srcs\sources_1\bd\mb_block\mb_block.bd> 
Verilog Output written to : c:/Users/realk/Desktop/ece385/ECE385/lab7_1/lab7_1.gen/sources_1/bd/mb_block/synth/mb_block.v
Verilog Output written to : c:/Users/realk/Desktop/ece385/ECE385/lab7_1/lab7_1.gen/sources_1/bd/mb_block/sim/mb_block.v
Verilog Output written to : c:/Users/realk/Desktop/ece385/ECE385/lab7_1/lab7_1.gen/sources_1/bd/mb_block/hdl/mb_block_wrapper.v
INFO: [BD 41-1029] Generation completed for the IP Integrator block hdmi_text_controller_0 .
Exporting to file c:/Users/realk/Desktop/ece385/ECE385/lab7_1/lab7_1.gen/sources_1/bd/mb_block/hw_handoff/mb_block.hwh
Generated Hardware Definition File c:/Users/realk/Desktop/ece385/ECE385/lab7_1/lab7_1.gen/sources_1/bd/mb_block/synth/mb_block.hwdef
generate_target: Time (s): cpu = 00:00:03 ; elapsed = 00:00:07 . Memory (MB): peak = 2698.332 ; gain = 0.000
catch { config_ip_cache -export [get_ips -all mb_block_hdmi_text_controller_0_4] }
INFO: [IP_Flow 19-6924] IPCACHE: Running cache check for IP inst: mb_block_hdmi_text_controller_0_4
export_ip_user_files -of_objects [get_files C:/Users/realk/Desktop/ece385/ECE385/lab7_1/lab7_1.srcs/sources_1/bd/mb_block/mb_block.bd] -no_script -sync -force -quiet
create_ip_run [get_files -of_objects [get_fileset sources_1] C:/Users/realk/Desktop/ece385/ECE385/lab7_1/lab7_1.srcs/sources_1/bd/mb_block/mb_block.bd]
launch_runs mb_block_hdmi_text_controller_0_4_synth_1 -jobs 16
INFO: [IP_Flow 19-6924] IPCACHE: Running cache check for IP inst: mb_block_hdmi_text_controller_0_4
[Mon Nov  4 22:27:09 2024] Launched mb_block_hdmi_text_controller_0_4_synth_1...
Run output will be captured here: C:/Users/realk/Desktop/ece385/ECE385/lab7_1/lab7_1.runs/mb_block_hdmi_text_controller_0_4_synth_1/runme.log
export_simulation -of_objects [get_files C:/Users/realk/Desktop/ece385/ECE385/lab7_1/lab7_1.srcs/sources_1/bd/mb_block/mb_block.bd] -directory C:/Users/realk/Desktop/ece385/ECE385/lab7_1/lab7_1.ip_user_files/sim_scripts -ip_user_files_dir C:/Users/realk/Desktop/ece385/ECE385/lab7_1/lab7_1.ip_user_files -ipstatic_source_dir C:/Users/realk/Desktop/ece385/ECE385/lab7_1/lab7_1.ip_user_files/ipstatic -lib_map_path [list {modelsim=C:/Users/realk/Desktop/ece385/ECE385/lab7_1/lab7_1.cache/compile_simlib/modelsim} {questa=C:/Users/realk/Desktop/ece385/ECE385/lab7_1/lab7_1.cache/compile_simlib/questa} {riviera=C:/Users/realk/Desktop/ece385/ECE385/lab7_1/lab7_1.cache/compile_simlib/riviera} {activehdl=C:/Users/realk/Desktop/ece385/ECE385/lab7_1/lab7_1.cache/compile_simlib/activehdl}] -use_ip_compiled_libs -force -quiet
reset_run synth_1
INFO: [Project 1-1161] Replacing file C:/Users/realk/Desktop/ece385/ECE385/lab7_1/lab7_1.srcs/utils_1/imports/synth_1/mb_block_wrapper.dcp with file C:/Users/realk/Desktop/ece385/ECE385/lab7_1/lab7_1.runs/synth_1/mb_block_wrapper.dcp
WARNING: [Vivado 12-1017] Problems encountered:
1. Failed to delete one or more files in run directory C:/Users/realk/Desktop/ece385/ECE385/lab7_1/lab7_1.runs/synth_1

launch_runs impl_1 -to_step write_bitstream -jobs 16
INFO: [IP_Flow 19-6924] IPCACHE: Running cache check for IP inst: mb_block_hdmi_text_controller_0_4
[Mon Nov  4 22:27:25 2024] Launched mb_block_hdmi_text_controller_0_4_synth_1, synth_1...
Run output will be captured here:
mb_block_hdmi_text_controller_0_4_synth_1: C:/Users/realk/Desktop/ece385/ECE385/lab7_1/lab7_1.runs/mb_block_hdmi_text_controller_0_4_synth_1/runme.log
synth_1: C:/Users/realk/Desktop/ece385/ECE385/lab7_1/lab7_1.runs/synth_1/runme.log
[Mon Nov  4 22:27:25 2024] Launched impl_1...
Run output will be captured here: C:/Users/realk/Desktop/ece385/ECE385/lab7_1/lab7_1.runs/impl_1/runme.log
report_ip_status -name ip_status 
write_hw_platform -fixed -include_bit -force -file C:/Users/realk/Desktop/ece385/ECE385/lab7_1/mb_block_wrapper.xsa
INFO: [Project 1-1918] Creating Hardware Platform: C:/Users/realk/Desktop/ece385/ECE385/lab7_1/mb_block_wrapper.xsa ...
INFO: [Project 1-1943] The Hardware Platform can be used for Hardware
INFO: [Project 1-1941] Successfully created Hardware Platform: C:/Users/realk/Desktop/ece385/ECE385/lab7_1/mb_block_wrapper.xsa
current_project hdmi_text_controller_v1_0_project
WARNING: [IP_Flow 19-4067] Ignoring invalid widget type specified checkbox.Providing a default widget
WARNING: [IP_Flow 19-4067] Ignoring invalid widget type specified checkbox.Providing a default widget
create_ip -name blk_mem_gen -vendor xilinx.com -library ip -version 8.4 -module_name blk_mem_gen_0 -dir c:/Users/realk/Desktop/ece385/ECE385/ip_repo/hdmi_text_controller_1_0/src
set_property -dict [list \
  CONFIG.Assume_Synchronous_Clk {true} \
  CONFIG.Byte_Size {8} \
  CONFIG.Memory_Type {True_Dual_Port_RAM} \
  CONFIG.Register_PortA_Output_of_Memory_Primitives {false} \
  CONFIG.Register_PortB_Output_of_Memory_Primitives {false} \
  CONFIG.Use_Byte_Write_Enable {true} \
  CONFIG.Write_Depth_A {1200} \
  CONFIG.Write_Width_A {32} \
] [get_ips blk_mem_gen_0]
generate_target {instantiation_template} [get_files c:/Users/realk/Desktop/ece385/ECE385/ip_repo/hdmi_text_controller_1_0/src/blk_mem_gen_0/blk_mem_gen_0.xci]
INFO: [IP_Flow 19-1686] Generating 'Instantiation Template' target for IP 'blk_mem_gen_0'...
update_compile_order -fileset sources_1
generate_target all [get_files  c:/Users/realk/Desktop/ece385/ECE385/ip_repo/hdmi_text_controller_1_0/src/blk_mem_gen_0/blk_mem_gen_0.xci]
INFO: [IP_Flow 19-1686] Generating 'Synthesis' target for IP 'blk_mem_gen_0'...
INFO: [IP_Flow 19-1686] Generating 'Simulation' target for IP 'blk_mem_gen_0'...
INFO: [IP_Flow 19-1686] Generating 'Miscellaneous' target for IP 'blk_mem_gen_0'...
INFO: [IP_Flow 19-1686] Generating 'Change Log' target for IP 'blk_mem_gen_0'...
catch { config_ip_cache -export [get_ips -all blk_mem_gen_0] }
INFO: [IP_Flow 19-6924] IPCACHE: Running cache check for IP inst: blk_mem_gen_0
export_ip_user_files -of_objects [get_files c:/Users/realk/Desktop/ece385/ECE385/ip_repo/hdmi_text_controller_1_0/src/blk_mem_gen_0/blk_mem_gen_0.xci] -no_script -sync -force -quiet
create_ip_run [get_files -of_objects [get_fileset sources_1] c:/Users/realk/Desktop/ece385/ECE385/ip_repo/hdmi_text_controller_1_0/src/blk_mem_gen_0/blk_mem_gen_0.xci]
launch_runs blk_mem_gen_0_synth_1 -jobs 16
INFO: [IP_Flow 19-6924] IPCACHE: Running cache check for IP inst: blk_mem_gen_0
[Tue Nov  5 21:13:24 2024] Launched blk_mem_gen_0_synth_1...
Run output will be captured here: c:/users/realk/desktop/ece385/ece385/lab7_1/lab7_1.tmp/hdmi_text_controller_v1_0_project/hdmi_text_controller_v1_0_project.runs/blk_mem_gen_0_synth_1/runme.log
export_simulation -of_objects [get_files c:/Users/realk/Desktop/ece385/ECE385/ip_repo/hdmi_text_controller_1_0/src/blk_mem_gen_0/blk_mem_gen_0.xci] -directory c:/users/realk/desktop/ece385/ece385/lab7_1/lab7_1.tmp/hdmi_text_controller_v1_0_project/hdmi_text_controller_v1_0_project.ip_user_files/sim_scripts -ip_user_files_dir c:/users/realk/desktop/ece385/ece385/lab7_1/lab7_1.tmp/hdmi_text_controller_v1_0_project/hdmi_text_controller_v1_0_project.ip_user_files -ipstatic_source_dir c:/users/realk/desktop/ece385/ece385/lab7_1/lab7_1.tmp/hdmi_text_controller_v1_0_project/hdmi_text_controller_v1_0_project.ip_user_files/ipstatic -lib_map_path [list {modelsim=c:/users/realk/desktop/ece385/ece385/lab7_1/lab7_1.tmp/hdmi_text_controller_v1_0_project/hdmi_text_controller_v1_0_project.cache/compile_simlib/modelsim} {questa=c:/users/realk/desktop/ece385/ece385/lab7_1/lab7_1.tmp/hdmi_text_controller_v1_0_project/hdmi_text_controller_v1_0_project.cache/compile_simlib/questa} {riviera=c:/users/realk/desktop/ece385/ece385/lab7_1/lab7_1.tmp/hdmi_text_controller_v1_0_project/hdmi_text_controller_v1_0_project.cache/compile_simlib/riviera} {activehdl=c:/users/realk/desktop/ece385/ece385/lab7_1/lab7_1.tmp/hdmi_text_controller_v1_0_project/hdmi_text_controller_v1_0_project.cache/compile_simlib/activehdl}] -use_ip_compiled_libs -force -quiet
launch_runs synth_1 -jobs 16
INFO: [IP_Flow 19-1686] Generating 'Synthesis' target for IP 'vga_to_hdmi'...
INFO: [IP_Flow 19-1686] Generating 'Synthesis' target for IP 'clk_wiz'...
INFO: [IP_Flow 19-1686] Generating 'Implementation' target for IP 'clk_wiz'...
WARNING: [Vivado 12-7122] Auto Incremental Compile:: No reference checkpoint was found in run synth_1. Auto-incremental flow will not be run, the standard flow will be run instead.
[Tue Nov  5 23:01:06 2024] Launched synth_1...
Run output will be captured here: c:/users/realk/desktop/ece385/ece385/lab7_1/lab7_1.tmp/hdmi_text_controller_v1_0_project/hdmi_text_controller_v1_0_project.runs/synth_1/runme.log
reset_run synth_1
WARNING: [Vivado 12-1017] Problems encountered:
1. Failed to delete one or more files in run directory c:/users/realk/desktop/ece385/ece385/lab7_1/lab7_1.tmp/hdmi_text_controller_v1_0_project/hdmi_text_controller_v1_0_project.runs/synth_1

generate_target Simulation [get_files c:/Users/realk/Desktop/ece385/ECE385/ip_repo/hdmi_text_controller_1_0/src/hdmi_tx_0/hdmi_tx_0.xci]
INFO: [IP_Flow 19-1686] Generating 'Simulation' target for IP 'vga_to_hdmi'...
export_ip_user_files -of_objects [get_files c:/Users/realk/Desktop/ece385/ECE385/ip_repo/hdmi_text_controller_1_0/src/hdmi_tx_0/hdmi_tx_0.xci] -no_script -sync -force -quiet
export_simulation -of_objects [get_files c:/Users/realk/Desktop/ece385/ECE385/ip_repo/hdmi_text_controller_1_0/src/hdmi_tx_0/hdmi_tx_0.xci] -directory c:/users/realk/desktop/ece385/ece385/lab7_1/lab7_1.tmp/hdmi_text_controller_v1_0_project/hdmi_text_controller_v1_0_project.ip_user_files/sim_scripts -ip_user_files_dir c:/users/realk/desktop/ece385/ece385/lab7_1/lab7_1.tmp/hdmi_text_controller_v1_0_project/hdmi_text_controller_v1_0_project.ip_user_files -ipstatic_source_dir c:/users/realk/desktop/ece385/ece385/lab7_1/lab7_1.tmp/hdmi_text_controller_v1_0_project/hdmi_text_controller_v1_0_project.ip_user_files/ipstatic -lib_map_path [list {modelsim=c:/users/realk/desktop/ece385/ece385/lab7_1/lab7_1.tmp/hdmi_text_controller_v1_0_project/hdmi_text_controller_v1_0_project.cache/compile_simlib/modelsim} {questa=c:/users/realk/desktop/ece385/ece385/lab7_1/lab7_1.tmp/hdmi_text_controller_v1_0_project/hdmi_text_controller_v1_0_project.cache/compile_simlib/questa} {riviera=c:/users/realk/desktop/ece385/ece385/lab7_1/lab7_1.tmp/hdmi_text_controller_v1_0_project/hdmi_text_controller_v1_0_project.cache/compile_simlib/riviera} {activehdl=c:/users/realk/desktop/ece385/ece385/lab7_1/lab7_1.tmp/hdmi_text_controller_v1_0_project/hdmi_text_controller_v1_0_project.cache/compile_simlib/activehdl}] -use_ip_compiled_libs -force -quiet
generate_target Simulation [get_files c:/Users/realk/Desktop/ece385/ECE385/ip_repo/hdmi_text_controller_1_0/src/clk_wiz_0/clk_wiz_0.xci]
INFO: [IP_Flow 19-1686] Generating 'Simulation' target for IP 'clk_wiz'...
export_ip_user_files -of_objects [get_files c:/Users/realk/Desktop/ece385/ECE385/ip_repo/hdmi_text_controller_1_0/src/clk_wiz_0/clk_wiz_0.xci] -no_script -sync -force -quiet
export_simulation -of_objects [get_files c:/Users/realk/Desktop/ece385/ECE385/ip_repo/hdmi_text_controller_1_0/src/clk_wiz_0/clk_wiz_0.xci] -directory c:/users/realk/desktop/ece385/ece385/lab7_1/lab7_1.tmp/hdmi_text_controller_v1_0_project/hdmi_text_controller_v1_0_project.ip_user_files/sim_scripts -ip_user_files_dir c:/users/realk/desktop/ece385/ece385/lab7_1/lab7_1.tmp/hdmi_text_controller_v1_0_project/hdmi_text_controller_v1_0_project.ip_user_files -ipstatic_source_dir c:/users/realk/desktop/ece385/ece385/lab7_1/lab7_1.tmp/hdmi_text_controller_v1_0_project/hdmi_text_controller_v1_0_project.ip_user_files/ipstatic -lib_map_path [list {modelsim=c:/users/realk/desktop/ece385/ece385/lab7_1/lab7_1.tmp/hdmi_text_controller_v1_0_project/hdmi_text_controller_v1_0_project.cache/compile_simlib/modelsim} {questa=c:/users/realk/desktop/ece385/ece385/lab7_1/lab7_1.tmp/hdmi_text_controller_v1_0_project/hdmi_text_controller_v1_0_project.cache/compile_simlib/questa} {riviera=c:/users/realk/desktop/ece385/ece385/lab7_1/lab7_1.tmp/hdmi_text_controller_v1_0_project/hdmi_text_controller_v1_0_project.cache/compile_simlib/riviera} {activehdl=c:/users/realk/desktop/ece385/ece385/lab7_1/lab7_1.tmp/hdmi_text_controller_v1_0_project/hdmi_text_controller_v1_0_project.cache/compile_simlib/activehdl}] -use_ip_compiled_libs -force -quiet
launch_simulation
Command: launch_simulation 
INFO: [Vivado 12-12493] Simulation top is 'hdmi_text_controller_tb'
WARNING: [Vivado 12-13340] Unable to auto find GCC executables from simulator install path! (path not set)
WARNING: [Vivado 12-13277] Compiled library path does not exist: ''
INFO: [Vivado 12-5698] Checking validity of IPs in the design for the 'XSim' simulator...
INFO: [Vivado 12-5682] Launching behavioral simulation in 'c:/users/realk/desktop/ece385/ece385/lab7_1/lab7_1.tmp/hdmi_text_controller_v1_0_project/hdmi_text_controller_v1_0_project.sim/sim_1/behav/xsim'
INFO: [Vivado 12-13660] Precompiled IP simulation library mode is enabled (default). The design IP libraries will be referenced from the compiled library path. Please note that if the precompiled version of the library is not found from the path or the IP is in locked state, then the library source files for these IPs will be compiled locally as part of the compile order.
INFO: [Vivado 12-4795] Using compiled simulation libraries for IPs
INFO: [SIM-utils-51] Simulation object is 'sim_1'
INFO: [SIM-utils-72] Using boost library from 'C:/Xilinx/Vivado/2022.2/tps/boost_1_72_0'
INFO: [USF-XSim-7] Finding pre-compiled libraries...
INFO: [USF-XSim-11] File 'C:/Xilinx/Vivado/2022.2/data/xsim/xsim.ini' copied to run dir:'c:/users/realk/desktop/ece385/ece385/lab7_1/lab7_1.tmp/hdmi_text_controller_v1_0_project/hdmi_text_controller_v1_0_project.sim/sim_1/behav/xsim'
INFO: [SIM-utils-54] Inspecting design source files for 'hdmi_text_controller_tb' in fileset 'sim_1'...
INFO: [USF-XSim-97] Finding global include files...
INFO: [USF-XSim-98] Fetching design files from 'sim_1'...
INFO: [USF-XSim-2] XSim::Compile design
INFO: [USF-XSim-61] Executing 'COMPILE and ANALYZE' step in 'c:/users/realk/desktop/ece385/ece385/lab7_1/lab7_1.tmp/hdmi_text_controller_v1_0_project/hdmi_text_controller_v1_0_project.sim/sim_1/behav/xsim'
"xvlog --incr --relax -L uvm -prj hdmi_text_controller_tb_vlog.prj"
ERROR: [XSIM 43-4307] Invalid entry in the project file, expecting a file name but specified path '../../../../hdmi_text_controller_v1_0_project.gen/sources_1/ip/clk_wiz_0' represents a directory name.
ERROR: [XSIM 43-3217] hdmi_text_controller_tb_vlog.prj (line 3): Incorrect project file syntax. Correct syntax is one of: vhdl <worklib> <file>, verilog <worklib> <file> [<file> ...] [[-d <macro>] ...] [[-i <include>] ...], or NOSORT. Presence of NOSORT on a line of its own disables file order sorting.
INFO: [USF-XSim-69] 'compile' step finished in '1' seconds
INFO: [USF-XSim-99] Step results log file:'C:/Users/realk/Desktop/ece385/ECE385/lab7_1/lab7_1.tmp/hdmi_text_controller_v1_0_project/hdmi_text_controller_v1_0_project.sim/sim_1/behav/xsim/xvlog.log'
ERROR: [USF-XSim-62] 'compile' step failed with error(s). Please check the Tcl console output or 'C:/Users/realk/Desktop/ece385/ECE385/lab7_1/lab7_1.tmp/hdmi_text_controller_v1_0_project/hdmi_text_controller_v1_0_project.sim/sim_1/behav/xsim/xvlog.log' file for more information.
ERROR: [Vivado 12-4473] Detected error while running simulation. Please correct the issue and retry this operation.
ERROR: [Common 17-39] 'launch_simulation' failed due to earlier errors.
ipx::merge_project_changes files [ipx::current_core]
WARNING: [IP_Flow 19-5226] Project source file 'c:/Users/realk/Desktop/ece385/ECE385/ip_repo/hdmi_text_controller_1_0/component.xml' ignored by IP packager.
WARNING: [IP_Flow 19-5898] Updating the required XPM macros from 'XPM_CDC' to 'XPM_CDC,XPM_MEMORY'
ipx::merge_project_changes hdl_parameters [ipx::current_core]
WARNING: [IP_Flow 19-5226] Project source file 'c:/Users/realk/Desktop/ece385/ECE385/ip_repo/hdmi_text_controller_1_0/component.xml' ignored by IP packager.
WARNING: [IP_Flow 19-5101] Packaging a component with a SystemVerilog top file is not fully supported. Please refer to UG1118 'Creating and Packaging Custom IP'.
INFO: [IP_Flow 19-3166] Bus Interface 'AXI': References existing memory map 'AXI'.
set_property core_revision 17 [ipx::current_core]
ipx::update_source_project_archive -component [ipx::current_core]
ipx::create_xgui_files [ipx::current_core]
ipx::update_checksums [ipx::current_core]
ipx::check_integrity [ipx::current_core]
WARNING: [IP_Flow 19-5661] Bus Interface 'hdmi_clk_n' does not have any bus interfaces associated with it.
WARNING: [IP_Flow 19-4751] Bus Interface 'hdmi_clk_n': FREQ_HZ bus parameter is missing for output clock interface.
WARNING: [IP_Flow 19-5661] Bus Interface 'hdmi_clk_p' does not have any bus interfaces associated with it.
WARNING: [IP_Flow 19-4751] Bus Interface 'hdmi_clk_p': FREQ_HZ bus parameter is missing for output clock interface.
WARNING: [IP_Flow 19-1965] Bus Interface 'HDMI': A port map to the required logical port "DDC_SCL_I" of the bus abstraction "xilinx.com:interface:hdmi_rtl:2.0" is missing.
WARNING: [IP_Flow 19-1965] Bus Interface 'HDMI': A port map to the required logical port "DDC_SCL_O" of the bus abstraction "xilinx.com:interface:hdmi_rtl:2.0" is missing.
WARNING: [IP_Flow 19-1965] Bus Interface 'HDMI': A port map to the required logical port "DDC_SCL_T" of the bus abstraction "xilinx.com:interface:hdmi_rtl:2.0" is missing.
WARNING: [IP_Flow 19-1965] Bus Interface 'HDMI': A port map to the required logical port "DDC_SDA_I" of the bus abstraction "xilinx.com:interface:hdmi_rtl:2.0" is missing.
WARNING: [IP_Flow 19-1965] Bus Interface 'HDMI': A port map to the required logical port "DDC_SDA_O" of the bus abstraction "xilinx.com:interface:hdmi_rtl:2.0" is missing.
WARNING: [IP_Flow 19-1965] Bus Interface 'HDMI': A port map to the required logical port "DDC_SDA_T" of the bus abstraction "xilinx.com:interface:hdmi_rtl:2.0" is missing.
WARNING: [IP_Flow 19-1965] Bus Interface 'HDMI': A port map to the required logical port "CABLE_CONNECT" of the bus abstraction "xilinx.com:interface:hdmi_rtl:2.0" is missing.
WARNING: [IP_Flow 19-1965] Bus Interface 'HDMI': A port map to the required logical port "HPD" of the bus abstraction "xilinx.com:interface:hdmi_rtl:2.0" is missing.
INFO: [IP_Flow 19-2181] Payment Required is not set for this core.
INFO: [IP_Flow 19-2187] The Product Guide file is missing.
INFO: [Ipptcl 7-1486] check_integrity: Integrity check passed.
ipx::save_core [ipx::current_core]
ipx::move_temp_component_back -component [ipx::current_core]
close_project -delete
update_ip_catalog -rebuild -repo_path c:/Users/realk/Desktop/ece385/ECE385/ip_repo/hdmi_text_controller_1_0
INFO: [IP_Flow 19-725] Reloaded user IP repository 'c:/Users/realk/Desktop/ece385/ECE385/ip_repo/hdmi_text_controller_1_0'
WARNING: [IP_Flow 19-4318] IP-XACT file does not exist: c:/Users/realk/Desktop/hdmi_tx_1.0/component.xml. It will be created.
report_ip_status -name ip_status 
upgrade_ip -vlnv xilinx.com:user:hdmi_text_controller:1.0 [get_ips  mb_block_hdmi_text_controller_0_4] -log ip_upgrade.log
Upgrading 'C:/Users/realk/Desktop/ece385/ECE385/lab7_1/lab7_1.srcs/sources_1/bd/mb_block/mb_block.bd'
INFO: [IP_Flow 19-3422] Upgraded mb_block_hdmi_text_controller_0_4 (hdmi_text_controller_v1.0 1.0) from revision 16 to revision 17
Wrote  : <C:\Users\realk\Desktop\ece385\ECE385\lab7_1\lab7_1.srcs\sources_1\bd\mb_block\mb_block.bd> 
Wrote  : <C:/Users/realk/Desktop/ece385/ECE385/lab7_1/lab7_1.srcs/sources_1/bd/mb_block/ui/bd_d3042d03.ui> 
INFO: [Coretcl 2-1525] Wrote upgrade log to 'C:/Users/realk/Desktop/ece385/ECE385/lab7_1/ip_upgrade.log'.
export_ip_user_files -of_objects [get_ips mb_block_hdmi_text_controller_0_4] -no_script -sync -force -quiet
generate_target all [get_files  C:/Users/realk/Desktop/ece385/ECE385/lab7_1/lab7_1.srcs/sources_1/bd/mb_block/mb_block.bd]
CRITICAL WARNING: [BD 41-1732] Bus interface '/hdmi_text_controller_0/AXI' is found to be associated with multiple clock-pins. This may prevent design from functioning correctly. List of associated clock-pins:
/hdmi_text_controller_0/axi_aclk
/hdmi_text_controller_0/axi_aclk

.
WARNING: [filemgmt 56-443] The ECC Algorithm string is empty. Setting the Memory Map to default ECC value to ECC_NONE.
WARNING: [filemgmt 56-443] The ECC Algorithm string is empty. Setting the Memory Map to default ECC value to ECC_NONE.
INFO: [xilinx.com:ip:axi_intc:4.1-1] /microblaze_0_axi_intc: The AXI INTC core has been configured to operate with synchronous clocks.
INFO: [xilinx.com:ip:clk_wiz:6.0-1] /clk_wiz_1 clk_wiz propagate
Wrote  : <C:\Users\realk\Desktop\ece385\ECE385\lab7_1\lab7_1.srcs\sources_1\bd\mb_block\mb_block.bd> 
Verilog Output written to : c:/Users/realk/Desktop/ece385/ECE385/lab7_1/lab7_1.gen/sources_1/bd/mb_block/synth/mb_block.v
Verilog Output written to : c:/Users/realk/Desktop/ece385/ECE385/lab7_1/lab7_1.gen/sources_1/bd/mb_block/sim/mb_block.v
Verilog Output written to : c:/Users/realk/Desktop/ece385/ECE385/lab7_1/lab7_1.gen/sources_1/bd/mb_block/hdl/mb_block_wrapper.v
CRITICAL WARNING: [IP_Flow 19-663] Failed to copy file 'c:/Users/realk/Desktop/ece385/ECE385/ip_repo/hdmi_text_controller_1_0/src/hdmi_tx_0/hdmi_tx_0.xci', it does not exist.
CRITICAL WARNING: [IP_Flow 19-157] Failed to copy file from 'c:/Users/realk/Desktop/ece385/ECE385/ip_repo/hdmi_text_controller_1_0/src/hdmi_tx_0/hdmi_tx_0.xci' to 'c:/Users/realk/Desktop/ece385/ECE385/lab7_1/lab7_1.gen/sources_1/bd/mb_block/ip/mb_block_hdmi_text_controller_0_4/src/hdmi_tx_0/hdmi_tx_0.xci'.
CRITICAL WARNING: [IP_Flow 19-663] Failed to copy file 'c:/Users/realk/Desktop/ece385/ECE385/ip_repo/hdmi_text_controller_1_0/src/clk_wiz_0/clk_wiz_0.xci', it does not exist.
CRITICAL WARNING: [IP_Flow 19-157] Failed to copy file from 'c:/Users/realk/Desktop/ece385/ECE385/ip_repo/hdmi_text_controller_1_0/src/clk_wiz_0/clk_wiz_0.xci' to 'c:/Users/realk/Desktop/ece385/ECE385/lab7_1/lab7_1.gen/sources_1/bd/mb_block/ip/mb_block_hdmi_text_controller_0_4/src/clk_wiz_0/clk_wiz_0.xci'.
ERROR: [IP_Flow 19-167] Failed to deliver one or more file(s).
ERROR: [IP_Flow 19-3505] IP Generation error: Failed to generate IP 'hdmi_text_controller_0'. Failed to generate 'Verilog Synthesis' outputs: 
ERROR: [IP_Flow 19-98] Generation of the IP CORE failed.
Failed to generate IP 'hdmi_text_controller_0'. Failed to generate 'Verilog Synthesis' outputs: 
ERROR: [BD 41-1030] Generation failed for the IP Integrator block hdmi_text_controller_0 
Exporting to file c:/Users/realk/Desktop/ece385/ECE385/lab7_1/lab7_1.gen/sources_1/bd/mb_block/hw_handoff/mb_block.hwh
Generated Hardware Definition File c:/Users/realk/Desktop/ece385/ECE385/lab7_1/lab7_1.gen/sources_1/bd/mb_block/synth/mb_block.hwdef
generate_target: Time (s): cpu = 00:00:02 ; elapsed = 00:00:08 . Memory (MB): peak = 2839.605 ; gain = 0.000
ERROR: [Common 17-39] 'generate_target' failed due to earlier errors.
update_ip_catalog -rebuild -scan_changes
INFO: [IP_Flow 19-234] Refreshing IP repositories
INFO: [IP_Flow 19-1700] Loaded user IP repository 'c:/Users/realk/Desktop/ece385/ECE385/ip_repo/hdmi_text_controller_1_0'.
INFO: [IP_Flow 19-1700] Loaded user IP repository 'c:/Users/realk/Desktop/hdmi_tx_1.0'.
report_ip_status -name ip_status
upgrade_ip -vlnv xilinx.com:user:hdmi_text_controller:1.0 [get_ips  mb_block_hdmi_text_controller_0_4] -log ip_upgrade.log
Upgrading 'C:/Users/realk/Desktop/ece385/ECE385/lab7_1/lab7_1.srcs/sources_1/bd/mb_block/mb_block.bd'
INFO: [IP_Flow 19-3422] Upgraded mb_block_hdmi_text_controller_0_4 (hdmi_text_controller_v1.0 1.0) from revision 17 to revision 19
WARNING: [IP_Flow 19-3571] IP 'mb_block_hdmi_text_controller_0_4' is restricted:
* IP definition 'hdmi_text_controller_v1.0 (1.0)' relies on the following subcore(s) that were not found in the IP Catalog: realdigital.org:realdigital:hdmi_tx:1.0
Wrote  : <C:\Users\realk\Desktop\ece385\ECE385\lab7_1\lab7_1.srcs\sources_1\bd\mb_block\mb_block.bd> 
INFO: [Coretcl 2-1525] Wrote upgrade log to 'C:/Users/realk/Desktop/ece385/ECE385/lab7_1/ip_upgrade.log'.
export_ip_user_files -of_objects [get_ips mb_block_hdmi_text_controller_0_4] -no_script -sync -force -quiet
generate_target all [get_files  C:/Users/realk/Desktop/ece385/ECE385/lab7_1/lab7_1.srcs/sources_1/bd/mb_block/mb_block.bd]
CRITICAL WARNING: [BD 41-1732] Bus interface '/hdmi_text_controller_0/AXI' is found to be associated with multiple clock-pins. This may prevent design from functioning correctly. List of associated clock-pins:
/hdmi_text_controller_0/axi_aclk
/hdmi_text_controller_0/axi_aclk

.
WARNING: [filemgmt 56-443] The ECC Algorithm string is empty. Setting the Memory Map to default ECC value to ECC_NONE.
WARNING: [filemgmt 56-443] The ECC Algorithm string is empty. Setting the Memory Map to default ECC value to ECC_NONE.
INFO: [xilinx.com:ip:axi_intc:4.1-1] /microblaze_0_axi_intc: The AXI INTC core has been configured to operate with synchronous clocks.
INFO: [xilinx.com:ip:clk_wiz:6.0-1] /clk_wiz_1 clk_wiz propagate
Wrote  : <C:\Users\realk\Desktop\ece385\ECE385\lab7_1\lab7_1.srcs\sources_1\bd\mb_block\mb_block.bd> 
Verilog Output written to : c:/Users/realk/Desktop/ece385/ECE385/lab7_1/lab7_1.gen/sources_1/bd/mb_block/synth/mb_block.v
Verilog Output written to : c:/Users/realk/Desktop/ece385/ECE385/lab7_1/lab7_1.gen/sources_1/bd/mb_block/sim/mb_block.v
Verilog Output written to : c:/Users/realk/Desktop/ece385/ECE385/lab7_1/lab7_1.gen/sources_1/bd/mb_block/hdl/mb_block_wrapper.v
CRITICAL WARNING: [IP_Flow 19-4065] The definition for subcore dependency 'realdigital.org:realdigital:hdmi_tx:1.0' is not available in the repository.
CRITICAL WARNING: [IP_Flow 19-4065] The definition for subcore dependency 'realdigital.org:realdigital:hdmi_tx:1.0' is not available in the repository.
WARNING: [IP_Flow 19-1823] Unable to identify upgrade version ''
CRITICAL WARNING: [IP_Flow 19-3817] IP 'mb_block_hdmi_text_controller_0_4' failed to properly generate child IP 'hdmi_tx_0'.  Please edit or regenerate IP Definition to correct the child IP.  Reason: 
Cannot upgrade to invalid target ''
ERROR: [IP_Flow 19-98] Generation of the IP CORE failed.
Cannot upgrade to invalid target ''
ERROR: [BD 41-1030] Generation failed for the IP Integrator block hdmi_text_controller_0 
Exporting to file c:/Users/realk/Desktop/ece385/ECE385/lab7_1/lab7_1.gen/sources_1/bd/mb_block/hw_handoff/mb_block.hwh
Generated Hardware Definition File c:/Users/realk/Desktop/ece385/ECE385/lab7_1/lab7_1.gen/sources_1/bd/mb_block/synth/mb_block.hwdef
generate_target: Time (s): cpu = 00:00:05 ; elapsed = 00:00:15 . Memory (MB): peak = 2844.980 ; gain = 0.000
ERROR: [Common 17-39] 'generate_target' failed due to earlier errors.
set_property  ip_repo_paths  c:/Users/realk/Desktop/ece385/ECE385/ip_repo/hdmi_text_controller_1_0 [current_project]
update_ip_catalog
INFO: [IP_Flow 19-234] Refreshing IP repositories
INFO: [IP_Flow 19-1700] Loaded user IP repository 'c:/Users/realk/Desktop/ece385/ECE385/ip_repo/hdmi_text_controller_1_0'.
set_property  ip_repo_paths  {c:/Users/realk/Desktop/ece385/ECE385/ip_repo/hdmi_text_controller_1_0 C:/Users/realk/Downloads/RD_hdmi_ip2020/hdmi_tx_1.0} [current_project]
update_ip_catalog
INFO: [IP_Flow 19-234] Refreshing IP repositories
INFO: [IP_Flow 19-1700] Loaded user IP repository 'c:/Users/realk/Desktop/ece385/ECE385/ip_repo/hdmi_text_controller_1_0'.
INFO: [IP_Flow 19-1700] Loaded user IP repository 'c:/Users/realk/Downloads/RD_hdmi_ip2020/hdmi_tx_1.0'.
update_ip_catalog -rebuild -scan_changes
INFO: [IP_Flow 19-234] Refreshing IP repositories
INFO: [IP_Flow 19-1700] Loaded user IP repository 'c:/Users/realk/Desktop/ece385/ECE385/ip_repo/hdmi_text_controller_1_0'.
INFO: [IP_Flow 19-1700] Loaded user IP repository 'c:/Users/realk/Downloads/RD_hdmi_ip2020/hdmi_tx_1.0'.
report_ip_status -name ip_status
upgrade_ip -vlnv xilinx.com:user:hdmi_text_controller:1.0 [get_ips  mb_block_hdmi_text_controller_0_4] -log ip_upgrade.log
Upgrading 'C:/Users/realk/Desktop/ece385/ECE385/lab7_1/lab7_1.srcs/sources_1/bd/mb_block/mb_block.bd'
INFO: [IP_Flow 19-3422] Upgraded mb_block_hdmi_text_controller_0_4 (hdmi_text_controller_v1.0 1.0) from revision 19 to revision 20
Wrote  : <C:\Users\realk\Desktop\ece385\ECE385\lab7_1\lab7_1.srcs\sources_1\bd\mb_block\mb_block.bd> 
Wrote  : <C:/Users/realk/Desktop/ece385/ECE385/lab7_1/lab7_1.srcs/sources_1/bd/mb_block/ui/bd_d3042d03.ui> 
INFO: [Coretcl 2-1525] Wrote upgrade log to 'C:/Users/realk/Desktop/ece385/ECE385/lab7_1/ip_upgrade.log'.
export_ip_user_files -of_objects [get_ips mb_block_hdmi_text_controller_0_4] -no_script -sync -force -quiet
generate_target all [get_files  C:/Users/realk/Desktop/ece385/ECE385/lab7_1/lab7_1.srcs/sources_1/bd/mb_block/mb_block.bd]
CRITICAL WARNING: [BD 41-1732] Bus interface '/hdmi_text_controller_0/AXI' is found to be associated with multiple clock-pins. This may prevent design from functioning correctly. List of associated clock-pins:
/hdmi_text_controller_0/axi_aclk
/hdmi_text_controller_0/axi_aclk

.
WARNING: [filemgmt 56-443] The ECC Algorithm string is empty. Setting the Memory Map to default ECC value to ECC_NONE.
WARNING: [filemgmt 56-443] The ECC Algorithm string is empty. Setting the Memory Map to default ECC value to ECC_NONE.
INFO: [xilinx.com:ip:axi_intc:4.1-1] /microblaze_0_axi_intc: The AXI INTC core has been configured to operate with synchronous clocks.
INFO: [xilinx.com:ip:clk_wiz:6.0-1] /clk_wiz_1 clk_wiz propagate
Wrote  : <C:\Users\realk\Desktop\ece385\ECE385\lab7_1\lab7_1.srcs\sources_1\bd\mb_block\mb_block.bd> 
Verilog Output written to : c:/Users/realk/Desktop/ece385/ECE385/lab7_1/lab7_1.gen/sources_1/bd/mb_block/synth/mb_block.v
Verilog Output written to : c:/Users/realk/Desktop/ece385/ECE385/lab7_1/lab7_1.gen/sources_1/bd/mb_block/sim/mb_block.v
Verilog Output written to : c:/Users/realk/Desktop/ece385/ECE385/lab7_1/lab7_1.gen/sources_1/bd/mb_block/hdl/mb_block_wrapper.v
INFO: [BD 41-1029] Generation completed for the IP Integrator block hdmi_text_controller_0 .
Exporting to file c:/Users/realk/Desktop/ece385/ECE385/lab7_1/lab7_1.gen/sources_1/bd/mb_block/hw_handoff/mb_block.hwh
Generated Hardware Definition File c:/Users/realk/Desktop/ece385/ECE385/lab7_1/lab7_1.gen/sources_1/bd/mb_block/synth/mb_block.hwdef
generate_target: Time (s): cpu = 00:00:07 ; elapsed = 00:00:17 . Memory (MB): peak = 2866.289 ; gain = 0.000
catch { config_ip_cache -export [get_ips -all mb_block_hdmi_text_controller_0_4] }
INFO: [IP_Flow 19-6924] IPCACHE: Running cache check for IP inst: mb_block_hdmi_text_controller_0_4
export_ip_user_files -of_objects [get_files C:/Users/realk/Desktop/ece385/ECE385/lab7_1/lab7_1.srcs/sources_1/bd/mb_block/mb_block.bd] -no_script -sync -force -quiet
create_ip_run [get_files -of_objects [get_fileset sources_1] C:/Users/realk/Desktop/ece385/ECE385/lab7_1/lab7_1.srcs/sources_1/bd/mb_block/mb_block.bd]
launch_runs mb_block_hdmi_text_controller_0_4_synth_1 -jobs 16
INFO: [IP_Flow 19-6924] IPCACHE: Running cache check for IP inst: mb_block_hdmi_text_controller_0_4
[Wed Nov  6 23:48:17 2024] Launched mb_block_hdmi_text_controller_0_4_synth_1...
Run output will be captured here: C:/Users/realk/Desktop/ece385/ECE385/lab7_1/lab7_1.runs/mb_block_hdmi_text_controller_0_4_synth_1/runme.log
export_simulation -of_objects [get_files C:/Users/realk/Desktop/ece385/ECE385/lab7_1/lab7_1.srcs/sources_1/bd/mb_block/mb_block.bd] -directory C:/Users/realk/Desktop/ece385/ECE385/lab7_1/lab7_1.ip_user_files/sim_scripts -ip_user_files_dir C:/Users/realk/Desktop/ece385/ECE385/lab7_1/lab7_1.ip_user_files -ipstatic_source_dir C:/Users/realk/Desktop/ece385/ECE385/lab7_1/lab7_1.ip_user_files/ipstatic -lib_map_path [list {modelsim=C:/Users/realk/Desktop/ece385/ECE385/lab7_1/lab7_1.cache/compile_simlib/modelsim} {questa=C:/Users/realk/Desktop/ece385/ECE385/lab7_1/lab7_1.cache/compile_simlib/questa} {riviera=C:/Users/realk/Desktop/ece385/ECE385/lab7_1/lab7_1.cache/compile_simlib/riviera} {activehdl=C:/Users/realk/Desktop/ece385/ECE385/lab7_1/lab7_1.cache/compile_simlib/activehdl}] -use_ip_compiled_libs -force -quiet
reset_run synth_1
INFO: [Project 1-1161] Replacing file C:/Users/realk/Desktop/ece385/ECE385/lab7_1/lab7_1.srcs/utils_1/imports/synth_1/mb_block_wrapper.dcp with file C:/Users/realk/Desktop/ece385/ECE385/lab7_1/lab7_1.runs/synth_1/mb_block_wrapper.dcp
launch_runs impl_1 -to_step write_bitstream -jobs 16
[Wed Nov  6 23:50:33 2024] Launched synth_1...
Run output will be captured here: C:/Users/realk/Desktop/ece385/ECE385/lab7_1/lab7_1.runs/synth_1/runme.log
[Wed Nov  6 23:50:33 2024] Launched impl_1...
Run output will be captured here: C:/Users/realk/Desktop/ece385/ECE385/lab7_1/lab7_1.runs/impl_1/runme.log
write_hw_platform -fixed -include_bit -force -file C:/Users/realk/Desktop/ece385/ECE385/lab7_1/mb_block_wrapper.xsa
INFO: [Project 1-1918] Creating Hardware Platform: C:/Users/realk/Desktop/ece385/ECE385/lab7_1/mb_block_wrapper.xsa ...
INFO: [Project 1-1943] The Hardware Platform can be used for Hardware
INFO: [Project 1-1941] Successfully created Hardware Platform: C:/Users/realk/Desktop/ece385/ECE385/lab7_1/mb_block_wrapper.xsa
open_bd_design {C:/Users/realk/Desktop/ece385/ECE385/lab7_1/lab7_1.srcs/sources_1/bd/mb_block/mb_block.bd}
reset_run synth_1
INFO: [Project 1-1161] Replacing file C:/Users/realk/Desktop/ece385/ECE385/lab7_1/lab7_1.srcs/utils_1/imports/synth_1/mb_block_wrapper.dcp with file C:/Users/realk/Desktop/ece385/ECE385/lab7_1/lab7_1.runs/synth_1/mb_block_wrapper.dcp
launch_runs impl_1 -to_step write_bitstream -jobs 16
[Thu Nov  7 00:12:59 2024] Launched synth_1...
Run output will be captured here: C:/Users/realk/Desktop/ece385/ECE385/lab7_1/lab7_1.runs/synth_1/runme.log
[Thu Nov  7 00:12:59 2024] Launched impl_1...
Run output will be captured here: C:/Users/realk/Desktop/ece385/ECE385/lab7_1/lab7_1.runs/impl_1/runme.log
write_hw_platform -fixed -include_bit -force -file C:/Users/realk/Desktop/ece385/ECE385/lab7_1/mb_block_wrapper.xsa
INFO: [Project 1-1918] Creating Hardware Platform: C:/Users/realk/Desktop/ece385/ECE385/lab7_1/mb_block_wrapper.xsa ...
INFO: [Project 1-1943] The Hardware Platform can be used for Hardware
INFO: [Project 1-1941] Successfully created Hardware Platform: C:/Users/realk/Desktop/ece385/ECE385/lab7_1/mb_block_wrapper.xsa
open_bd_design {C:/Users/realk/Desktop/ece385/ECE385/lab7_1/lab7_1.srcs/sources_1/bd/mb_block/mb_block.bd}
open_bd_design {C:/Users/realk/Desktop/ece385/ECE385/lab7_1/lab7_1.srcs/sources_1/bd/mb_block/mb_block.bd}
delete_bd_objs [get_bd_ports axi_rready_0]
delete_bd_objs [get_bd_ports axi_wvalid_0]
save_bd_design
Wrote  : <C:\Users\realk\Desktop\ece385\ECE385\lab7_1\lab7_1.srcs\sources_1\bd\mb_block\mb_block.bd> 
Wrote  : <C:/Users/realk/Desktop/ece385/ECE385/lab7_1/lab7_1.srcs/sources_1/bd/mb_block/ui/bd_d3042d03.ui> 
reset_run synth_1
INFO: [Project 1-1161] Replacing file C:/Users/realk/Desktop/ece385/ECE385/lab7_1/lab7_1.srcs/utils_1/imports/synth_1/mb_block_wrapper.dcp with file C:/Users/realk/Desktop/ece385/ECE385/lab7_1/lab7_1.runs/synth_1/mb_block_wrapper.dcp
launch_runs impl_1 -to_step write_bitstream -jobs 16
CRITICAL WARNING: [BD 41-1732] Bus interface '/hdmi_text_controller_0/AXI' is found to be associated with multiple clock-pins. This may prevent design from functioning correctly. List of associated clock-pins:
/hdmi_text_controller_0/axi_aclk
/hdmi_text_controller_0/axi_aclk

.
WARNING: [filemgmt 56-443] The ECC Algorithm string is empty. Setting the Memory Map to default ECC value to ECC_NONE.
WARNING: [filemgmt 56-443] The ECC Algorithm string is empty. Setting the Memory Map to default ECC value to ECC_NONE.
INFO: [xilinx.com:ip:axi_intc:4.1-1] /microblaze_0_axi_intc: The AXI INTC core has been configured to operate with synchronous clocks.
INFO: [xilinx.com:ip:clk_wiz:6.0-1] /clk_wiz_1 clk_wiz propagate
Wrote  : <C:\Users\realk\Desktop\ece385\ECE385\lab7_1\lab7_1.srcs\sources_1\bd\mb_block\mb_block.bd> 
Wrote  : <C:/Users/realk/Desktop/ece385/ECE385/lab7_1/lab7_1.srcs/sources_1/bd/mb_block/ui/bd_d3042d03.ui> 
Verilog Output written to : c:/Users/realk/Desktop/ece385/ECE385/lab7_1/lab7_1.gen/sources_1/bd/mb_block/synth/mb_block.v
Verilog Output written to : c:/Users/realk/Desktop/ece385/ECE385/lab7_1/lab7_1.gen/sources_1/bd/mb_block/sim/mb_block.v
Verilog Output written to : c:/Users/realk/Desktop/ece385/ECE385/lab7_1/lab7_1.gen/sources_1/bd/mb_block/hdl/mb_block_wrapper.v
Exporting to file c:/Users/realk/Desktop/ece385/ECE385/lab7_1/lab7_1.gen/sources_1/bd/mb_block/hw_handoff/mb_block.hwh
Generated Hardware Definition File c:/Users/realk/Desktop/ece385/ECE385/lab7_1/lab7_1.gen/sources_1/bd/mb_block/synth/mb_block.hwdef
[Thu Nov  7 00:25:36 2024] Launched synth_1...
Run output will be captured here: C:/Users/realk/Desktop/ece385/ECE385/lab7_1/lab7_1.runs/synth_1/runme.log
[Thu Nov  7 00:25:36 2024] Launched impl_1...
Run output will be captured here: C:/Users/realk/Desktop/ece385/ECE385/lab7_1/lab7_1.runs/impl_1/runme.log
launch_runs: Time (s): cpu = 00:00:02 ; elapsed = 00:00:09 . Memory (MB): peak = 3014.711 ; gain = 0.000
open_bd_design {C:/Users/realk/Desktop/ece385/ECE385/lab7_1/lab7_1.srcs/sources_1/bd/mb_block/mb_block.bd}
reset_run synth_1
INFO: [Project 1-1161] Replacing file C:/Users/realk/Desktop/ece385/ECE385/lab7_1/lab7_1.srcs/utils_1/imports/synth_1/mb_block_wrapper.dcp with file C:/Users/realk/Desktop/ece385/ECE385/lab7_1/lab7_1.runs/synth_1/mb_block_wrapper.dcp
launch_runs impl_1 -to_step write_bitstream -jobs 16
[Thu Nov  7 00:32:49 2024] Launched synth_1...
Run output will be captured here: C:/Users/realk/Desktop/ece385/ECE385/lab7_1/lab7_1.runs/synth_1/runme.log
[Thu Nov  7 00:32:49 2024] Launched impl_1...
Run output will be captured here: C:/Users/realk/Desktop/ece385/ECE385/lab7_1/lab7_1.runs/impl_1/runme.log
exit
INFO: [Common 17-206] Exiting Vivado at Thu Nov  7 00:34:26 2024...
