#-----------------------------------------------------------
# Vivado v2022.2 (64-bit)
# SW Build 3671981 on Fri Oct 14 05:00:03 MDT 2022
# IP Build 3669848 on Fri Oct 14 08:30:02 MDT 2022
# Start of session at: Thu Oct 31 16:26:09 2024
# Process ID: 8104
# Current directory: C:/Users/realk/Desktop/ece385/ECE385/lab7_1
# Command line: vivado.exe -gui_launcher_event rodinguilauncherevent20972 C:\Users\realk\Desktop\ece385\ECE385\lab7_1\lab7_1.xpr
# Log file: C:/Users/realk/Desktop/ece385/ECE385/lab7_1/vivado.log
# Journal file: C:/Users/realk/Desktop/ece385/ECE385/lab7_1\vivado.jou
# Running On: MSI, OS: Windows, CPU Frequency: 2304 MHz, CPU Physical cores: 8, Host memory: 16866 MB
#-----------------------------------------------------------
start_gui
open_project C:/Users/realk/Desktop/ece385/ECE385/lab7_1/lab7_1.xpr
WARNING: [Board 49-26] cannot add Board Part xilinx.com:vek280_es:part0:1.0 available at C:/Xilinx/Vivado/2022.2/data/xhub/boards/XilinxBoardStore/boards/Xilinx/vek280/es/1.0/board.xml as part xcve2802-vsvh1760-2lp-e-s-es1 specified in board_part file is either invalid or not available
WARNING: [Board 49-26] cannot add Board Part xilinx.com:vhk158_es:part0:1.0 available at C:/Xilinx/Vivado/2022.2/data/xhub/boards/XilinxBoardStore/boards/Xilinx/vhk158/es/1.0/board.xml as part xcvh1582-vsva3697-2mp-e-s-es1 specified in board_part file is either invalid or not available
WARNING: [Board 49-26] cannot add Board Part xilinx.com:vpk120_es:part0:1.2 available at C:/Xilinx/Vivado/2022.2/data/xhub/boards/XilinxBoardStore/boards/Xilinx/vpk120/es/1.2/board.xml as part xcvp1202-vsva2785-2mp-e-s-es1 specified in board_part file is either invalid or not available
WARNING: [Board 49-26] cannot add Board Part xilinx.com:vpk120_es_revb:part0:1.0 available at C:/Xilinx/Vivado/2022.2/data/xhub/boards/XilinxBoardStore/boards/Xilinx/vpk120_revb/es/1.0/board.xml as part xcvp1202-vsva2785-2mp-e-s-es1 specified in board_part file is either invalid or not available
WARNING: [Board 49-26] cannot add Board Part xilinx.com:vpk180_es:part0:1.0 available at C:/Xilinx/Vivado/2022.2/data/xhub/boards/XilinxBoardStore/boards/Xilinx/vpk180/es/1.0/board.xml as part xcvp1802-lsvc4072-2mp-e-s-es1 specified in board_part file is either invalid or not available
WARNING: [Board 49-26] cannot add Board Part xilinx.com:zcu208ld:part0:2.0 available at C:/Xilinx/Vivado/2022.2/data/xhub/boards/XilinxBoardStore/boards/Xilinx/zcu208ld/production/2.0/board.xml as part xczu58dr-fsvg1517-2-i specified in board_part file is either invalid or not available
WARNING: [Board 49-26] cannot add Board Part xilinx.com:zcu216ld:part0:2.0 available at C:/Xilinx/Vivado/2022.2/data/xhub/boards/XilinxBoardStore/boards/Xilinx/zcu216ld/production/2.0/board.xml as part xczu59dr-ffvf1760-2-i specified in board_part file is either invalid or not available
WARNING: [Board 49-26] cannot add Board Part xilinx.com:zcu670:part0:2.0 available at C:/Xilinx/Vivado/2022.2/data/xhub/boards/XilinxBoardStore/boards/Xilinx/zcu670/2.0/board.xml as part xczu67dr-fsve1156-2-i specified in board_part file is either invalid or not available
WARNING: [Board 49-26] cannot add Board Part xilinx.com:zcu670ld:part0:1.0 available at C:/Xilinx/Vivado/2022.2/data/xhub/boards/XilinxBoardStore/boards/Xilinx/zcu670ld/1.0/board.xml as part xczu57dr-fsve1156-2-i specified in board_part file is either invalid or not available
INFO: [Project 1-313] Project file moved from 'C:/Users/kb40/Desktop/ECE385/lab7_1' since last save.
WARNING: [filemgmt 56-3] IPUserFilesDir: Could not find the directory 'C:/Users/realk/Desktop/ece385/ECE385/lab7_1/lab7_1.ip_user_files'.
Scanning sources...
Finished scanning sources
INFO: [IP_Flow 19-234] Refreshing IP repositories
INFO: [IP_Flow 19-1700] Loaded user IP repository 'c:/Users/realk/Desktop/ece385/ECE385/lab7part1/ip_repo'.
INFO: [IP_Flow 19-2313] Loaded Vivado IP repository 'C:/Xilinx/Vivado/2022.2/data/ip'.
open_project: Time (s): cpu = 00:00:11 ; elapsed = 00:00:09 . Memory (MB): peak = 1763.387 ; gain = 312.961
update_compile_order -fileset sources_1
ipx::edit_ip_in_project -upgrade true -name hdmi_text_controller_v1_0_project -directory C:/Users/realk/Desktop/ece385/ECE385/lab7_1/lab7_1.tmp/hdmi_text_controller_v1_0_project c:/Users/realk/Desktop/ece385/ECE385/lab7part1/ip_repo/hdmi_text_controller_1_0/component.xml
INFO: [ProjectBase 1-489] The host OS only allows 260 characters in a normal path. The project is stored in a path with more than 80 characters. If you experience issues with IP, Block Designs, or files not being found, please consider moving the project to a location with a shorter path. Alternately consider using the OS subst command to map part of the path to a drive letter.
Current project path is 'c:/users/realk/desktop/ece385/ece385/lab7_1/lab7_1.tmp/hdmi_text_controller_v1_0_project'
INFO: [IP_Flow 19-234] Refreshing IP repositories
INFO: [IP_Flow 19-1704] No user IP repositories specified
INFO: [IP_Flow 19-2313] Loaded Vivado IP repository 'C:/Xilinx/Vivado/2022.2/data/ip'.
WARNING: [Board 49-26] cannot add Board Part xilinx.com:vek280_es:part0:1.0 available at C:/Xilinx/Vivado/2022.2/data/xhub/boards/XilinxBoardStore/boards/Xilinx/vek280/es/1.0/board.xml as part xcve2802-vsvh1760-2lp-e-s-es1 specified in board_part file is either invalid or not available
WARNING: [Board 49-26] cannot add Board Part xilinx.com:vhk158_es:part0:1.0 available at C:/Xilinx/Vivado/2022.2/data/xhub/boards/XilinxBoardStore/boards/Xilinx/vhk158/es/1.0/board.xml as part xcvh1582-vsva3697-2mp-e-s-es1 specified in board_part file is either invalid or not available
WARNING: [Board 49-26] cannot add Board Part xilinx.com:vpk120_es:part0:1.2 available at C:/Xilinx/Vivado/2022.2/data/xhub/boards/XilinxBoardStore/boards/Xilinx/vpk120/es/1.2/board.xml as part xcvp1202-vsva2785-2mp-e-s-es1 specified in board_part file is either invalid or not available
WARNING: [Board 49-26] cannot add Board Part xilinx.com:vpk120_es_revb:part0:1.0 available at C:/Xilinx/Vivado/2022.2/data/xhub/boards/XilinxBoardStore/boards/Xilinx/vpk120_revb/es/1.0/board.xml as part xcvp1202-vsva2785-2mp-e-s-es1 specified in board_part file is either invalid or not available
WARNING: [Board 49-26] cannot add Board Part xilinx.com:vpk180_es:part0:1.0 available at C:/Xilinx/Vivado/2022.2/data/xhub/boards/XilinxBoardStore/boards/Xilinx/vpk180/es/1.0/board.xml as part xcvp1802-lsvc4072-2mp-e-s-es1 specified in board_part file is either invalid or not available
WARNING: [Board 49-26] cannot add Board Part xilinx.com:zcu208ld:part0:2.0 available at C:/Xilinx/Vivado/2022.2/data/xhub/boards/XilinxBoardStore/boards/Xilinx/zcu208ld/production/2.0/board.xml as part xczu58dr-fsvg1517-2-i specified in board_part file is either invalid or not available
WARNING: [Board 49-26] cannot add Board Part xilinx.com:zcu216ld:part0:2.0 available at C:/Xilinx/Vivado/2022.2/data/xhub/boards/XilinxBoardStore/boards/Xilinx/zcu216ld/production/2.0/board.xml as part xczu59dr-ffvf1760-2-i specified in board_part file is either invalid or not available
WARNING: [Board 49-26] cannot add Board Part xilinx.com:zcu670:part0:2.0 available at C:/Xilinx/Vivado/2022.2/data/xhub/boards/XilinxBoardStore/boards/Xilinx/zcu670/2.0/board.xml as part xczu67dr-fsve1156-2-i specified in board_part file is either invalid or not available
WARNING: [Board 49-26] cannot add Board Part xilinx.com:zcu670ld:part0:1.0 available at C:/Xilinx/Vivado/2022.2/data/xhub/boards/XilinxBoardStore/boards/Xilinx/zcu670ld/1.0/board.xml as part xczu57dr-fsve1156-2-i specified in board_part file is either invalid or not available
INFO: [IP_Flow 19-234] Refreshing IP repositories
INFO: [IP_Flow 19-1700] Loaded user IP repository 'c:/Users/realk/Desktop/ece385/ECE385/lab7part1/ip_repo'.
INFO: [IP_Flow 19-795] Syncing license key meta-data
ipx::edit_ip_in_project: Time (s): cpu = 00:00:04 ; elapsed = 00:00:06 . Memory (MB): peak = 1956.152 ; gain = 135.113
update_compile_order -fileset sources_1
ipx::merge_project_changes ports [ipx::current_core]
WARNING: [IP_Flow 19-5226] Project source file 'c:/Users/realk/Desktop/ece385/ECE385/lab7part1/ip_repo/hdmi_text_controller_1_0/component.xml' ignored by IP packager.
WARNING: [IP_Flow 19-5101] Packaging a component with a SystemVerilog top file is not fully supported. Please refer to UG1118 'Creating and Packaging Custom IP'.
WARNING: [IP_Flow 19-4300] HDL parameter 'C_AXI_ADDR_WIDTH' has its value changed from '4' to '10'.
INFO: [IP_Flow 19-3166] Bus Interface 'AXI': References existing memory map 'AXI'.
ipx::merge_project_changes files [ipx::current_core]
WARNING: [IP_Flow 19-5226] Project source file 'c:/Users/realk/Desktop/ece385/ECE385/lab7part1/ip_repo/hdmi_text_controller_1_0/component.xml' ignored by IP packager.
current_project lab7_1
update_ip_catalog -rebuild -scan_changes
INFO: [IP_Flow 19-234] Refreshing IP repositories
INFO: [IP_Flow 19-1700] Loaded user IP repository 'c:/Users/realk/Desktop/ece385/ECE385/lab7part1/ip_repo'.
report_ip_status -name ip_status
current_project hdmi_text_controller_v1_0_project
add_files -norecurse -scan_for_includes -copy_to c:/Users/realk/Desktop/ece385/ECE385/lab7part1/ip_repo/hdmi_text_controller_1_0/src C:/Users/realk/Desktop/lab7_1_provided_fa24/hdmi_text_controller_v1_0_tb.sv
ERROR: [Common 17-69] Command failed: '-scan_for_includes' and '-copy_to' are mutually exclusive and cannot be paired together.

add_files -norecurse -copy_to c:/Users/realk/Desktop/ece385/ECE385/lab7part1/ip_repo/hdmi_text_controller_1_0/src C:/Users/realk/Desktop/lab7_1_provided_fa24/hdmi_text_controller_v1_0_tb.sv
ERROR: [Vivado 12-3630] The destination file 'c:/Users/realk/Desktop/ece385/ECE385/lab7part1/ip_repo/hdmi_text_controller_1_0/src/hdmi_text_controller_v1_0_tb.sv' already exists, please use -force if you want to overwrite!
add_files -norecurse -force sers/realk/Desktop/ece385/ECE385/lab7part1/ip_repo/hdmi_text_controller_1_0/src C:/Users/realk/Desktop/lab7_1_provided_fa24/hdmi_text_controller_v1_0_tb.sv
ERROR: [Vivado 12-172] File or Directory 'sers/realk/Desktop/ece385/ECE385/lab7part1/ip_repo/hdmi_text_controller_1_0/src' does not exist
ipx::merge_project_changes ports [ipx::current_core]
WARNING: [IP_Flow 19-5226] Project source file 'c:/Users/realk/Desktop/ece385/ECE385/lab7part1/ip_repo/hdmi_text_controller_1_0/component.xml' ignored by IP packager.
WARNING: [IP_Flow 19-5101] Packaging a component with a SystemVerilog top file is not fully supported. Please refer to UG1118 'Creating and Packaging Custom IP'.
WARNING: [IP_Flow 19-4300] HDL parameter 'C_AXI_ADDR_WIDTH' has its value changed from '10' to '12'.
INFO: [IP_Flow 19-3166] Bus Interface 'AXI': References existing memory map 'AXI'.
ipx::merge_project_changes files [ipx::current_core]
WARNING: [IP_Flow 19-5226] Project source file 'c:/Users/realk/Desktop/ece385/ECE385/lab7part1/ip_repo/hdmi_text_controller_1_0/component.xml' ignored by IP packager.
generate_target Simulation [get_files c:/Users/realk/Desktop/ece385/ECE385/lab7part1/ip_repo/edit_hdmi_text_controller_v1_0.srcs/sources_1/ip/clk_wiz_0/clk_wiz_0.xci]
INFO: [IP_Flow 19-1686] Generating 'Simulation' target for IP 'clk_wiz_0'...
export_ip_user_files -of_objects [get_files c:/Users/realk/Desktop/ece385/ECE385/lab7part1/ip_repo/edit_hdmi_text_controller_v1_0.srcs/sources_1/ip/clk_wiz_0/clk_wiz_0.xci] -no_script -sync -force -quiet
export_simulation -of_objects [get_files c:/Users/realk/Desktop/ece385/ECE385/lab7part1/ip_repo/edit_hdmi_text_controller_v1_0.srcs/sources_1/ip/clk_wiz_0/clk_wiz_0.xci] -directory c:/users/realk/desktop/ece385/ece385/lab7_1/lab7_1.tmp/hdmi_text_controller_v1_0_project/hdmi_text_controller_v1_0_project.ip_user_files/sim_scripts -ip_user_files_dir c:/users/realk/desktop/ece385/ece385/lab7_1/lab7_1.tmp/hdmi_text_controller_v1_0_project/hdmi_text_controller_v1_0_project.ip_user_files -ipstatic_source_dir c:/users/realk/desktop/ece385/ece385/lab7_1/lab7_1.tmp/hdmi_text_controller_v1_0_project/hdmi_text_controller_v1_0_project.ip_user_files/ipstatic -lib_map_path [list {modelsim=c:/users/realk/desktop/ece385/ece385/lab7_1/lab7_1.tmp/hdmi_text_controller_v1_0_project/hdmi_text_controller_v1_0_project.cache/compile_simlib/modelsim} {questa=c:/users/realk/desktop/ece385/ece385/lab7_1/lab7_1.tmp/hdmi_text_controller_v1_0_project/hdmi_text_controller_v1_0_project.cache/compile_simlib/questa} {riviera=c:/users/realk/desktop/ece385/ece385/lab7_1/lab7_1.tmp/hdmi_text_controller_v1_0_project/hdmi_text_controller_v1_0_project.cache/compile_simlib/riviera} {activehdl=c:/users/realk/desktop/ece385/ece385/lab7_1/lab7_1.tmp/hdmi_text_controller_v1_0_project/hdmi_text_controller_v1_0_project.cache/compile_simlib/activehdl}] -use_ip_compiled_libs -force -quiet
launch_simulation
Command: launch_simulation 
INFO: [Vivado 12-12493] Simulation top is 'hdmi_text_controller_v1_0'
WARNING: [Vivado 12-13340] Unable to auto find GCC executables from simulator install path! (path not set)
WARNING: [Vivado 12-13277] Compiled library path does not exist: ''
INFO: [Vivado 12-5698] Checking validity of IPs in the design for the 'XSim' simulator...
INFO: [Vivado 12-5682] Launching behavioral simulation in 'c:/users/realk/desktop/ece385/ece385/lab7_1/lab7_1.tmp/hdmi_text_controller_v1_0_project/hdmi_text_controller_v1_0_project.sim/sim_1/behav/xsim'
INFO: [Vivado 12-13660] Precompiled IP simulation library mode is enabled (default). The design IP libraries will be referenced from the compiled library path. Please note that if the precompiled version of the library is not found from the path or the IP is in locked state, then the library source files for these IPs will be compiled locally as part of the compile order.
INFO: [Vivado 12-4795] Using compiled simulation libraries for IPs
INFO: [SIM-utils-51] Simulation object is 'sim_1'
INFO: [SIM-utils-72] Using boost library from 'C:/Xilinx/Vivado/2022.2/tps/boost_1_72_0'
INFO: [USF-XSim-7] Finding pre-compiled libraries...
INFO: [USF-XSim-11] File 'C:/Xilinx/Vivado/2022.2/data/xsim/xsim.ini' copied to run dir:'c:/users/realk/desktop/ece385/ece385/lab7_1/lab7_1.tmp/hdmi_text_controller_v1_0_project/hdmi_text_controller_v1_0_project.sim/sim_1/behav/xsim'
INFO: [SIM-utils-54] Inspecting design source files for 'hdmi_text_controller_v1_0' in fileset 'sim_1'...
WARNING: [SIM-utils-52] IP component XML file does not exist: 'c:/users/realk/desktop/ece385/ece385/lab7_1/lab7_1.tmp/hdmi_text_controller_v1_0_project/hdmi_text_controller_v1_0_project.gen/sources_1/ip/hdmi_tx_0/hdmi_tx_0.xml'
INFO: [USF-XSim-97] Finding global include files...
INFO: [USF-XSim-98] Fetching design files from 'sim_1'...
INFO: [USF-XSim-2] XSim::Compile design
INFO: [USF-XSim-61] Executing 'COMPILE and ANALYZE' step in 'c:/users/realk/desktop/ece385/ece385/lab7_1/lab7_1.tmp/hdmi_text_controller_v1_0_project/hdmi_text_controller_v1_0_project.sim/sim_1/behav/xsim'
"xvlog --incr --relax -L uvm -prj hdmi_text_controller_v1_0_vlog.prj"
ERROR: [XSIM 43-4307] Invalid entry in the project file, expecting a file name but specified path '../../../../hdmi_text_controller_v1_0_project.gen/sources_1/ip/clk_wiz_0' represents a directory name.
ERROR: [XSIM 43-3217] hdmi_text_controller_v1_0_vlog.prj (line 3): Incorrect project file syntax. Correct syntax is one of: vhdl <worklib> <file>, verilog <worklib> <file> [<file> ...] [[-d <macro>] ...] [[-i <include>] ...], or NOSORT. Presence of NOSORT on a line of its own disables file order sorting.
INFO: [USF-XSim-69] 'compile' step finished in '2' seconds
INFO: [USF-XSim-99] Step results log file:'C:/Users/realk/Desktop/ece385/ECE385/lab7_1/lab7_1.tmp/hdmi_text_controller_v1_0_project/hdmi_text_controller_v1_0_project.sim/sim_1/behav/xsim/xvlog.log'
ERROR: [USF-XSim-62] 'compile' step failed with error(s). Please check the Tcl console output or 'C:/Users/realk/Desktop/ece385/ECE385/lab7_1/lab7_1.tmp/hdmi_text_controller_v1_0_project/hdmi_text_controller_v1_0_project.sim/sim_1/behav/xsim/xvlog.log' file for more information.
ERROR: [Vivado 12-4473] Detected error while running simulation. Please correct the issue and retry this operation.
ERROR: [Common 17-39] 'launch_simulation' failed due to earlier errors.
ipx::merge_project_changes files [ipx::current_core]
WARNING: [IP_Flow 19-5226] Project source file 'c:/Users/realk/Desktop/ece385/ECE385/lab7part1/ip_repo/hdmi_text_controller_1_0/component.xml' ignored by IP packager.
current_project lab7_1
set_property  ip_repo_paths  {c:/Users/realk/Desktop/ece385/ECE385/lab7part1/ip_repo C:/Users/realk/Desktop/ece385/ECE385/lab7_1/lab7_1.tmp/hdmi_text_controller_v1_0_project} [current_project]
update_ip_catalog
INFO: [IP_Flow 19-234] Refreshing IP repositories
INFO: [IP_Flow 19-1700] Loaded user IP repository 'c:/Users/realk/Desktop/ece385/ECE385/lab7part1/ip_repo'.
INFO: [IP_Flow 19-1700] Loaded user IP repository 'c:/Users/realk/Desktop/ece385/ECE385/lab7_1/lab7_1.tmp/hdmi_text_controller_v1_0_project'.
set_property  ip_repo_paths  c:/Users/realk/Desktop/ece385/ECE385/lab7part1/ip_repo [current_project]
update_ip_catalog
INFO: [IP_Flow 19-234] Refreshing IP repositories
INFO: [IP_Flow 19-1700] Loaded user IP repository 'c:/Users/realk/Desktop/ece385/ECE385/lab7part1/ip_repo'.
set_property  ip_repo_paths  {c:/Users/realk/Desktop/ece385/ECE385/lab7part1/ip_repo C:/Users/realk/Desktop/ece385/ECE385/lab7_1/lab7_1.tmp/hdmi_text_controller_v1_0_project} [current_project]
update_ip_catalog
INFO: [IP_Flow 19-234] Refreshing IP repositories
INFO: [IP_Flow 19-1700] Loaded user IP repository 'c:/Users/realk/Desktop/ece385/ECE385/lab7part1/ip_repo'.
INFO: [IP_Flow 19-1700] Loaded user IP repository 'c:/Users/realk/Desktop/ece385/ECE385/lab7_1/lab7_1.tmp/hdmi_text_controller_v1_0_project'.
current_project hdmi_text_controller_v1_0_project
launch_runs synth_1 -jobs 16
INFO: [IP_Flow 19-6924] IPCACHE: Running cache check for IP inst: hdmi_tx_0
WARNING: [Vivado 12-4802] The synthesis checkpoint for IP 'c:/Users/realk/Desktop/ece385/ECE385/lab7part1/ip_repo/edit_hdmi_text_controller_v1_0.srcs/sources_1/ip/hdmi_tx_0_1/hdmi_tx_0.xci' is not generated and IP is locked. An out-of-context (OOC) run will be created and/or launched, but synthesis may not be able to complete or could result in incorrect behavior.
Please select 'Report IP Status' from the 'Tools/Report' menu or run Tcl command 'report_ip_status' for more information.
INFO: [IP_Flow 19-1686] Generating 'Synthesis' target for IP 'clk_wiz_0'...
INFO: [IP_Flow 19-1686] Generating 'Implementation' target for IP 'clk_wiz_0'...
WARNING: [Vivado 12-7122] Auto Incremental Compile:: No reference checkpoint was found in run synth_1. Auto-incremental flow will not be run, the standard flow will be run instead.
WARNING: [Project 1-576] IP 'c:/Users/realk/Desktop/ece385/ECE385/lab7part1/ip_repo/edit_hdmi_text_controller_v1_0.srcs/sources_1/ip/hdmi_tx_0_1/hdmi_tx_0.xci' in run hdmi_tx_0_synth_1 is locked, no out-of-context (OOC) run will be launched. The run may not be able to complete.
Please select 'Report IP Status' from 'Tools/Report' or run the Tcl command 'report_ip_status' for more information.
WARNING: [Project 1-576] IP 'c:/Users/realk/Desktop/ece385/ECE385/lab7part1/ip_repo/edit_hdmi_text_controller_v1_0.srcs/sources_1/ip/hdmi_tx_0_1/hdmi_tx_0.xci' in run hdmi_tx_0_synth_1 is locked, no out-of-context (OOC) run will be launched. The run may not be able to complete.
Please select 'Report IP Status' from 'Tools/Report' or run the Tcl command 'report_ip_status' for more information.
[Thu Oct 31 16:43:43 2024] Launched hdmi_tx_0_synth_1...
Run output will be captured here: c:/users/realk/desktop/ece385/ece385/lab7_1/lab7_1.tmp/hdmi_text_controller_v1_0_project/hdmi_text_controller_v1_0_project.runs/hdmi_tx_0_synth_1/runme.log
[Thu Oct 31 16:43:43 2024] Launched synth_1...
Run output will be captured here: c:/users/realk/desktop/ece385/ece385/lab7_1/lab7_1.tmp/hdmi_text_controller_v1_0_project/hdmi_text_controller_v1_0_project.runs/synth_1/runme.log
close_project
set_property  ip_repo_paths  c:/Users/realk/Desktop/ece385/ECE385/lab7part1/ip_repo [current_project]
update_ip_catalog
INFO: [IP_Flow 19-234] Refreshing IP repositories
INFO: [IP_Flow 19-1700] Loaded user IP repository 'c:/Users/realk/Desktop/ece385/ECE385/lab7part1/ip_repo'.
set_property  ip_repo_paths  {} [current_project]
update_ip_catalog
INFO: [IP_Flow 19-234] Refreshing IP repositories
INFO: [IP_Flow 19-1704] No user IP repositories specified
set_property  ip_repo_paths  C:/Users/realk/Desktop/ece385/ECE385/lab7_1/lab7_1.tmp/hdmi_text_controller_v1_0_project [current_project]
update_ip_catalog
INFO: [IP_Flow 19-234] Refreshing IP repositories
INFO: [IP_Flow 19-1700] Loaded user IP repository 'c:/Users/realk/Desktop/ece385/ECE385/lab7_1/lab7_1.tmp/hdmi_text_controller_v1_0_project'.
set_property  ip_repo_paths  {} [current_project]
update_ip_catalog
INFO: [IP_Flow 19-234] Refreshing IP repositories
INFO: [IP_Flow 19-1704] No user IP repositories specified
WARNING: [IP_Flow 19-4318] IP-XACT file does not exist: c:/Users/realk/Desktop/ece385/ECE385/lab7part1/ip_repo/hdmi_text_controller_1_0/component.xml. It will be created.
set_property  ip_repo_paths  C:/Users/realk/Desktop/ece385/ECE385/lab7_1/lab7_1.tmp [current_project]
update_ip_catalog
INFO: [IP_Flow 19-234] Refreshing IP repositories
INFO: [IP_Flow 19-1700] Loaded user IP repository 'c:/Users/realk/Desktop/ece385/ECE385/lab7_1/lab7_1.tmp'.
set_property  ip_repo_paths  {} [current_project]
update_ip_catalog
INFO: [IP_Flow 19-234] Refreshing IP repositories
INFO: [IP_Flow 19-1704] No user IP repositories specified
exit
INFO: [Common 17-206] Exiting Vivado at Thu Oct 31 16:47:56 2024...
